------------------------------------------------------------
Timing Analyzer Summary
------------------------------------------------------------

Type  : Slow 1200mV 85C Model Setup 'u0|altpll_0|sd1|pll7|clk[0]'
Slack : -9.499
TNS   : -151.811

Type  : Slow 1200mV 85C Model Setup 'Port1MiiTxClk'
Slack : 2.570
TNS   : 0.000

Type  : Slow 1200mV 85C Model Setup 'Port1MiiRxClk'
Slack : 9.973
TNS   : 0.000

Type  : Slow 1200mV 85C Model Setup 'DummyClk'
Slack : 12.371
TNS   : 0.000

Type  : Slow 1200mV 85C Model Setup 'SmiClk'
Slack : 12.372
TNS   : 0.000

Type  : Slow 1200mV 85C Model Setup 'PllMhz50ClkSdram'
Slack : 16.224
TNS   : 0.000

Type  : Slow 1200mV 85C Model Setup 'MiiClk'
Slack : 19.427
TNS   : 0.000

Type  : Slow 1200mV 85C Model Setup 'Mhz25Clk'
Slack : 36.014
TNS   : 0.000

Type  : Slow 1200mV 85C Model Setup 'altera_reserved_tck'
Slack : 43.556
TNS   : 0.000

Type  : Slow 1200mV 85C Model Hold 'u0|altpll_0|sd1|pll7|clk[0]'
Slack : 0.363
TNS   : 0.000

Type  : Slow 1200mV 85C Model Hold 'PllMhz50ClkSdram'
Slack : 0.371
TNS   : 0.000

Type  : Slow 1200mV 85C Model Hold 'Port1MiiRxClk'
Slack : 0.400
TNS   : 0.000

Type  : Slow 1200mV 85C Model Hold 'Mhz25Clk'
Slack : 0.448
TNS   : 0.000

Type  : Slow 1200mV 85C Model Hold 'altera_reserved_tck'
Slack : 0.448
TNS   : 0.000

Type  : Slow 1200mV 85C Model Hold 'Port1MiiTxClk'
Slack : 0.477
TNS   : 0.000

Type  : Slow 1200mV 85C Model Hold 'SmiClk'
Slack : 20.651
TNS   : 0.000

Type  : Slow 1200mV 85C Model Hold 'DummyClk'
Slack : 21.423
TNS   : 0.000

Type  : Slow 1200mV 85C Model Hold 'MiiClk'
Slack : 38.987
TNS   : 0.000

Type  : Slow 1200mV 85C Model Recovery 'Mhz25Clk'
Slack : 11.224
TNS   : 0.000

Type  : Slow 1200mV 85C Model Recovery 'u0|altpll_0|sd1|pll7|clk[0]'
Slack : 11.934
TNS   : 0.000

Type  : Slow 1200mV 85C Model Recovery 'Port1MiiRxClk'
Slack : 34.061
TNS   : 0.000

Type  : Slow 1200mV 85C Model Recovery 'Port1MiiTxClk'
Slack : 35.156
TNS   : 0.000

Type  : Slow 1200mV 85C Model Recovery 'altera_reserved_tck'
Slack : 47.991
TNS   : 0.000

Type  : Slow 1200mV 85C Model Removal 'u0|altpll_0|sd1|pll7|clk[0]'
Slack : 1.180
TNS   : 0.000

Type  : Slow 1200mV 85C Model Removal 'altera_reserved_tck'
Slack : 1.321
TNS   : 0.000

Type  : Slow 1200mV 85C Model Removal 'Mhz25Clk'
Slack : 1.322
TNS   : 0.000

Type  : Slow 1200mV 85C Model Removal 'Port1MiiTxClk'
Slack : 2.463
TNS   : 0.000

Type  : Slow 1200mV 85C Model Removal 'Port1MiiRxClk'
Slack : 3.098
TNS   : 0.000

Type  : Slow 1200mV 85C Model Minimum Pulse Width 'u0|altpll_0|sd1|pll7|clk[0]'
Slack : 9.479
TNS   : 0.000

Type  : Slow 1200mV 85C Model Minimum Pulse Width 'PllMhz50ClkSdram'
Slack : 9.784
TNS   : 0.000

Type  : Slow 1200mV 85C Model Minimum Pulse Width 'u0|altpll_0|sd1|pll7|clk[1]'
Slack : 9.784
TNS   : 0.000

Type  : Slow 1200mV 85C Model Minimum Pulse Width 'Port1MiiRxClk'
Slack : 19.510
TNS   : 0.000

Type  : Slow 1200mV 85C Model Minimum Pulse Width 'Port1MiiTxClk'
Slack : 19.519
TNS   : 0.000

Type  : Slow 1200mV 85C Model Minimum Pulse Width 'Mhz25Clk'
Slack : 19.725
TNS   : 0.000

Type  : Slow 1200mV 85C Model Minimum Pulse Width 'altera_reserved_tck'
Slack : 49.504
TNS   : 0.000

Type  : Slow 1200mV 85C Model Max Skew 'set_max_skew'
Slack : 5.021

Type  : Slow 1200mV 85C Model Max Skew 'set_max_skew'
Slack : 5.487

Type  : Slow 1200mV 85C Model Max Skew 'set_max_skew'
Slack : 5.635

Type  : Slow 1200mV 85C Model Max Skew 'set_max_skew'
Slack : 5.808

Type  : Slow 1200mV 85C Model Max Skew 'set_max_skew'
Slack : 6.225

Type  : Slow 1200mV 85C Model Max Skew 'set_max_skew'
Slack : 6.353

Type  : Slow 1200mV 85C Model Net Delay 'set_net_delay'
Slack : 3.495

Type  : Slow 1200mV 85C Model Net Delay 'set_net_delay'
Slack : 4.127

Type  : Slow 1200mV 85C Model Net Delay 'set_net_delay'
Slack : 4.379

Type  : Slow 1200mV 85C Model Net Delay 'set_net_delay'
Slack : 4.465

Type  : Slow 1200mV 85C Model Net Delay 'set_net_delay'
Slack : 4.528

Type  : Slow 1200mV 85C Model Net Delay 'set_net_delay'
Slack : 4.545

Type  : Slow 1200mV 85C Model Net Delay 'set_net_delay'
Slack : 5.028

Type  : Slow 1200mV 85C Model Net Delay 'set_net_delay'
Slack : 13.580

Type  : Slow 1200mV 85C Model Net Delay 'set_net_delay'
Slack : 14.598

Type  : Slow 1200mV 0C Model Setup 'u0|altpll_0|sd1|pll7|clk[0]'
Slack : -9.148
TNS   : -146.200

Type  : Slow 1200mV 0C Model Setup 'Port1MiiTxClk'
Slack : 2.904
TNS   : 0.000

Type  : Slow 1200mV 0C Model Setup 'Port1MiiRxClk'
Slack : 10.156
TNS   : 0.000

Type  : Slow 1200mV 0C Model Setup 'DummyClk'
Slack : 12.807
TNS   : 0.000

Type  : Slow 1200mV 0C Model Setup 'SmiClk'
Slack : 12.808
TNS   : 0.000

Type  : Slow 1200mV 0C Model Setup 'PllMhz50ClkSdram'
Slack : 16.453
TNS   : 0.000

Type  : Slow 1200mV 0C Model Setup 'MiiClk'
Slack : 20.065
TNS   : 0.000

Type  : Slow 1200mV 0C Model Setup 'Mhz25Clk'
Slack : 36.299
TNS   : 0.000

Type  : Slow 1200mV 0C Model Setup 'altera_reserved_tck'
Slack : 43.998
TNS   : 0.000

Type  : Slow 1200mV 0C Model Hold 'PllMhz50ClkSdram'
Slack : 0.257
TNS   : 0.000

Type  : Slow 1200mV 0C Model Hold 'u0|altpll_0|sd1|pll7|clk[0]'
Slack : 0.342
TNS   : 0.000

Type  : Slow 1200mV 0C Model Hold 'Port1MiiRxClk'
Slack : 0.343
TNS   : 0.000

Type  : Slow 1200mV 0C Model Hold 'Mhz25Clk'
Slack : 0.397
TNS   : 0.000

Type  : Slow 1200mV 0C Model Hold 'altera_reserved_tck'
Slack : 0.398
TNS   : 0.000

Type  : Slow 1200mV 0C Model Hold 'Port1MiiTxClk'
Slack : 0.423
TNS   : 0.000

Type  : Slow 1200mV 0C Model Hold 'SmiClk'
Slack : 20.115
TNS   : 0.000

Type  : Slow 1200mV 0C Model Hold 'DummyClk'
Slack : 20.816
TNS   : 0.000

Type  : Slow 1200mV 0C Model Hold 'MiiClk'
Slack : 38.333
TNS   : 0.000

Type  : Slow 1200mV 0C Model Recovery 'Mhz25Clk'
Slack : 11.744
TNS   : 0.000

Type  : Slow 1200mV 0C Model Recovery 'u0|altpll_0|sd1|pll7|clk[0]'
Slack : 12.428
TNS   : 0.000

Type  : Slow 1200mV 0C Model Recovery 'Port1MiiRxClk'
Slack : 34.513
TNS   : 0.000

Type  : Slow 1200mV 0C Model Recovery 'Port1MiiTxClk'
Slack : 35.561
TNS   : 0.000

Type  : Slow 1200mV 0C Model Recovery 'altera_reserved_tck'
Slack : 48.277
TNS   : 0.000

Type  : Slow 1200mV 0C Model Removal 'u0|altpll_0|sd1|pll7|clk[0]'
Slack : 1.085
TNS   : 0.000

Type  : Slow 1200mV 0C Model Removal 'Mhz25Clk'
Slack : 1.185
TNS   : 0.000

Type  : Slow 1200mV 0C Model Removal 'altera_reserved_tck'
Slack : 1.223
TNS   : 0.000

Type  : Slow 1200mV 0C Model Removal 'Port1MiiTxClk'
Slack : 2.145
TNS   : 0.000

Type  : Slow 1200mV 0C Model Removal 'Port1MiiRxClk'
Slack : 2.747
TNS   : 0.000

Type  : Slow 1200mV 0C Model Minimum Pulse Width 'u0|altpll_0|sd1|pll7|clk[0]'
Slack : 9.513
TNS   : 0.000

Type  : Slow 1200mV 0C Model Minimum Pulse Width 'PllMhz50ClkSdram'
Slack : 9.760
TNS   : 0.000

Type  : Slow 1200mV 0C Model Minimum Pulse Width 'u0|altpll_0|sd1|pll7|clk[1]'
Slack : 9.760
TNS   : 0.000

Type  : Slow 1200mV 0C Model Minimum Pulse Width 'Port1MiiRxClk'
Slack : 19.309
TNS   : 0.000

Type  : Slow 1200mV 0C Model Minimum Pulse Width 'Port1MiiTxClk'
Slack : 19.349
TNS   : 0.000

Type  : Slow 1200mV 0C Model Minimum Pulse Width 'Mhz25Clk'
Slack : 19.741
TNS   : 0.000

Type  : Slow 1200mV 0C Model Minimum Pulse Width 'altera_reserved_tck'
Slack : 49.394
TNS   : 0.000

Type  : Slow 1200mV 0C Model Max Skew 'set_max_skew'
Slack : 5.113

Type  : Slow 1200mV 0C Model Max Skew 'set_max_skew'
Slack : 5.578

Type  : Slow 1200mV 0C Model Max Skew 'set_max_skew'
Slack : 5.747

Type  : Slow 1200mV 0C Model Max Skew 'set_max_skew'
Slack : 5.846

Type  : Slow 1200mV 0C Model Max Skew 'set_max_skew'
Slack : 6.247

Type  : Slow 1200mV 0C Model Max Skew 'set_max_skew'
Slack : 6.405

Type  : Slow 1200mV 0C Model Net Delay 'set_net_delay'
Slack : 3.601

Type  : Slow 1200mV 0C Model Net Delay 'set_net_delay'
Slack : 4.193

Type  : Slow 1200mV 0C Model Net Delay 'set_net_delay'
Slack : 4.444

Type  : Slow 1200mV 0C Model Net Delay 'set_net_delay'
Slack : 4.528

Type  : Slow 1200mV 0C Model Net Delay 'set_net_delay'
Slack : 4.570

Type  : Slow 1200mV 0C Model Net Delay 'set_net_delay'
Slack : 4.603

Type  : Slow 1200mV 0C Model Net Delay 'set_net_delay'
Slack : 5.110

Type  : Slow 1200mV 0C Model Net Delay 'set_net_delay'
Slack : 13.726

Type  : Slow 1200mV 0C Model Net Delay 'set_net_delay'
Slack : 14.666

Type  : Fast 1200mV 0C Model Setup 'u0|altpll_0|sd1|pll7|clk[0]'
Slack : -7.736
TNS   : -123.606

Type  : Fast 1200mV 0C Model Setup 'Port1MiiTxClk'
Slack : 5.053
TNS   : 0.000

Type  : Fast 1200mV 0C Model Setup 'Port1MiiRxClk'
Slack : 9.221
TNS   : 0.000

Type  : Fast 1200mV 0C Model Setup 'SmiClk'
Slack : 16.253
TNS   : 0.000

Type  : Fast 1200mV 0C Model Setup 'DummyClk'
Slack : 16.305
TNS   : 0.000

Type  : Fast 1200mV 0C Model Setup 'PllMhz50ClkSdram'
Slack : 16.954
TNS   : 0.000

Type  : Fast 1200mV 0C Model Setup 'MiiClk'
Slack : 24.092
TNS   : 0.000

Type  : Fast 1200mV 0C Model Setup 'Mhz25Clk'
Slack : 38.348
TNS   : 0.000

Type  : Fast 1200mV 0C Model Setup 'altera_reserved_tck'
Slack : 47.197
TNS   : 0.000

Type  : Fast 1200mV 0C Model Hold 'u0|altpll_0|sd1|pll7|clk[0]'
Slack : 0.111
TNS   : 0.000

Type  : Fast 1200mV 0C Model Hold 'Port1MiiRxClk'
Slack : 0.123
TNS   : 0.000

Type  : Fast 1200mV 0C Model Hold 'Port1MiiTxClk'
Slack : 0.166
TNS   : 0.000

Type  : Fast 1200mV 0C Model Hold 'Mhz25Clk'
Slack : 0.183
TNS   : 0.000

Type  : Fast 1200mV 0C Model Hold 'altera_reserved_tck'
Slack : 0.184
TNS   : 0.000

Type  : Fast 1200mV 0C Model Hold 'PllMhz50ClkSdram'
Slack : 0.193
TNS   : 0.000

Type  : Fast 1200mV 0C Model Hold 'SmiClk'
Slack : 17.541
TNS   : 0.000

Type  : Fast 1200mV 0C Model Hold 'DummyClk'
Slack : 17.826
TNS   : 0.000

Type  : Fast 1200mV 0C Model Hold 'MiiClk'
Slack : 35.159
TNS   : 0.000

Type  : Fast 1200mV 0C Model Recovery 'Mhz25Clk'
Slack : 12.541
TNS   : 0.000

Type  : Fast 1200mV 0C Model Recovery 'u0|altpll_0|sd1|pll7|clk[0]'
Slack : 16.173
TNS   : 0.000

Type  : Fast 1200mV 0C Model Recovery 'Port1MiiRxClk'
Slack : 37.214
TNS   : 0.000

Type  : Fast 1200mV 0C Model Recovery 'Port1MiiTxClk'
Slack : 37.744
TNS   : 0.000

Type  : Fast 1200mV 0C Model Recovery 'altera_reserved_tck'
Slack : 49.269
TNS   : 0.000

Type  : Fast 1200mV 0C Model Removal 'u0|altpll_0|sd1|pll7|clk[0]'
Slack : 0.496
TNS   : 0.000

Type  : Fast 1200mV 0C Model Removal 'Mhz25Clk'
Slack : 0.547
TNS   : 0.000

Type  : Fast 1200mV 0C Model Removal 'altera_reserved_tck'
Slack : 0.561
TNS   : 0.000

Type  : Fast 1200mV 0C Model Removal 'Port1MiiTxClk'
Slack : 1.227
TNS   : 0.000

Type  : Fast 1200mV 0C Model Removal 'Port1MiiRxClk'
Slack : 1.519
TNS   : 0.000

Type  : Fast 1200mV 0C Model Minimum Pulse Width 'u0|altpll_0|sd1|pll7|clk[0]'
Slack : 9.725
TNS   : 0.000

Type  : Fast 1200mV 0C Model Minimum Pulse Width 'PllMhz50ClkSdram'
Slack : 9.968
TNS   : 0.000

Type  : Fast 1200mV 0C Model Minimum Pulse Width 'u0|altpll_0|sd1|pll7|clk[1]'
Slack : 9.968
TNS   : 0.000

Type  : Fast 1200mV 0C Model Minimum Pulse Width 'Port1MiiRxClk'
Slack : 19.049
TNS   : 0.000

Type  : Fast 1200mV 0C Model Minimum Pulse Width 'Port1MiiTxClk'
Slack : 19.079
TNS   : 0.000

Type  : Fast 1200mV 0C Model Minimum Pulse Width 'Mhz25Clk'
Slack : 19.250
TNS   : 0.000

Type  : Fast 1200mV 0C Model Minimum Pulse Width 'altera_reserved_tck'
Slack : 49.454
TNS   : 0.000

Type  : Fast 1200mV 0C Model Max Skew 'set_max_skew'
Slack : 6.377

Type  : Fast 1200mV 0C Model Max Skew 'set_max_skew'
Slack : 6.598

Type  : Fast 1200mV 0C Model Max Skew 'set_max_skew'
Slack : 6.717

Type  : Fast 1200mV 0C Model Max Skew 'set_max_skew'
Slack : 6.794

Type  : Fast 1200mV 0C Model Max Skew 'set_max_skew'
Slack : 6.942

Type  : Fast 1200mV 0C Model Max Skew 'set_max_skew'
Slack : 6.953

Type  : Fast 1200mV 0C Model Net Delay 'set_net_delay'
Slack : 4.809

Type  : Fast 1200mV 0C Model Net Delay 'set_net_delay'
Slack : 5.151

Type  : Fast 1200mV 0C Model Net Delay 'set_net_delay'
Slack : 5.285

Type  : Fast 1200mV 0C Model Net Delay 'set_net_delay'
Slack : 5.301

Type  : Fast 1200mV 0C Model Net Delay 'set_net_delay'
Slack : 5.331

Type  : Fast 1200mV 0C Model Net Delay 'set_net_delay'
Slack : 5.363

Type  : Fast 1200mV 0C Model Net Delay 'set_net_delay'
Slack : 5.575

Type  : Fast 1200mV 0C Model Net Delay 'set_net_delay'
Slack : 14.901

Type  : Fast 1200mV 0C Model Net Delay 'set_net_delay'
Slack : 15.378

------------------------------------------------------------
