Archive member included to satisfy reference by file (symbol)

c:/altera/18.1/nios2eds/bin/gnu/h-x86_64-mingw32/bin/../lib/gcc/nios2-elf/5.3.0/../../../../../H-x86_64-mingw32/nios2-elf/lib\libc.a(lib_a-printf.o)
                              obj/default/main.o (printf)
c:/altera/18.1/nios2eds/bin/gnu/h-x86_64-mingw32/bin/../lib/gcc/nios2-elf/5.3.0/../../../../../H-x86_64-mingw32/nios2-elf/lib\libc.a(lib_a-vfprintf.o)
                              c:/altera/18.1/nios2eds/bin/gnu/h-x86_64-mingw32/bin/../lib/gcc/nios2-elf/5.3.0/../../../../../H-x86_64-mingw32/nios2-elf/lib\libc.a(lib_a-printf.o) (___vfprintf_internal_r)
c:/altera/18.1/nios2eds/bin/gnu/h-x86_64-mingw32/bin/../lib/gcc/nios2-elf/5.3.0/../../../../../H-x86_64-mingw32/nios2-elf/lib\libc.a(lib_a-wsetup.o)
                              c:/altera/18.1/nios2eds/bin/gnu/h-x86_64-mingw32/bin/../lib/gcc/nios2-elf/5.3.0/../../../../../H-x86_64-mingw32/nios2-elf/lib\libc.a(lib_a-vfprintf.o) (__swsetup_r)
c:/altera/18.1/nios2eds/bin/gnu/h-x86_64-mingw32/bin/../lib/gcc/nios2-elf/5.3.0/../../../../../H-x86_64-mingw32/nios2-elf/lib\libc.a(lib_a-dtoa.o)
                              c:/altera/18.1/nios2eds/bin/gnu/h-x86_64-mingw32/bin/../lib/gcc/nios2-elf/5.3.0/../../../../../H-x86_64-mingw32/nios2-elf/lib\libc.a(lib_a-vfprintf.o) (_dtoa_r)
c:/altera/18.1/nios2eds/bin/gnu/h-x86_64-mingw32/bin/../lib/gcc/nios2-elf/5.3.0/../../../../../H-x86_64-mingw32/nios2-elf/lib\libc.a(lib_a-fflush.o)
                              c:/altera/18.1/nios2eds/bin/gnu/h-x86_64-mingw32/bin/../lib/gcc/nios2-elf/5.3.0/../../../../../H-x86_64-mingw32/nios2-elf/lib\libc.a(lib_a-vfprintf.o) (_fflush_r)
c:/altera/18.1/nios2eds/bin/gnu/h-x86_64-mingw32/bin/../lib/gcc/nios2-elf/5.3.0/../../../../../H-x86_64-mingw32/nios2-elf/lib\libc.a(lib_a-findfp.o)
                              c:/altera/18.1/nios2eds/bin/gnu/h-x86_64-mingw32/bin/../lib/gcc/nios2-elf/5.3.0/../../../../../H-x86_64-mingw32/nios2-elf/lib\libc.a(lib_a-vfprintf.o) (__sinit)
c:/altera/18.1/nios2eds/bin/gnu/h-x86_64-mingw32/bin/../lib/gcc/nios2-elf/5.3.0/../../../../../H-x86_64-mingw32/nios2-elf/lib\libc.a(lib_a-freer.o)
                              c:/altera/18.1/nios2eds/bin/gnu/h-x86_64-mingw32/bin/../lib/gcc/nios2-elf/5.3.0/../../../../../H-x86_64-mingw32/nios2-elf/lib\libc.a(lib_a-wsetup.o) (_free_r)
c:/altera/18.1/nios2eds/bin/gnu/h-x86_64-mingw32/bin/../lib/gcc/nios2-elf/5.3.0/../../../../../H-x86_64-mingw32/nios2-elf/lib\libc.a(lib_a-fwalk.o)
                              c:/altera/18.1/nios2eds/bin/gnu/h-x86_64-mingw32/bin/../lib/gcc/nios2-elf/5.3.0/../../../../../H-x86_64-mingw32/nios2-elf/lib\libc.a(lib_a-findfp.o) (_fwalk)
c:/altera/18.1/nios2eds/bin/gnu/h-x86_64-mingw32/bin/../lib/gcc/nios2-elf/5.3.0/../../../../../H-x86_64-mingw32/nios2-elf/lib\libc.a(lib_a-impure.o)
                              c:/altera/18.1/nios2eds/bin/gnu/h-x86_64-mingw32/bin/../lib/gcc/nios2-elf/5.3.0/../../../../../H-x86_64-mingw32/nios2-elf/lib\libc.a(lib_a-fflush.o) (_global_impure_ptr)
c:/altera/18.1/nios2eds/bin/gnu/h-x86_64-mingw32/bin/../lib/gcc/nios2-elf/5.3.0/../../../../../H-x86_64-mingw32/nios2-elf/lib\libc.a(lib_a-locale.o)
                              c:/altera/18.1/nios2eds/bin/gnu/h-x86_64-mingw32/bin/../lib/gcc/nios2-elf/5.3.0/../../../../../H-x86_64-mingw32/nios2-elf/lib\libc.a(lib_a-vfprintf.o) (_localeconv_r)
c:/altera/18.1/nios2eds/bin/gnu/h-x86_64-mingw32/bin/../lib/gcc/nios2-elf/5.3.0/../../../../../H-x86_64-mingw32/nios2-elf/lib\libc.a(lib_a-makebuf.o)
                              c:/altera/18.1/nios2eds/bin/gnu/h-x86_64-mingw32/bin/../lib/gcc/nios2-elf/5.3.0/../../../../../H-x86_64-mingw32/nios2-elf/lib\libc.a(lib_a-wsetup.o) (__smakebuf_r)
c:/altera/18.1/nios2eds/bin/gnu/h-x86_64-mingw32/bin/../lib/gcc/nios2-elf/5.3.0/../../../../../H-x86_64-mingw32/nios2-elf/lib\libc.a(lib_a-mallocr.o)
                              c:/altera/18.1/nios2eds/bin/gnu/h-x86_64-mingw32/bin/../lib/gcc/nios2-elf/5.3.0/../../../../../H-x86_64-mingw32/nios2-elf/lib\libc.a(lib_a-findfp.o) (_malloc_r)
c:/altera/18.1/nios2eds/bin/gnu/h-x86_64-mingw32/bin/../lib/gcc/nios2-elf/5.3.0/../../../../../H-x86_64-mingw32/nios2-elf/lib\libc.a(lib_a-memchr.o)
                              c:/altera/18.1/nios2eds/bin/gnu/h-x86_64-mingw32/bin/../lib/gcc/nios2-elf/5.3.0/../../../../../H-x86_64-mingw32/nios2-elf/lib\libc.a(lib_a-vfprintf.o) (memchr)
c:/altera/18.1/nios2eds/bin/gnu/h-x86_64-mingw32/bin/../lib/gcc/nios2-elf/5.3.0/../../../../../H-x86_64-mingw32/nios2-elf/lib\libc.a(lib_a-memcpy.o)
                              c:/altera/18.1/nios2eds/bin/gnu/h-x86_64-mingw32/bin/../lib/gcc/nios2-elf/5.3.0/../../../../../H-x86_64-mingw32/nios2-elf/lib\libc.a(lib_a-dtoa.o) (memcpy)
c:/altera/18.1/nios2eds/bin/gnu/h-x86_64-mingw32/bin/../lib/gcc/nios2-elf/5.3.0/../../../../../H-x86_64-mingw32/nios2-elf/lib\libc.a(lib_a-memset.o)
[...]
Memory Configuration

Name             Origin             Length             Attributes
reset            0x0000000002000000 0x0000000000000020
sdram_controller_0 0x0000000002000020 0x0000000001ffffe0
tse_descriptor_memory_0 0x0000000004000000 0x0000000000002000
mem_0            0x0000000005020000 0x0000000000020000
*default*        0x0000000000000000 0xffffffffffffffff

Linker script and memory map

LOAD ../FreeRTOS_bsp//obj/HAL/src/crt0.o
LOAD obj/default/main.o
LOAD c:/altera/18.1/nios2eds/bin/gnu/h-x86_64-mingw32/bin/../lib/gcc/nios2-elf/5.3.0/../../../../../H-x86_64-mingw32/nios2-elf/lib\libstdc++.a
LOAD c:/altera/18.1/nios2eds/bin/gnu/h-x86_64-mingw32/bin/../lib/gcc/nios2-elf/5.3.0/../../../../../H-x86_64-mingw32/nios2-elf/lib\libm.a
LOAD c:/altera/18.1/nios2eds/bin/gnu/h-x86_64-mingw32/bin/../lib/gcc/nios2-elf/5.3.0\libgcc.a
START GROUP
LOAD c:/altera/18.1/nios2eds/bin/gnu/h-x86_64-mingw32/bin/../lib/gcc/nios2-elf/5.3.0/../../../../../H-x86_64-mingw32/nios2-elf/lib\libc.a
LOAD c:/altera/18.1/nios2eds/bin/gnu/h-x86_64-mingw32/bin/../lib/gcc/nios2-elf/5.3.0\libgcc.a
LOAD ../FreeRTOS_bsp/\libfreertos_bsp.a
LOAD c:/altera/18.1/nios2eds/bin/gnu/h-x86_64-mingw32/bin/../lib/gcc/nios2-elf/5.3.0/../../../../../H-x86_64-mingw32/nios2-elf/lib\libm.a
END GROUP
LOAD c:/altera/18.1/nios2eds/bin/gnu/h-x86_64-mingw32/bin/../lib/gcc/nios2-elf/5.3.0\libgcc.a
                0x0000000002000000                __alt_mem_sdram_controller_0 = 0x2000000
                0x0000000004000000                __alt_mem_tse_descriptor_memory_0 = 0x4000000
                0x0000000005020000                __alt_mem_mem_0 = 0x5020000

.entry          0x0000000002000000       0x20
 *(.entry)
 .entry         0x0000000002000000       0x20 ../FreeRTOS_bsp//obj/HAL/src/crt0.o
                0x0000000002000000                __reset

.exceptions     0x0000000002000020      0x228
                0x0000000002000020                PROVIDE (__ram_exceptions_start, ABSOLUTE (.))
                0x0000000002000020                . = ALIGN (0x20)
 *(.irq)
 *(.exceptions.entry.label)
 *(.exceptions.entry.user)
 *(.exceptions.entry.ecc_fatal)
 *(.exceptions.entry)
 .exceptions.entry
                0x0000000002000020       0x8c ../FreeRTOS_bsp/\libfreertos_bsp.a(port_asm.o)
 *(.exceptions.irqtest.user)
 *(.exceptions.irqtest)
 .exceptions.irqtest
                0x00000000020000ac       0x14 ../FreeRTOS_bsp/\libfreertos_bsp.a(port_asm.o)
 *(.exceptions.irqhandler.user)
 *(.exceptions.irqhandler)
 .exceptions.irqhandler
                0x00000000020000c0        0x4 ../FreeRTOS_bsp/\libfreertos_bsp.a(port_asm.o)
 *(.exceptions.irqreturn.user)
 *(.exceptions.irqreturn)
 .exceptions.irqreturn
                0x00000000020000c4       0x8c ../FreeRTOS_bsp/\libfreertos_bsp.a(port_asm.o)
                0x00000000020000c4                restore_sp_from_pxCurrentTCB
 *(.exceptions.notirq.label)
 *(.exceptions.notirq.user)
 *(.exceptions.notirq)
 *(.exceptions.soft.user)
 *(.exceptions.soft)
 .exceptions.soft
                0x0000000002000150       0x2c ../FreeRTOS_bsp/\libfreertos_bsp.a(port_asm.o)
 *(.exceptions.unknown.user)
 *(.exceptions.unknown)
 *(.exceptions.exit.label)
 *(.exceptions.exit.user)
 *(.exceptions.exit)
 *(.exceptions)
 .exceptions    0x000000000200017c       0xcc ../FreeRTOS_bsp/\libfreertos_bsp.a(alt_irq_handler.o)
                0x000000000200017c                alt_irq_handler
                0x0000000002000248                PROVIDE (__ram_exceptions_end, ABSOLUTE (.))
                0x0000000002000020                PROVIDE (__flash_exceptions_start, LOADADDR (.exceptions))

.text           0x0000000002000248    0x40684
                [!provide]                        PROVIDE (stext, ABSOLUTE (.))
 *(.interp)
 *(.hash)
 *(.dynsym)
 *(.dynstr)
 *(.gnu.version)
 *(.gnu.version_d)
 *(.gnu.version_r)
 *(.rel.init)
 *(.rela.init)
 *(.rel.text .rel.text.* .rel.gnu.linkonce.t.*)
 *(.rela.text .rela.text.* .rela.gnu.linkonce.t.*)
 *(.rel.fini)
 *(.rela.fini)
 *(.rel.rodata .rel.rodata.* .rel.gnu.linkonce.r.*)
 *(.rela.rodata .rela.rodata.* .rela.gnu.linkonce.r.*)
 *(.rel.data .rel.data.* .rel.gnu.linkonce.d.*)
 *(.rela.data .rela.data.* .rela.gnu.linkonce.d.*)
 *(.rel.tdata .rel.tdata.* .rel.gnu.linkonce.td.*)
 *(.rela.tdata .rela.tdata.* .rela.gnu.linkonce.td.*)
 *(.rel.tbss .rel.tbss.* .rel.gnu.linkonce.tb.*)
 *(.rela.tbss .rela.tbss.* .rela.gnu.linkonce.tb.*)
 *(.rel.ctors)
 *(.rela.ctors)
 *(.rel.dtors)
 *(.rela.dtors)
 *(.rel.got)
 *(.rela.got)
 *(.rel.sdata .rel.sdata.* .rel.gnu.linkonce.s.*)
 *(.rela.sdata .rela.sdata.* .rela.gnu.linkonce.s.*)
 *(.rel.sbss .rel.sbss.* .rel.gnu.linkonce.sb.*)
 *(.rela.sbss .rela.sbss.* .rela.gnu.linkonce.sb.*)
 *(.rel.sdata2 .rel.sdata2.* .rel.gnu.linkonce.s2.*)
 *(.rela.sdata2 .rela.sdata2.* .rela.gnu.linkonce.s2.*)
 *(.rel.sbss2 .rel.sbss2.* .rel.gnu.linkonce.sb2.*)
 *(.rela.sbss2 .rela.sbss2.* .rela.gnu.linkonce.sb2.*)
 *(.rel.bss .rel.bss.* .rel.gnu.linkonce.b.*)
 *(.rela.bss .rela.bss.* .rela.gnu.linkonce.b.*)
 *(.rel.plt)
 *(.rela.plt)
 *(.rel.dyn)
 *(.init)
 *(.plt)
 *(.text .stub .text.* .gnu.linkonce.t.*)
 .text          0x0000000002000248       0x3c ../FreeRTOS_bsp//obj/HAL/src/crt0.o
                0x0000000002000248                _start
 .text          0x0000000002000284      0x730 obj/default/main.o
                0x0000000002000284                vApplicationMallocFailedHook
                0x00000000020002ac                vApplicationStackOverflowHook
                0x00000000020003d0                InitNetwork
                0x00000000020005e4                xEthernetRun
                0x0000000002000658                get_mac_addr
                0x0000000002000774                get_ip_addr
                0x000000000200082c                get_hostname
                0x0000000002000864                get_iface_name
                0x00000000020008ac                is_interface_active
                0x00000000020008d0                main
                0x0000000002000910                main_thread
 .text          0x00000000020009b4        0x0 c:/altera/18.1/nios2eds/bin/gnu/h-x86_64-mingw32/bin/../lib/gcc/nios2-elf/5.3.0/../../../../../H-x86_64-mingw32/nios2-elf/lib\libc.a(lib_a-printf.o)
 .text._printf_r
                0x00000000020009b4       0x30 c:/altera/18.1/nios2eds/bin/gnu/h-x86_64-mingw32/bin/../lib/gcc/nios2-elf/5.3.0/../../../../../H-x86_64-mingw32/nios2-elf/lib\libc.a(lib_a-printf.o)
                0x00000000020009b4                _printf_r
 .text.printf   0x00000000020009e4       0x3c c:/altera/18.1/nios2eds/bin/gnu/h-x86_64-mingw32/bin/../lib/gcc/nios2-elf/5.3.0/../../../../../H-x86_64-mingw32/nios2-elf/lib\libc.a(lib_a-printf.o)
                0x00000000020009e4                printf
 .text          0x0000000002000a20        0x0 c:/altera/18.1/nios2eds/bin/gnu/h-x86_64-mingw32/bin/../lib/gcc/nios2-elf/5.3.0/../../../../../H-x86_64-mingw32/nios2-elf/lib\libc.a(lib_a-vfprintf.o)
 .text.___vfprintf_internal_r
                0x0000000002000a20     0x21f8 c:/altera/18.1/nios2eds/bin/gnu/h-x86_64-mingw32/bin/../lib/gcc/nios2-elf/5.3.0/../../../../../H-x86_64-mingw32/nios2-elf/lib\libc.a(lib_a-vfprintf.o)
                0x0000000002000a20                ___vfprintf_internal_r
 .text.__vfprintf_internal
                0x0000000002002c18       0x1c c:/altera/18.1/nios2eds/bin/gnu/h-x86_64-mingw32/bin/../lib/gcc/nios2-elf/5.3.0/../../../../../H-x86_64-mingw32/nios2-elf/lib\libc.a(lib_a-vfprintf.o)
                0x0000000002002c18                __vfprintf_internal
 .text.__sbprintf
                0x0000000002002c34       0xbc c:/altera/18.1/nios2eds/bin/gnu/h-x86_64-mingw32/bin/../lib/gcc/nios2-elf/5.3.0/../../../../../H-x86_64-mingw32/nios2-elf/lib\libc.a(lib_a-vfprintf.o)
 .text          0x0000000002002cf0        0x0 c:/altera/18.1/nios2eds/bin/gnu/h-x86_64-mingw32/bin/../lib/gcc/nios2-elf/5.3.0/../../../../../H-x86_64-mingw32/nios2-elf/lib\libc.a(lib_a-wsetup.o)
 .text.__swsetup_r
                0x0000000002002cf0      0x154 c:/altera/18.1/nios2eds/bin/gnu/h-x86_64-mingw32/bin/../lib/gcc/nios2-elf/5.3.0/../../../../../H-x86_64-mingw32/nios2-elf/lib\libc.a(lib_a-wsetup.o)
                0x0000000002002cf0                __swsetup_r
 .text          0x0000000002002e44        0x0 c:/altera/18.1/nios2eds/bin/gnu/h-x86_64-mingw32/bin/../lib/gcc/nios2-elf/5.3.0/../../../../../H-x86_64-mingw32/nios2-elf/lib\libc.a(lib_a-dtoa.o)
 .text.quorem   0x0000000002002e44      0x200 c:/altera/18.1/nios2eds/bin/gnu/h-x86_64-mingw32/bin/../lib/gcc/nios2-elf/5.3.0/../../../../../H-x86_64-mingw32/nios2-elf/lib\libc.a(lib_a-dtoa.o)
 .text._dtoa_r  0x0000000002003044     0x1688 c:/altera/18.1/nios2eds/bin/gnu/h-x86_64-mingw32/bin/../lib/gcc/nios2-elf/5.3.0/../../../../../H-x86_64-mingw32/nios2-elf/lib\libc.a(lib_a-dtoa.o)
                0x0000000002003044                _dtoa_r
 .text          0x00000000020046cc        0x0 c:/altera/18.1/nios2eds/bin/gnu/h-x86_64-mingw32/bin/../lib/gcc/nios2-elf/5.3.0/../../../../../H-x86_64-mingw32/nios2-elf/lib\libc.a(lib_a-fflush.o)
 .text.__sflush_r
                0x00000000020046cc      0x21c c:/altera/18.1/nios2eds/bin/gnu/h-x86_64-mingw32/bin/../lib/gcc/nios2-elf/5.3.0/../../../../../H-x86_64-mingw32/nios2-elf/lib\libc.a(lib_a-fflush.o)
                0x00000000020046cc                __sflush_r
 .text._fflush_r
                0x00000000020048e8       0x5c c:/altera/18.1/nios2eds/bin/gnu/h-x86_64-mingw32/bin/../lib/gcc/nios2-elf/5.3.0/../../../../../H-x86_64-mingw32/nios2-elf/lib\libc.a(lib_a-fflush.o)
                0x00000000020048e8                _fflush_r
 .text.fflush   0x0000000002004944       0x30 c:/altera/18.1/nios2eds/bin/gnu/h-x86_64-mingw32/bin/../lib/gcc/nios2-elf/5.3.0/../../../../../H-x86_64-mingw32/nios2-elf/lib\libc.a(lib_a-fflush.o)
                0x0000000002004944                fflush
 .text          0x0000000002004974        0x0 c:/altera/18.1/nios2eds/bin/gnu/h-x86_64-mingw32/bin/../lib/gcc/nios2-elf/5.3.0/../../../../../H-x86_64-mingw32/nios2-elf/lib\libc.a(lib_a-findfp.o)
 .text.__fp_unlock
                0x0000000002004974        0x8 c:/altera/18.1/nios2eds/bin/gnu/h-x86_64-mingw32/bin/../lib/gcc/nios2-elf/5.3.0/../../../../../H-x86_64-mingw32/nios2-elf/lib\libc.a(lib_a-findfp.o)
 .text._cleanup_r
                0x000000000200497c        0xc c:/altera/18.1/nios2eds/bin/gnu/h-x86_64-mingw32/bin/../lib/gcc/nios2-elf/5.3.0/../../../../../H-x86_64-mingw32/nios2-elf/lib\libc.a(lib_a-findfp.o)
                0x000000000200497c                _cleanup_r
 .text.__sinit.part.1
                0x0000000002004988      0x19c c:/altera/18.1/nios2eds/bin/gnu/h-x86_64-mingw32/bin/../lib/gcc/nios2-elf/5.3.0/../../../../../H-x86_64-mingw32/nios2-elf/lib\libc.a(lib_a-findfp.o)
 .text.__fp_lock
                0x0000000002004b24        0x8 c:/altera/18.1/nios2eds/bin/gnu/h-x86_64-mingw32/bin/../lib/gcc/nios2-elf/5.3.0/../../../../../H-x86_64-mingw32/nios2-elf/lib\libc.a(lib_a-findfp.o)
 .text.__sfmoreglue
                0x0000000002004b2c       0x68 c:/altera/18.1/nios2eds/bin/gnu/h-x86_64-mingw32/bin/../lib/gcc/nios2-elf/5.3.0/../../../../../H-x86_64-mingw32/nios2-elf/lib\libc.a(lib_a-findfp.o)
                0x0000000002004b2c                __sfmoreglue
 .text.__sfp    0x0000000002004b94      0x118 c:/altera/18.1/nios2eds/bin/gnu/h-x86_64-mingw32/bin/../lib/gcc/nios2-elf/5.3.0/../../../../../H-x86_64-mingw32/nios2-elf/lib\libc.a(lib_a-findfp.o)
                0x0000000002004b94                __sfp
 .text._cleanup
                0x0000000002004cac       0x18 c:/altera/18.1/nios2eds/bin/gnu/h-x86_64-mingw32/bin/../lib/gcc/nios2-elf/5.3.0/../../../../../H-x86_64-mingw32/nios2-elf/lib\libc.a(lib_a-findfp.o)
                0x0000000002004cac                _cleanup
 .text.__sinit  0x0000000002004cc4       0x10 c:/altera/18.1/nios2eds/bin/gnu/h-x86_64-mingw32/bin/../lib/gcc/nios2-elf/5.3.0/../../../../../H-x86_64-mingw32/nios2-elf/lib\libc.a(lib_a-findfp.o)
                0x0000000002004cc4                __sinit
 .text.__sfp_lock_acquire
                0x0000000002004cd4        0x4 c:/altera/18.1/nios2eds/bin/gnu/h-x86_64-mingw32/bin/../lib/gcc/nios2-elf/5.3.0/../../../../../H-x86_64-mingw32/nios2-elf/lib\libc.a(lib_a-findfp.o)
                0x0000000002004cd4                __sfp_lock_acquire
 .text.__sfp_lock_release
                0x0000000002004cd8        0x4 c:/altera/18.1/nios2eds/bin/gnu/h-x86_64-mingw32/bin/../lib/gcc/nios2-elf/5.3.0/../../../../../H-x86_64-mingw32/nios2-elf/lib\libc.a(lib_a-findfp.o)
                0x0000000002004cd8                __sfp_lock_release
 .text.__sinit_lock_acquire
                0x0000000002004cdc        0x4 c:/altera/18.1/nios2eds/bin/gnu/h-x86_64-mingw32/bin/../lib/gcc/nios2-elf/5.3.0/../../../../../H-x86_64-mingw32/nios2-elf/lib\libc.a(lib_a-findfp.o)
                0x0000000002004cdc                __sinit_lock_acquire
 .text.__sinit_lock_release
                0x0000000002004ce0        0x4 c:/altera/18.1/nios2eds/bin/gnu/h-x86_64-mingw32/bin/../lib/gcc/nios2-elf/5.3.0/../../../../../H-x86_64-mingw32/nios2-elf/lib\libc.a(lib_a-findfp.o)
                0x0000000002004ce0                __sinit_lock_release
 .text.__fp_lock_all
                0x0000000002004ce4       0x18 c:/altera/18.1/nios2eds/bin/gnu/h-x86_64-mingw32/bin/../lib/gcc/nios2-elf/5.3.0/../../../../../H-x86_64-mingw32/nios2-elf/lib\libc.a(lib_a-findfp.o)
                0x0000000002004ce4                __fp_lock_all
 .text.__fp_unlock_all
                0x0000000002004cfc       0x18 c:/altera/18.1/nios2eds/bin/gnu/h-x86_64-mingw32/bin/../lib/gcc/nios2-elf/5.3.0/../../../../../H-x86_64-mingw32/nios2-elf/lib\libc.a(lib_a-findfp.o)
                0x0000000002004cfc                __fp_unlock_all
 .text          0x0000000002004d14        0x0 c:/altera/18.1/nios2eds/bin/gnu/h-x86_64-mingw32/bin/../lib/gcc/nios2-elf/5.3.0/../../../../../H-x86_64-mingw32/nios2-elf/lib\libc.a(lib_a-freer.o)
 .text._malloc_trim_r
                0x0000000002004d14      0x124 c:/altera/18.1/nios2eds/bin/gnu/h-x86_64-mingw32/bin/../lib/gcc/nios2-elf/5.3.0/../../../../../H-x86_64-mingw32/nios2-elf/lib\libc.a(lib_a-freer.o)
                0x0000000002004d14                _malloc_trim_r
 .text._free_r  0x0000000002004e38      0x310 c:/altera/18.1/nios2eds/bin/gnu/h-x86_64-mingw32/bin/../lib/gcc/nios2-elf/5.3.0/../../../../../H-x86_64-mingw32/nios2-elf/lib\libc.a(lib_a-freer.o)
                0x0000000002004e38                _free_r
 .text          0x0000000002005148        0x0 c:/altera/18.1/nios2eds/bin/gnu/h-x86_64-mingw32/bin/../lib/gcc/nios2-elf/5.3.0/../../../../../H-x86_64-mingw32/nios2-elf/lib\libc.a(lib_a-fwalk.o)
 .text._fwalk   0x0000000002005148       0xc4 c:/altera/18.1/nios2eds/bin/gnu/h-x86_64-mingw32/bin/../lib/gcc/nios2-elf/5.3.0/../../../../../H-x86_64-mingw32/nios2-elf/lib\libc.a(lib_a-fwalk.o)
                0x0000000002005148                _fwalk
 .text._fwalk_reent
                0x000000000200520c       0xc4 c:/altera/18.1/nios2eds/bin/gnu/h-x86_64-mingw32/bin/../lib/gcc/nios2-elf/5.3.0/../../../../../H-x86_64-mingw32/nios2-elf/lib\libc.a(lib_a-fwalk.o)
                0x000000000200520c                _fwalk_reent
 .text          0x00000000020052d0        0x0 c:/altera/18.1/nios2eds/bin/gnu/h-x86_64-mingw32/bin/../lib/gcc/nios2-elf/5.3.0/../../../../../H-x86_64-mingw32/nios2-elf/lib\libc.a(lib_a-impure.o)
 .text          0x00000000020052d0        0x0 c:/altera/18.1/nios2eds/bin/gnu/h-x86_64-mingw32/bin/../lib/gcc/nios2-elf/5.3.0/../../../../../H-x86_64-mingw32/nios2-elf/lib\libc.a(lib_a-locale.o)
 .text._setlocale_r
                0x00000000020052d0       0x7c c:/altera/18.1/nios2eds/bin/gnu/h-x86_64-mingw32/bin/../lib/gcc/nios2-elf/5.3.0/../../../../../H-x86_64-mingw32/nios2-elf/lib\libc.a(lib_a-locale.o)
                0x00000000020052d0                _setlocale_r
 .text.__locale_charset
                0x000000000200534c        0xc c:/altera/18.1/nios2eds/bin/gnu/h-x86_64-mingw32/bin/../lib/gcc/nios2-elf/5.3.0/../../../../../H-x86_64-mingw32/nios2-elf/lib\libc.a(lib_a-locale.o)
                0x000000000200534c                __locale_charset
 .text.__locale_mb_cur_max
                0x0000000002005358       0x10 c:/altera/18.1/nios2eds/bin/gnu/h-x86_64-mingw32/bin/../lib/gcc/nios2-elf/5.3.0/../../../../../H-x86_64-mingw32/nios2-elf/lib\libc.a(lib_a-locale.o)
                0x0000000002005358                __locale_mb_cur_max
 .text.__locale_msgcharset
                0x0000000002005368        0xc c:/altera/18.1/nios2eds/bin/gnu/h-x86_64-mingw32/bin/../lib/gcc/nios2-elf/5.3.0/../../../../../H-x86_64-mingw32/nios2-elf/lib\libc.a(lib_a-locale.o)
                0x0000000002005368                __locale_msgcharset
 .text.__locale_cjk_lang
                0x0000000002005374        0x8 c:/altera/18.1/nios2eds/bin/gnu/h-x86_64-mingw32/bin/../lib/gcc/nios2-elf/5.3.0/../../../../../H-x86_64-mingw32/nios2-elf/lib\libc.a(lib_a-locale.o)
                0x0000000002005374                __locale_cjk_lang
 .text._localeconv_r
                0x000000000200537c        0xc c:/altera/18.1/nios2eds/bin/gnu/h-x86_64-mingw32/bin/../lib/gcc/nios2-elf/5.3.0/../../../../../H-x86_64-mingw32/nios2-elf/lib\libc.a(lib_a-locale.o)
                0x000000000200537c                _localeconv_r
 .text.setlocale
                0x0000000002005388       0x18 c:/altera/18.1/nios2eds/bin/gnu/h-x86_64-mingw32/bin/../lib/gcc/nios2-elf/5.3.0/../../../../../H-x86_64-mingw32/nios2-elf/lib\libc.a(lib_a-locale.o)
                0x0000000002005388                setlocale
 .text.localeconv
                0x00000000020053a0        0xc c:/altera/18.1/nios2eds/bin/gnu/h-x86_64-mingw32/bin/../lib/gcc/nios2-elf/5.3.0/../../../../../H-x86_64-mingw32/nios2-elf/lib\libc.a(lib_a-locale.o)
                0x00000000020053a0                localeconv
 .text          0x00000000020053ac        0x0 c:/altera/18.1/nios2eds/bin/gnu/h-x86_64-mingw32/bin/../lib/gcc/nios2-elf/5.3.0/../../../../../H-x86_64-mingw32/nios2-elf/lib\libc.a(lib_a-makebuf.o)
 .text.__smakebuf_r
                0x00000000020053ac      0x1bc c:/altera/18.1/nios2eds/bin/gnu/h-x86_64-mingw32/bin/../lib/gcc/nios2-elf/5.3.0/../../../../../H-x86_64-mingw32/nios2-elf/lib\libc.a(lib_a-makebuf.o)
                0x00000000020053ac                __smakebuf_r
 .text          0x0000000002005568        0x0 c:/altera/18.1/nios2eds/bin/gnu/h-x86_64-mingw32/bin/../lib/gcc/nios2-elf/5.3.0/../../../../../H-x86_64-mingw32/nios2-elf/lib\libc.a(lib_a-mallocr.o)
 .text._malloc_r
                0x0000000002005568      0x80c c:/altera/18.1/nios2eds/bin/gnu/h-x86_64-mingw32/bin/../lib/gcc/nios2-elf/5.3.0/../../../../../H-x86_64-mingw32/nios2-elf/lib\libc.a(lib_a-mallocr.o)
                0x0000000002005568                _malloc_r
 .text          0x0000000002005d74        0x0 c:/altera/18.1/nios2eds/bin/gnu/h-x86_64-mingw32/bin/../lib/gcc/nios2-elf/5.3.0/../../../../../H-x86_64-mingw32/nios2-elf/lib\libc.a(lib_a-memchr.o)
 .text.memchr   0x0000000002005d74       0xe4 c:/altera/18.1/nios2eds/bin/gnu/h-x86_64-mingw32/bin/../lib/gcc/nios2-elf/5.3.0/../../../../../H-x86_64-mingw32/nios2-elf/lib\libc.a(lib_a-memchr.o)
                0x0000000002005d74                memchr
 .text          0x0000000002005e58        0x0 c:/altera/18.1/nios2eds/bin/gnu/h-x86_64-mingw32/bin/../lib/gcc/nios2-elf/5.3.0/../../../../../H-x86_64-mingw32/nios2-elf/lib\libc.a(lib_a-memcpy.o)
 .text.memcpy   0x0000000002005e58      0x148 c:/altera/18.1/nios2eds/bin/gnu/h-x86_64-mingw32/bin/../lib/gcc/nios2-elf/5.3.0/../../../../../H-x86_64-mingw32/nios2-elf/lib\libc.a(lib_a-memcpy.o)
                0x0000000002005e58                memcpy
 .text          0x0000000002005fa0        0x0 c:/altera/18.1/nios2eds/bin/gnu/h-x86_64-mingw32/bin/../lib/gcc/nios2-elf/5.3.0/../../../../../H-x86_64-mingw32/nios2-elf/lib\libc.a(lib_a-memset.o)
 .text.memset   0x0000000002005fa0      0x128 c:/altera/18.1/nios2eds/bin/gnu/h-x86_64-mingw32/bin/../lib/gcc/nios2-elf/5.3.0/../../../../../H-x86_64-mingw32/nios2-elf/lib\libc.a(lib_a-memset.o)
                0x0000000002005fa0                memset
 .text          0x00000000020060c8        0x0 c:/altera/18.1/nios2eds/bin/gnu/h-x86_64-mingw32/bin/../lib/gcc/nios2-elf/5.3.0/../../../../../H-x86_64-mingw32/nios2-elf/lib\libc.a(lib_a-mprec.o)
 .text._Balloc  0x00000000020060c8       0xa8 c:/altera/18.1/nios2eds/bin/gnu/h-x86_64-mingw32/bin/../lib/gcc/nios2-elf/5.3.0/../../../../../H-x86_64-mingw32/nios2-elf/lib\libc.a(lib_a-mprec.o)
                0x00000000020060c8                _Balloc
 .text._Bfree   0x0000000002006170       0x28 c:/altera/18.1/nios2eds/bin/gnu/h-x86_64-mingw32/bin/../lib/gcc/nios2-elf/5.3.0/../../../../../H-x86_64-mingw32/nios2-elf/lib\libc.a(lib_a-mprec.o)
                0x0000000002006170                _Bfree
 .text.__multadd
                0x0000000002006198      0x120 c:/altera/18.1/nios2eds/bin/gnu/h-x86_64-mingw32/bin/../lib/gcc/nios2-elf/5.3.0/../../../../../H-x86_64-mingw32/nios2-elf/lib\libc.a(lib_a-mprec.o)
                0x0000000002006198                __multadd
 .text.__s2b    0x00000000020062b8      0x104 c:/altera/18.1/nios2eds/bin/gnu/h-x86_64-mingw32/bin/../lib/gcc/nios2-elf/5.3.0/../../../../../H-x86_64-mingw32/nios2-elf/lib\libc.a(lib_a-mprec.o)
                0x00000000020062b8                __s2b
 .text.__hi0bits
                0x00000000020063bc       0x68 c:/altera/18.1/nios2eds/bin/gnu/h-x86_64-mingw32/bin/../lib/gcc/nios2-elf/5.3.0/../../../../../H-x86_64-mingw32/nios2-elf/lib\libc.a(lib_a-mprec.o)
                0x00000000020063bc                __hi0bits
 .text.__lo0bits
                0x0000000002006424       0xb0 c:/altera/18.1/nios2eds/bin/gnu/h-x86_64-mingw32/bin/../lib/gcc/nios2-elf/5.3.0/../../../../../H-x86_64-mingw32/nios2-elf/lib\libc.a(lib_a-mprec.o)
                0x0000000002006424                __lo0bits
 .text.__i2b    0x00000000020064d4       0x3c c:/altera/18.1/nios2eds/bin/gnu/h-x86_64-mingw32/bin/../lib/gcc/nios2-elf/5.3.0/../../../../../H-x86_64-mingw32/nios2-elf/lib\libc.a(lib_a-mprec.o)
                0x00000000020064d4                __i2b
 .text.__multiply
                0x0000000002006510      0x1f8 c:/altera/18.1/nios2eds/bin/gnu/h-x86_64-mingw32/bin/../lib/gcc/nios2-elf/5.3.0/../../../../../H-x86_64-mingw32/nios2-elf/lib\libc.a(lib_a-mprec.o)
                0x0000000002006510                __multiply
 .text.__pow5mult
                0x0000000002006708      0x140 c:/altera/18.1/nios2eds/bin/gnu/h-x86_64-mingw32/bin/../lib/gcc/nios2-elf/5.3.0/../../../../../H-x86_64-mingw32/nios2-elf/lib\libc.a(lib_a-mprec.o)
                0x0000000002006708                __pow5mult
 .text.__lshift
                0x0000000002006848      0x148 c:/altera/18.1/nios2eds/bin/gnu/h-x86_64-mingw32/bin/../lib/gcc/nios2-elf/5.3.0/../../../../../H-x86_64-mingw32/nios2-elf/lib\libc.a(lib_a-mprec.o)
                0x0000000002006848                __lshift
 .text.__mcmp   0x0000000002006990       0x60 c:/altera/18.1/nios2eds/bin/gnu/h-x86_64-mingw32/bin/../lib/gcc/nios2-elf/5.3.0/../../../../../H-x86_64-mingw32/nios2-elf/lib\libc.a(lib_a-mprec.o)
                0x0000000002006990                __mcmp
 .text.__mdiff  0x00000000020069f0      0x1fc c:/altera/18.1/nios2eds/bin/gnu/h-x86_64-mingw32/bin/../lib/gcc/nios2-elf/5.3.0/../../../../../H-x86_64-mingw32/nios2-elf/lib\libc.a(lib_a-mprec.o)
                0x00000000020069f0                __mdiff
 .text.__ulp    0x0000000002006bec       0x64 c:/altera/18.1/nios2eds/bin/gnu/h-x86_64-mingw32/bin/../lib/gcc/nios2-elf/5.3.0/../../../../../H-x86_64-mingw32/nios2-elf/lib\libc.a(lib_a-mprec.o)
                0x0000000002006bec                __ulp
 .text.__b2d    0x0000000002006c50      0x10c c:/altera/18.1/nios2eds/bin/gnu/h-x86_64-mingw32/bin/../lib/gcc/nios2-elf/5.3.0/../../../../../H-x86_64-mingw32/nios2-elf/lib\libc.a(lib_a-mprec.o)
                0x0000000002006c50                __b2d
 .text.__d2b    0x0000000002006d5c      0x14c c:/altera/18.1/nios2eds/bin/gnu/h-x86_64-mingw32/bin/../lib/gcc/nios2-elf/5.3.0/../../../../../H-x86_64-mingw32/nios2-elf/lib\libc.a(lib_a-mprec.o)
                0x0000000002006d5c                __d2b
 .text.__ratio  0x0000000002006ea8       0xa4 c:/altera/18.1/nios2eds/bin/gnu/h-x86_64-mingw32/bin/../lib/gcc/nios2-elf/5.3.0/../../../../../H-x86_64-mingw32/nios2-elf/lib\libc.a(lib_a-mprec.o)
                0x0000000002006ea8                __ratio
 .text._mprec_log10
                0x0000000002006f4c       0x74 c:/altera/18.1/nios2eds/bin/gnu/h-x86_64-mingw32/bin/../lib/gcc/nios2-elf/5.3.0/../../../../../H-x86_64-mingw32/nios2-elf/lib\libc.a(lib_a-mprec.o)
                0x0000000002006f4c                _mprec_log10
 .text.__copybits
                0x0000000002006fc0       0x78 c:/altera/18.1/nios2eds/bin/gnu/h-x86_64-mingw32/bin/../lib/gcc/nios2-elf/5.3.0/../../../../../H-x86_64-mingw32/nios2-elf/lib\libc.a(lib_a-mprec.o)
                0x0000000002006fc0                __copybits
 .text.__any_on
                0x0000000002007038       0x8c c:/altera/18.1/nios2eds/bin/gnu/h-x86_64-mingw32/bin/../lib/gcc/nios2-elf/5.3.0/../../../../../H-x86_64-mingw32/nios2-elf/lib\libc.a(lib_a-mprec.o)
                0x0000000002007038                __any_on
 .text          0x00000000020070c4        0x0 c:/altera/18.1/nios2eds/bin/gnu/h-x86_64-mingw32/bin/../lib/gcc/nios2-elf/5.3.0/../../../../../H-x86_64-mingw32/nios2-elf/lib\libc.a(lib_a-s_fpclassify.o)
 .text.__fpclassifyd
                0x00000000020070c4       0x74 c:/altera/18.1/nios2eds/bin/gnu/h-x86_64-mingw32/bin/../lib/gcc/nios2-elf/5.3.0/../../../../../H-x86_64-mingw32/nios2-elf/lib\libc.a(lib_a-s_fpclassify.o)
                0x00000000020070c4                __fpclassifyd
 .text          0x0000000002007138        0x0 c:/altera/18.1/nios2eds/bin/gnu/h-x86_64-mingw32/bin/../lib/gcc/nios2-elf/5.3.0/../../../../../H-x86_64-mingw32/nios2-elf/lib\libc.a(lib_a-sbrkr.o)
 .text._sbrk_r  0x0000000002007138       0x54 c:/altera/18.1/nios2eds/bin/gnu/h-x86_64-mingw32/bin/../lib/gcc/nios2-elf/5.3.0/../../../../../H-x86_64-mingw32/nios2-elf/lib\libc.a(lib_a-sbrkr.o)
                0x0000000002007138                _sbrk_r
 .text          0x000000000200718c        0x0 c:/altera/18.1/nios2eds/bin/gnu/h-x86_64-mingw32/bin/../lib/gcc/nios2-elf/5.3.0/../../../../../H-x86_64-mingw32/nios2-elf/lib\libc.a(lib_a-stdio.o)
 .text.__sread  0x000000000200718c       0x54 c:/altera/18.1/nios2eds/bin/gnu/h-x86_64-mingw32/bin/../lib/gcc/nios2-elf/5.3.0/../../../../../H-x86_64-mingw32/nios2-elf/lib\libc.a(lib_a-stdio.o)
                0x000000000200718c                __sread
 .text.__seofread
                0x00000000020071e0        0x8 c:/altera/18.1/nios2eds/bin/gnu/h-x86_64-mingw32/bin/../lib/gcc/nios2-elf/5.3.0/../../../../../H-x86_64-mingw32/nios2-elf/lib\libc.a(lib_a-stdio.o)
                0x00000000020071e0                __seofread
 .text.__swrite
                0x00000000020071e8       0x7c c:/altera/18.1/nios2eds/bin/gnu/h-x86_64-mingw32/bin/../lib/gcc/nios2-elf/5.3.0/../../../../../H-x86_64-mingw32/nios2-elf/lib\libc.a(lib_a-stdio.o)
                0x00000000020071e8                __swrite
 .text.__sseek  0x0000000002007264       0x5c c:/altera/18.1/nios2eds/bin/gnu/h-x86_64-mingw32/bin/../lib/gcc/nios2-elf/5.3.0/../../../../../H-x86_64-mingw32/nios2-elf/lib\libc.a(lib_a-stdio.o)
                0x0000000002007264                __sseek
 .text.__sclose
                0x00000000020072c0        0x8 c:/altera/18.1/nios2eds/bin/gnu/h-x86_64-mingw32/bin/../lib/gcc/nios2-elf/5.3.0/../../../../../H-x86_64-mingw32/nios2-elf/lib\libc.a(lib_a-stdio.o)
                0x00000000020072c0                __sclose
 .text          0x00000000020072c8        0x0 c:/altera/18.1/nios2eds/bin/gnu/h-x86_64-mingw32/bin/../lib/gcc/nios2-elf/5.3.0/../../../../../H-x86_64-mingw32/nios2-elf/lib\libc.a(lib_a-strcmp.o)
 .text.strcmp   0x00000000020072c8       0xdc c:/altera/18.1/nios2eds/bin/gnu/h-x86_64-mingw32/bin/../lib/gcc/nios2-elf/5.3.0/../../../../../H-x86_64-mingw32/nios2-elf/lib\libc.a(lib_a-strcmp.o)
                0x00000000020072c8                strcmp
 .text          0x00000000020073a4        0x0 c:/altera/18.1/nios2eds/bin/gnu/h-x86_64-mingw32/bin/../lib/gcc/nios2-elf/5.3.0/../../../../../H-x86_64-mingw32/nios2-elf/lib\libc.a(lib_a-strlen.o)
 .text.strlen   0x00000000020073a4       0x98 c:/altera/18.1/nios2eds/bin/gnu/h-x86_64-mingw32/bin/../lib/gcc/nios2-elf/5.3.0/../../../../../H-x86_64-mingw32/nios2-elf/lib\libc.a(lib_a-strlen.o)
                0x00000000020073a4                strlen
 .text          0x000000000200743c        0x0 c:/altera/18.1/nios2eds/bin/gnu/h-x86_64-mingw32/bin/../lib/gcc/nios2-elf/5.3.0/../../../../../H-x86_64-mingw32/nios2-elf/lib\libc.a(lib_a-vfiprintf.o)
 .text.__sprint_r.part.0
                0x000000000200743c       0xfc c:/altera/18.1/nios2eds/bin/gnu/h-x86_64-mingw32/bin/../lib/gcc/nios2-elf/5.3.0/../../../../../H-x86_64-mingw32/nios2-elf/lib\libc.a(lib_a-vfiprintf.o)
 .text.__sprint_r
                0x0000000002007538       0x18 c:/altera/18.1/nios2eds/bin/gnu/h-x86_64-mingw32/bin/../lib/gcc/nios2-elf/5.3.0/../../../../../H-x86_64-mingw32/nios2-elf/lib\libc.a(lib_a-vfiprintf.o)
                0x0000000002007538                __sprint_r
 .text.___vfiprintf_internal_r
                0x0000000002007550     0x145c c:/altera/18.1/nios2eds/bin/gnu/h-x86_64-mingw32/bin/../lib/gcc/nios2-elf/5.3.0/../../../../../H-x86_64-mingw32/nios2-elf/lib\libc.a(lib_a-vfiprintf.o)
                0x0000000002007550                ___vfiprintf_internal_r
 .text.__vfiprintf_internal
                0x00000000020089ac       0x1c c:/altera/18.1/nios2eds/bin/gnu/h-x86_64-mingw32/bin/../lib/gcc/nios2-elf/5.3.0/../../../../../H-x86_64-mingw32/nios2-elf/lib\libc.a(lib_a-vfiprintf.o)
                0x00000000020089ac                __vfiprintf_internal
 .text.__sbprintf
                0x00000000020089c8       0xbc c:/altera/18.1/nios2eds/bin/gnu/h-x86_64-mingw32/bin/../lib/gcc/nios2-elf/5.3.0/../../../../../H-x86_64-mingw32/nios2-elf/lib\libc.a(lib_a-vfiprintf.o)
 .text          0x0000000002008a84        0x0 c:/altera/18.1/nios2eds/bin/gnu/h-x86_64-mingw32/bin/../lib/gcc/nios2-elf/5.3.0/../../../../../H-x86_64-mingw32/nios2-elf/lib\libc.a(lib_a-writer.o)
 .text._write_r
                0x0000000002008a84       0x60 c:/altera/18.1/nios2eds/bin/gnu/h-x86_64-mingw32/bin/../lib/gcc/nios2-elf/5.3.0/../../../../../H-x86_64-mingw32/nios2-elf/lib\libc.a(lib_a-writer.o)
                0x0000000002008a84                _write_r
 .text          0x0000000002008ae4        0x0 c:/altera/18.1/nios2eds/bin/gnu/h-x86_64-mingw32/bin/../lib/gcc/nios2-elf/5.3.0/../../../../../H-x86_64-mingw32/nios2-elf/lib\libc.a(closer.o)
 .text._close_r
                0x0000000002008ae4       0x54 c:/altera/18.1/nios2eds/bin/gnu/h-x86_64-mingw32/bin/../lib/gcc/nios2-elf/5.3.0/../../../../../H-x86_64-mingw32/nios2-elf/lib\libc.a(closer.o)
                0x0000000002008ae4                _close_r
 .text          0x0000000002008b38        0x0 c:/altera/18.1/nios2eds/bin/gnu/h-x86_64-mingw32/bin/../lib/gcc/nios2-elf/5.3.0/../../../../../H-x86_64-mingw32/nios2-elf/lib\libc.a(lib_a-callocr.o)
 .text._calloc_r
                0x0000000002008b38       0xc4 c:/altera/18.1/nios2eds/bin/gnu/h-x86_64-mingw32/bin/../lib/gcc/nios2-elf/5.3.0/../../../../../H-x86_64-mingw32/nios2-elf/lib\libc.a(lib_a-callocr.o)
                0x0000000002008b38                _calloc_r
 .text          0x0000000002008bfc        0x0 c:/altera/18.1/nios2eds/bin/gnu/h-x86_64-mingw32/bin/../lib/gcc/nios2-elf/5.3.0/../../../../../H-x86_64-mingw32/nios2-elf/lib\libc.a(lib_a-fclose.o)
 .text._fclose_r
                0x0000000002008bfc       0xf0 c:/altera/18.1/nios2eds/bin/gnu/h-x86_64-mingw32/bin/../lib/gcc/nios2-elf/5.3.0/../../../../../H-x86_64-mingw32/nios2-elf/lib\libc.a(lib_a-fclose.o)
                0x0000000002008bfc                _fclose_r
 .text.fclose   0x0000000002008cec       0x14 c:/altera/18.1/nios2eds/bin/gnu/h-x86_64-mingw32/bin/../lib/gcc/nios2-elf/5.3.0/../../../../../H-x86_64-mingw32/nios2-elf/lib\libc.a(lib_a-fclose.o)
                0x0000000002008cec                fclose
 .text          0x0000000002008d00        0x0 c:/altera/18.1/nios2eds/bin/gnu/h-x86_64-mingw32/bin/../lib/gcc/nios2-elf/5.3.0/../../../../../H-x86_64-mingw32/nios2-elf/lib\libc.a(lib_a-fputwc.o)
 .text.__fputwc
                0x0000000002008d00      0x164 c:/altera/18.1/nios2eds/bin/gnu/h-x86_64-mingw32/bin/../lib/gcc/nios2-elf/5.3.0/../../../../../H-x86_64-mingw32/nios2-elf/lib\libc.a(lib_a-fputwc.o)
                0x0000000002008d00                __fputwc
 .text._fputwc_r
                0x0000000002008e64       0x24 c:/altera/18.1/nios2eds/bin/gnu/h-x86_64-mingw32/bin/../lib/gcc/nios2-elf/5.3.0/../../../../../H-x86_64-mingw32/nios2-elf/lib\libc.a(lib_a-fputwc.o)
                0x0000000002008e64                _fputwc_r
 .text.fputwc   0x0000000002008e88       0x80 c:/altera/18.1/nios2eds/bin/gnu/h-x86_64-mingw32/bin/../lib/gcc/nios2-elf/5.3.0/../../../../../H-x86_64-mingw32/nios2-elf/lib\libc.a(lib_a-fputwc.o)
                0x0000000002008e88                fputwc
 .text          0x0000000002008f08        0x0 c:/altera/18.1/nios2eds/bin/gnu/h-x86_64-mingw32/bin/../lib/gcc/nios2-elf/5.3.0/../../../../../H-x86_64-mingw32/nios2-elf/lib\libc.a(lib_a-fstatr.o)
 .text._fstat_r
                0x0000000002008f08       0x5c c:/altera/18.1/nios2eds/bin/gnu/h-x86_64-mingw32/bin/../lib/gcc/nios2-elf/5.3.0/../../../../../H-x86_64-mingw32/nios2-elf/lib\libc.a(lib_a-fstatr.o)
                0x0000000002008f08                _fstat_r
 .text          0x0000000002008f64        0x0 c:/altera/18.1/nios2eds/bin/gnu/h-x86_64-mingw32/bin/../lib/gcc/nios2-elf/5.3.0/../../../../../H-x86_64-mingw32/nios2-elf/lib\libc.a(lib_a-fvwrite.o)
 .text.__sfvwrite_r
                0x0000000002008f64      0x4bc c:/altera/18.1/nios2eds/bin/gnu/h-x86_64-mingw32/bin/../lib/gcc/nios2-elf/5.3.0/../../../../../H-x86_64-mingw32/nios2-elf/lib\libc.a(lib_a-fvwrite.o)
                0x0000000002008f64                __sfvwrite_r
 .text          0x0000000002009420        0x0 c:/altera/18.1/nios2eds/bin/gnu/h-x86_64-mingw32/bin/../lib/gcc/nios2-elf/5.3.0/../../../../../H-x86_64-mingw32/nios2-elf/lib\libc.a(lib_a-int_errno.o)
 .text          0x0000000002009420        0x0 c:/altera/18.1/nios2eds/bin/gnu/h-x86_64-mingw32/bin/../lib/gcc/nios2-elf/5.3.0/../../../../../H-x86_64-mingw32/nios2-elf/lib\libc.a(lib_a-isattyr.o)
 .text._isatty_r
                0x0000000002009420       0x54 c:/altera/18.1/nios2eds/bin/gnu/h-x86_64-mingw32/bin/../lib/gcc/nios2-elf/5.3.0/../../../../../H-x86_64-mingw32/nios2-elf/lib\libc.a(lib_a-isattyr.o)
                0x0000000002009420                _isatty_r
 .text          0x0000000002009474        0x0 c:/altera/18.1/nios2eds/bin/gnu/h-x86_64-mingw32/bin/../lib/gcc/nios2-elf/5.3.0/../../../../../H-x86_64-mingw32/nios2-elf/lib\libc.a(lib_a-lseekr.o)
 .text._lseek_r
                0x0000000002009474       0x60 c:/altera/18.1/nios2eds/bin/gnu/h-x86_64-mingw32/bin/../lib/gcc/nios2-elf/5.3.0/../../../../../H-x86_64-mingw32/nios2-elf/lib\libc.a(lib_a-lseekr.o)
                0x0000000002009474                _lseek_r
 .text          0x00000000020094d4        0x0 c:/altera/18.1/nios2eds/bin/gnu/h-x86_64-mingw32/bin/../lib/gcc/nios2-elf/5.3.0/../../../../../H-x86_64-mingw32/nios2-elf/lib\libc.a(lib_a-memmove.o)
 .text.memmove  0x00000000020094d4      0x15c c:/altera/18.1/nios2eds/bin/gnu/h-x86_64-mingw32/bin/../lib/gcc/nios2-elf/5.3.0/../../../../../H-x86_64-mingw32/nios2-elf/lib\libc.a(lib_a-memmove.o)
                0x00000000020094d4                memmove
 .text          0x0000000002009630        0x0 c:/altera/18.1/nios2eds/bin/gnu/h-x86_64-mingw32/bin/../lib/gcc/nios2-elf/5.3.0/../../../../../H-x86_64-mingw32/nios2-elf/lib\libc.a(lib_a-readr.o)
 .text._read_r  0x0000000002009630       0x60 c:/altera/18.1/nios2eds/bin/gnu/h-x86_64-mingw32/bin/../lib/gcc/nios2-elf/5.3.0/../../../../../H-x86_64-mingw32/nios2-elf/lib\libc.a(lib_a-readr.o)
                0x0000000002009630                _read_r
 .text          0x0000000002009690        0x0 c:/altera/18.1/nios2eds/bin/gnu/h-x86_64-mingw32/bin/../lib/gcc/nios2-elf/5.3.0/../../../../../H-x86_64-mingw32/nios2-elf/lib\libc.a(lib_a-reallocr.o)
 .text._realloc_r
                0x0000000002009690      0x564 c:/altera/18.1/nios2eds/bin/gnu/h-x86_64-mingw32/bin/../lib/gcc/nios2-elf/5.3.0/../../../../../H-x86_64-mingw32/nios2-elf/lib\libc.a(lib_a-reallocr.o)
                0x0000000002009690                _realloc_r
 .text          0x0000000002009bf4        0x0 c:/altera/18.1/nios2eds/bin/gnu/h-x86_64-mingw32/bin/../lib/gcc/nios2-elf/5.3.0/../../../../../H-x86_64-mingw32/nios2-elf/lib\libc.a(lib_a-wbuf.o)
 .text.__swbuf_r
                0x0000000002009bf4      0x140 c:/altera/18.1/nios2eds/bin/gnu/h-x86_64-mingw32/bin/../lib/gcc/nios2-elf/5.3.0/../../../../../H-x86_64-mingw32/nios2-elf/lib\libc.a(lib_a-wbuf.o)
                0x0000000002009bf4                __swbuf_r
 .text.__swbuf  0x0000000002009d34       0x18 c:/altera/18.1/nios2eds/bin/gnu/h-x86_64-mingw32/bin/../lib/gcc/nios2-elf/5.3.0/../../../../../H-x86_64-mingw32/nios2-elf/lib\libc.a(lib_a-wbuf.o)
                0x0000000002009d34                __swbuf
 .text          0x0000000002009d4c        0x0 c:/altera/18.1/nios2eds/bin/gnu/h-x86_64-mingw32/bin/../lib/gcc/nios2-elf/5.3.0/../../../../../H-x86_64-mingw32/nios2-elf/lib\libc.a(lib_a-wcrtomb.o)
 .text._wcrtomb_r
                0x0000000002009d4c       0x9c c:/altera/18.1/nios2eds/bin/gnu/h-x86_64-mingw32/bin/../lib/gcc/nios2-elf/5.3.0/../../../../../H-x86_64-mingw32/nios2-elf/lib\libc.a(lib_a-wcrtomb.o)
                0x0000000002009d4c                _wcrtomb_r
 .text.wcrtomb  0x0000000002009de8       0xc0 c:/altera/18.1/nios2eds/bin/gnu/h-x86_64-mingw32/bin/../lib/gcc/nios2-elf/5.3.0/../../../../../H-x86_64-mingw32/nios2-elf/lib\libc.a(lib_a-wcrtomb.o)
                0x0000000002009de8                wcrtomb
 .text          0x0000000002009ea8        0x0 c:/altera/18.1/nios2eds/bin/gnu/h-x86_64-mingw32/bin/../lib/gcc/nios2-elf/5.3.0/../../../../../H-x86_64-mingw32/nios2-elf/lib\libc.a(lib_a-wctomb_r.o)
 .text.__ascii_wctomb
                0x0000000002009ea8       0x30 c:/altera/18.1/nios2eds/bin/gnu/h-x86_64-mingw32/bin/../lib/gcc/nios2-elf/5.3.0/../../../../../H-x86_64-mingw32/nios2-elf/lib\libc.a(lib_a-wctomb_r.o)
                0x0000000002009ea8                __ascii_wctomb
 .text._wctomb_r
                0x0000000002009ed8       0x5c c:/altera/18.1/nios2eds/bin/gnu/h-x86_64-mingw32/bin/../lib/gcc/nios2-elf/5.3.0/../../../../../H-x86_64-mingw32/nios2-elf/lib\libc.a(lib_a-wctomb_r.o)
                0x0000000002009ed8                _wctomb_r
 .text          0x0000000002009f34      0x578 c:/altera/18.1/nios2eds/bin/gnu/h-x86_64-mingw32/bin/../lib/gcc/nios2-elf/5.3.0\libgcc.a(_udivdi3.o)
                0x0000000002009f34                __udivdi3
 .text          0x000000000200a4ac      0x538 c:/altera/18.1/nios2eds/bin/gnu/h-x86_64-mingw32/bin/../lib/gcc/nios2-elf/5.3.0\libgcc.a(_umoddi3.o)
                0x000000000200a4ac                __umoddi3
 .text          0x000000000200a9e4      0x1b4 c:/altera/18.1/nios2eds/bin/gnu/h-x86_64-mingw32/bin/../lib/gcc/nios2-elf/5.3.0\libgcc.a(lib2-divmod.o)
                0x000000000200a9e4                __divsi3
                0x000000000200aa68                __modsi3
                0x000000000200aadc                __udivsi3
                0x000000000200ab40                __umodsi3
 .text          0x000000000200ab98      0x8ac c:/altera/18.1/nios2eds/bin/gnu/h-x86_64-mingw32/bin/../lib/gcc/nios2-elf/5.3.0\libgcc.a(adddf3.o)
                0x000000000200ab98                __adddf3
 .text          0x000000000200b444      0x8e8 c:/altera/18.1/nios2eds/bin/gnu/h-x86_64-mingw32/bin/../lib/gcc/nios2-elf/5.3.0\libgcc.a(divdf3.o)
                0x000000000200b444                __divdf3
 .text          0x000000000200bd2c       0x88 c:/altera/18.1/nios2eds/bin/gnu/h-x86_64-mingw32/bin/../lib/gcc/nios2-elf/5.3.0\libgcc.a(eqdf2.o)
                0x000000000200bd2c                __nedf2
                0x000000000200bd2c                __eqdf2
 .text          0x000000000200bdb4       0xdc c:/altera/18.1/nios2eds/bin/gnu/h-x86_64-mingw32/bin/../lib/gcc/nios2-elf/5.3.0\libgcc.a(gedf2.o)
                0x000000000200bdb4                __gedf2
                0x000000000200bdb4                __gtdf2
 .text          0x000000000200be90       0xf4 c:/altera/18.1/nios2eds/bin/gnu/h-x86_64-mingw32/bin/../lib/gcc/nios2-elf/5.3.0\libgcc.a(ledf2.o)
                0x000000000200be90                __ledf2
                0x000000000200be90                __ltdf2
 .text          0x000000000200bf84      0x718 c:/altera/18.1/nios2eds/bin/gnu/h-x86_64-mingw32/bin/../lib/gcc/nios2-elf/5.3.0\libgcc.a(muldf3.o)
                0x000000000200bf84                __muldf3
 .text          0x000000000200c69c      0x8fc c:/altera/18.1/nios2eds/bin/gnu/h-x86_64-mingw32/bin/../lib/gcc/nios2-elf/5.3.0\libgcc.a(subdf3.o)
                0x000000000200c69c                __subdf3
 .text          0x000000000200cf98       0x80 c:/altera/18.1/nios2eds/bin/gnu/h-x86_64-mingw32/bin/../lib/gcc/nios2-elf/5.3.0\libgcc.a(fixdfsi.o)
                0x000000000200cf98                __fixdfsi
 .text          0x000000000200d018       0xdc c:/altera/18.1/nios2eds/bin/gnu/h-x86_64-mingw32/bin/../lib/gcc/nios2-elf/5.3.0\libgcc.a(floatsidf.o)
                0x000000000200d018                __floatsidf
 .text          0x000000000200d0f4       0xa8 c:/altera/18.1/nios2eds/bin/gnu/h-x86_64-mingw32/bin/../lib/gcc/nios2-elf/5.3.0\libgcc.a(floatunsidf.o)
                0x000000000200d0f4                __floatunsidf
 .text          0x000000000200d19c        0x0 c:/altera/18.1/nios2eds/bin/gnu/h-x86_64-mingw32/bin/../lib/gcc/nios2-elf/5.3.0\libgcc.a(_clz.o)
 .text          0x000000000200d19c       0x64 c:/altera/18.1/nios2eds/bin/gnu/h-x86_64-mingw32/bin/../lib/gcc/nios2-elf/5.3.0\libgcc.a(_clzsi2.o)
                0x000000000200d19c                __clzsi2
 .text          0x000000000200d200      0x118 ../FreeRTOS_bsp/\libfreertos_bsp.a(alt_main.o)
                0x000000000200d200                pre_constructors
                0x000000000200d220                post_constructors
                0x000000000200d240                alt_main
 .text          0x000000000200d318       0xa4 ../FreeRTOS_bsp/\libfreertos_bsp.a(alt_malloc_lock.o)
                0x000000000200d318                __malloc_lock
                0x000000000200d378                __malloc_unlock
 .text          0x000000000200d3bc     0x1718 ../FreeRTOS_bsp/\libfreertos_bsp.a(queue.o)
                0x000000000200d3bc                xQueueGenericReset
                0x000000000200d4e0                xQueueGenericCreate
                0x000000000200d668                xQueueCreateMutex
                0x000000000200d6c4                xQueueGiveMutexRecursive
                0x000000000200d754                xQueueTakeMutexRecursive
                0x000000000200d7f0                xQueueCreateCountingSemaphore
                0x000000000200d848                xQueueGenericSend
                0x000000000200da2c                xQueueGenericSendFromISR
                0x000000000200db20                xQueueGiveFromISR
                0x000000000200dbfc                xQueueReceive
                0x000000000200ddd4                xQueueSemaphoreTake
                0x000000000200e034                xQueuePeek
                0x000000000200e214                xQueueReceiveFromISR
                0x000000000200e2f8                xQueuePeekFromISR
                0x000000000200e374                uxQueueMessagesWaiting
                0x000000000200e3c4                uxQueueSpacesAvailable
                0x000000000200e428                uxQueueMessagesWaitingFromISR
                0x000000000200e460                vQueueDelete
                0x000000000200e49c                uxQueueGetQueueNumber
                0x000000000200e4c4                vQueueSetQueueNumber
                0x000000000200e4f8                ucQueueGetQueueType
                0x000000000200e90c                xQueueIsQueueEmptyFromISR
                0x000000000200e9bc                xQueueIsQueueFullFromISR
                0x000000000200ea0c                vQueueWaitForMessageRestricted
 .text          0x000000000200ead4     0x2cd0 ../FreeRTOS_bsp/\libfreertos_bsp.a(tasks.o)
                0x000000000200ead4                xTaskCreate
                0x000000000200eeb0                vTaskDelete
                0x000000000200efa8                vTaskDelayUntil
                0x000000000200f098                vTaskDelay
                0x000000000200f0f4                eTaskGetState
                0x000000000200f214                uxTaskPriorityGet
                0x000000000200f27c                uxTaskPriorityGetFromISR
                0x000000000200f2c8                vTaskPrioritySet
                0x000000000200f47c                vTaskSuspend
                0x000000000200f604                vTaskResume
                0x000000000200f6e0                xTaskResumeFromISR
                0x000000000200f7c0                vTaskStartScheduler
                0x000000000200f850                vTaskEndScheduler
                0x000000000200f884                vTaskSuspendAll
                0x000000000200f8b0                xTaskResumeAll
                0x000000000200fa18                xTaskGetTickCount
                0x000000000200fa40                xTaskGetTickCountFromISR
                0x000000000200fa6c                uxTaskGetNumberOfTasks
                0x000000000200fa8c                pcTaskGetName
                0x000000000200facc                uxTaskGetSystemState
                0x000000000200fc54                xTaskCatchUpTicks
                0x000000000200fca0                xTaskIncrementTick
                0x000000000200fe50                vTaskSwitchContext
                0x000000000200ffac                vTaskPlaceOnEventList
                0x000000000200fffc                vTaskPlaceOnUnorderedEventList
                0x0000000002010060                vTaskPlaceOnEventListRestricted
                0x00000000020100c4                xTaskRemoveFromEventList
                0x00000000020101b8                vTaskRemoveFromUnorderedEventList
                0x0000000002010280                vTaskSetTimeOutState
                0x00000000020102dc                vTaskInternalSetTimeOutState
                0x0000000002010318                xTaskCheckForTimeOut
                0x0000000002010408                vTaskMissedYield
                0x0000000002010430                uxTaskGetTaskNumber
                0x0000000002010478                vTaskSetTaskNumber
                0x0000000002010620                vTaskGetInfo
                0x0000000002010904                uxTaskGetStackHighWaterMark
                0x00000000020109f8                xTaskGetCurrentTaskHandle
                0x0000000002010a20                xTaskGetSchedulerState
                0x0000000002010a6c                xTaskPriorityInherit
                0x0000000002010bac                xTaskPriorityDisinherit
                0x0000000002010ca8                vTaskPriorityDisinheritAfterTimeout
                0x0000000002010de8                vTaskEnterCritical
                0x0000000002010e30                vTaskExitCritical
                0x0000000002010e8c                uxTaskResetEventItemValue
                0x0000000002010ed0                pvTaskIncrementMutexHeldCount
                0x0000000002010f08                ulTaskNotifyTake
                0x0000000002010fd8                xTaskNotifyWait
                0x00000000020110ec                xTaskGenericNotify
                0x00000000020112a8                xTaskGenericNotifyFromISR
                0x000000000201148c                vTaskNotifyGiveFromISR
                0x00000000020115ac                xTaskNotifyStateClear
                0x0000000002011634                ulTaskNotifyValueClear
 .text          0x00000000020117a4      0xcd4 ../FreeRTOS_bsp/\libfreertos_bsp.a(timers.o)
                0x00000000020117a4                xTimerCreateTimerTask
                0x000000000201180c                xTimerCreate
                0x0000000002011928                xTimerGenericCommand
                0x0000000002011a04                xTimerGetTimerDaemonTaskHandle
                0x0000000002011a24                xTimerGetPeriod
                0x0000000002011a54                vTimerSetReloadMode
                0x0000000002011ae4                uxTimerGetReloadMode
                0x0000000002011b54                xTimerGetExpiryTime
                0x0000000002011b8c                pcTimerGetName
                0x00000000020122f8                xTimerIsTimerActive
                0x0000000002012368                pvTimerGetTimerID
                0x00000000020123c0                vTimerSetTimerID
                0x000000000201241c                uxTimerGetTimerNumber
                0x0000000002012444                vTimerSetTimerNumber
 .text          0x0000000002012478       0x2c ../FreeRTOS_bsp/\libfreertos_bsp.a(alt_dev.o)
 .text          0x00000000020124a4       0x60 ../FreeRTOS_bsp/\libfreertos_bsp.a(alt_do_ctors.o)
                0x00000000020124a4                _do_ctors
 .text          0x0000000002012504       0x60 ../FreeRTOS_bsp/\libfreertos_bsp.a(alt_do_dtors.o)
                0x0000000002012504                _do_dtors
 .text          0x0000000002012564       0xec ../FreeRTOS_bsp/\libfreertos_bsp.a(alt_fstat.o)
                0x00000000020125a0                fstat
 .text          0x0000000002012650      0x140 ../FreeRTOS_bsp/\libfreertos_bsp.a(alt_io_redirect.o)
                0x0000000002012714                alt_io_redirect
 .text          0x0000000002012790       0xe0 ../FreeRTOS_bsp/\libfreertos_bsp.a(alt_isatty.o)
                0x00000000020127cc                isatty
 .text          0x0000000002012870       0xec ../FreeRTOS_bsp/\libfreertos_bsp.a(alt_load.o)
                0x00000000020128d8                alt_load
 .text          0x000000000201295c      0x110 ../FreeRTOS_bsp/\libfreertos_bsp.a(alt_lseek.o)
                0x0000000002012998                lseek
 .text          0x0000000002012a6c      0x254 ../FreeRTOS_bsp/\libfreertos_bsp.a(alt_open.o)
                0x0000000002012b6c                open
 .text          0x0000000002012cc0      0x22c ../FreeRTOS_bsp/\libfreertos_bsp.a(alt_printf.o)
                0x0000000002012cc0                alt_printf
 .text          0x0000000002012eec       0x3c ../FreeRTOS_bsp/\libfreertos_bsp.a(alt_putchar.o)
                0x0000000002012eec                alt_putchar
 .text          0x0000000002012f28       0x64 ../FreeRTOS_bsp/\libfreertos_bsp.a(alt_release_fd.o)
                0x0000000002012f28                alt_release_fd
 .text          0x0000000002012f8c       0xb0 ../FreeRTOS_bsp/\libfreertos_bsp.a(alt_sbrk.o)
                0x0000000002012f8c                sbrk
 .text          0x000000000201303c       0x48 ../FreeRTOS_bsp/\libfreertos_bsp.a(alt_lwip_close.o)
                0x000000000201303c                close
 .text          0x0000000002013084       0x6c ../FreeRTOS_bsp/\libfreertos_bsp.a(alt_lwip_read.o)
                0x0000000002013084                read
 .text          0x00000000020130f0       0x64 ../FreeRTOS_bsp/\libfreertos_bsp.a(alt_lwip_write.o)
                0x00000000020130f0                write
 .text          0x0000000002013154      0x474 ../FreeRTOS_bsp/\libfreertos_bsp.a(altera_tse_ethernetif.o)
                0x000000000201331c                ethernetif_input
                0x0000000002013418                ethernetif_init
 .text          0x00000000020135c8      0x9c4 ../FreeRTOS_bsp/\libfreertos_bsp.a(lwip_main.o)
                0x00000000020135c8                lwip_initialize
                0x00000000020136dc                lwip_wait_for_an
                0x00000000020139c4                get_mac_count
                0x00000000020139e4                get_mac_base
                0x0000000002013a30                get_netif
                0x0000000002013a78                lwip_set_status_callback
                0x0000000002013aac                lwip_set_link_callback
                0x0000000002013ae0                lwip_is_interface_up
                0x0000000002013ca4                print_ipad
                0x0000000002013d9c                lwip_initialize_phys
 .text          0x0000000002013f8c      0xcb4 ../FreeRTOS_bsp/\libfreertos_bsp.a(lwip_tse_mac.o)
                0x0000000002013f8c                tse_mac_init
                0x00000000020147d8                tse_sgdma_read_init
                0x000000000201487c                tse_sgdma_rx_isr
                0x0000000002014910                tse_mac_raw_send
                0x0000000002014a70                tse_mac_rcv
 .text          0x0000000002014c40      0x854 ../FreeRTOS_bsp/\libfreertos_bsp.a(sys_arch.o)
                0x0000000002014c40                sys_init
                0x0000000002014c60                sys_now
                0x0000000002014cb4                sys_sem_new
                0x0000000002014d98                sys_sem_free
                0x0000000002014df0                sys_sem_signal
                0x0000000002014e38                sys_arch_sem_wait
                0x0000000002014f14                sys_mutex_new
                0x0000000002014fd4                sys_mutex_lock
                0x0000000002015020                sys_mutex_unlock
                0x0000000002015068                sys_mutex_free
                0x00000000020150c0                sys_mbox_new
                0x0000000002015190                sys_mbox_free
                0x0000000002015200                sys_mbox_post
                0x0000000002015250                sys_mbox_trypost
                0x00000000020152b0                sys_arch_mbox_fetch
                0x00000000020153b0                sys_arch_mbox_tryfetch
                0x0000000002015418                sys_thread_new
 .text          0x0000000002015494     0x3348 ../FreeRTOS_bsp/\libfreertos_bsp.a(dhcp.o)
                0x000000000201592c                dhcp_coarse_tmr
                0x00000000020159d4                dhcp_fine_tmr
                0x0000000002015f34                dhcp_set_struct
                0x0000000002015f80                dhcp_cleanup
                0x0000000002015fd0                dhcp_start
                0x00000000020161bc                dhcp_inform
                0x0000000002016368                dhcp_network_changed
                0x0000000002016410                dhcp_arp_reply
                0x0000000002016a40                dhcp_renew
                0x0000000002016ea4                dhcp_release
                0x0000000002017048                dhcp_stop
 .text          0x00000000020187dc      0x79c ../FreeRTOS_bsp/\libfreertos_bsp.a(ip_addr.o)
                0x00000000020187dc                ip4_addr_isbroadcast
                0x00000000020188a8                ip4_addr_netmask_valid
                0x000000000201896c                ipaddr_addr
                0x00000000020189b0                ipaddr_aton
                0x0000000002018da8                ipaddr_ntoa
                0x0000000002018de4                ipaddr_ntoa_r
 .text          0x0000000002018f78      0x99c ../FreeRTOS_bsp/\libfreertos_bsp.a(mem.o)
                0x00000000020190a0                mem_init
                0x0000000002019158                mem_free
                0x0000000002019264                mem_trim
                0x000000000201956c                mem_malloc
                0x000000000201989c                mem_calloc
 .text          0x0000000002019914      0x800 ../FreeRTOS_bsp/\libfreertos_bsp.a(netif.o)
                0x0000000002019914                netif_init
                0x0000000002019934                netif_add
                0x0000000002019a24                netif_set_addr
                0x0000000002019a80                netif_remove
                0x0000000002019b58                netif_find
                0x0000000002019c38                netif_set_ipaddr
                0x0000000002019d60                netif_set_gw
                0x0000000002019da8                netif_set_netmask
                0x0000000002019df0                netif_set_default
                0x0000000002019e1c                netif_set_up
                0x0000000002019ecc                netif_set_down
                0x0000000002019f60                netif_set_status_callback
                0x0000000002019f9c                netif_set_link_up
                0x000000000201a060                netif_set_link_down
                0x000000000201a0d8                netif_set_link_callback
 .text          0x000000000201a114     0x16d4 ../FreeRTOS_bsp/\libfreertos_bsp.a(pbuf.o)
                0x000000000201a264                pbuf_alloc
                0x000000000201a5d0                pbuf_alloced_custom
                0x000000000201a710                pbuf_realloc
                0x000000000201a870                pbuf_header
                0x000000000201aa20                pbuf_free
                0x000000000201ab64                pbuf_clen
                0x000000000201abb0                pbuf_ref
                0x000000000201ac14                pbuf_cat
                0x000000000201ace8                pbuf_chain
                0x000000000201ad2c                pbuf_dechain
                0x000000000201adc8                pbuf_copy
                0x000000000201b024                pbuf_copy_partial
                0x000000000201b1c0                pbuf_take
                0x000000000201b314                pbuf_coalesce
                0x000000000201b3a0                pbuf_fill_chksum
                0x000000000201b4ac                pbuf_get_at
                0x000000000201b55c                pbuf_memcmp
                0x000000000201b67c                pbuf_memfind
                0x000000000201b744                pbuf_strstr
 .text          0x000000000201b7e8       0x20 ../FreeRTOS_bsp/\libfreertos_bsp.a(stats.o)
                0x000000000201b7e8                stats_init
 .text          0x000000000201b808     0x24b0 ../FreeRTOS_bsp/\libfreertos_bsp.a(tcp.o)
                0x000000000201b808                tcp_init
                0x000000000201b828                tcp_tmr
                0x000000000201bbc0                tcp_close
                0x000000000201bc1c                tcp_shutdown
                0x000000000201bd0c                tcp_abandon
                0x000000000201be6c                tcp_abort
                0x000000000201bea4                tcp_bind
                0x000000000201c0a4                tcp_listen_with_backlog
                0x000000000201c30c                tcp_update_rcv_ann_wnd
                0x000000000201c3fc                tcp_recved
                0x000000000201c57c                tcp_connect
                0x000000000201c914                tcp_slowtmr
                0x000000000201d04c                tcp_fasttmr
                0x000000000201d144                tcp_process_refused_data
                0x000000000201d294                tcp_segs_free
                0x000000000201d2e8                tcp_seg_free
                0x000000000201d344                tcp_setprio
                0x000000000201d37c                tcp_seg_copy
                0x000000000201d3e4                tcp_recv_null
                0x000000000201d5cc                tcp_alloc
                0x000000000201d7cc                tcp_new
                0x000000000201d7f8                tcp_arg
                0x000000000201d82c                tcp_recv
                0x000000000201d860                tcp_sent
                0x000000000201d894                tcp_err
                0x000000000201d8c8                tcp_accept
                0x000000000201d8fc                tcp_poll
                0x000000000201d944                tcp_pcb_purge
                0x000000000201dab4                tcp_pcb_remove
                0x000000000201dbc0                tcp_next_iss
                0x000000000201dbf0                tcp_eff_send_mss
                0x000000000201dc7c                tcp_debug_state_str
 .text          0x000000000201dcb8     0x36f8 ../FreeRTOS_bsp/\libfreertos_bsp.a(tcp_out.o)
                0x000000000201e0a0                tcp_send_fin
                0x000000000201e884                tcp_write
                0x000000000201f1b4                tcp_enqueue_flags
                0x000000000201f49c                tcp_send_empty_ack
                0x000000000201f638                tcp_output
                0x00000000020206e4                tcp_rst
                0x0000000002020ab0                tcp_rexmit_rto
                0x0000000002020b64                tcp_rexmit
                0x0000000002020e0c                tcp_rexmit_fast
                0x0000000002020f34                tcp_keepalive
                0x00000000020210c8                tcp_zero_window_probe
 .text          0x00000000020213b0      0x5c4 ../FreeRTOS_bsp/\libfreertos_bsp.a(timers.o)
                0x000000000202140c                tcp_timer_needed
                0x0000000002021578                sys_timeouts_init
                0x00000000020215f0                sys_timeout
                0x000000000202176c                sys_untimeout
                0x0000000002021860                sys_timeouts_mbox_fetch
 .text          0x0000000002021974     0x10b8 ../FreeRTOS_bsp/\libfreertos_bsp.a(udp.o)
                0x0000000002021974                udp_init
                0x0000000002021a30                udp_input
                0x0000000002021fb0                udp_send
                0x0000000002022004                udp_send_chksum
                0x0000000002022078                udp_sendto
                0x00000000020220d0                udp_sendto_chksum
                0x0000000002022188                udp_sendto_if
                0x00000000020221e8                udp_sendto_if_chksum
                0x000000000202263c                udp_bind
                0x0000000002022798                udp_connect
                0x00000000020228a0                udp_disconnect
                0x00000000020228f0                udp_recv
                0x0000000002022934                udp_remove
                0x00000000020229d4                udp_new
 .text          0x0000000002022a2c     0x1a90 ../FreeRTOS_bsp/\libfreertos_bsp.a(etharp.o)
                0x0000000002022b30                etharp_tmr
                0x0000000002023230                etharp_cleanup_netif
                0x00000000020232d4                etharp_find_addr
                0x0000000002023914                etharp_output
                0x0000000002023c00                etharp_query
                0x0000000002024200                etharp_request
                0x0000000002024274                ethernet_input
 .text          0x00000000020244bc      0x118 ../FreeRTOS_bsp/\libfreertos_bsp.a(alt_sys_init.o)
                0x00000000020244f0                alt_irq_init
                0x0000000002024528                alt_sys_init
 .text          0x00000000020245d4      0x164 ../FreeRTOS_bsp/\libfreertos_bsp.a(altera_avalon_jtag_uart_fd.o)
                0x00000000020245d4                altera_avalon_jtag_uart_read_fd
                0x0000000002024634                altera_avalon_jtag_uart_write_fd
                0x0000000002024694                altera_avalon_jtag_uart_close_fd
                0x00000000020246e4                altera_avalon_jtag_uart_ioctl_fd
 .text          0x0000000002024738      0x45c ../FreeRTOS_bsp/\libfreertos_bsp.a(altera_avalon_jtag_uart_init.o)
                0x0000000002024738                altera_avalon_jtag_uart_init
                0x0000000002024b2c                altera_avalon_jtag_uart_close
 .text          0x0000000002024b94       0xf0 ../FreeRTOS_bsp/\libfreertos_bsp.a(altera_avalon_jtag_uart_ioctl.o)
                0x0000000002024b94                altera_avalon_jtag_uart_ioctl
 .text          0x0000000002024c84      0x258 ../FreeRTOS_bsp/\libfreertos_bsp.a(altera_avalon_jtag_uart_read.o)
                0x0000000002024c84                altera_avalon_jtag_uart_read
 .text          0x0000000002024edc      0x260 ../FreeRTOS_bsp/\libfreertos_bsp.a(altera_avalon_jtag_uart_write.o)
                0x0000000002024edc                altera_avalon_jtag_uart_write
 .text          0x000000000202513c      0xd94 ../FreeRTOS_bsp/\libfreertos_bsp.a(altera_avalon_sgdma.o)
                0x0000000002025178                alt_avalon_sgdma_do_async_transfer
                0x000000000202529c                alt_avalon_sgdma_do_sync_transfer
                0x00000000020253ac                alt_avalon_sgdma_construct_mem_to_mem_desc
                0x0000000002025420                alt_avalon_sgdma_construct_mem_to_mem_desc_burst
                0x00000000020254a4                alt_avalon_sgdma_construct_stream_to_mem_desc
                0x0000000002025504                alt_avalon_sgdma_construct_stream_to_mem_desc_burst
                0x000000000202557c                alt_avalon_sgdma_construct_mem_to_stream_desc
                0x00000000020255fc                alt_avalon_sgdma_construct_mem_to_stream_desc_burst
                0x0000000002025688                alt_avalon_sgdma_register_callback
                0x00000000020256dc                alt_avalon_sgdma_start
                0x0000000002025734                alt_avalon_sgdma_stop
                0x0000000002025790                alt_avalon_sgdma_check_descriptor_status
                0x00000000020257f4                alt_avalon_sgdma_open
                0x0000000002025848                alt_avalon_sgdma_construct_descriptor
                0x00000000020258d4                alt_avalon_sgdma_enable_desc_poll
                0x0000000002025954                alt_avalon_sgdma_disable_desc_poll
                0x00000000020259b4                alt_avalon_sgdma_construct_descriptor_burst
                0x0000000002025e28                alt_avalon_sgdma_init
 .text          0x0000000002025ed0       0xf4 ../FreeRTOS_bsp/\libfreertos_bsp.a(altera_avalon_timer_sc.o)
                0x0000000002025f48                alt_avalon_timer_sc_init
 .text          0x0000000002025fc4      0x110 ../FreeRTOS_bsp/\libfreertos_bsp.a(altera_avalon_uart_fd.o)
                0x0000000002025fc4                altera_avalon_uart_read_fd
                0x0000000002026024                altera_avalon_uart_write_fd
                0x0000000002026084                altera_avalon_uart_close_fd
 .text          0x00000000020260d4      0x478 ../FreeRTOS_bsp/\libfreertos_bsp.a(altera_avalon_uart_init.o)
                0x00000000020260d4                altera_avalon_uart_init
                0x00000000020264f8                altera_avalon_uart_close
 .text          0x000000000202654c      0x254 ../FreeRTOS_bsp/\libfreertos_bsp.a(altera_avalon_uart_read.o)
                0x0000000002026588                altera_avalon_uart_read
 .text          0x00000000020267a0      0x224 ../FreeRTOS_bsp/\libfreertos_bsp.a(altera_avalon_uart_write.o)
                0x00000000020267dc                altera_avalon_uart_write
 .text          0x00000000020269c4       0xa4 ../FreeRTOS_bsp/\libfreertos_bsp.a(alt_env_lock.o)
                0x00000000020269c4                __env_lock
                0x0000000002026a24                __env_unlock
 .text          0x0000000002026a68      0x134 ../FreeRTOS_bsp/\libfreertos_bsp.a(heap_1.o)
                0x0000000002026a68                pvPortMalloc
                0x0000000002026b28                vPortFree
                0x0000000002026b4c                vPortInitialiseBlocks
                0x0000000002026b70                xPortGetFreeHeapSize
 .text          0x0000000002026b9c      0x290 ../FreeRTOS_bsp/\libfreertos_bsp.a(list.o)
                0x0000000002026b9c                vListInitialise
                0x0000000002026c04                vListInitialiseItem
                0x0000000002026c30                vListInsertEnd
                0x0000000002026cbc                vListInsert
                0x0000000002026d94                uxListRemove
 .text          0x0000000002026e2c      0x448 ../FreeRTOS_bsp/\libfreertos_bsp.a(port.o)
                0x0000000002026e58                enh_alt_irq_disable_all
                0x0000000002026ea8                enh_alt_irq_enable_all
                0x0000000002026ee4                pxPortInitialiseStack
                0x0000000002026fc4                xPortStartScheduler
                0x0000000002026ffc                vPortEndScheduler
                0x00000000020270b8                vPortSysTickHandler
                0x0000000002027104                alt_irq_register
 .text          0x0000000002027274        0x0 ../FreeRTOS_bsp/\libfreertos_bsp.a(port_asm.o)
 .text          0x0000000002027274        0x0 ../FreeRTOS_bsp/\libfreertos_bsp.a(tse_ethernet_phys.o)
 .text          0x0000000002027274      0x12c ../FreeRTOS_bsp/\libfreertos_bsp.a(alt_alarm_start.o)
                0x0000000002027274                alt_alarm_start
 .text          0x00000000020273a0      0x10c ../FreeRTOS_bsp/\libfreertos_bsp.a(alt_close.o)
                0x00000000020273dc                alt_close
 .text          0x00000000020274ac       0x28 ../FreeRTOS_bsp/\libfreertos_bsp.a(alt_dcache_flush.o)
                0x00000000020274ac                alt_dcache_flush
 .text          0x00000000020274d4       0x20 ../FreeRTOS_bsp/\libfreertos_bsp.a(alt_dcache_flush_all.o)
                0x00000000020274d4                alt_dcache_flush_all
 .text          0x00000000020274f4       0xe0 ../FreeRTOS_bsp/\libfreertos_bsp.a(alt_dev_llist_insert.o)
                0x0000000002027530                alt_dev_llist_insert
 .text          0x00000000020275d4        0x0 ../FreeRTOS_bsp/\libfreertos_bsp.a(alt_errno.o)
 .text          0x00000000020275d4       0x90 ../FreeRTOS_bsp/\libfreertos_bsp.a(alt_find_dev.o)
                0x00000000020275d4                alt_find_dev
 .text          0x0000000002027664      0x108 ../FreeRTOS_bsp/\libfreertos_bsp.a(alt_find_file.o)
                0x0000000002027664                alt_find_file
 .text          0x000000000202776c       0xe0 ../FreeRTOS_bsp/\libfreertos_bsp.a(alt_get_fd.o)
                0x000000000202776c                alt_get_fd
 .text          0x000000000202784c      0x1f4 ../FreeRTOS_bsp/\libfreertos_bsp.a(alt_gettod.o)
                0x000000000202784c                gettimeofday
 .text          0x0000000002027a40       0x34 ../FreeRTOS_bsp/\libfreertos_bsp.a(alt_icache_flush_all.o)
                0x0000000002027a40                alt_icache_flush_all
 .text          0x0000000002027a74      0x1b0 ../FreeRTOS_bsp/\libfreertos_bsp.a(alt_iic.o)
                0x0000000002027a74                alt_ic_isr_register
                0x0000000002027ac4                alt_ic_irq_enable
                0x0000000002027b4c                alt_ic_irq_disable
                0x0000000002027bd8                alt_ic_irq_enabled
 .text          0x0000000002027c24       0xf0 ../FreeRTOS_bsp/\libfreertos_bsp.a(alt_iic_isr_register.o)
                0x0000000002027c24                alt_iic_isr_register
 .text          0x0000000002027d14        0x0 ../FreeRTOS_bsp/\libfreertos_bsp.a(alt_irq_handler.o)
 .text          0x0000000002027d14        0x0 ../FreeRTOS_bsp/\libfreertos_bsp.a(alt_irq_vars.o)
 .text          0x0000000002027d14      0x138 ../FreeRTOS_bsp/\libfreertos_bsp.a(alt_read.o)
                0x0000000002027d50                alt_read
 .text          0x0000000002027e4c      0x1a4 ../FreeRTOS_bsp/\libfreertos_bsp.a(alt_tick.o)
                0x0000000002027e4c                alt_alarm_stop
                0x0000000002027ee8                alt_tick
 .text          0x0000000002027ff0       0x30 ../FreeRTOS_bsp/\libfreertos_bsp.a(alt_uncached_malloc.o)
                0x0000000002027ff0                alt_uncached_malloc
 .text          0x0000000002028020       0x30 ../FreeRTOS_bsp/\libfreertos_bsp.a(alt_usleep.o)
                0x0000000002028020                usleep
 .text          0x0000000002028050      0x134 ../FreeRTOS_bsp/\libfreertos_bsp.a(alt_write.o)
                0x000000000202808c                alt_write
 .text          0x0000000002028184       0x24 ../FreeRTOS_bsp/\libfreertos_bsp.a(altera_nios2_gen2_irq.o)
                0x0000000002028184                altera_nios2_gen2_irq_init
 .text          0x00000000020281a8     0x328c ../FreeRTOS_bsp/\libfreertos_bsp.a(sockets.o)
                0x00000000020281a8                lwip_socket_init
                0x00000000020284f8                lwip_accept
                0x00000000020287fc                lwip_bind
                0x0000000002028950                lwip_close
                0x00000000020289dc                lwip_connect
                0x0000000002028b58                lwip_listen
                0x0000000002028c68                lwip_recvfrom
                0x0000000002029140                lwip_read
                0x000000000202918c                lwip_recv
                0x00000000020291dc                lwip_send
                0x0000000002029320                lwip_sendto
                0x0000000002029518                lwip_socket
                0x0000000002029660                lwip_write
                0x0000000002029a24                lwip_select
                0x000000000202a2b0                lwip_shutdown
                0x000000000202a538                lwip_getpeername
                0x000000000202a57c                lwip_getsockname
                0x000000000202a5c0                lwip_getsockopt
                0x000000000202ac80                lwip_setsockopt
                0x000000000202b24c                lwip_ioctl
                0x000000000202b330                lwip_fcntl
 .text          0x000000000202b434      0x6ec ../FreeRTOS_bsp/\libfreertos_bsp.a(tcpip.o)
                0x000000000202b5f4                tcpip_input
                0x000000000202b6a4                tcpip_callback_with_block
                0x000000000202b774                tcpip_timeout
                0x000000000202b810                tcpip_untimeout
                0x000000000202b89c                tcpip_apimsg
                0x000000000202b90c                tcpip_callbackmsg_new
                0x000000000202b97c                tcpip_callbackmsg_delete
                0x000000000202b9b4                tcpip_trycallback
                0x000000000202b9f8                tcpip_init
                0x000000000202baa8                pbuf_free_callback
                0x000000000202bae4                mem_free_callback
 .text          0x000000000202bb20     0x4fdc ../FreeRTOS_bsp/\libfreertos_bsp.a(altera_avalon_tse.o)
                0x000000000202bb20                no_printf
                0x000000000202bb50                tse_mac_initTransInfo2
                0x000000000202bbb0                tse_mac_sTxWrite
                0x000000000202bc94                tse_mac_aRxRead
                0x000000000202bd3c                tse_mac_SwReset
                0x000000000202bdc4                tse_mac_setMIImode
                0x000000000202be18                tse_mac_setGMIImode
                0x000000000202be68                alt_tse_phy_add_profile
                0x000000000202c04c                alt_tse_system_add_sys
                0x000000000202ca48                alt_tse_sys_enable_mdio_sharing
                0x000000000202cbb0                alt_tse_mac_get_common_speed
                0x000000000202cbf0                alt_tse_mac_set_common_speed
                0x000000000202cc38                alt_tse_get_system_index
                0x000000000202cca4                alt_tse_get_mac_group_index
                0x000000000202cd18                alt_tse_get_mac_info_index
                0x000000000202cd98                alt_tse_get_mac_info
                0x000000000202ce70                alt_tse_mac_set_speed
                0x000000000202cf50                alt_tse_mac_set_duplex
                0x000000000202cfdc                getPHYSpeed
                0x000000000202da58                alt_tse_phy_rd_mdio_addr
                0x000000000202daa0                alt_tse_phy_wr_mdio_addr
                0x000000000202daf8                alt_tse_phy_wr_mdio_reg
                0x000000000202dc20                alt_tse_phy_rd_mdio_reg
                0x000000000202dcec                alt_tse_phy_add_profile_default
                0x000000000202df88                alt_tse_phy_print_profile
                0x000000000202e198                alt_tse_mac_group_init
                0x000000000202e83c                alt_tse_mac_get_phy
                0x000000000202ec60                alt_tse_mac_associate_phy
                0x000000000202eea8                alt_tse_phy_cfg_pcs
                0x000000000202efd0                alt_tse_phy_init
                0x000000000202f0e8                alt_tse_phy_restart_an
                0x000000000202f2a4                alt_tse_phy_check_link
                0x000000000202f404                alt_tse_phy_get_cap
                0x000000000202f998                alt_tse_phy_set_adv_1000
                0x000000000202fb5c                alt_tse_phy_set_adv_100
                0x000000000202fdb0                alt_tse_phy_set_adv_10
                0x000000000202ff58                alt_tse_phy_get_common_speed
                0x0000000002030280                alt_tse_phy_set_common_speed
                0x0000000002030734                marvell_phy_cfg
                0x00000000020307cc                marvell_cfg_gmii
                0x00000000020308b0                marvell_cfg_sgmii
                0x0000000002030994                marvell_cfg_rgmii
                0x0000000002030a84                DP83848C_link_status_read
 .text          0x0000000002030afc       0x4c ../FreeRTOS_bsp/\libfreertos_bsp.a(init.o)
                0x0000000002030afc                lwip_init
 .text          0x0000000002030b48      0x86c ../FreeRTOS_bsp/\libfreertos_bsp.a(icmp.o)
                0x0000000002030b48                icmp_input
                0x0000000002031144                icmp_dest_unreach
                0x000000000203118c                icmp_time_exceeded
 .text          0x00000000020313b4      0x814 ../FreeRTOS_bsp/\libfreertos_bsp.a(inet_chksum.o)
                0x00000000020315e8                inet_chksum_pseudo
                0x00000000020317e8                inet_chksum_pseudo_partial
                0x0000000002031a20                inet_chksum
                0x0000000002031a64                inet_chksum_pbuf
                0x0000000002031b70                lwip_chksum_copy
 .text          0x0000000002031bc8      0xdfc ../FreeRTOS_bsp/\libfreertos_bsp.a(ip.o)
                0x0000000002031bc8                ip_route
                0x0000000002031cb8                ip_input
                0x00000000020321f4                ip_output_if
                0x0000000002032840                ip_output
                0x00000000020328f4                ip_output_hinted
 .text          0x00000000020329c4     0x1758 ../FreeRTOS_bsp/\libfreertos_bsp.a(ip_frag.o)
                0x00000000020329c4                ip_reass_tmr
                0x00000000020335c8                ip_reass
                0x0000000002033c90                ip_frag
 .text          0x000000000203411c      0x478 ../FreeRTOS_bsp/\libfreertos_bsp.a(memp.o)
                0x000000000203411c                memp_init
                0x00000000020342e0                memp_malloc
                0x00000000020344ac                memp_free
 .text          0x0000000002034594      0x4ec ../FreeRTOS_bsp/\libfreertos_bsp.a(raw.o)
                0x0000000002034594                raw_input
                0x00000000020346c0                raw_bind
                0x0000000002034708                raw_connect
                0x0000000002034750                raw_recv
                0x0000000002034794                raw_sendto
                0x000000000203491c                raw_send
                0x0000000002034960                raw_remove
                0x0000000002034a00                raw_new
 .text          0x0000000002034a80     0x4210 ../FreeRTOS_bsp/\libfreertos_bsp.a(tcp_in.o)
                0x0000000002034a80                tcp_input
 .text          0x0000000002038c90      0x158 ../FreeRTOS_bsp/\libfreertos_bsp.a(alt_busy_sleep.o)
                0x0000000002038c90                alt_busy_sleep
 .text          0x0000000002038de8       0x90 ../FreeRTOS_bsp/\libfreertos_bsp.a(alt_icache_flush.o)
                0x0000000002038de8                alt_icache_flush
 .text          0x0000000002038e78     0x1110 ../FreeRTOS_bsp/\libfreertos_bsp.a(api_lib.o)
                0x0000000002038e78                netconn_new_with_proto_and_callback
                0x0000000002038f34                netconn_delete
                0x0000000002038f94                netconn_getaddr
                0x00000000020390d0                netconn_bind
                0x00000000020391a8                netconn_connect
                0x0000000002039280                netconn_disconnect
                0x000000000203933c                netconn_listen_with_backlog
                0x0000000002039408                netconn_accept
                0x0000000002039894                netconn_recv_tcp_pbuf
                0x0000000002039908                netconn_recv
                0x0000000002039ab0                netconn_recved
                0x0000000002039b30                netconn_sendto
                0x0000000002039bb0                netconn_send
                0x0000000002039c78                netconn_write_partly
                0x0000000002039ee8                netconn_close
                0x0000000002039f1c                netconn_shutdown
 .text          0x0000000002039f88     0x24d4 ../FreeRTOS_bsp/\libfreertos_bsp.a(api_msg.o)
                0x000000000203aaa4                do_newconn
                0x000000000203ab04                netconn_alloc
                0x000000000203ac30                netconn_free
                0x000000000203b08c                do_delconn
                0x000000000203b260                do_bind
                0x000000000203b524                do_connect
                0x000000000203b770                do_disconnect
                0x000000000203b7f4                do_listen
                0x000000000203b9f4                do_send
                0x000000000203bc38                do_recv
                0x000000000203c040                do_write
                0x000000000203c154                do_getaddr
                0x000000000203c32c                do_close
 .text          0x000000000203c45c      0x5ec ../FreeRTOS_bsp/\libfreertos_bsp.a(netbuf.o)
                0x000000000203c45c                netbuf_new
                0x000000000203c4d0                netbuf_delete
                0x000000000203c544                netbuf_alloc
                0x000000000203c60c                netbuf_free
                0x000000000203c698                netbuf_ref
                0x000000000203c790                netbuf_chain
                0x000000000203c850                netbuf_data
                0x000000000203c944                netbuf_next
                0x000000000203c9e0                netbuf_first
 .text          0x000000000203ca48        0x0 c:/altera/18.1/nios2eds/bin/gnu/h-x86_64-mingw32/bin/../lib/gcc/nios2-elf/5.3.0/../../../../../H-x86_64-mingw32/nios2-elf/lib\libc.a(lib_a-atexit.o)
 .text.atexit   0x000000000203ca48       0x14 c:/altera/18.1/nios2eds/bin/gnu/h-x86_64-mingw32/bin/../lib/gcc/nios2-elf/5.3.0/../../../../../H-x86_64-mingw32/nios2-elf/lib\libc.a(lib_a-atexit.o)
                0x000000000203ca48                atexit
 .text          0x000000000203ca5c        0x0 c:/altera/18.1/nios2eds/bin/gnu/h-x86_64-mingw32/bin/../lib/gcc/nios2-elf/5.3.0/../../../../../H-x86_64-mingw32/nios2-elf/lib\libc.a(lib_a-exit.o)
 .text.exit     0x000000000203ca5c       0x38 c:/altera/18.1/nios2eds/bin/gnu/h-x86_64-mingw32/bin/../lib/gcc/nios2-elf/5.3.0/../../../../../H-x86_64-mingw32/nios2-elf/lib\libc.a(lib_a-exit.o)
                0x000000000203ca5c                exit
 .text          0x000000000203ca94        0x0 c:/altera/18.1/nios2eds/bin/gnu/h-x86_64-mingw32/bin/../lib/gcc/nios2-elf/5.3.0/../../../../../H-x86_64-mingw32/nios2-elf/lib\libc.a(lib_a-malloc.o)
 .text.malloc   0x000000000203ca94       0x14 c:/altera/18.1/nios2eds/bin/gnu/h-x86_64-mingw32/bin/../lib/gcc/nios2-elf/5.3.0/../../../../../H-x86_64-mingw32/nios2-elf/lib\libc.a(lib_a-malloc.o)
                0x000000000203ca94                malloc
 .text.free     0x000000000203caa8       0x14 c:/altera/18.1/nios2eds/bin/gnu/h-x86_64-mingw32/bin/../lib/gcc/nios2-elf/5.3.0/../../../../../H-x86_64-mingw32/nios2-elf/lib\libc.a(lib_a-malloc.o)
                0x000000000203caa8                free
 .text          0x000000000203cabc        0x0 c:/altera/18.1/nios2eds/bin/gnu/h-x86_64-mingw32/bin/../lib/gcc/nios2-elf/5.3.0/../../../../../H-x86_64-mingw32/nios2-elf/lib\libc.a(lib_a-memcmp.o)
 .text.memcmp   0x000000000203cabc       0x7c c:/altera/18.1/nios2eds/bin/gnu/h-x86_64-mingw32/bin/../lib/gcc/nios2-elf/5.3.0/../../../../../H-x86_64-mingw32/nios2-elf/lib\libc.a(lib_a-memcmp.o)
                0x000000000203cabc                memcmp
 .text          0x000000000203cb38        0x0 c:/altera/18.1/nios2eds/bin/gnu/h-x86_64-mingw32/bin/../lib/gcc/nios2-elf/5.3.0/../../../../../H-x86_64-mingw32/nios2-elf/lib\libc.a(lib_a-putc.o)
 .text._putc_r  0x000000000203cb38       0xa0 c:/altera/18.1/nios2eds/bin/gnu/h-x86_64-mingw32/bin/../lib/gcc/nios2-elf/5.3.0/../../../../../H-x86_64-mingw32/nios2-elf/lib\libc.a(lib_a-putc.o)
                0x000000000203cb38                _putc_r
 .text.putc     0x000000000203cbd8       0xc8 c:/altera/18.1/nios2eds/bin/gnu/h-x86_64-mingw32/bin/../lib/gcc/nios2-elf/5.3.0/../../../../../H-x86_64-mingw32/nios2-elf/lib\libc.a(lib_a-putc.o)
                0x000000000203cbd8                putc
 .text          0x000000000203cca0        0x0 c:/altera/18.1/nios2eds/bin/gnu/h-x86_64-mingw32/bin/../lib/gcc/nios2-elf/5.3.0/../../../../../H-x86_64-mingw32/nios2-elf/lib\libc.a(lib_a-puts.o)
 .text._puts_r  0x000000000203cca0       0xc0 c:/altera/18.1/nios2eds/bin/gnu/h-x86_64-mingw32/bin/../lib/gcc/nios2-elf/5.3.0/../../../../../H-x86_64-mingw32/nios2-elf/lib\libc.a(lib_a-puts.o)
                0x000000000203cca0                _puts_r
 .text.puts     0x000000000203cd60       0x14 c:/altera/18.1/nios2eds/bin/gnu/h-x86_64-mingw32/bin/../lib/gcc/nios2-elf/5.3.0/../../../../../H-x86_64-mingw32/nios2-elf/lib\libc.a(lib_a-puts.o)
                0x000000000203cd60                puts
 .text          0x000000000203cd74        0x0 c:/altera/18.1/nios2eds/bin/gnu/h-x86_64-mingw32/bin/../lib/gcc/nios2-elf/5.3.0/../../../../../H-x86_64-mingw32/nios2-elf/lib\libc.a(lib_a-snprintf.o)
 .text._snprintf_r
                0x000000000203cd74       0xd8 c:/altera/18.1/nios2eds/bin/gnu/h-x86_64-mingw32/bin/../lib/gcc/nios2-elf/5.3.0/../../../../../H-x86_64-mingw32/nios2-elf/lib\libc.a(lib_a-snprintf.o)
                0x000000000203cd74                _snprintf_r
 .text.snprintf
                0x000000000203ce4c       0xe4 c:/altera/18.1/nios2eds/bin/gnu/h-x86_64-mingw32/bin/../lib/gcc/nios2-elf/5.3.0/../../../../../H-x86_64-mingw32/nios2-elf/lib\libc.a(lib_a-snprintf.o)
                0x000000000203ce4c                snprintf
 .text          0x000000000203cf30        0x0 c:/altera/18.1/nios2eds/bin/gnu/h-x86_64-mingw32/bin/../lib/gcc/nios2-elf/5.3.0/../../../../../H-x86_64-mingw32/nios2-elf/lib\libc.a(lib_a-strcpy.o)
 .text.strcpy   0x000000000203cf30       0x90 c:/altera/18.1/nios2eds/bin/gnu/h-x86_64-mingw32/bin/../lib/gcc/nios2-elf/5.3.0/../../../../../H-x86_64-mingw32/nios2-elf/lib\libc.a(lib_a-strcpy.o)
                0x000000000203cf30                strcpy
 .text          0x000000000203cfc0        0x0 c:/altera/18.1/nios2eds/bin/gnu/h-x86_64-mingw32/bin/../lib/gcc/nios2-elf/5.3.0/../../../../../H-x86_64-mingw32/nios2-elf/lib\libc.a(lib_a-svfprintf.o)
 .text.___svfprintf_internal_r
                0x000000000203cfc0     0x21d8 c:/altera/18.1/nios2eds/bin/gnu/h-x86_64-mingw32/bin/../lib/gcc/nios2-elf/5.3.0/../../../../../H-x86_64-mingw32/nios2-elf/lib\libc.a(lib_a-svfprintf.o)
                0x000000000203cfc0                ___svfprintf_internal_r
 .text          0x000000000203f198        0x0 c:/altera/18.1/nios2eds/bin/gnu/h-x86_64-mingw32/bin/../lib/gcc/nios2-elf/5.3.0/../../../../../H-x86_64-mingw32/nios2-elf/lib\libc.a(lib_a-__atexit.o)
 .text.__register_exitproc
                0x000000000203f198      0x118 c:/altera/18.1/nios2eds/bin/gnu/h-x86_64-mingw32/bin/../lib/gcc/nios2-elf/5.3.0/../../../../../H-x86_64-mingw32/nios2-elf/lib\libc.a(lib_a-__atexit.o)
                0x000000000203f198                __register_exitproc
 .text          0x000000000203f2b0        0x0 c:/altera/18.1/nios2eds/bin/gnu/h-x86_64-mingw32/bin/../lib/gcc/nios2-elf/5.3.0/../../../../../H-x86_64-mingw32/nios2-elf/lib\libc.a(lib_a-__call_atexit.o)
 .text.__call_exitprocs
                0x000000000203f2b0      0x180 c:/altera/18.1/nios2eds/bin/gnu/h-x86_64-mingw32/bin/../lib/gcc/nios2-elf/5.3.0/../../../../../H-x86_64-mingw32/nios2-elf/lib\libc.a(lib_a-__call_atexit.o)
                0x000000000203f2b0                __call_exitprocs
 .text          0x000000000203f430        0x0 c:/altera/18.1/nios2eds/bin/gnu/h-x86_64-mingw32/bin/../lib/gcc/nios2-elf/5.3.0/../../../../../H-x86_64-mingw32/nios2-elf/lib\libc.a(lib_a-svfiprintf.o)
 .text.__ssprint_r
                0x000000000203f430      0x1d0 c:/altera/18.1/nios2eds/bin/gnu/h-x86_64-mingw32/bin/../lib/gcc/nios2-elf/5.3.0/../../../../../H-x86_64-mingw32/nios2-elf/lib\libc.a(lib_a-svfiprintf.o)
                0x000000000203f430                __ssprint_r
 .text.___svfiprintf_internal_r
                0x000000000203f600     0x123c c:/altera/18.1/nios2eds/bin/gnu/h-x86_64-mingw32/bin/../lib/gcc/nios2-elf/5.3.0/../../../../../H-x86_64-mingw32/nios2-elf/lib\libc.a(lib_a-svfiprintf.o)
                0x000000000203f600                ___svfiprintf_internal_r
 .text          0x000000000204083c       0x60 c:/altera/18.1/nios2eds/bin/gnu/h-x86_64-mingw32/bin/../lib/gcc/nios2-elf/5.3.0\libgcc.a(_muldi3.o)
                0x000000000204083c                __muldi3
 .text          0x000000000204089c       0x30 ../FreeRTOS_bsp/\libfreertos_bsp.a(alt_exit.o)
                0x000000000204089c                _exit
 *(.gnu.warning.*)
 *(.fini)
                [!provide]                        PROVIDE (__etext, ABSOLUTE (.))
                [!provide]                        PROVIDE (_etext, ABSOLUTE (.))
                [!provide]                        PROVIDE (etext, ABSOLUTE (.))
 *(.eh_frame_hdr)
                0x00000000020408cc                . = ALIGN (0x4)
                [!provide]                        PROVIDE (__preinit_array_start, ABSOLUTE (.))
 *(.preinit_array)
                [!provide]                        PROVIDE (__preinit_array_end, ABSOLUTE (.))
                [!provide]                        PROVIDE (__init_array_start, ABSOLUTE (.))
 *(.init_array)
                [!provide]                        PROVIDE (__init_array_end, ABSOLUTE (.))
                [!provide]                        PROVIDE (__fini_array_start, ABSOLUTE (.))
 *(.fini_array)
                [!provide]                        PROVIDE (__fini_array_end, ABSOLUTE (.))
 *(.eh_frame)
 *(.gcc_except_table .gcc_except_table.*)
 *(.dynamic)
                0x00000000020408cc                PROVIDE (__CTOR_LIST__, ABSOLUTE (.))
 *(.ctors)
 *(SORT(.ctors.*))
                0x00000000020408cc                PROVIDE (__CTOR_END__, ABSOLUTE (.))
                0x00000000020408cc                PROVIDE (__DTOR_LIST__, ABSOLUTE (.))
 *(.dtors)
 *(SORT(.dtors.*))
                0x00000000020408cc                PROVIDE (__DTOR_END__, ABSOLUTE (.))
 *(.jcr)
                0x00000000020408cc                . = ALIGN (0x4)

.rodata         0x00000000020408cc     0x30b0
                0x00000000020408cc                PROVIDE (__ram_rodata_start, ABSOLUTE (.))
                0x00000000020408cc                . = ALIGN (0x4)
 *(.rodata .rodata.* .gnu.linkonce.r.*)
 .rodata        0x00000000020408cc      0x4f4 obj/default/main.o
 .rodata.str1.4
                0x0000000002040dc0       0x42 c:/altera/18.1/nios2eds/bin/gnu/h-x86_64-mingw32/bin/../lib/gcc/nios2-elf/5.3.0/../../../../../H-x86_64-mingw32/nios2-elf/lib\libc.a(lib_a-vfprintf.o)
 .rodata.zeroes.4404
                0x0000000002040e02       0x10 c:/altera/18.1/nios2eds/bin/gnu/h-x86_64-mingw32/bin/../lib/gcc/nios2-elf/5.3.0/../../../../../H-x86_64-mingw32/nios2-elf/lib\libc.a(lib_a-vfprintf.o)
 .rodata.blanks.4403
                0x0000000002040e12       0x10 c:/altera/18.1/nios2eds/bin/gnu/h-x86_64-mingw32/bin/../lib/gcc/nios2-elf/5.3.0/../../../../../H-x86_64-mingw32/nios2-elf/lib\libc.a(lib_a-vfprintf.o)
 *fill*         0x0000000002040e22        0x2 
 .rodata.str1.4
                0x0000000002040e24       0x10 c:/altera/18.1/nios2eds/bin/gnu/h-x86_64-mingw32/bin/../lib/gcc/nios2-elf/5.3.0/../../../../../H-x86_64-mingw32/nios2-elf/lib\libc.a(lib_a-dtoa.o)
                                         0x12 (size before relaxing)
 .rodata.str1.4
                0x0000000002040e34        0x2 c:/altera/18.1/nios2eds/bin/gnu/h-x86_64-mingw32/bin/../lib/gcc/nios2-elf/5.3.0/../../../../../H-x86_64-mingw32/nios2-elf/lib\libc.a(lib_a-impure.o)
 *fill*         0x0000000002040e36        0x2 
 .rodata.str1.4
                0x0000000002040e38        0xa c:/altera/18.1/nios2eds/bin/gnu/h-x86_64-mingw32/bin/../lib/gcc/nios2-elf/5.3.0/../../../../../H-x86_64-mingw32/nios2-elf/lib\libc.a(lib_a-locale.o)
                                         0x12 (size before relaxing)
 *fill*         0x0000000002040e42        0x2 
 .rodata.p05.2768
                0x0000000002040e44        0xc c:/altera/18.1/nios2eds/bin/gnu/h-x86_64-mingw32/bin/../lib/gcc/nios2-elf/5.3.0/../../../../../H-x86_64-mingw32/nios2-elf/lib\libc.a(lib_a-mprec.o)
 .rodata.__mprec_tinytens