Archive member included to satisfy reference by file (symbol)

c:/altera/18.1/nios2eds/bin/gnu/h-x86_64-mingw32/bin/../lib/gcc/nios2-elf/5.3.0/../../../../../H-x86_64-mingw32/nios2-elf/lib\libc.a(lib_a-printf.o)
                              obj/default/main.o (printf)
c:/altera/18.1/nios2eds/bin/gnu/h-x86_64-mingw32/bin/../lib/gcc/nios2-elf/5.3.0/../../../../../H-x86_64-mingw32/nios2-elf/lib\libc.a(lib_a-vfprintf.o)
                              c:/altera/18.1/nios2eds/bin/gnu/h-x86_64-mingw32/bin/../lib/gcc/nios2-elf/5.3.0/../../../../../H-x86_64-mingw32/nios2-elf/lib\libc.a(lib_a-printf.o) (___vfprintf_internal_r)
c:/altera/18.1/nios2eds/bin/gnu/h-x86_64-mingw32/bin/../lib/gcc/nios2-elf/5.3.0/../../../../../H-x86_64-mingw32/nios2-elf/lib\libc.a(lib_a-wsetup.o)
                              c:/altera/18.1/nios2eds/bin/gnu/h-x86_64-mingw32/bin/../lib/gcc/nios2-elf/5.3.0/../../../../../H-x86_64-mingw32/nios2-elf/lib\libc.a(lib_a-vfprintf.o) (__swsetup_r)
c:/altera/18.1/nios2eds/bin/gnu/h-x86_64-mingw32/bin/../lib/gcc/nios2-elf/5.3.0/../../../../../H-x86_64-mingw32/nios2-elf/lib\libc.a(lib_a-dtoa.o)
                              c:/altera/18.1/nios2eds/bin/gnu/h-x86_64-mingw32/bin/../lib/gcc/nios2-elf/5.3.0/../../../../../H-x86_64-mingw32/nios2-elf/lib\libc.a(lib_a-vfprintf.o) (_dtoa_r)
c:/altera/18.1/nios2eds/bin/gnu/h-x86_64-mingw32/bin/../lib/gcc/nios2-elf/5.3.0/../../../../../H-x86_64-mingw32/nios2-elf/lib\libc.a(lib_a-fflush.o)
                              c:/altera/18.1/nios2eds/bin/gnu/h-x86_64-mingw32/bin/../lib/gcc/nios2-elf/5.3.0/../../../../../H-x86_64-mingw32/nios2-elf/lib\libc.a(lib_a-vfprintf.o) (_fflush_r)
c:/altera/18.1/nios2eds/bin/gnu/h-x86_64-mingw32/bin/../lib/gcc/nios2-elf/5.3.0/../../../../../H-x86_64-mingw32/nios2-elf/lib\libc.a(lib_a-findfp.o)
                              c:/altera/18.1/nios2eds/bin/gnu/h-x86_64-mingw32/bin/../lib/gcc/nios2-elf/5.3.0/../../../../../H-x86_64-mingw32/nios2-elf/lib\libc.a(lib_a-vfprintf.o) (__sinit)
c:/altera/18.1/nios2eds/bin/gnu/h-x86_64-mingw32/bin/../lib/gcc/nios2-elf/5.3.0/../../../../../H-x86_64-mingw32/nios2-elf/lib\libc.a(lib_a-freer.o)
                              c:/altera/18.1/nios2eds/bin/gnu/h-x86_64-mingw32/bin/../lib/gcc/nios2-elf/5.3.0/../../../../../H-x86_64-mingw32/nios2-elf/lib\libc.a(lib_a-wsetup.o) (_free_r)
c:/altera/18.1/nios2eds/bin/gnu/h-x86_64-mingw32/bin/../lib/gcc/nios2-elf/5.3.0/../../../../../H-x86_64-mingw32/nios2-elf/lib\libc.a(lib_a-fwalk.o)
                              c:/altera/18.1/nios2eds/bin/gnu/h-x86_64-mingw32/bin/../lib/gcc/nios2-elf/5.3.0/../../../../../H-x86_64-mingw32/nios2-elf/lib\libc.a(lib_a-findfp.o) (_fwalk)
c:/altera/18.1/nios2eds/bin/gnu/h-x86_64-mingw32/bin/../lib/gcc/nios2-elf/5.3.0/../../../../../H-x86_64-mingw32/nios2-elf/lib\libc.a(lib_a-impure.o)
                              c:/altera/18.1/nios2eds/bin/gnu/h-x86_64-mingw32/bin/../lib/gcc/nios2-elf/5.3.0/../../../../../H-x86_64-mingw32/nios2-elf/lib\libc.a(lib_a-fflush.o) (_global_impure_ptr)
c:/altera/18.1/nios2eds/bin/gnu/h-x86_64-mingw32/bin/../lib/gcc/nios2-elf/5.3.0/../../../../../H-x86_64-mingw32/nios2-elf/lib\libc.a(lib_a-locale.o)
                              c:/altera/18.1/nios2eds/bin/gnu/h-x86_64-mingw32/bin/../lib/gcc/nios2-elf/5.3.0/../../../../../H-x86_64-mingw32/nios2-elf/lib\libc.a(lib_a-vfprintf.o) (_localeconv_r)
c:/altera/18.1/nios2eds/bin/gnu/h-x86_64-mingw32/bin/../lib/gcc/nios2-elf/5.3.0/../../../../../H-x86_64-mingw32/nios2-elf/lib\libc.a(lib_a-makebuf.o)
                              c:/altera/18.1/nios2eds/bin/gnu/h-x86_64-mingw32/bin/../lib/gcc/nios2-elf/5.3.0/../../../../../H-x86_64-mingw32/nios2-elf/lib\libc.a(lib_a-wsetup.o) (__smakebuf_r)
c:/altera/18.1/nios2eds/bin/gnu/h-x86_64-mingw32/bin/../lib/gcc/nios2-elf/5.3.0/../../../../../H-x86_64-mingw32/nios2-elf/lib\libc.a(lib_a-mallocr.o)
                              c:/altera/18.1/nios2eds/bin/gnu/h-x86_64-mingw32/bin/../lib/gcc/nios2-elf/5.3.0/../../../../../H-x86_64-mingw32/nios2-elf/lib\libc.a(lib_a-findfp.o) (_malloc_r)
c:/altera/18.1/nios2eds/bin/gnu/h-x86_64-mingw32/bin/../lib/gcc/nios2-elf/5.3.0/../../../../../H-x86_64-mingw32/nios2-elf/lib\libc.a(lib_a-memchr.o)
                              c:/altera/18.1/nios2eds/bin/gnu/h-x86_64-mingw32/bin/../lib/gcc/nios2-elf/5.3.0/../../../../../H-x86_64-mingw32/nios2-elf/lib\libc.a(lib_a-vfprintf.o) (memchr)
c:/altera/18.1/nios2eds/bin/gnu/h-x86_64-mingw32/bin/../lib/gcc/nios2-elf/5.3.0/../../../../../H-x86_64-mingw32/nios2-elf/lib\libc.a(lib_a-memcpy.o)
                              c:/altera/18.1/nios2eds/bin/gnu/h-x86_64-mingw32/bin/../lib/gcc/nios2-elf/5.3.0/../../../../../H-x86_64-mingw32/nios2-elf/lib\libc.a(lib_a-dtoa.o) (memcpy)
c:/altera/18.1/nios2eds/bin/gnu/h-x86_64-mingw32/bin/../lib/gcc/nios2-elf/5.3.0/../../../../../H-x86_64-mingw32/nios2-elf/lib\libc.a(lib_a-memset.o)
[...]
Memory Configuration

Name             Origin             Length             Attributes
reset            0x0000000002000000 0x0000000000000020
sdram_controller_0 0x0000000002000020 0x0000000001ffffe0
tse_descriptor_memory_0 0x0000000004000000 0x0000000000002000
mem_0            0x0000000005020000 0x0000000000020000
*default*        0x0000000000000000 0xffffffffffffffff

Linker script and memory map

LOAD ../FreeRTOS_bsp//obj/HAL/src/crt0.o
LOAD obj/default/main.o
LOAD c:/altera/18.1/nios2eds/bin/gnu/h-x86_64-mingw32/bin/../lib/gcc/nios2-elf/5.3.0/../../../../../H-x86_64-mingw32/nios2-elf/lib\libstdc++.a
LOAD c:/altera/18.1/nios2eds/bin/gnu/h-x86_64-mingw32/bin/../lib/gcc/nios2-elf/5.3.0/../../../../../H-x86_64-mingw32/nios2-elf/lib\libm.a
LOAD c:/altera/18.1/nios2eds/bin/gnu/h-x86_64-mingw32/bin/../lib/gcc/nios2-elf/5.3.0\libgcc.a
START GROUP
LOAD c:/altera/18.1/nios2eds/bin/gnu/h-x86_64-mingw32/bin/../lib/gcc/nios2-elf/5.3.0/../../../../../H-x86_64-mingw32/nios2-elf/lib\libc.a
LOAD c:/altera/18.1/nios2eds/bin/gnu/h-x86_64-mingw32/bin/../lib/gcc/nios2-elf/5.3.0\libgcc.a
LOAD ../FreeRTOS_bsp/\libfreertos_bsp.a
LOAD c:/altera/18.1/nios2eds/bin/gnu/h-x86_64-mingw32/bin/../lib/gcc/nios2-elf/5.3.0/../../../../../H-x86_64-mingw32/nios2-elf/lib\libm.a
END GROUP
LOAD c:/altera/18.1/nios2eds/bin/gnu/h-x86_64-mingw32/bin/../lib/gcc/nios2-elf/5.3.0\libgcc.a
                0x0000000002000000                __alt_mem_sdram_controller_0 = 0x2000000
                0x0000000004000000                __alt_mem_tse_descriptor_memory_0 = 0x4000000
                0x0000000005020000                __alt_mem_mem_0 = 0x5020000

.entry          0x0000000002000000       0x20
 *(.entry)
 .entry         0x0000000002000000       0x20 ../FreeRTOS_bsp//obj/HAL/src/crt0.o
                0x0000000002000000                __reset

.exceptions     0x0000000002000020      0x3f4
                0x0000000002000020                PROVIDE (__ram_exceptions_start, ABSOLUTE (.))
                0x0000000002000020                . = ALIGN (0x20)
 *(.irq)
 *(.exceptions.entry.label)
 *(.exceptions.entry.user)
 *(.exceptions.entry.ecc_fatal)
 *(.exceptions.entry)
 .exceptions.entry
                0x0000000002000020       0x8c ../FreeRTOS_bsp/\libfreertos_bsp.a(port_asm.o)
 *(.exceptions.irqtest.user)
 *(.exceptions.irqtest)
 .exceptions.irqtest
                0x00000000020000ac       0x14 ../FreeRTOS_bsp/\libfreertos_bsp.a(port_asm.o)
 *(.exceptions.irqhandler.user)
 *(.exceptions.irqhandler)
 .exceptions.irqhandler
                0x00000000020000c0        0x4 ../FreeRTOS_bsp/\libfreertos_bsp.a(port_asm.o)
 *(.exceptions.irqreturn.user)
 *(.exceptions.irqreturn)
 .exceptions.irqreturn
                0x00000000020000c4       0x8c ../FreeRTOS_bsp/\libfreertos_bsp.a(port_asm.o)
                0x00000000020000c4                restore_sp_from_pxCurrentTCB
 *(.exceptions.notirq.label)
 *(.exceptions.notirq.user)
 *(.exceptions.notirq)
 *(.exceptions.soft.user)
 *(.exceptions.soft)
 .exceptions.soft
                0x0000000002000150      0x1cc ../FreeRTOS_bsp/\libfreertos_bsp.a(alt_exception_muldiv.o)
 .exceptions.soft
                0x000000000200031c       0x2c ../FreeRTOS_bsp/\libfreertos_bsp.a(port_asm.o)
 *(.exceptions.unknown.user)
 *(.exceptions.unknown)
 *(.exceptions.exit.label)
 .exceptions.exit.label
                0x0000000002000348        0x0 ../FreeRTOS_bsp/\libfreertos_bsp.a(alt_exception_muldiv.o)
 *(.exceptions.exit.user)
 *(.exceptions.exit)
 *(.exceptions)
 .exceptions    0x0000000002000348       0xcc ../FreeRTOS_bsp/\libfreertos_bsp.a(alt_irq_handler.o)
                0x0000000002000348                alt_irq_handler
                0x0000000002000414                PROVIDE (__ram_exceptions_end, ABSOLUTE (.))
                0x0000000002000020                PROVIDE (__flash_exceptions_start, LOADADDR (.exceptions))

.text           0x0000000002000414    0x4060c
                [!provide]                        PROVIDE (stext, ABSOLUTE (.))
 *(.interp)
 *(.hash)
 *(.dynsym)
 *(.dynstr)
 *(.gnu.version)
 *(.gnu.version_d)
 *(.gnu.version_r)
 *(.rel.init)
 *(.rela.init)
 *(.rel.text .rel.text.* .rel.gnu.linkonce.t.*)
 *(.rela.text .rela.text.* .rela.gnu.linkonce.t.*)
 *(.rel.fini)
 *(.rela.fini)
 *(.rel.rodata .rel.rodata.* .rel.gnu.linkonce.r.*)
 *(.rela.rodata .rela.rodata.* .rela.gnu.linkonce.r.*)
 *(.rel.data .rel.data.* .rel.gnu.linkonce.d.*)
 *(.rela.data .rela.data.* .rela.gnu.linkonce.d.*)
 *(.rel.tdata .rel.tdata.* .rel.gnu.linkonce.td.*)
 *(.rela.tdata .rela.tdata.* .rela.gnu.linkonce.td.*)
 *(.rel.tbss .rel.tbss.* .rel.gnu.linkonce.tb.*)
 *(.rela.tbss .rela.tbss.* .rela.gnu.linkonce.tb.*)
 *(.rel.ctors)
 *(.rela.ctors)
 *(.rel.dtors)
 *(.rela.dtors)
 *(.rel.got)
 *(.rela.got)
 *(.rel.sdata .rel.sdata.* .rel.gnu.linkonce.s.*)
 *(.rela.sdata .rela.sdata.* .rela.gnu.linkonce.s.*)
 *(.rel.sbss .rel.sbss.* .rel.gnu.linkonce.sb.*)
 *(.rela.sbss .rela.sbss.* .rela.gnu.linkonce.sb.*)
 *(.rel.sdata2 .rel.sdata2.* .rel.gnu.linkonce.s2.*)
 *(.rela.sdata2 .rela.sdata2.* .rela.gnu.linkonce.s2.*)
 *(.rel.sbss2 .rel.sbss2.* .rel.gnu.linkonce.sb2.*)
 *(.rela.sbss2 .rela.sbss2.* .rela.gnu.linkonce.sb2.*)
 *(.rel.bss .rel.bss.* .rel.gnu.linkonce.b.*)
 *(.rela.bss .rela.bss.* .rela.gnu.linkonce.b.*)
 *(.rel.plt)
 *(.rela.plt)
 *(.rel.dyn)
 *(.init)
 *(.plt)
 *(.text .stub .text.* .gnu.linkonce.t.*)
 .text          0x0000000002000414       0x3c ../FreeRTOS_bsp//obj/HAL/src/crt0.o
                0x0000000002000414                _start
 .text          0x0000000002000450      0x730 obj/default/main.o
                0x0000000002000450                vApplicationMallocFailedHook
                0x0000000002000478                vApplicationStackOverflowHook
                0x000000000200059c                InitNetwork
                0x00000000020007b0                xEthernetRun
                0x0000000002000824                get_mac_addr
                0x0000000002000940                get_ip_addr
                0x00000000020009f8                get_hostname
                0x0000000002000a30                get_iface_name
                0x0000000002000a78                is_interface_active
                0x0000000002000a9c                main
                0x0000000002000adc                main_thread
 .text          0x0000000002000b80        0x0 c:/altera/18.1/nios2eds/bin/gnu/h-x86_64-mingw32/bin/../lib/gcc/nios2-elf/5.3.0/../../../../../H-x86_64-mingw32/nios2-elf/lib\libc.a(lib_a-printf.o)
 .text._printf_r
                0x0000000002000b80       0x30 c:/altera/18.1/nios2eds/bin/gnu/h-x86_64-mingw32/bin/../lib/gcc/nios2-elf/5.3.0/../../../../../H-x86_64-mingw32/nios2-elf/lib\libc.a(lib_a-printf.o)
                0x0000000002000b80                _printf_r
 .text.printf   0x0000000002000bb0       0x3c c:/altera/18.1/nios2eds/bin/gnu/h-x86_64-mingw32/bin/../lib/gcc/nios2-elf/5.3.0/../../../../../H-x86_64-mingw32/nios2-elf/lib\libc.a(lib_a-printf.o)
                0x0000000002000bb0                printf
 .text          0x0000000002000bec        0x0 c:/altera/18.1/nios2eds/bin/gnu/h-x86_64-mingw32/bin/../lib/gcc/nios2-elf/5.3.0/../../../../../H-x86_64-mingw32/nios2-elf/lib\libc.a(lib_a-vfprintf.o)
 .text.___vfprintf_internal_r
                0x0000000002000bec     0x21f8 c:/altera/18.1/nios2eds/bin/gnu/h-x86_64-mingw32/bin/../lib/gcc/nios2-elf/5.3.0/../../../../../H-x86_64-mingw32/nios2-elf/lib\libc.a(lib_a-vfprintf.o)
                0x0000000002000bec                ___vfprintf_internal_r
 .text.__vfprintf_internal
                0x0000000002002de4       0x1c c:/altera/18.1/nios2eds/bin/gnu/h-x86_64-mingw32/bin/../lib/gcc/nios2-elf/5.3.0/../../../../../H-x86_64-mingw32/nios2-elf/lib\libc.a(lib_a-vfprintf.o)
                0x0000000002002de4                __vfprintf_internal
 .text.__sbprintf
                0x0000000002002e00       0xbc c:/altera/18.1/nios2eds/bin/gnu/h-x86_64-mingw32/bin/../lib/gcc/nios2-elf/5.3.0/../../../../../H-x86_64-mingw32/nios2-elf/lib\libc.a(lib_a-vfprintf.o)
 .text          0x0000000002002ebc        0x0 c:/altera/18.1/nios2eds/bin/gnu/h-x86_64-mingw32/bin/../lib/gcc/nios2-elf/5.3.0/../../../../../H-x86_64-mingw32/nios2-elf/lib\libc.a(lib_a-wsetup.o)
 .text.__swsetup_r
                0x0000000002002ebc      0x154 c:/altera/18.1/nios2eds/bin/gnu/h-x86_64-mingw32/bin/../lib/gcc/nios2-elf/5.3.0/../../../../../H-x86_64-mingw32/nios2-elf/lib\libc.a(lib_a-wsetup.o)
                0x0000000002002ebc                __swsetup_r
 .text          0x0000000002003010        0x0 c:/altera/18.1/nios2eds/bin/gnu/h-x86_64-mingw32/bin/../lib/gcc/nios2-elf/5.3.0/../../../../../H-x86_64-mingw32/nios2-elf/lib\libc.a(lib_a-dtoa.o)
 .text.quorem   0x0000000002003010      0x200 c:/altera/18.1/nios2eds/bin/gnu/h-x86_64-mingw32/bin/../lib/gcc/nios2-elf/5.3.0/../../../../../H-x86_64-mingw32/nios2-elf/lib\libc.a(lib_a-dtoa.o)
 .text._dtoa_r  0x0000000002003210     0x1688 c:/altera/18.1/nios2eds/bin/gnu/h-x86_64-mingw32/bin/../lib/gcc/nios2-elf/5.3.0/../../../../../H-x86_64-mingw32/nios2-elf/lib\libc.a(lib_a-dtoa.o)
                0x0000000002003210                _dtoa_r
 .text          0x0000000002004898        0x0 c:/altera/18.1/nios2eds/bin/gnu/h-x86_64-mingw32/bin/../lib/gcc/nios2-elf/5.3.0/../../../../../H-x86_64-mingw32/nios2-elf/lib\libc.a(lib_a-fflush.o)
 .text.__sflush_r
                0x0000000002004898      0x21c c:/altera/18.1/nios2eds/bin/gnu/h-x86_64-mingw32/bin/../lib/gcc/nios2-elf/5.3.0/../../../../../H-x86_64-mingw32/nios2-elf/lib\libc.a(lib_a-fflush.o)
                0x0000000002004898                __sflush_r
 .text._fflush_r
                0x0000000002004ab4       0x5c c:/altera/18.1/nios2eds/bin/gnu/h-x86_64-mingw32/bin/../lib/gcc/nios2-elf/5.3.0/../../../../../H-x86_64-mingw32/nios2-elf/lib\libc.a(lib_a-fflush.o)
                0x0000000002004ab4                _fflush_r
 .text.fflush   0x0000000002004b10       0x30 c:/altera/18.1/nios2eds/bin/gnu/h-x86_64-mingw32/bin/../lib/gcc/nios2-elf/5.3.0/../../../../../H-x86_64-mingw32/nios2-elf/lib\libc.a(lib_a-fflush.o)
                0x0000000002004b10                fflush
 .text          0x0000000002004b40        0x0 c:/altera/18.1/nios2eds/bin/gnu/h-x86_64-mingw32/bin/../lib/gcc/nios2-elf/5.3.0/../../../../../H-x86_64-mingw32/nios2-elf/lib\libc.a(lib_a-findfp.o)
 .text.__fp_unlock
                0x0000000002004b40        0x8 c:/altera/18.1/nios2eds/bin/gnu/h-x86_64-mingw32/bin/../lib/gcc/nios2-elf/5.3.0/../../../../../H-x86_64-mingw32/nios2-elf/lib\libc.a(lib_a-findfp.o)
 .text._cleanup_r
                0x0000000002004b48        0xc c:/altera/18.1/nios2eds/bin/gnu/h-x86_64-mingw32/bin/../lib/gcc/nios2-elf/5.3.0/../../../../../H-x86_64-mingw32/nios2-elf/lib\libc.a(lib_a-findfp.o)
                0x0000000002004b48                _cleanup_r
 .text.__sinit.part.1
                0x0000000002004b54      0x19c c:/altera/18.1/nios2eds/bin/gnu/h-x86_64-mingw32/bin/../lib/gcc/nios2-elf/5.3.0/../../../../../H-x86_64-mingw32/nios2-elf/lib\libc.a(lib_a-findfp.o)
 .text.__fp_lock
                0x0000000002004cf0        0x8 c:/altera/18.1/nios2eds/bin/gnu/h-x86_64-mingw32/bin/../lib/gcc/nios2-elf/5.3.0/../../../../../H-x86_64-mingw32/nios2-elf/lib\libc.a(lib_a-findfp.o)
 .text.__sfmoreglue
                0x0000000002004cf8       0x68 c:/altera/18.1/nios2eds/bin/gnu/h-x86_64-mingw32/bin/../lib/gcc/nios2-elf/5.3.0/../../../../../H-x86_64-mingw32/nios2-elf/lib\libc.a(lib_a-findfp.o)
                0x0000000002004cf8                __sfmoreglue
 .text.__sfp    0x0000000002004d60      0x118 c:/altera/18.1/nios2eds/bin/gnu/h-x86_64-mingw32/bin/../lib/gcc/nios2-elf/5.3.0/../../../../../H-x86_64-mingw32/nios2-elf/lib\libc.a(lib_a-findfp.o)
                0x0000000002004d60                __sfp
 .text._cleanup
                0x0000000002004e78       0x18 c:/altera/18.1/nios2eds/bin/gnu/h-x86_64-mingw32/bin/../lib/gcc/nios2-elf/5.3.0/../../../../../H-x86_64-mingw32/nios2-elf/lib\libc.a(lib_a-findfp.o)
                0x0000000002004e78                _cleanup
 .text.__sinit  0x0000000002004e90       0x10 c:/altera/18.1/nios2eds/bin/gnu/h-x86_64-mingw32/bin/../lib/gcc/nios2-elf/5.3.0/../../../../../H-x86_64-mingw32/nios2-elf/lib\libc.a(lib_a-findfp.o)
                0x0000000002004e90                __sinit
 .text.__sfp_lock_acquire
                0x0000000002004ea0        0x4 c:/altera/18.1/nios2eds/bin/gnu/h-x86_64-mingw32/bin/../lib/gcc/nios2-elf/5.3.0/../../../../../H-x86_64-mingw32/nios2-elf/lib\libc.a(lib_a-findfp.o)
                0x0000000002004ea0                __sfp_lock_acquire
 .text.__sfp_lock_release
                0x0000000002004ea4        0x4 c:/altera/18.1/nios2eds/bin/gnu/h-x86_64-mingw32/bin/../lib/gcc/nios2-elf/5.3.0/../../../../../H-x86_64-mingw32/nios2-elf/lib\libc.a(lib_a-findfp.o)
                0x0000000002004ea4                __sfp_lock_release
 .text.__sinit_lock_acquire
                0x0000000002004ea8        0x4 c:/altera/18.1/nios2eds/bin/gnu/h-x86_64-mingw32/bin/../lib/gcc/nios2-elf/5.3.0/../../../../../H-x86_64-mingw32/nios2-elf/lib\libc.a(lib_a-findfp.o)
                0x0000000002004ea8                __sinit_lock_acquire
 .text.__sinit_lock_release
                0x0000000002004eac        0x4 c:/altera/18.1/nios2eds/bin/gnu/h-x86_64-mingw32/bin/../lib/gcc/nios2-elf/5.3.0/../../../../../H-x86_64-mingw32/nios2-elf/lib\libc.a(lib_a-findfp.o)
                0x0000000002004eac                __sinit_lock_release
 .text.__fp_lock_all
                0x0000000002004eb0       0x18 c:/altera/18.1/nios2eds/bin/gnu/h-x86_64-mingw32/bin/../lib/gcc/nios2-elf/5.3.0/../../../../../H-x86_64-mingw32/nios2-elf/lib\libc.a(lib_a-findfp.o)
                0x0000000002004eb0                __fp_lock_all
 .text.__fp_unlock_all
                0x0000000002004ec8       0x18 c:/altera/18.1/nios2eds/bin/gnu/h-x86_64-mingw32/bin/../lib/gcc/nios2-elf/5.3.0/../../../../../H-x86_64-mingw32/nios2-elf/lib\libc.a(lib_a-findfp.o)
                0x0000000002004ec8                __fp_unlock_all
 .text          0x0000000002004ee0        0x0 c:/altera/18.1/nios2eds/bin/gnu/h-x86_64-mingw32/bin/../lib/gcc/nios2-elf/5.3.0/../../../../../H-x86_64-mingw32/nios2-elf/lib\libc.a(lib_a-freer.o)
 .text._malloc_trim_r
                0x0000000002004ee0      0x124 c:/altera/18.1/nios2eds/bin/gnu/h-x86_64-mingw32/bin/../lib/gcc/nios2-elf/5.3.0/../../../../../H-x86_64-mingw32/nios2-elf/lib\libc.a(lib_a-freer.o)
                0x0000000002004ee0                _malloc_trim_r
 .text._free_r  0x0000000002005004      0x310 c:/altera/18.1/nios2eds/bin/gnu/h-x86_64-mingw32/bin/../lib/gcc/nios2-elf/5.3.0/../../../../../H-x86_64-mingw32/nios2-elf/lib\libc.a(lib_a-freer.o)
                0x0000000002005004                _free_r
 .text          0x0000000002005314        0x0 c:/altera/18.1/nios2eds/bin/gnu/h-x86_64-mingw32/bin/../lib/gcc/nios2-elf/5.3.0/../../../../../H-x86_64-mingw32/nios2-elf/lib\libc.a(lib_a-fwalk.o)
 .text._fwalk   0x0000000002005314       0xc4 c:/altera/18.1/nios2eds/bin/gnu/h-x86_64-mingw32/bin/../lib/gcc/nios2-elf/5.3.0/../../../../../H-x86_64-mingw32/nios2-elf/lib\libc.a(lib_a-fwalk.o)
                0x0000000002005314                _fwalk
 .text._fwalk_reent
                0x00000000020053d8       0xc4 c:/altera/18.1/nios2eds/bin/gnu/h-x86_64-mingw32/bin/../lib/gcc/nios2-elf/5.3.0/../../../../../H-x86_64-mingw32/nios2-elf/lib\libc.a(lib_a-fwalk.o)
                0x00000000020053d8                _fwalk_reent
 .text          0x000000000200549c        0x0 c:/altera/18.1/nios2eds/bin/gnu/h-x86_64-mingw32/bin/../lib/gcc/nios2-elf/5.3.0/../../../../../H-x86_64-mingw32/nios2-elf/lib\libc.a(lib_a-impure.o)
 .text          0x000000000200549c        0x0 c:/altera/18.1/nios2eds/bin/gnu/h-x86_64-mingw32/bin/../lib/gcc/nios2-elf/5.3.0/../../../../../H-x86_64-mingw32/nios2-elf/lib\libc.a(lib_a-locale.o)
 .text._setlocale_r
                0x000000000200549c       0x7c c:/altera/18.1/nios2eds/bin/gnu/h-x86_64-mingw32/bin/../lib/gcc/nios2-elf/5.3.0/../../../../../H-x86_64-mingw32/nios2-elf/lib\libc.a(lib_a-locale.o)
                0x000000000200549c                _setlocale_r
 .text.__locale_charset
                0x0000000002005518        0xc c:/altera/18.1/nios2eds/bin/gnu/h-x86_64-mingw32/bin/../lib/gcc/nios2-elf/5.3.0/../../../../../H-x86_64-mingw32/nios2-elf/lib\libc.a(lib_a-locale.o)
                0x0000000002005518                __locale_charset
 .text.__locale_mb_cur_max
                0x0000000002005524       0x10 c:/altera/18.1/nios2eds/bin/gnu/h-x86_64-mingw32/bin/../lib/gcc/nios2-elf/5.3.0/../../../../../H-x86_64-mingw32/nios2-elf/lib\libc.a(lib_a-locale.o)
                0x0000000002005524                __locale_mb_cur_max
 .text.__locale_msgcharset
                0x0000000002005534        0xc c:/altera/18.1/nios2eds/bin/gnu/h-x86_64-mingw32/bin/../lib/gcc/nios2-elf/5.3.0/../../../../../H-x86_64-mingw32/nios2-elf/lib\libc.a(lib_a-locale.o)
                0x0000000002005534                __locale_msgcharset
 .text.__locale_cjk_lang
                0x0000000002005540        0x8 c:/altera/18.1/nios2eds/bin/gnu/h-x86_64-mingw32/bin/../lib/gcc/nios2-elf/5.3.0/../../../../../H-x86_64-mingw32/nios2-elf/lib\libc.a(lib_a-locale.o)
                0x0000000002005540                __locale_cjk_lang
 .text._localeconv_r
                0x0000000002005548        0xc c:/altera/18.1/nios2eds/bin/gnu/h-x86_64-mingw32/bin/../lib/gcc/nios2-elf/5.3.0/../../../../../H-x86_64-mingw32/nios2-elf/lib\libc.a(lib_a-locale.o)
                0x0000000002005548                _localeconv_r
 .text.setlocale
                0x0000000002005554       0x18 c:/altera/18.1/nios2eds/bin/gnu/h-x86_64-mingw32/bin/../lib/gcc/nios2-elf/5.3.0/../../../../../H-x86_64-mingw32/nios2-elf/lib\libc.a(lib_a-locale.o)
                0x0000000002005554                setlocale
 .text.localeconv
                0x000000000200556c        0xc c:/altera/18.1/nios2eds/bin/gnu/h-x86_64-mingw32/bin/../lib/gcc/nios2-elf/5.3.0/../../../../../H-x86_64-mingw32/nios2-elf/lib\libc.a(lib_a-locale.o)
                0x000000000200556c                localeconv
 .text          0x0000000002005578        0x0 c:/altera/18.1/nios2eds/bin/gnu/h-x86_64-mingw32/bin/../lib/gcc/nios2-elf/5.3.0/../../../../../H-x86_64-mingw32/nios2-elf/lib\libc.a(lib_a-makebuf.o)
 .text.__smakebuf_r
                0x0000000002005578      0x1bc c:/altera/18.1/nios2eds/bin/gnu/h-x86_64-mingw32/bin/../lib/gcc/nios2-elf/5.3.0/../../../../../H-x86_64-mingw32/nios2-elf/lib\libc.a(lib_a-makebuf.o)
                0x0000000002005578                __smakebuf_r
 .text          0x0000000002005734        0x0 c:/altera/18.1/nios2eds/bin/gnu/h-x86_64-mingw32/bin/../lib/gcc/nios2-elf/5.3.0/../../../../../H-x86_64-mingw32/nios2-elf/lib\libc.a(lib_a-mallocr.o)
 .text._malloc_r
                0x0000000002005734      0x80c c:/altera/18.1/nios2eds/bin/gnu/h-x86_64-mingw32/bin/../lib/gcc/nios2-elf/5.3.0/../../../../../H-x86_64-mingw32/nios2-elf/lib\libc.a(lib_a-mallocr.o)
                0x0000000002005734                _malloc_r
 .text          0x0000000002005f40        0x0 c:/altera/18.1/nios2eds/bin/gnu/h-x86_64-mingw32/bin/../lib/gcc/nios2-elf/5.3.0/../../../../../H-x86_64-mingw32/nios2-elf/lib\libc.a(lib_a-memchr.o)
 .text.memchr   0x0000000002005f40       0xe4 c:/altera/18.1/nios2eds/bin/gnu/h-x86_64-mingw32/bin/../lib/gcc/nios2-elf/5.3.0/../../../../../H-x86_64-mingw32/nios2-elf/lib\libc.a(lib_a-memchr.o)
                0x0000000002005f40                memchr
 .text          0x0000000002006024        0x0 c:/altera/18.1/nios2eds/bin/gnu/h-x86_64-mingw32/bin/../lib/gcc/nios2-elf/5.3.0/../../../../../H-x86_64-mingw32/nios2-elf/lib\libc.a(lib_a-memcpy.o)
 .text.memcpy   0x0000000002006024      0x148 c:/altera/18.1/nios2eds/bin/gnu/h-x86_64-mingw32/bin/../lib/gcc/nios2-elf/5.3.0/../../../../../H-x86_64-mingw32/nios2-elf/lib\libc.a(lib_a-memcpy.o)
                0x0000000002006024                memcpy
 .text          0x000000000200616c        0x0 c:/altera/18.1/nios2eds/bin/gnu/h-x86_64-mingw32/bin/../lib/gcc/nios2-elf/5.3.0/../../../../../H-x86_64-mingw32/nios2-elf/lib\libc.a(lib_a-memset.o)
 .text.memset   0x000000000200616c      0x128 c:/altera/18.1/nios2eds/bin/gnu/h-x86_64-mingw32/bin/../lib/gcc/nios2-elf/5.3.0/../../../../../H-x86_64-mingw32/nios2-elf/lib\libc.a(lib_a-memset.o)
                0x000000000200616c                memset
 .text          0x0000000002006294        0x0 c:/altera/18.1/nios2eds/bin/gnu/h-x86_64-mingw32/bin/../lib/gcc/nios2-elf/5.3.0/../../../../../H-x86_64-mingw32/nios2-elf/lib\libc.a(lib_a-mprec.o)
 .text._Balloc  0x0000000002006294       0xa8 c:/altera/18.1/nios2eds/bin/gnu/h-x86_64-mingw32/bin/../lib/gcc/nios2-elf/5.3.0/../../../../../H-x86_64-mingw32/nios2-elf/lib\libc.a(lib_a-mprec.o)
                0x0000000002006294                _Balloc
 .text._Bfree   0x000000000200633c       0x28 c:/altera/18.1/nios2eds/bin/gnu/h-x86_64-mingw32/bin/../lib/gcc/nios2-elf/5.3.0/../../../../../H-x86_64-mingw32/nios2-elf/lib\libc.a(lib_a-mprec.o)
                0x000000000200633c                _Bfree
 .text.__multadd
                0x0000000002006364      0x120 c:/altera/18.1/nios2eds/bin/gnu/h-x86_64-mingw32/bin/../lib/gcc/nios2-elf/5.3.0/../../../../../H-x86_64-mingw32/nios2-elf/lib\libc.a(lib_a-mprec.o)
                0x0000000002006364                __multadd
 .text.__s2b    0x0000000002006484      0x104 c:/altera/18.1/nios2eds/bin/gnu/h-x86_64-mingw32/bin/../lib/gcc/nios2-elf/5.3.0/../../../../../H-x86_64-mingw32/nios2-elf/lib\libc.a(lib_a-mprec.o)
                0x0000000002006484                __s2b
 .text.__hi0bits
                0x0000000002006588       0x68 c:/altera/18.1/nios2eds/bin/gnu/h-x86_64-mingw32/bin/../lib/gcc/nios2-elf/5.3.0/../../../../../H-x86_64-mingw32/nios2-elf/lib\libc.a(lib_a-mprec.o)
                0x0000000002006588                __hi0bits
 .text.__lo0bits
                0x00000000020065f0       0xb0 c:/altera/18.1/nios2eds/bin/gnu/h-x86_64-mingw32/bin/../lib/gcc/nios2-elf/5.3.0/../../../../../H-x86_64-mingw32/nios2-elf/lib\libc.a(lib_a-mprec.o)
                0x00000000020065f0                __lo0bits
 .text.__i2b    0x00000000020066a0       0x3c c:/altera/18.1/nios2eds/bin/gnu/h-x86_64-mingw32/bin/../lib/gcc/nios2-elf/5.3.0/../../../../../H-x86_64-mingw32/nios2-elf/lib\libc.a(lib_a-mprec.o)
                0x00000000020066a0                __i2b
 .text.__multiply
                0x00000000020066dc      0x1f8 c:/altera/18.1/nios2eds/bin/gnu/h-x86_64-mingw32/bin/../lib/gcc/nios2-elf/5.3.0/../../../../../H-x86_64-mingw32/nios2-elf/lib\libc.a(lib_a-mprec.o)
                0x00000000020066dc                __multiply
 .text.__pow5mult
                0x00000000020068d4      0x140 c:/altera/18.1/nios2eds/bin/gnu/h-x86_64-mingw32/bin/../lib/gcc/nios2-elf/5.3.0/../../../../../H-x86_64-mingw32/nios2-elf/lib\libc.a(lib_a-mprec.o)
                0x00000000020068d4                __pow5mult
 .text.__lshift
                0x0000000002006a14      0x148 c:/altera/18.1/nios2eds/bin/gnu/h-x86_64-mingw32/bin/../lib/gcc/nios2-elf/5.3.0/../../../../../H-x86_64-mingw32/nios2-elf/lib\libc.a(lib_a-mprec.o)
                0x0000000002006a14                __lshift
 .text.__mcmp   0x0000000002006b5c       0x60 c:/altera/18.1/nios2eds/bin/gnu/h-x86_64-mingw32/bin/../lib/gcc/nios2-elf/5.3.0/../../../../../H-x86_64-mingw32/nios2-elf/lib\libc.a(lib_a-mprec.o)
                0x0000000002006b5c                __mcmp
 .text.__mdiff  0x0000000002006bbc      0x1fc c:/altera/18.1/nios2eds/bin/gnu/h-x86_64-mingw32/bin/../lib/gcc/nios2-elf/5.3.0/../../../../../H-x86_64-mingw32/nios2-elf/lib\libc.a(lib_a-mprec.o)
                0x0000000002006bbc                __mdiff
 .text.__ulp    0x0000000002006db8       0x64 c:/altera/18.1/nios2eds/bin/gnu/h-x86_64-mingw32/bin/../lib/gcc/nios2-elf/5.3.0/../../../../../H-x86_64-mingw32/nios2-elf/lib\libc.a(lib_a-mprec.o)
                0x0000000002006db8                __ulp
 .text.__b2d    0x0000000002006e1c      0x10c c:/altera/18.1/nios2eds/bin/gnu/h-x86_64-mingw32/bin/../lib/gcc/nios2-elf/5.3.0/../../../../../H-x86_64-mingw32/nios2-elf/lib\libc.a(lib_a-mprec.o)
                0x0000000002006e1c                __b2d
 .text.__d2b    0x0000000002006f28      0x14c c:/altera/18.1/nios2eds/bin/gnu/h-x86_64-mingw32/bin/../lib/gcc/nios2-elf/5.3.0/../../../../../H-x86_64-mingw32/nios2-elf/lib\libc.a(lib_a-mprec.o)
                0x0000000002006f28                __d2b
 .text.__ratio  0x0000000002007074       0xa4 c:/altera/18.1/nios2eds/bin/gnu/h-x86_64-mingw32/bin/../lib/gcc/nios2-elf/5.3.0/../../../../../H-x86_64-mingw32/nios2-elf/lib\libc.a(lib_a-mprec.o)
                0x0000000002007074                __ratio
 .text._mprec_log10
                0x0000000002007118       0x74 c:/altera/18.1/nios2eds/bin/gnu/h-x86_64-mingw32/bin/../lib/gcc/nios2-elf/5.3.0/../../../../../H-x86_64-mingw32/nios2-elf/lib\libc.a(lib_a-mprec.o)
                0x0000000002007118                _mprec_log10
 .text.__copybits
                0x000000000200718c       0x78 c:/altera/18.1/nios2eds/bin/gnu/h-x86_64-mingw32/bin/../lib/gcc/nios2-elf/5.3.0/../../../../../H-x86_64-mingw32/nios2-elf/lib\libc.a(lib_a-mprec.o)
                0x000000000200718c                __copybits
 .text.__any_on
                0x0000000002007204       0x8c c:/altera/18.1/nios2eds/bin/gnu/h-x86_64-mingw32/bin/../lib/gcc/nios2-elf/5.3.0/../../../../../H-x86_64-mingw32/nios2-elf/lib\libc.a(lib_a-mprec.o)
                0x0000000002007204                __any_on
 .text          0x0000000002007290        0x0 c:/altera/18.1/nios2eds/bin/gnu/h-x86_64-mingw32/bin/../lib/gcc/nios2-elf/5.3.0/../../../../../H-x86_64-mingw32/nios2-elf/lib\libc.a(lib_a-s_fpclassify.o)
 .text.__fpclassifyd
                0x0000000002007290       0x74 c:/altera/18.1/nios2eds/bin/gnu/h-x86_64-mingw32/bin/../lib/gcc/nios2-elf/5.3.0/../../../../../H-x86_64-mingw32/nios2-elf/lib\libc.a(lib_a-s_fpclassify.o)
                0x0000000002007290                __fpclassifyd
 .text          0x0000000002007304        0x0 c:/altera/18.1/nios2eds/bin/gnu/h-x86_64-mingw32/bin/../lib/gcc/nios2-elf/5.3.0/../../../../../H-x86_64-mingw32/nios2-elf/lib\libc.a(lib_a-sbrkr.o)
 .text._sbrk_r  0x0000000002007304       0x54 c:/altera/18.1/nios2eds/bin/gnu/h-x86_64-mingw32/bin/../lib/gcc/nios2-elf/5.3.0/../../../../../H-x86_64-mingw32/nios2-elf/lib\libc.a(lib_a-sbrkr.o)
                0x0000000002007304                _sbrk_r
 .text          0x0000000002007358        0x0 c:/altera/18.1/nios2eds/bin/gnu/h-x86_64-mingw32/bin/../lib/gcc/nios2-elf/5.3.0/../../../../../H-x86_64-mingw32/nios2-elf/lib\libc.a(lib_a-stdio.o)
 .text.__sread  0x0000000002007358       0x54 c:/altera/18.1/nios2eds/bin/gnu/h-x86_64-mingw32/bin/../lib/gcc/nios2-elf/5.3.0/../../../../../H-x86_64-mingw32/nios2-elf/lib\libc.a(lib_a-stdio.o)
                0x0000000002007358                __sread
 .text.__seofread
                0x00000000020073ac        0x8 c:/altera/18.1/nios2eds/bin/gnu/h-x86_64-mingw32/bin/../lib/gcc/nios2-elf/5.3.0/../../../../../H-x86_64-mingw32/nios2-elf/lib\libc.a(lib_a-stdio.o)
                0x00000000020073ac                __seofread
 .text.__swrite
                0x00000000020073b4       0x7c c:/altera/18.1/nios2eds/bin/gnu/h-x86_64-mingw32/bin/../lib/gcc/nios2-elf/5.3.0/../../../../../H-x86_64-mingw32/nios2-elf/lib\libc.a(lib_a-stdio.o)
                0x00000000020073b4                __swrite
 .text.__sseek  0x0000000002007430       0x5c c:/altera/18.1/nios2eds/bin/gnu/h-x86_64-mingw32/bin/../lib/gcc/nios2-elf/5.3.0/../../../../../H-x86_64-mingw32/nios2-elf/lib\libc.a(lib_a-stdio.o)
                0x0000000002007430                __sseek
 .text.__sclose
                0x000000000200748c        0x8 c:/altera/18.1/nios2eds/bin/gnu/h-x86_64-mingw32/bin/../lib/gcc/nios2-elf/5.3.0/../../../../../H-x86_64-mingw32/nios2-elf/lib\libc.a(lib_a-stdio.o)
                0x000000000200748c                __sclose
 .text          0x0000000002007494        0x0 c:/altera/18.1/nios2eds/bin/gnu/h-x86_64-mingw32/bin/../lib/gcc/nios2-elf/5.3.0/../../../../../H-x86_64-mingw32/nios2-elf/lib\libc.a(lib_a-strcmp.o)
 .text.strcmp   0x0000000002007494       0xdc c:/altera/18.1/nios2eds/bin/gnu/h-x86_64-mingw32/bin/../lib/gcc/nios2-elf/5.3.0/../../../../../H-x86_64-mingw32/nios2-elf/lib\libc.a(lib_a-strcmp.o)
                0x0000000002007494                strcmp
 .text          0x0000000002007570        0x0 c:/altera/18.1/nios2eds/bin/gnu/h-x86_64-mingw32/bin/../lib/gcc/nios2-elf/5.3.0/../../../../../H-x86_64-mingw32/nios2-elf/lib\libc.a(lib_a-strlen.o)
 .text.strlen   0x0000000002007570       0x98 c:/altera/18.1/nios2eds/bin/gnu/h-x86_64-mingw32/bin/../lib/gcc/nios2-elf/5.3.0/../../../../../H-x86_64-mingw32/nios2-elf/lib\libc.a(lib_a-strlen.o)
                0x0000000002007570                strlen
 .text          0x0000000002007608        0x0 c:/altera/18.1/nios2eds/bin/gnu/h-x86_64-mingw32/bin/../lib/gcc/nios2-elf/5.3.0/../../../../../H-x86_64-mingw32/nios2-elf/lib\libc.a(lib_a-vfiprintf.o)
 .text.__sprint_r.part.0
                0x0000000002007608       0xfc c:/altera/18.1/nios2eds/bin/gnu/h-x86_64-mingw32/bin/../lib/gcc/nios2-elf/5.3.0/../../../../../H-x86_64-mingw32/nios2-elf/lib\libc.a(lib_a-vfiprintf.o)
 .text.__sprint_r
                0x0000000002007704       0x18 c:/altera/18.1/nios2eds/bin/gnu/h-x86_64-mingw32/bin/../lib/gcc/nios2-elf/5.3.0/../../../../../H-x86_64-mingw32/nios2-elf/lib\libc.a(lib_a-vfiprintf.o)
                0x0000000002007704                __sprint_r
 .text.___vfiprintf_internal_r
                0x000000000200771c     0x145c c:/altera/18.1/nios2eds/bin/gnu/h-x86_64-mingw32/bin/../lib/gcc/nios2-elf/5.3.0/../../../../../H-x86_64-mingw32/nios2-elf/lib\libc.a(lib_a-vfiprintf.o)
                0x000000000200771c                ___vfiprintf_internal_r
 .text.__vfiprintf_internal
                0x0000000002008b78       0x1c c:/altera/18.1/nios2eds/bin/gnu/h-x86_64-mingw32/bin/../lib/gcc/nios2-elf/5.3.0/../../../../../H-x86_64-mingw32/nios2-elf/lib\libc.a(lib_a-vfiprintf.o)
                0x0000000002008b78                __vfiprintf_internal
 .text.__sbprintf
                0x0000000002008b94       0xbc c:/altera/18.1/nios2eds/bin/gnu/h-x86_64-mingw32/bin/../lib/gcc/nios2-elf/5.3.0/../../../../../H-x86_64-mingw32/nios2-elf/lib\libc.a(lib_a-vfiprintf.o)
 .text          0x0000000002008c50        0x0 c:/altera/18.1/nios2eds/bin/gnu/h-x86_64-mingw32/bin/../lib/gcc/nios2-elf/5.3.0/../../../../../H-x86_64-mingw32/nios2-elf/lib\libc.a(lib_a-writer.o)
 .text._write_r
                0x0000000002008c50       0x60 c:/altera/18.1/nios2eds/bin/gnu/h-x86_64-mingw32/bin/../lib/gcc/nios2-elf/5.3.0/../../../../../H-x86_64-mingw32/nios2-elf/lib\libc.a(lib_a-writer.o)
                0x0000000002008c50                _write_r
 .text          0x0000000002008cb0        0x0 c:/altera/18.1/nios2eds/bin/gnu/h-x86_64-mingw32/bin/../lib/gcc/nios2-elf/5.3.0/../../../../../H-x86_64-mingw32/nios2-elf/lib\libc.a(closer.o)
 .text._close_r
                0x0000000002008cb0       0x54 c:/altera/18.1/nios2eds/bin/gnu/h-x86_64-mingw32/bin/../lib/gcc/nios2-elf/5.3.0/../../../../../H-x86_64-mingw32/nios2-elf/lib\libc.a(closer.o)
                0x0000000002008cb0                _close_r
 .text          0x0000000002008d04        0x0 c:/altera/18.1/nios2eds/bin/gnu/h-x86_64-mingw32/bin/../lib/gcc/nios2-elf/5.3.0/../../../../../H-x86_64-mingw32/nios2-elf/lib\libc.a(lib_a-callocr.o)
 .text._calloc_r
                0x0000000002008d04       0xc4 c:/altera/18.1/nios2eds/bin/gnu/h-x86_64-mingw32/bin/../lib/gcc/nios2-elf/5.3.0/../../../../../H-x86_64-mingw32/nios2-elf/lib\libc.a(lib_a-callocr.o)
                0x0000000002008d04                _calloc_r
 .text          0x0000000002008dc8        0x0 c:/altera/18.1/nios2eds/bin/gnu/h-x86_64-mingw32/bin/../lib/gcc/nios2-elf/5.3.0/../../../../../H-x86_64-mingw32/nios2-elf/lib\libc.a(lib_a-fclose.o)
 .text._fclose_r
                0x0000000002008dc8       0xf0 c:/altera/18.1/nios2eds/bin/gnu/h-x86_64-mingw32/bin/../lib/gcc/nios2-elf/5.3.0/../../../../../H-x86_64-mingw32/nios2-elf/lib\libc.a(lib_a-fclose.o)
                0x0000000002008dc8                _fclose_r
 .text.fclose   0x0000000002008eb8       0x14 c:/altera/18.1/nios2eds/bin/gnu/h-x86_64-mingw32/bin/../lib/gcc/nios2-elf/5.3.0/../../../../../H-x86_64-mingw32/nios2-elf/lib\libc.a(lib_a-fclose.o)
                0x0000000002008eb8                fclose
 .text          0x0000000002008ecc        0x0 c:/altera/18.1/nios2eds/bin/gnu/h-x86_64-mingw32/bin/../lib/gcc/nios2-elf/5.3.0/../../../../../H-x86_64-mingw32/nios2-elf/lib\libc.a(lib_a-fputwc.o)
 .text.__fputwc
                0x0000000002008ecc      0x164 c:/altera/18.1/nios2eds/bin/gnu/h-x86_64-mingw32/bin/../lib/gcc/nios2-elf/5.3.0/../../../../../H-x86_64-mingw32/nios2-elf/lib\libc.a(lib_a-fputwc.o)
                0x0000000002008ecc                __fputwc
 .text._fputwc_r
                0x0000000002009030       0x24 c:/altera/18.1/nios2eds/bin/gnu/h-x86_64-mingw32/bin/../lib/gcc/nios2-elf/5.3.0/../../../../../H-x86_64-mingw32/nios2-elf/lib\libc.a(lib_a-fputwc.o)
                0x0000000002009030                _fputwc_r
 .text.fputwc   0x0000000002009054       0x80 c:/altera/18.1/nios2eds/bin/gnu/h-x86_64-mingw32/bin/../lib/gcc/nios2-elf/5.3.0/../../../../../H-x86_64-mingw32/nios2-elf/lib\libc.a(lib_a-fputwc.o)
                0x0000000002009054                fputwc
 .text          0x00000000020090d4        0x0 c:/altera/18.1/nios2eds/bin/gnu/h-x86_64-mingw32/bin/../lib/gcc/nios2-elf/5.3.0/../../../../../H-x86_64-mingw32/nios2-elf/lib\libc.a(lib_a-fstatr.o)
 .text._fstat_r
                0x00000000020090d4       0x5c c:/altera/18.1/nios2eds/bin/gnu/h-x86_64-mingw32/bin/../lib/gcc/nios2-elf/5.3.0/../../../../../H-x86_64-mingw32/nios2-elf/lib\libc.a(lib_a-fstatr.o)
                0x00000000020090d4                _fstat_r
 .text          0x0000000002009130        0x0 c:/altera/18.1/nios2eds/bin/gnu/h-x86_64-mingw32/bin/../lib/gcc/nios2-elf/5.3.0/../../../../../H-x86_64-mingw32/nios2-elf/lib\libc.a(lib_a-fvwrite.o)
 .text.__sfvwrite_r
                0x0000000002009130      0x4bc c:/altera/18.1/nios2eds/bin/gnu/h-x86_64-mingw32/bin/../lib/gcc/nios2-elf/5.3.0/../../../../../H-x86_64-mingw32/nios2-elf/lib\libc.a(lib_a-fvwrite.o)
                0x0000000002009130                __sfvwrite_r
 .text          0x00000000020095ec        0x0 c:/altera/18.1/nios2eds/bin/gnu/h-x86_64-mingw32/bin/../lib/gcc/nios2-elf/5.3.0/../../../../../H-x86_64-mingw32/nios2-elf/lib\libc.a(lib_a-int_errno.o)
 .text          0x00000000020095ec        0x0 c:/altera/18.1/nios2eds/bin/gnu/h-x86_64-mingw32/bin/../lib/gcc/nios2-elf/5.3.0/../../../../../H-x86_64-mingw32/nios2-elf/lib\libc.a(lib_a-isattyr.o)
 .text._isatty_r
                0x00000000020095ec       0x54 c:/altera/18.1/nios2eds/bin/gnu/h-x86_64-mingw32/bin/../lib/gcc/nios2-elf/5.3.0/../../../../../H-x86_64-mingw32/nios2-elf/lib\libc.a(lib_a-isattyr.o)
                0x00000000020095ec                _isatty_r
 .text          0x0000000002009640        0x0 c:/altera/18.1/nios2eds/bin/gnu/h-x86_64-mingw32/bin/../lib/gcc/nios2-elf/5.3.0/../../../../../H-x86_64-mingw32/nios2-elf/lib\libc.a(lib_a-lseekr.o)
 .text._lseek_r
                0x0000000002009640       0x60 c:/altera/18.1/nios2eds/bin/gnu/h-x86_64-mingw32/bin/../lib/gcc/nios2-elf/5.3.0/../../../../../H-x86_64-mingw32/nios2-elf/lib\libc.a(lib_a-lseekr.o)
                0x0000000002009640                _lseek_r
 .text          0x00000000020096a0        0x0 c:/altera/18.1/nios2eds/bin/gnu/h-x86_64-mingw32/bin/../lib/gcc/nios2-elf/5.3.0/../../../../../H-x86_64-mingw32/nios2-elf/lib\libc.a(lib_a-memmove.o)
 .text.memmove  0x00000000020096a0      0x15c c:/altera/18.1/nios2eds/bin/gnu/h-x86_64-mingw32/bin/../lib/gcc/nios2-elf/5.3.0/../../../../../H-x86_64-mingw32/nios2-elf/lib\libc.a(lib_a-memmove.o)
                0x00000000020096a0                memmove
 .text          0x00000000020097fc        0x0 c:/altera/18.1/nios2eds/bin/gnu/h-x86_64-mingw32/bin/../lib/gcc/nios2-elf/5.3.0/../../../../../H-x86_64-mingw32/nios2-elf/lib\libc.a(lib_a-readr.o)
 .text._read_r  0x00000000020097fc       0x60 c:/altera/18.1/nios2eds/bin/gnu/h-x86_64-mingw32/bin/../lib/gcc/nios2-elf/5.3.0/../../../../../H-x86_64-mingw32/nios2-elf/lib\libc.a(lib_a-readr.o)
                0x00000000020097fc                _read_r
 .text          0x000000000200985c        0x0 c:/altera/18.1/nios2eds/bin/gnu/h-x86_64-mingw32/bin/../lib/gcc/nios2-elf/5.3.0/../../../../../H-x86_64-mingw32/nios2-elf/lib\libc.a(lib_a-reallocr.o)
 .text._realloc_r
                0x000000000200985c      0x564 c:/altera/18.1/nios2eds/bin/gnu/h-x86_64-mingw32/bin/../lib/gcc/nios2-elf/5.3.0/../../../../../H-x86_64-mingw32/nios2-elf/lib\libc.a(lib_a-reallocr.o)
                0x000000000200985c                _realloc_r
 .text          0x0000000002009dc0        0x0 c:/altera/18.1/nios2eds/bin/gnu/h-x86_64-mingw32/bin/../lib/gcc/nios2-elf/5.3.0/../../../../../H-x86_64-mingw32/nios2-elf/lib\libc.a(lib_a-wbuf.o)
 .text.__swbuf_r
                0x0000000002009dc0      0x140 c:/altera/18.1/nios2eds/bin/gnu/h-x86_64-mingw32/bin/../lib/gcc/nios2-elf/5.3.0/../../../../../H-x86_64-mingw32/nios2-elf/lib\libc.a(lib_a-wbuf.o)
                0x0000000002009dc0                __swbuf_r
 .text.__swbuf  0x0000000002009f00       0x18 c:/altera/18.1/nios2eds/bin/gnu/h-x86_64-mingw32/bin/../lib/gcc/nios2-elf/5.3.0/../../../../../H-x86_64-mingw32/nios2-elf/lib\libc.a(lib_a-wbuf.o)
                0x0000000002009f00                __swbuf
 .text          0x0000000002009f18        0x0 c:/altera/18.1/nios2eds/bin/gnu/h-x86_64-mingw32/bin/../lib/gcc/nios2-elf/5.3.0/../../../../../H-x86_64-mingw32/nios2-elf/lib\libc.a(lib_a-wcrtomb.o)
 .text._wcrtomb_r
                0x0000000002009f18       0x9c c:/altera/18.1/nios2eds/bin/gnu/h-x86_64-mingw32/bin/../lib/gcc/nios2-elf/5.3.0/../../../../../H-x86_64-mingw32/nios2-elf/lib\libc.a(lib_a-wcrtomb.o)
                0x0000000002009f18                _wcrtomb_r
 .text.wcrtomb  0x0000000002009fb4       0xc0 c:/altera/18.1/nios2eds/bin/gnu/h-x86_64-mingw32/bin/../lib/gcc/nios2-elf/5.3.0/../../../../../H-x86_64-mingw32/nios2-elf/lib\libc.a(lib_a-wcrtomb.o)
                0x0000000002009fb4                wcrtomb
 .text          0x000000000200a074        0x0 c:/altera/18.1/nios2eds/bin/gnu/h-x86_64-mingw32/bin/../lib/gcc/nios2-elf/5.3.0/../../../../../H-x86_64-mingw32/nios2-elf/lib\libc.a(lib_a-wctomb_r.o)
 .text.__ascii_wctomb
                0x000000000200a074       0x30 c:/altera/18.1/nios2eds/bin/gnu/h-x86_64-mingw32/bin/../lib/gcc/nios2-elf/5.3.0/../../../../../H-x86_64-mingw32/nios2-elf/lib\libc.a(lib_a-wctomb_r.o)
                0x000000000200a074                __ascii_wctomb
 .text._wctomb_r
                0x000000000200a0a4       0x5c c:/altera/18.1/nios2eds/bin/gnu/h-x86_64-mingw32/bin/../lib/gcc/nios2-elf/5.3.0/../../../../../H-x86_64-mingw32/nios2-elf/lib\libc.a(lib_a-wctomb_r.o)
                0x000000000200a0a4                _wctomb_r
 .text          0x000000000200a100      0x578 c:/altera/18.1/nios2eds/bin/gnu/h-x86_64-mingw32/bin/../lib/gcc/nios2-elf/5.3.0\libgcc.a(_udivdi3.o)
                0x000000000200a100                __udivdi3
 .text          0x000000000200a678      0x538 c:/altera/18.1/nios2eds/bin/gnu/h-x86_64-mingw32/bin/../lib/gcc/nios2-elf/5.3.0\libgcc.a(_umoddi3.o)
                0x000000000200a678                __umoddi3
 .text          0x000000000200abb0      0x1b4 c:/altera/18.1/nios2eds/bin/gnu/h-x86_64-mingw32/bin/../lib/gcc/nios2-elf/5.3.0\libgcc.a(lib2-divmod.o)
                0x000000000200abb0                __divsi3
                0x000000000200ac34                __modsi3
                0x000000000200aca8                __udivsi3
                0x000000000200ad0c                __umodsi3
 .text          0x000000000200ad64      0x8ac c:/altera/18.1/nios2eds/bin/gnu/h-x86_64-mingw32/bin/../lib/gcc/nios2-elf/5.3.0\libgcc.a(adddf3.o)
                0x000000000200ad64                __adddf3
 .text          0x000000000200b610      0x8e8 c:/altera/18.1/nios2eds/bin/gnu/h-x86_64-mingw32/bin/../lib/gcc/nios2-elf/5.3.0\libgcc.a(divdf3.o)
                0x000000000200b610                __divdf3
 .text          0x000000000200bef8       0x88 c:/altera/18.1/nios2eds/bin/gnu/h-x86_64-mingw32/bin/../lib/gcc/nios2-elf/5.3.0\libgcc.a(eqdf2.o)
                0x000000000200bef8                __nedf2
                0x000000000200bef8                __eqdf2
 .text          0x000000000200bf80       0xdc c:/altera/18.1/nios2eds/bin/gnu/h-x86_64-mingw32/bin/../lib/gcc/nios2-elf/5.3.0\libgcc.a(gedf2.o)
                0x000000000200bf80                __gedf2
                0x000000000200bf80                __gtdf2
 .text          0x000000000200c05c       0xf4 c:/altera/18.1/nios2eds/bin/gnu/h-x86_64-mingw32/bin/../lib/gcc/nios2-elf/5.3.0\libgcc.a(ledf2.o)
                0x000000000200c05c                __ledf2
                0x000000000200c05c                __ltdf2
 .text          0x000000000200c150      0x718 c:/altera/18.1/nios2eds/bin/gnu/h-x86_64-mingw32/bin/../lib/gcc/nios2-elf/5.3.0\libgcc.a(muldf3.o)
                0x000000000200c150                __muldf3
 .text          0x000000000200c868      0x8fc c:/altera/18.1/nios2eds/bin/gnu/h-x86_64-mingw32/bin/../lib/gcc/nios2-elf/5.3.0\libgcc.a(subdf3.o)
                0x000000000200c868                __subdf3
 .text          0x000000000200d164       0x80 c:/altera/18.1/nios2eds/bin/gnu/h-x86_64-mingw32/bin/../lib/gcc/nios2-elf/5.3.0\libgcc.a(fixdfsi.o)
                0x000000000200d164                __fixdfsi
 .text          0x000000000200d1e4       0xdc c:/altera/18.1/nios2eds/bin/gnu/h-x86_64-mingw32/bin/../lib/gcc/nios2-elf/5.3.0\libgcc.a(floatsidf.o)
                0x000000000200d1e4                __floatsidf
 .text          0x000000000200d2c0       0xa8 c:/altera/18.1/nios2eds/bin/gnu/h-x86_64-mingw32/bin/../lib/gcc/nios2-elf/5.3.0\libgcc.a(floatunsidf.o)
                0x000000000200d2c0                __floatunsidf
 .text          0x000000000200d368        0x0 c:/altera/18.1/nios2eds/bin/gnu/h-x86_64-mingw32/bin/../lib/gcc/nios2-elf/5.3.0\libgcc.a(_clz.o)
 .text          0x000000000200d368       0x64 c:/altera/18.1/nios2eds/bin/gnu/h-x86_64-mingw32/bin/../lib/gcc/nios2-elf/5.3.0\libgcc.a(_clzsi2.o)
                0x000000000200d368                __clzsi2
 .text          0x000000000200d3cc      0x118 ../FreeRTOS_bsp/\libfreertos_bsp.a(alt_main.o)
                0x000000000200d3cc                pre_constructors
                0x000000000200d3ec                post_constructors
                0x000000000200d40c                alt_main
 .text          0x000000000200d4e4       0xa4 ../FreeRTOS_bsp/\libfreertos_bsp.a(alt_malloc_lock.o)
                0x000000000200d4e4                __malloc_lock
                0x000000000200d544                __malloc_unlock
 .text          0x000000000200d588     0x1718 ../FreeRTOS_bsp/\libfreertos_bsp.a(queue.o)
                0x000000000200d588                xQueueGenericReset
                0x000000000200d6ac                xQueueGenericCreate
                0x000000000200d834                xQueueCreateMutex
                0x000000000200d890                xQueueGiveMutexRecursive
                0x000000000200d920                xQueueTakeMutexRecursive
                0x000000000200d9bc                xQueueCreateCountingSemaphore
                0x000000000200da14                xQueueGenericSend
                0x000000000200dbf8                xQueueGenericSendFromISR
                0x000000000200dcec                xQueueGiveFromISR
                0x000000000200ddc8                xQueueReceive
                0x000000000200dfa0                xQueueSemaphoreTake
                0x000000000200e200                xQueuePeek
                0x000000000200e3e0                xQueueReceiveFromISR
                0x000000000200e4c4                xQueuePeekFromISR
                0x000000000200e540                uxQueueMessagesWaiting
                0x000000000200e590                uxQueueSpacesAvailable
                0x000000000200e5f4                uxQueueMessagesWaitingFromISR
                0x000000000200e62c                vQueueDelete
                0x000000000200e668                uxQueueGetQueueNumber
                0x000000000200e690                vQueueSetQueueNumber
                0x000000000200e6c4                ucQueueGetQueueType
                0x000000000200ead8                xQueueIsQueueEmptyFromISR
                0x000000000200eb88                xQueueIsQueueFullFromISR
                0x000000000200ebd8                vQueueWaitForMessageRestricted
 .text          0x000000000200eca0     0x2c4c ../FreeRTOS_bsp/\libfreertos_bsp.a(tasks.o)
                0x000000000200eca0                xTaskCreate
                0x000000000200f07c                vTaskDelete
                0x000000000200f174                vTaskDelayUntil
                0x000000000200f264                vTaskDelay
                0x000000000200f2c0                eTaskGetState
                0x000000000200f3e0                uxTaskPriorityGet
                0x000000000200f448                uxTaskPriorityGetFromISR
                0x000000000200f494                vTaskPrioritySet
                0x000000000200f648                vTaskSuspend
                0x000000000200f7d0                vTaskResume
                0x000000000200f8ac                xTaskResumeFromISR
                0x000000000200f98c                vTaskStartScheduler
                0x000000000200fa1c                vTaskEndScheduler
                0x000000000200fa50                vTaskSuspendAll
                0x000000000200fa7c                xTaskResumeAll
                0x000000000200fbe4                xTaskGetTickCount
                0x000000000200fc0c                xTaskGetTickCountFromISR
                0x000000000200fc38                uxTaskGetNumberOfTasks
                0x000000000200fc58                pcTaskGetName
                0x000000000200fc98                uxTaskGetSystemState
                0x000000000200fe20                xTaskCatchUpTicks
                0x000000000200fe6c                xTaskIncrementTick
                0x000000000201001c                vTaskSwitchContext
                0x00000000020100f4                vTaskPlaceOnEventList
                0x0000000002010144                vTaskPlaceOnUnorderedEventList
                0x00000000020101a8                vTaskPlaceOnEventListRestricted
                0x000000000201020c                xTaskRemoveFromEventList
                0x0000000002010300                vTaskRemoveFromUnorderedEventList
                0x00000000020103c8                vTaskSetTimeOutState
                0x0000000002010424                vTaskInternalSetTimeOutState
                0x0000000002010460                xTaskCheckForTimeOut
                0x0000000002010550                vTaskMissedYield
                0x0000000002010578                uxTaskGetTaskNumber
                0x00000000020105c0                vTaskSetTaskNumber
                0x0000000002010768                vTaskGetInfo
                0x0000000002010a4c                uxTaskGetStackHighWaterMark
                0x0000000002010b40                xTaskGetCurrentTaskHandle
                0x0000000002010b68                xTaskGetSchedulerState
                0x0000000002010bb4                xTaskPriorityInherit
                0x0000000002010cf4                xTaskPriorityDisinherit
                0x0000000002010df0                vTaskPriorityDisinheritAfterTimeout
                0x0000000002010f30                vTaskEnterCritical
                0x0000000002010f78                vTaskExitCritical
                0x0000000002010fd4                uxTaskResetEventItemValue
                0x0000000002011018                pvTaskIncrementMutexHeldCount
                0x0000000002011050                ulTaskNotifyTake
                0x0000000002011120                xTaskNotifyWait
                0x0000000002011234                xTaskGenericNotify
                0x00000000020113f0                xTaskGenericNotifyFromISR
                0x00000000020115d4                vTaskNotifyGiveFromISR
                0x00000000020116f4                xTaskNotifyStateClear
                0x000000000201177c                ulTaskNotifyValueClear
 .text          0x00000000020118ec      0xcd4 ../FreeRTOS_bsp/\libfreertos_bsp.a(timers.o)
                0x00000000020118ec                xTimerCreateTimerTask
                0x0000000002011954                xTimerCreate
                0x0000000002011a70                xTimerGenericCommand
                0x0000000002011b4c                xTimerGetTimerDaemonTaskHandle
                0x0000000002011b6c                xTimerGetPeriod
                0x0000000002011b9c                vTimerSetReloadMode
                0x0000000002011c2c                uxTimerGetReloadMode
                0x0000000002011c9c                xTimerGetExpiryTime
                0x0000000002011cd4                pcTimerGetName
                0x0000000002012440                xTimerIsTimerActive
                0x00000000020124b0                pvTimerGetTimerID
                0x0000000002012508                vTimerSetTimerID
                0x0000000002012564                uxTimerGetTimerNumber
                0x000000000201258c                vTimerSetTimerNumber
 .text          0x00000000020125c0       0x2c ../FreeRTOS_bsp/\libfreertos_bsp.a(alt_dev.o)
 .text          0x00000000020125ec       0x60 ../FreeRTOS_bsp/\libfreertos_bsp.a(alt_do_ctors.o)
                0x00000000020125ec                _do_ctors
 .text          0x000000000201264c       0x60 ../FreeRTOS_bsp/\libfreertos_bsp.a(alt_do_dtors.o)
                0x000000000201264c                _do_dtors
 .text          0x00000000020126ac        0x0 ../FreeRTOS_bsp/\libfreertos_bsp.a(alt_exception_muldiv.o)
 .text          0x00000000020126ac       0xec ../FreeRTOS_bsp/\libfreertos_bsp.a(alt_fstat.o)
                0x00000000020126e8                fstat
 .text          0x0000000002012798      0x140 ../FreeRTOS_bsp/\libfreertos_bsp.a(alt_io_redirect.o)
                0x000000000201285c                alt_io_redirect
 .text          0x00000000020128d8       0xe0 ../FreeRTOS_bsp/\libfreertos_bsp.a(alt_isatty.o)
                0x0000000002012914                isatty
 .text          0x00000000020129b8       0xec ../FreeRTOS_bsp/\libfreertos_bsp.a(alt_load.o)
                0x0000000002012a20                alt_load
 .text          0x0000000002012aa4      0x110 ../FreeRTOS_bsp/\libfreertos_bsp.a(alt_lseek.o)
                0x0000000002012ae0                lseek
 .text          0x0000000002012bb4      0x254 ../FreeRTOS_bsp/\libfreertos_bsp.a(alt_open.o)
                0x0000000002012cb4                open
 .text          0x0000000002012e08      0x22c ../FreeRTOS_bsp/\libfreertos_bsp.a(alt_printf.o)
                0x0000000002012e08                alt_printf
 .text          0x0000000002013034       0x3c ../FreeRTOS_bsp/\libfreertos_bsp.a(alt_putchar.o)
                0x0000000002013034                alt_putchar
 .text          0x0000000002013070       0x64 ../FreeRTOS_bsp/\libfreertos_bsp.a(alt_release_fd.o)
                0x0000000002013070                alt_release_fd
 .text          0x00000000020130d4       0xb0 ../FreeRTOS_bsp/\libfreertos_bsp.a(alt_sbrk.o)
                0x00000000020130d4                sbrk
 .text          0x0000000002013184       0x48 ../FreeRTOS_bsp/\libfreertos_bsp.a(alt_lwip_close.o)
                0x0000000002013184                close
 .text          0x00000000020131cc       0x6c ../FreeRTOS_bsp/\libfreertos_bsp.a(alt_lwip_read.o)
                0x00000000020131cc                read
 .text          0x0000000002013238       0x64 ../FreeRTOS_bsp/\libfreertos_bsp.a(alt_lwip_write.o)
                0x0000000002013238                write
 .text          0x000000000201329c      0x474 ../FreeRTOS_bsp/\libfreertos_bsp.a(altera_tse_ethernetif.o)
                0x0000000002013464                ethernetif_input
                0x0000000002013560                ethernetif_init
 .text          0x0000000002013710      0x9c4 ../FreeRTOS_bsp/\libfreertos_bsp.a(lwip_main.o)
                0x0000000002013710                lwip_initialize
                0x0000000002013824                lwip_wait_for_an
                0x0000000002013b0c                get_mac_count
                0x0000000002013b2c                get_mac_base
                0x0000000002013b78                get_netif
                0x0000000002013bc0                lwip_set_status_callback
                0x0000000002013bf4                lwip_set_link_callback
                0x0000000002013c28                lwip_is_interface_up
                0x0000000002013dec                print_ipad
                0x0000000002013ee4                lwip_initialize_phys
 .text          0x00000000020140d4      0xcb4 ../FreeRTOS_bsp/\libfreertos_bsp.a(lwip_tse_mac.o)
                0x00000000020140d4                tse_mac_init
                0x0000000002014920                tse_sgdma_read_init
                0x00000000020149c4                tse_sgdma_rx_isr
                0x0000000002014a58                tse_mac_raw_send
                0x0000000002014bb8                tse_mac_rcv
 .text          0x0000000002014d88      0x854 ../FreeRTOS_bsp/\libfreertos_bsp.a(sys_arch.o)
                0x0000000002014d88                sys_init
                0x0000000002014da8                sys_now
                0x0000000002014dfc                sys_sem_new
                0x0000000002014ee0                sys_sem_free
                0x0000000002014f38                sys_sem_signal
                0x0000000002014f80                sys_arch_sem_wait
                0x000000000201505c                sys_mutex_new
                0x000000000201511c                sys_mutex_lock
                0x0000000002015168                sys_mutex_unlock
                0x00000000020151b0                sys_mutex_free
                0x0000000002015208                sys_mbox_new
                0x00000000020152d8                sys_mbox_free
                0x0000000002015348                sys_mbox_post
                0x0000000002015398                sys_mbox_trypost
                0x00000000020153f8                sys_arch_mbox_fetch
                0x00000000020154f8                sys_arch_mbox_tryfetch
                0x0000000002015560                sys_thread_new
 .text          0x00000000020155dc     0x3348 ../FreeRTOS_bsp/\libfreertos_bsp.a(dhcp.o)
                0x0000000002015a74                dhcp_coarse_tmr
                0x0000000002015b1c                dhcp_fine_tmr
                0x000000000201607c                dhcp_set_struct
                0x00000000020160c8                dhcp_cleanup
                0x0000000002016118                dhcp_start
                0x0000000002016304                dhcp_inform
                0x00000000020164b0                dhcp_network_changed
                0x0000000002016558                dhcp_arp_reply
                0x0000000002016b88                dhcp_renew
                0x0000000002016fec                dhcp_release
                0x0000000002017190                dhcp_stop
 .text          0x0000000002018924      0x79c ../FreeRTOS_bsp/\libfreertos_bsp.a(ip_addr.o)
                0x0000000002018924                ip4_addr_isbroadcast
                0x00000000020189f0                ip4_addr_netmask_valid
                0x0000000002018ab4                ipaddr_addr
                0x0000000002018af8                ipaddr_aton
                0x0000000002018ef0                ipaddr_ntoa
                0x0000000002018f2c                ipaddr_ntoa_r
 .text          0x00000000020190c0      0x99c ../FreeRTOS_bsp/\libfreertos_bsp.a(mem.o)
                0x00000000020191e8                mem_init
                0x00000000020192a0                mem_free
                0x00000000020193ac                mem_trim
                0x00000000020196b4                mem_malloc
                0x00000000020199e4                mem_calloc
 .text          0x0000000002019a5c      0x800 ../FreeRTOS_bsp/\libfreertos_bsp.a(netif.o)
                0x0000000002019a5c                netif_init
                0x0000000002019a7c                netif_add
                0x0000000002019b6c                netif_set_addr
                0x0000000002019bc8                netif_remove
                0x0000000002019ca0                netif_find
                0x0000000002019d80                netif_set_ipaddr
                0x0000000002019ea8                netif_set_gw
                0x0000000002019ef0                netif_set_netmask
                0x0000000002019f38                netif_set_default
                0x0000000002019f64                netif_set_up
                0x000000000201a014                netif_set_down
                0x000000000201a0a8                netif_set_status_callback
                0x000000000201a0e4                netif_set_link_up
                0x000000000201a1a8                netif_set_link_down
                0x000000000201a220                netif_set_link_callback
 .text          0x000000000201a25c     0x16d4 ../FreeRTOS_bsp/\libfreertos_bsp.a(pbuf.o)
                0x000000000201a3ac                pbuf_alloc
                0x000000000201a718                pbuf_alloced_custom
                0x000000000201a858                pbuf_realloc
                0x000000000201a9b8                pbuf_header
                0x000000000201ab68                pbuf_free
                0x000000000201acac                pbuf_clen
                0x000000000201acf8                pbuf_ref
                0x000000000201ad5c                pbuf_cat
                0x000000000201ae30                pbuf_chain
                0x000000000201ae74                pbuf_dechain
                0x000000000201af10                pbuf_copy
                0x000000000201b16c                pbuf_copy_partial
                0x000000000201b308                pbuf_take
                0x000000000201b45c                pbuf_coalesce
                0x000000000201b4e8                pbuf_fill_chksum
                0x000000000201b5f4                pbuf_get_at
                0x000000000201b6a4                pbuf_memcmp
                0x000000000201b7c4                pbuf_memfind
                0x000000000201b88c                pbuf_strstr
 .text          0x000000000201b930       0x20 ../FreeRTOS_bsp/\libfreertos_bsp.a(stats.o)
                0x000000000201b930                stats_init
 .text          0x000000000201b950     0x24b0 ../FreeRTOS_bsp/\libfreertos_bsp.a(tcp.o)
                0x000000000201b950                tcp_init
                0x000000000201b970                tcp_tmr
                0x000000000201bd08                tcp_close
                0x000000000201bd64                tcp_shutdown
                0x000000000201be54                tcp_abandon
                0x000000000201bfb4                tcp_abort
                0x000000000201bfec                tcp_bind
                0x000000000201c1ec                tcp_listen_with_backlog
                0x000000000201c454                tcp_update_rcv_ann_wnd
                0x000000000201c544                tcp_recved
                0x000000000201c6c4                tcp_connect
                0x000000000201ca5c                tcp_slowtmr
                0x000000000201d194                tcp_fasttmr
                0x000000000201d28c                tcp_process_refused_data
                0x000000000201d3dc                tcp_segs_free
                0x000000000201d430                tcp_seg_free
                0x000000000201d48c                tcp_setprio
                0x000000000201d4c4                tcp_seg_copy
                0x000000000201d52c                tcp_recv_null
                0x000000000201d714                tcp_alloc
                0x000000000201d914                tcp_new
                0x000000000201d940                tcp_arg
                0x000000000201d974                tcp_recv
                0x000000000201d9a8                tcp_sent
                0x000000000201d9dc                tcp_err
                0x000000000201da10                tcp_accept
                0x000000000201da44                tcp_poll
                0x000000000201da8c                tcp_pcb_purge
                0x000000000201dbfc                tcp_pcb_remove
                0x000000000201dd08                tcp_next_iss
                0x000000000201dd38                tcp_eff_send_mss
                0x000000000201ddc4                tcp_debug_state_str
 .text          0x000000000201de00     0x36f8 ../FreeRTOS_bsp/\libfreertos_bsp.a(tcp_out.o)
                0x000000000201e1e8                tcp_send_fin
                0x000000000201e9cc                tcp_write
                0x000000000201f2fc                tcp_enqueue_flags
                0x000000000201f5e4                tcp_send_empty_ack
                0x000000000201f780                tcp_output
                0x000000000202082c                tcp_rst
                0x0000000002020bf8                tcp_rexmit_rto
                0x0000000002020cac                tcp_rexmit
                0x0000000002020f54                tcp_rexmit_fast
                0x000000000202107c                tcp_keepalive
                0x0000000002021210                tcp_zero_window_probe
 .text          0x00000000020214f8      0x5c4 ../FreeRTOS_bsp/\libfreertos_bsp.a(timers.o)
                0x0000000002021554                tcp_timer_needed
                0x00000000020216c0                sys_timeouts_init
                0x0000000002021738                sys_timeout
                0x00000000020218b4                sys_untimeout
                0x00000000020219a8                sys_timeouts_mbox_fetch
 .text          0x0000000002021abc     0x10b8 ../FreeRTOS_bsp/\libfreertos_bsp.a(udp.o)
                0x0000000002021abc                udp_init
                0x0000000002021b78                udp_input
                0x00000000020220f8                udp_send
                0x000000000202214c                udp_send_chksum
                0x00000000020221c0                udp_sendto
                0x0000000002022218                udp_sendto_chksum
                0x00000000020222d0                udp_sendto_if
                0x0000000002022330                udp_sendto_if_chksum
                0x0000000002022784                udp_bind
                0x00000000020228e0                udp_connect
                0x00000000020229e8                udp_disconnect
                0x0000000002022a38                udp_recv
                0x0000000002022a7c                udp_remove
                0x0000000002022b1c                udp_new
 .text          0x0000000002022b74     0x1a90 ../FreeRTOS_bsp/\libfreertos_bsp.a(etharp.o)
                0x0000000002022c78                etharp_tmr
                0x0000000002023378                etharp_cleanup_netif
                0x000000000202341c                etharp_find_addr
                0x0000000002023a5c                etharp_output
                0x0000000002023d48                etharp_query
                0x0000000002024348                etharp_request
                0x00000000020243bc                ethernet_input
 .text          0x0000000002024604      0x118 ../FreeRTOS_bsp/\libfreertos_bsp.a(alt_sys_init.o)
                0x0000000002024638                alt_irq_init
                0x0000000002024670                alt_sys_init
 .text          0x000000000202471c      0x164 ../FreeRTOS_bsp/\libfreertos_bsp.a(altera_avalon_jtag_uart_fd.o)
                0x000000000202471c                altera_avalon_jtag_uart_read_fd
                0x000000000202477c                altera_avalon_jtag_uart_write_fd
                0x00000000020247dc                altera_avalon_jtag_uart_close_fd
                0x000000000202482c                altera_avalon_jtag_uart_ioctl_fd
 .text          0x0000000002024880      0x45c ../FreeRTOS_bsp/\libfreertos_bsp.a(altera_avalon_jtag_uart_init.o)
                0x0000000002024880                altera_avalon_jtag_uart_init
                0x0000000002024c74                altera_avalon_jtag_uart_close
 .text          0x0000000002024cdc       0xf0 ../FreeRTOS_bsp/\libfreertos_bsp.a(altera_avalon_jtag_uart_ioctl.o)
                0x0000000002024cdc                altera_avalon_jtag_uart_ioctl
 .text          0x0000000002024dcc      0x258 ../FreeRTOS_bsp/\libfreertos_bsp.a(altera_avalon_jtag_uart_read.o)
                0x0000000002024dcc                altera_avalon_jtag_uart_read
 .text          0x0000000002025024      0x260 ../FreeRTOS_bsp/\libfreertos_bsp.a(altera_avalon_jtag_uart_write.o)
                0x0000000002025024                altera_avalon_jtag_uart_write
 .text          0x0000000002025284      0xd94 ../FreeRTOS_bsp/\libfreertos_bsp.a(altera_avalon_sgdma.o)
                0x00000000020252c0                alt_avalon_sgdma_do_async_transfer
                0x00000000020253e4                alt_avalon_sgdma_do_sync_transfer
                0x00000000020254f4                alt_avalon_sgdma_construct_mem_to_mem_desc
                0x0000000002025568                alt_avalon_sgdma_construct_mem_to_mem_desc_burst
                0x00000000020255ec                alt_avalon_sgdma_construct_stream_to_mem_desc
                0x000000000202564c                alt_avalon_sgdma_construct_stream_to_mem_desc_burst
                0x00000000020256c4                alt_avalon_sgdma_construct_mem_to_stream_desc
                0x0000000002025744                alt_avalon_sgdma_construct_mem_to_stream_desc_burst
                0x00000000020257d0                alt_avalon_sgdma_register_callback
                0x0000000002025824                alt_avalon_sgdma_start
                0x000000000202587c                alt_avalon_sgdma_stop
                0x00000000020258d8                alt_avalon_sgdma_check_descriptor_status
                0x000000000202593c                alt_avalon_sgdma_open
                0x0000000002025990                alt_avalon_sgdma_construct_descriptor
                0x0000000002025a1c                alt_avalon_sgdma_enable_desc_poll
                0x0000000002025a9c                alt_avalon_sgdma_disable_desc_poll
                0x0000000002025afc                alt_avalon_sgdma_construct_descriptor_burst
                0x0000000002025f70                alt_avalon_sgdma_init
 .text          0x0000000002026018       0xf4 ../FreeRTOS_bsp/\libfreertos_bsp.a(altera_avalon_timer_sc.o)
                0x0000000002026090                alt_avalon_timer_sc_init
 .text          0x000000000202610c     0x4fdc ../FreeRTOS_bsp/\libfreertos_bsp.a(altera_avalon_tse.o)
                0x000000000202610c                no_printf
                0x000000000202613c                tse_mac_initTransInfo2
                0x000000000202619c                tse_mac_sTxWrite
                0x0000000002026280                tse_mac_aRxRead
                0x0000000002026328                tse_mac_SwReset
                0x00000000020263b0                tse_mac_setMIImode
                0x0000000002026404                tse_mac_setGMIImode
                0x0000000002026454                alt_tse_phy_add_profile
                0x0000000002026638                alt_tse_system_add_sys
                0x0000000002027034                alt_tse_sys_enable_mdio_sharing
                0x000000000202719c                alt_tse_mac_get_common_speed
                0x00000000020271dc                alt_tse_mac_set_common_speed
                0x0000000002027224                alt_tse_get_system_index
                0x0000000002027290                alt_tse_get_mac_group_index
                0x0000000002027304                alt_tse_get_mac_info_index
                0x0000000002027384                alt_tse_get_mac_info
                0x000000000202745c                alt_tse_mac_set_speed
                0x000000000202753c                alt_tse_mac_set_duplex
                0x00000000020275c8                getPHYSpeed
                0x0000000002028044                alt_tse_phy_rd_mdio_addr
                0x000000000202808c                alt_tse_phy_wr_mdio_addr
                0x00000000020280e4                alt_tse_phy_wr_mdio_reg
                0x000000000202820c                alt_tse_phy_rd_mdio_reg
                0x00000000020282d8                alt_tse_phy_add_profile_default
                0x0000000002028574                alt_tse_phy_print_profile
                0x0000000002028784                alt_tse_mac_group_init
                0x0000000002028e28                alt_tse_mac_get_phy
                0x000000000202924c                alt_tse_mac_associate_phy
                0x0000000002029494                alt_tse_phy_cfg_pcs
                0x00000000020295bc                alt_tse_phy_init
                0x00000000020296d4                alt_tse_phy_restart_an
                0x0000000002029890                alt_tse_phy_check_link
                0x00000000020299f0                alt_tse_phy_get_cap
                0x0000000002029f84                alt_tse_phy_set_adv_1000
                0x000000000202a148                alt_tse_phy_set_adv_100
                0x000000000202a39c                alt_tse_phy_set_adv_10
                0x000000000202a544                alt_tse_phy_get_common_speed
                0x000000000202a86c                alt_tse_phy_set_common_speed
                0x000000000202ad20                marvell_phy_cfg
                0x000000000202adb8                marvell_cfg_gmii
                0x000000000202ae9c                marvell_cfg_sgmii
                0x000000000202af80                marvell_cfg_rgmii
                0x000000000202b070                DP83848C_link_status_read
 .text          0x000000000202b0e8      0x110 ../FreeRTOS_bsp/\libfreertos_bsp.a(altera_avalon_uart_fd.o)
                0x000000000202b0e8                altera_avalon_uart_read_fd
                0x000000000202b148                altera_avalon_uart_write_fd
                0x000000000202b1a8                altera_avalon_uart_close_fd
 .text          0x000000000202b1f8      0x478 ../FreeRTOS_bsp/\libfreertos_bsp.a(altera_avalon_uart_init.o)
                0x000000000202b1f8                altera_avalon_uart_init
                0x000000000202b61c                altera_avalon_uart_close
 .text          0x000000000202b670      0x254 ../FreeRTOS_bsp/\libfreertos_bsp.a(altera_avalon_uart_read.o)
                0x000000000202b6ac                altera_avalon_uart_read
 .text          0x000000000202b8c4      0x224 ../FreeRTOS_bsp/\libfreertos_bsp.a(altera_avalon_uart_write.o)
                0x000000000202b900                altera_avalon_uart_write
 .text          0x000000000202bae8       0xa4 ../FreeRTOS_bsp/\libfreertos_bsp.a(alt_env_lock.o)
                0x000000000202bae8                __env_lock
                0x000000000202bb48                __env_unlock
 .text          0x000000000202bb8c      0x140 ../FreeRTOS_bsp/\libfreertos_bsp.a(heap_3.o)
                0x000000000202bb8c                pvPortMalloc
                0x000000000202bc58                vPortFree
                0x000000000202bc7c                vPortInitialiseBlocks
                0x000000000202bca0                xPortGetFreeHeapSize
 .text          0x000000000202bccc      0x290 ../FreeRTOS_bsp/\libfreertos_bsp.a(list.o)
                0x000000000202bccc                vListInitialise
                0x000000000202bd34                vListInitialiseItem
                0x000000000202bd60                vListInsertEnd
                0x000000000202bdec                vListInsert
                0x000000000202bec4                uxListRemove
 .text          0x000000000202bf5c      0x448 ../FreeRTOS_bsp/\libfreertos_bsp.a(port.o)
                0x000000000202bf88                enh_alt_irq_disable_all
                0x000000000202bfd8                enh_alt_irq_enable_all
                0x000000000202c014                pxPortInitialiseStack
                0x000000000202c0f4                xPortStartScheduler
                0x000000000202c12c                vPortEndScheduler
                0x000000000202c1e8                vPortSysTickHandler
                0x000000000202c234                alt_irq_register
 .text          0x000000000202c3a4        0x0 ../FreeRTOS_bsp/\libfreertos_bsp.a(port_asm.o)
 .text          0x000000000202c3a4        0x0 ../FreeRTOS_bsp/\libfreertos_bsp.a(tse_ethernet_phys.o)
 .text          0x000000000202c3a4      0x12c ../FreeRTOS_bsp/\libfreertos_bsp.a(alt_alarm_start.o)
                0x000000000202c3a4                alt_alarm_start
 .text          0x000000000202c4d0      0x10c ../FreeRTOS_bsp/\libfreertos_bsp.a(alt_close.o)
                0x000000000202c50c                alt_close
 .text          0x000000000202c5dc       0x28 ../FreeRTOS_bsp/\libfreertos_bsp.a(alt_dcache_flush.o)
                0x000000000202c5dc                alt_dcache_flush
 .text          0x000000000202c604       0x20 ../FreeRTOS_bsp/\libfreertos_bsp.a(alt_dcache_flush_all.o)
                0x000000000202c604                alt_dcache_flush_all
 .text          0x000000000202c624       0xe0 ../FreeRTOS_bsp/\libfreertos_bsp.a(alt_dev_llist_insert.o)
                0x000000000202c660                alt_dev_llist_insert
 .text          0x000000000202c704        0x0 ../FreeRTOS_bsp/\libfreertos_bsp.a(alt_errno.o)
 .text          0x000000000202c704       0x90 ../FreeRTOS_bsp/\libfreertos_bsp.a(alt_find_dev.o)
                0x000000000202c704                alt_find_dev
 .text          0x000000000202c794      0x108 ../FreeRTOS_bsp/\libfreertos_bsp.a(alt_find_file.o)
                0x000000000202c794                alt_find_file
 .text          0x000000000202c89c       0xe0 ../FreeRTOS_bsp/\libfreertos_bsp.a(alt_get_fd.o)
                0x000000000202c89c                alt_get_fd
 .text          0x000000000202c97c      0x1f4 ../FreeRTOS_bsp/\libfreertos_bsp.a(alt_gettod.o)
                0x000000000202c97c                gettimeofday
 .text          0x000000000202cb70       0x34 ../FreeRTOS_bsp/\libfreertos_bsp.a(alt_icache_flush_all.o)
                0x000000000202cb70                alt_icache_flush_all
 .text          0x000000000202cba4      0x1b0 ../FreeRTOS_bsp/\libfreertos_bsp.a(alt_iic.o)
                0x000000000202cba4                alt_ic_isr_register
                0x000000000202cbf4                alt_ic_irq_enable
                0x000000000202cc7c                alt_ic_irq_disable
                0x000000000202cd08                alt_ic_irq_enabled
 .text          0x000000000202cd54       0xf0 ../FreeRTOS_bsp/\libfreertos_bsp.a(alt_iic_isr_register.o)
                0x000000000202cd54                alt_iic_isr_register
 .text          0x000000000202ce44        0x0 ../FreeRTOS_bsp/\libfreertos_bsp.a(alt_irq_handler.o)
 .text          0x000000000202ce44        0x0 ../FreeRTOS_bsp/\libfreertos_bsp.a(alt_irq_vars.o)
 .text          0x000000000202ce44      0x138 ../FreeRTOS_bsp/\libfreertos_bsp.a(alt_read.o)
                0x000000000202ce80                alt_read
 .text          0x000000000202cf7c      0x1a4 ../FreeRTOS_bsp/\libfreertos_bsp.a(alt_tick.o)
                0x000000000202cf7c                alt_alarm_stop
                0x000000000202d018                alt_tick
 .text          0x000000000202d120       0x30 ../FreeRTOS_bsp/\libfreertos_bsp.a(alt_uncached_malloc.o)
                0x000000000202d120                alt_uncached_malloc
 .text          0x000000000202d150       0x30 ../FreeRTOS_bsp/\libfreertos_bsp.a(alt_usleep.o)
                0x000000000202d150                usleep
 .text          0x000000000202d180      0x134 ../FreeRTOS_bsp/\libfreertos_bsp.a(alt_write.o)
                0x000000000202d1bc                alt_write
 .text          0x000000000202d2b4       0x24 ../FreeRTOS_bsp/\libfreertos_bsp.a(altera_nios2_gen2_irq.o)
                0x000000000202d2b4                altera_nios2_gen2_irq_init
 .text          0x000000000202d2d8     0x328c ../FreeRTOS_bsp/\libfreertos_bsp.a(sockets.o)
                0x000000000202d2d8                lwip_socket_init
                0x000000000202d628                lwip_accept
                0x000000000202d92c                lwip_bind
                0x000000000202da80                lwip_close
                0x000000000202db0c                lwip_connect
                0x000000000202dc88                lwip_listen
                0x000000000202dd98                lwip_recvfrom
                0x000000000202e270                lwip_read
                0x000000000202e2bc                lwip_recv
                0x000000000202e30c                lwip_send
                0x000000000202e450                lwip_sendto
                0x000000000202e648                lwip_socket
                0x000000000202e790                lwip_write
                0x000000000202eb54                lwip_select
                0x000000000202f3e0                lwip_shutdown
                0x000000000202f668                lwip_getpeername
                0x000000000202f6ac                lwip_getsockname
                0x000000000202f6f0                lwip_getsockopt
                0x000000000202fdb0                lwip_setsockopt
                0x000000000203037c                lwip_ioctl
                0x0000000002030460                lwip_fcntl
 .text          0x0000000002030564      0x6ec ../FreeRTOS_bsp/\libfreertos_bsp.a(tcpip.o)
                0x0000000002030724                tcpip_input
                0x00000000020307d4                tcpip_callback_with_block
                0x00000000020308a4                tcpip_timeout
                0x0000000002030940                tcpip_untimeout
                0x00000000020309cc                tcpip_apimsg
                0x0000000002030a3c                tcpip_callbackmsg_new
                0x0000000002030aac                tcpip_callbackmsg_delete
                0x0000000002030ae4                tcpip_trycallback
                0x0000000002030b28                tcpip_init
                0x0000000002030bd8                pbuf_free_callback
                0x0000000002030c14                mem_free_callback
 .text          0x0000000002030c50       0x4c ../FreeRTOS_bsp/\libfreertos_bsp.a(init.o)
                0x0000000002030c50                lwip_init
 .text          0x0000000002030c9c      0x86c ../FreeRTOS_bsp/\libfreertos_bsp.a(icmp.o)
                0x0000000002030c9c                icmp_input
                0x0000000002031298                icmp_dest_unreach
                0x00000000020312e0                icmp_time_exceeded
 .text          0x0000000002031508      0x814 ../FreeRTOS_bsp/\libfreertos_bsp.a(inet_chksum.o)
                0x000000000203173c                inet_chksum_pseudo
                0x000000000203193c                inet_chksum_pseudo_partial
                0x0000000002031b74                inet_chksum
                0x0000000002031bb8                inet_chksum_pbuf
                0x0000000002031cc4                lwip_chksum_copy
 .text          0x0000000002031d1c      0xdfc ../FreeRTOS_bsp/\libfreertos_bsp.a(ip.o)
                0x0000000002031d1c                ip_route
                0x0000000002031e0c                ip_input
                0x0000000002032348                ip_output_if
                0x0000000002032994                ip_output
                0x0000000002032a48                ip_output_hinted
 .text          0x0000000002032b18     0x1758 ../FreeRTOS_bsp/\libfreertos_bsp.a(ip_frag.o)
                0x0000000002032b18                ip_reass_tmr
                0x000000000203371c                ip_reass
                0x0000000002033de4                ip_frag
 .text          0x0000000002034270      0x478 ../FreeRTOS_bsp/\libfreertos_bsp.a(memp.o)
                0x0000000002034270                memp_init
                0x0000000002034434                memp_malloc
                0x0000000002034600                memp_free
 .text          0x00000000020346e8      0x4ec ../FreeRTOS_bsp/\libfreertos_bsp.a(raw.o)
                0x00000000020346e8                raw_input
                0x0000000002034814                raw_bind
                0x000000000203485c                raw_connect
                0x00000000020348a4                raw_recv
                0x00000000020348e8                raw_sendto
                0x0000000002034a70                raw_send
                0x0000000002034ab4                raw_remove
                0x0000000002034b54                raw_new
 .text          0x0000000002034bd4     0x4210 ../FreeRTOS_bsp/\libfreertos_bsp.a(tcp_in.o)
                0x0000000002034bd4                tcp_input
 .text          0x0000000002038de4      0x158 ../FreeRTOS_bsp/\libfreertos_bsp.a(alt_busy_sleep.o)
                0x0000000002038de4                alt_busy_sleep
 .text          0x0000000002038f3c       0x90 ../FreeRTOS_bsp/\libfreertos_bsp.a(alt_icache_flush.o)
                0x0000000002038f3c                alt_icache_flush
 .text          0x0000000002038fcc     0x1110 ../FreeRTOS_bsp/\libfreertos_bsp.a(api_lib.o)
                0x0000000002038fcc                netconn_new_with_proto_and_callback
                0x0000000002039088                netconn_delete
                0x00000000020390e8                netconn_getaddr
                0x0000000002039224                netconn_bind
                0x00000000020392fc                netconn_connect
                0x00000000020393d4                netconn_disconnect
                0x0000000002039490                netconn_listen_with_backlog
                0x000000000203955c                netconn_accept
                0x00000000020399e8                netconn_recv_tcp_pbuf
                0x0000000002039a5c                netconn_recv
                0x0000000002039c04                netconn_recved
                0x0000000002039c84                netconn_sendto
                0x0000000002039d04                netconn_send
                0x0000000002039dcc                netconn_write_partly
                0x000000000203a03c                netconn_close
                0x000000000203a070                netconn_shutdown
 .text          0x000000000203a0dc     0x24d4 ../FreeRTOS_bsp/\libfreertos_bsp.a(api_msg.o)
                0x000000000203abf8                do_newconn
                0x000000000203ac58                netconn_alloc
                0x000000000203ad84                netconn_free
                0x000000000203b1e0                do_delconn
                0x000000000203b3b4                do_bind
                0x000000000203b678                do_connect
                0x000000000203b8c4                do_disconnect
                0x000000000203b948                do_listen
                0x000000000203bb48                do_send
                0x000000000203bd8c                do_recv
                0x000000000203c194                do_write
                0x000000000203c2a8                do_getaddr
                0x000000000203c480                do_close
 .text          0x000000000203c5b0      0x5ec ../FreeRTOS_bsp/\libfreertos_bsp.a(netbuf.o)
                0x000000000203c5b0                netbuf_new
                0x000000000203c624                netbuf_delete
                0x000000000203c698                netbuf_alloc
                0x000000000203c760                netbuf_free
                0x000000000203c7ec                netbuf_ref
                0x000000000203c8e4                netbuf_chain
                0x000000000203c9a4                netbuf_data
                0x000000000203ca98                netbuf_next
                0x000000000203cb34                netbuf_first
 .text          0x000000000203cb9c        0x0 c:/altera/18.1/nios2eds/bin/gnu/h-x86_64-mingw32/bin/../lib/gcc/nios2-elf/5.3.0/../../../../../H-x86_64-mingw32/nios2-elf/lib\libc.a(lib_a-atexit.o)
 .text.atexit   0x000000000203cb9c       0x14 c:/altera/18.1/nios2eds/bin/gnu/h-x86_64-mingw32/bin/../lib/gcc/nios2-elf/5.3.0/../../../../../H-x86_64-mingw32/nios2-elf/lib\libc.a(lib_a-atexit.o)
                0x000000000203cb9c                atexit
 .text          0x000000000203cbb0        0x0 c:/altera/18.1/nios2eds/bin/gnu/h-x86_64-mingw32/bin/../lib/gcc/nios2-elf/5.3.0/../../../../../H-x86_64-mingw32/nios2-elf/lib\libc.a(lib_a-exit.o)
 .text.exit     0x000000000203cbb0       0x38 c:/altera/18.1/nios2eds/bin/gnu/h-x86_64-mingw32/bin/../lib/gcc/nios2-elf/5.3.0/../../../../../H-x86_64-mingw32/nios2-elf/lib\libc.a(lib_a-exit.o)
                0x000000000203cbb0                exit
 .text          0x000000000203cbe8        0x0 c:/altera/18.1/nios2eds/bin/gnu/h-x86_64-mingw32/bin/../lib/gcc/nios2-elf/5.3.0/../../../../../H-x86_64-mingw32/nios2-elf/lib\libc.a(lib_a-malloc.o)
 .text.malloc   0x000000000203cbe8       0x14 c:/altera/18.1/nios2eds/bin/gnu/h-x86_64-mingw32/bin/../lib/gcc/nios2-elf/5.3.0/../../../../../H-x86_64-mingw32/nios2-elf/lib\libc.a(lib_a-malloc.o)
                0x000000000203cbe8                malloc
 .text.free     0x000000000203cbfc       0x14 c:/altera/18.1/nios2eds/bin/gnu/h-x86_64-mingw32/bin/../lib/gcc/nios2-elf/5.3.0/../../../../../H-x86_64-mingw32/nios2-elf/lib\libc.a(lib_a-malloc.o)
                0x000000000203cbfc                free
 .text          0x000000000203cc10        0x0 c:/altera/18.1/nios2eds/bin/gnu/h-x86_64-mingw32/bin/../lib/gcc/nios2-elf/5.3.0/../../../../../H-x86_64-mingw32/nios2-elf/lib\libc.a(lib_a-memcmp.o)
 .text.memcmp   0x000000000203cc10       0x7c c:/altera/18.1/nios2eds/bin/gnu/h-x86_64-mingw32/bin/../lib/gcc/nios2-elf/5.3.0/../../../../../H-x86_64-mingw32/nios2-elf/lib\libc.a(lib_a-memcmp.o)
                0x000000000203cc10                memcmp
 .text          0x000000000203cc8c        0x0 c:/altera/18.1/nios2eds/bin/gnu/h-x86_64-mingw32/bin/../lib/gcc/nios2-elf/5.3.0/../../../../../H-x86_64-mingw32/nios2-elf/lib\libc.a(lib_a-putc.o)
 .text._putc_r  0x000000000203cc8c       0xa0 c:/altera/18.1/nios2eds/bin/gnu/h-x86_64-mingw32/bin/../lib/gcc/nios2-elf/5.3.0/../../../../../H-x86_64-mingw32/nios2-elf/lib\libc.a(lib_a-putc.o)
                0x000000000203cc8c                _putc_r
 .text.putc     0x000000000203cd2c       0xc8 c:/altera/18.1/nios2eds/bin/gnu/h-x86_64-mingw32/bin/../lib/gcc/nios2-elf/5.3.0/../../../../../H-x86_64-mingw32/nios2-elf/lib\libc.a(lib_a-putc.o)
                0x000000000203cd2c                putc
 .text          0x000000000203cdf4        0x0 c:/altera/18.1/nios2eds/bin/gnu/h-x86_64-mingw32/bin/../lib/gcc/nios2-elf/5.3.0/../../../../../H-x86_64-mingw32/nios2-elf/lib\libc.a(lib_a-puts.o)
 .text._puts_r  0x000000000203cdf4       0xc0 c:/altera/18.1/nios2eds/bin/gnu/h-x86_64-mingw32/bin/../lib/gcc/nios2-elf/5.3.0/../../../../../H-x86_64-mingw32/nios2-elf/lib\libc.a(lib_a-puts.o)
                0x000000000203cdf4                _puts_r
 .text.puts     0x000000000203ceb4       0x14 c:/altera/18.1/nios2eds/bin/gnu/h-x86_64-mingw32/bin/../lib/gcc/nios2-elf/5.3.0/../../../../../H-x86_64-mingw32/nios2-elf/lib\libc.a(lib_a-puts.o)
                0x000000000203ceb4                puts
 .text          0x000000000203cec8        0x0 c:/altera/18.1/nios2eds/bin/gnu/h-x86_64-mingw32/bin/../lib/gcc/nios2-elf/5.3.0/../../../../../H-x86_64-mingw32/nios2-elf/lib\libc.a(lib_a-snprintf.o)
 .text._snprintf_r
                0x000000000203cec8       0xd8 c:/altera/18.1/nios2eds/bin/gnu/h-x86_64-mingw32/bin/../lib/gcc/nios2-elf/5.3.0/../../../../../H-x86_64-mingw32/nios2-elf/lib\libc.a(lib_a-snprintf.o)
                0x000000000203cec8                _snprintf_r
 .text.snprintf
                0x000000000203cfa0       0xe4 c:/altera/18.1/nios2eds/bin/gnu/h-x86_64-mingw32/bin/../lib/gcc/nios2-elf/5.3.0/../../../../../H-x86_64-mingw32/nios2-elf/lib\libc.a(lib_a-snprintf.o)
                0x000000000203cfa0                snprintf
 .text          0x000000000203d084        0x0 c:/altera/18.1/nios2eds/bin/gnu/h-x86_64-mingw32/bin/../lib/gcc/nios2-elf/5.3.0/../../../../../H-x86_64-mingw32/nios2-elf/lib\libc.a(lib_a-strcpy.o)
 .text.strcpy   0x000000000203d084       0x90 c:/altera/18.1/nios2eds/bin/gnu/h-x86_64-mingw32/bin/../lib/gcc/nios2-elf/5.3.0/../../../../../H-x86_64-mingw32/nios2-elf/lib\libc.a(lib_a-strcpy.o)
                0x000000000203d084                strcpy
 .text          0x000000000203d114        0x0 c:/altera/18.1/nios2eds/bin/gnu/h-x86_64-mingw32/bin/../lib/gcc/nios2-elf/5.3.0/../../../../../H-x86_64-mingw32/nios2-elf/lib\libc.a(lib_a-svfprintf.o)
 .text.___svfprintf_internal_r
                0x000000000203d114     0x21d8 c:/altera/18.1/nios2eds/bin/gnu/h-x86_64-mingw32/bin/../lib/gcc/nios2-elf/5.3.0/../../../../../H-x86_64-mingw32/nios2-elf/lib\libc.a(lib_a-svfprintf.o)
                0x000000000203d114                ___svfprintf_internal_r
 .text          0x000000000203f2ec        0x0 c:/altera/18.1/nios2eds/bin/gnu/h-x86_64-mingw32/bin/../lib/gcc/nios2-elf/5.3.0/../../../../../H-x86_64-mingw32/nios2-elf/lib\libc.a(lib_a-__atexit.o)
 .text.__register_exitproc
                0x000000000203f2ec      0x118 c:/altera/18.1/nios2eds/bin/gnu/h-x86_64-mingw32/bin/../lib/gcc/nios2-elf/5.3.0/../../../../../H-x86_64-mingw32/nios2-elf/lib\libc.a(lib_a-__atexit.o)
                0x000000000203f2ec                __register_exitproc
 .text          0x000000000203f404        0x0 c:/altera/18.1/nios2eds/bin/gnu/h-x86_64-mingw32/bin/../lib/gcc/nios2-elf/5.3.0/../../../../../H-x86_64-mingw32/nios2-elf/lib\libc.a(lib_a-__call_atexit.o)
 .text.__call_exitprocs
                0x000000000203f404      0x180 c:/altera/18.1/nios2eds/bin/gnu/h-x86_64-mingw32/bin/../lib/gcc/nios2-elf/5.3.0/../../../../../H-x86_64-mingw32/nios2-elf/lib\libc.a(lib_a-__call_atexit.o)
                0x000000000203f404                __call_exitprocs
 .text          0x000000000203f584        0x0 c:/altera/18.1/nios2eds/bin/gnu/h-x86_64-mingw32/bin/../lib/gcc/nios2-elf/5.3.0/../../../../../H-x86_64-mingw32/nios2-elf/lib\libc.a(lib_a-svfiprintf.o)
 .text.__ssprint_r
                0x000000000203f584      0x1d0 c:/altera/18.1/nios2eds/bin/gnu/h-x86_64-mingw32/bin/../lib/gcc/nios2-elf/5.3.0/../../../../../H-x86_64-mingw32/nios2-elf/lib\libc.a(lib_a-svfiprintf.o)
                0x000000000203f584                __ssprint_r
 .text.___svfiprintf_internal_r
                0x000000000203f754     0x123c c:/altera/18.1/nios2eds/bin/gnu/h-x86_64-mingw32/bin/../lib/gcc/nios2-elf/5.3.0/../../../../../H-x86_64-mingw32/nios2-elf/lib\libc.a(lib_a-svfiprintf.o)
                0x000000000203f754                ___svfiprintf_internal_r
 .text          0x0000000002040990       0x60 c:/altera/18.1/nios2eds/bin/gnu/h-x86_64-mingw32/bin/../lib/gcc/nios2-elf/5.3.0\libgcc.a(_muldi3.o)
                0x0000000002040990                __muldi3
 .text          0x00000000020409f0       0x30 ../FreeRTOS_bsp/\libfreertos_bsp.a(alt_exit.o)
                0x00000000020409f0                _exit
 *(.gnu.warning.*)
 *(.fini)
                [!provide]                        PROVIDE (__etext, ABSOLUTE (.))
                [!provide]                        PROVIDE (_etext, ABSOLUTE (.))
                [!provide]                        PROVIDE (etext, ABSOLUTE (.))
 *(.eh_frame_hdr)
                0x0000000002040a20                . = ALIGN (0x4)
                [!provide]                        PROVIDE (__preinit_array_start, ABSOLUTE (.))
 *(.preinit_array)
                [!provide]                        PROVIDE (__preinit_array_end, ABSOLUTE (.))
                [!provide]                        PROVIDE (__init_array_start, ABSOLUTE (.))
 *(.init_array)
                [!provide]                        PROVIDE (__init_array_end, ABSOLUTE (.))
                [!provide]                        PROVIDE (__fini_array_start, ABSOLUTE (.))
 *(.fini_array)
                [!provide]                        PROVIDE (__fini_array_end, ABSOLUTE (.))
 *(.eh_frame)
 *(.gcc_except_table .gcc_except_table.*)
 *(.dynamic)
                0x0000000002040a20                PROVIDE (__CTOR_LIST__, ABSOLUTE (.))
 *(.ctors)
 *(SORT(.ctors.*))
                0x0000000002040a20                PROVIDE (__CTOR_END__, ABSOLUTE (.))
                0x0000000002040a20                PROVIDE (__DTOR_LIST__, ABSOLUTE (.))
 *(.dtors)
 *(SORT(.dtors.*))
                0x0000000002040a20                PROVIDE (__DTOR_END__, ABSOLUTE (.))
 *(.jcr)
                0x0000000002040a20                . = ALIGN (0x4)

.rodata         0x0000000002040a20     0x30b0
                0x0000000002040a20                PROVIDE (__ram_rodata_start, ABSOLUTE (.))
                0x0000000002040a20                . = ALIGN (0x4)
 *(.rodata .rodata.* .gnu.linkonce.r.*)
 .rodata        0x0000000002040a20      0x4f4 obj/default/main.o
 .rodata.str1.4
                0x0000000002040f14       0x42 c:/altera/18.1/nios2eds/bin/gnu/h-x86_64-mingw32/bin/../lib/gcc/nios2-elf/5.3.0/../../../../../H-x86_64-mingw32/nios2-elf/lib\libc.a(lib_a-vfprintf.o)
 .rodata.zeroes.4404
                0x0000000002040f56       0x10 c:/altera/18.1/nios2eds/bin/gnu/h-x86_64-mingw32/bin/../lib/gcc/nios2-elf/5.3.0/../../../../../H-x86_64-mingw32/nios2-elf/lib\libc.a(lib_a-vfprintf.o)
 .rodata.blanks.4403
                0x0000000002040f66       0x10 c:/altera/18.1/nios2eds/bin/gnu/h-x86_64-mingw32/bin/../lib/gcc/nios2-elf/5.3.0/../../../../../H-x86_64-mingw32/nios2-elf/lib\libc.a(lib_a-vfprintf.o)
 *fill*         0x0000000002040f76        0x2 
 .rodata.str1.4
                0x0000000002040f78       0x10 c:/altera/18.1/nios2eds/bin/gnu/h-x86_64-mingw32/bin/../lib/gcc/nios2-elf/5.3.0/../../../../../H-x86_64-mingw32/nios2-elf/lib\libc.a(lib_a-dtoa.o)
                                         0x12 (size before relaxing)
 .rodata.str1.4
                0x0000000002040f88        0x2 c:/altera/18.1/nios2eds/bin/gnu/h-x86_64-mingw32/bin/../lib/gcc/nios2-elf/5.3.0/../../../../../H-x86_64-mingw32/nios2-elf/lib\libc.a(lib_a-impure.o)
 *fill*         0x0000000002040f8a        0x2 
 .rodata.str1.4
                0x0000000002040f8c        0xa c:/altera/18.1/nios2eds/bin/gnu/h-x86_64-mingw32/bin/../lib/gcc/nios2-elf/5.3.0/../../../../../H-x86_64-mingw32/nios2-elf/lib\libc.a(lib_a-locale.o)