Archive member included to satisfy reference by file (symbol)

c:/altera/18.1/nios2eds/bin/gnu/h-x86_64-mingw32/bin/../lib/gcc/nios2-elf/5.3.0/../../../../../H-x86_64-mingw32/nios2-elf/lib\libm.a(lib_a-s_signbit.o)
                              obj/default/open62541.o (__signbitf)
c:/altera/18.1/nios2eds/bin/gnu/h-x86_64-mingw32/bin/../lib/gcc/nios2-elf/5.3.0\libgcc.a(_muldi3.o)
                              obj/default/open62541.o (__muldi3)
c:/altera/18.1/nios2eds/bin/gnu/h-x86_64-mingw32/bin/../lib/gcc/nios2-elf/5.3.0\libgcc.a(_fixunsdfsi.o)
                              obj/default/open62541.o (__fixunsdfsi)
c:/altera/18.1/nios2eds/bin/gnu/h-x86_64-mingw32/bin/../lib/gcc/nios2-elf/5.3.0\libgcc.a(_fixdfdi.o)
                              obj/default/open62541.o (__fixdfdi)
c:/altera/18.1/nios2eds/bin/gnu/h-x86_64-mingw32/bin/../lib/gcc/nios2-elf/5.3.0\libgcc.a(_fixunsdfdi.o)
                              obj/default/open62541.o (__fixunsdfdi)
c:/altera/18.1/nios2eds/bin/gnu/h-x86_64-mingw32/bin/../lib/gcc/nios2-elf/5.3.0\libgcc.a(_floatdisf.o)
                              obj/default/open62541.o (__floatdisf)
c:/altera/18.1/nios2eds/bin/gnu/h-x86_64-mingw32/bin/../lib/gcc/nios2-elf/5.3.0\libgcc.a(_floatdidf.o)
                              obj/default/open62541.o (__floatdidf)
c:/altera/18.1/nios2eds/bin/gnu/h-x86_64-mingw32/bin/../lib/gcc/nios2-elf/5.3.0\libgcc.a(_floatundidf.o)
                              obj/default/open62541.o (__floatundidf)
c:/altera/18.1/nios2eds/bin/gnu/h-x86_64-mingw32/bin/../lib/gcc/nios2-elf/5.3.0\libgcc.a(_divdi3.o)
                              obj/default/open62541.o (__divdi3)
c:/altera/18.1/nios2eds/bin/gnu/h-x86_64-mingw32/bin/../lib/gcc/nios2-elf/5.3.0\libgcc.a(_moddi3.o)
                              obj/default/open62541.o (__moddi3)
c:/altera/18.1/nios2eds/bin/gnu/h-x86_64-mingw32/bin/../lib/gcc/nios2-elf/5.3.0\libgcc.a(lib2-divmod.o)
                              obj/default/open62541.o (__divsi3)
c:/altera/18.1/nios2eds/bin/gnu/h-x86_64-mingw32/bin/../lib/gcc/nios2-elf/5.3.0\libgcc.a(addsf3.o)
                              obj/default/open62541.o (__addsf3)
c:/altera/18.1/nios2eds/bin/gnu/h-x86_64-mingw32/bin/../lib/gcc/nios2-elf/5.3.0\libgcc.a(divsf3.o)
                              obj/default/open62541.o (__divsf3)
c:/altera/18.1/nios2eds/bin/gnu/h-x86_64-mingw32/bin/../lib/gcc/nios2-elf/5.3.0\libgcc.a(eqsf2.o)
                              obj/default/open62541.o (__eqsf2)
c:/altera/18.1/nios2eds/bin/gnu/h-x86_64-mingw32/bin/../lib/gcc/nios2-elf/5.3.0\libgcc.a(gesf2.o)
                              obj/default/open62541.o (__gtsf2)
c:/altera/18.1/nios2eds/bin/gnu/h-x86_64-mingw32/bin/../lib/gcc/nios2-elf/5.3.0\libgcc.a(adddf3.o)
                              obj/default/open62541.o (__adddf3)
c:/altera/18.1/nios2eds/bin/gnu/h-x86_64-mingw32/bin/../lib/gcc/nios2-elf/5.3.0\libgcc.a(divdf3.o)
                              obj/default/open62541.o (__divdf3)
c:/altera/18.1/nios2eds/bin/gnu/h-x86_64-mingw32/bin/../lib/gcc/nios2-elf/5.3.0\libgcc.a(eqdf2.o)
                              obj/default/open62541.o (__eqdf2)
c:/altera/18.1/nios2eds/bin/gnu/h-x86_64-mingw32/bin/../lib/gcc/nios2-elf/5.3.0\libgcc.a(gedf2.o)
                              obj/default/open62541.o (__gedf2)
c:/altera/18.1/nios2eds/bin/gnu/h-x86_64-mingw32/bin/../lib/gcc/nios2-elf/5.3.0\libgcc.a(ledf2.o)
                              obj/default/open62541.o (__ledf2)
c:/altera/18.1/nios2eds/bin/gnu/h-x86_64-mingw32/bin/../lib/gcc/nios2-elf/5.3.0\libgcc.a(muldf3.o)
                              obj/default/open62541.o (__muldf3)
c:/altera/18.1/nios2eds/bin/gnu/h-x86_64-mingw32/bin/../lib/gcc/nios2-elf/5.3.0\libgcc.a(subdf3.o)
                              obj/default/open62541.o (__subdf3)
c:/altera/18.1/nios2eds/bin/gnu/h-x86_64-mingw32/bin/../lib/gcc/nios2-elf/5.3.0\libgcc.a(fixdfsi.o)
                              obj/default/open62541.o (__fixdfsi)
c:/altera/18.1/nios2eds/bin/gnu/h-x86_64-mingw32/bin/../lib/gcc/nios2-elf/5.3.0\libgcc.a(floatsidf.o)
                              obj/default/open62541.o (__floatsidf)
c:/altera/18.1/nios2eds/bin/gnu/h-x86_64-mingw32/bin/../lib/gcc/nios2-elf/5.3.0\libgcc.a(floatunsidf.o)
                              obj/default/open62541.o (__floatunsidf)
c:/altera/18.1/nios2eds/bin/gnu/h-x86_64-mingw32/bin/../lib/gcc/nios2-elf/5.3.0\libgcc.a(extendsfdf2.o)
                              obj/default/open62541.o (__extendsfdf2)
c:/altera/18.1/nios2eds/bin/gnu/h-x86_64-mingw32/bin/../lib/gcc/nios2-elf/5.3.0\libgcc.a(truncdfsf2.o)
                              obj/default/open62541.o (__truncdfsf2)
c:/altera/18.1/nios2eds/bin/gnu/h-x86_64-mingw32/bin/../lib/gcc/nios2-elf/5.3.0\libgcc.a(_clz.o)
                              c:/altera/18.1/nios2eds/bin/gnu/h-x86_64-mingw32/bin/../lib/gcc/nios2-elf/5.3.0\libgcc.a(_divdi3.o) (__clz_tab)
c:/altera/18.1/nios2eds/bin/gnu/h-x86_64-mingw32/bin/../lib/gcc/nios2-elf/5.3.0\libgcc.a(_clzsi2.o)
[...]
Memory Configuration

Name             Origin             Length             Attributes
reset            0x0000000002000000 0x0000000000000020
sdram_controller_0 0x0000000002000020 0x0000000001ffffe0
tse_descriptor_memory_0 0x0000000004000000 0x0000000000002000
mem_0            0x0000000005020000 0x0000000000020000
*default*        0x0000000000000000 0xffffffffffffffff

Linker script and memory map

LOAD ../FreeRTOS_bsp//obj/HAL/src/crt0.o
LOAD obj/default/main.o
LOAD obj/default/open62541.o
LOAD c:/altera/18.1/nios2eds/bin/gnu/h-x86_64-mingw32/bin/../lib/gcc/nios2-elf/5.3.0/../../../../../H-x86_64-mingw32/nios2-elf/lib\libstdc++.a
LOAD c:/altera/18.1/nios2eds/bin/gnu/h-x86_64-mingw32/bin/../lib/gcc/nios2-elf/5.3.0/../../../../../H-x86_64-mingw32/nios2-elf/lib\libm.a
LOAD c:/altera/18.1/nios2eds/bin/gnu/h-x86_64-mingw32/bin/../lib/gcc/nios2-elf/5.3.0\libgcc.a
START GROUP
LOAD c:/altera/18.1/nios2eds/bin/gnu/h-x86_64-mingw32/bin/../lib/gcc/nios2-elf/5.3.0/../../../../../H-x86_64-mingw32/nios2-elf/lib\libc.a
LOAD c:/altera/18.1/nios2eds/bin/gnu/h-x86_64-mingw32/bin/../lib/gcc/nios2-elf/5.3.0\libgcc.a
LOAD ../FreeRTOS_bsp/\libfreertos_bsp.a
LOAD c:/altera/18.1/nios2eds/bin/gnu/h-x86_64-mingw32/bin/../lib/gcc/nios2-elf/5.3.0/../../../../../H-x86_64-mingw32/nios2-elf/lib\libm.a
END GROUP
LOAD c:/altera/18.1/nios2eds/bin/gnu/h-x86_64-mingw32/bin/../lib/gcc/nios2-elf/5.3.0\libgcc.a
                0x0000000002000000                __alt_mem_sdram_controller_0 = 0x2000000
                0x0000000004000000                __alt_mem_tse_descriptor_memory_0 = 0x4000000
                0x0000000005020000                __alt_mem_mem_0 = 0x5020000

.entry          0x0000000002000000       0x20
 *(.entry)
 .entry         0x0000000002000000       0x20 ../FreeRTOS_bsp//obj/HAL/src/crt0.o
                0x0000000002000000                __reset

.exceptions     0x0000000002000020      0x228
                0x0000000002000020                PROVIDE (__ram_exceptions_start, ABSOLUTE (.))
                0x0000000002000020                . = ALIGN (0x20)
 *(.irq)
 *(.exceptions.entry.label)
 *(.exceptions.entry.user)
 *(.exceptions.entry.ecc_fatal)
 *(.exceptions.entry)
 .exceptions.entry
                0x0000000002000020       0x8c ../FreeRTOS_bsp/\libfreertos_bsp.a(port_asm.o)
 *(.exceptions.irqtest.user)
 *(.exceptions.irqtest)
 .exceptions.irqtest
                0x00000000020000ac       0x14 ../FreeRTOS_bsp/\libfreertos_bsp.a(port_asm.o)
 *(.exceptions.irqhandler.user)
 *(.exceptions.irqhandler)
 .exceptions.irqhandler
                0x00000000020000c0        0x4 ../FreeRTOS_bsp/\libfreertos_bsp.a(port_asm.o)
 *(.exceptions.irqreturn.user)
 *(.exceptions.irqreturn)
 .exceptions.irqreturn
                0x00000000020000c4       0x8c ../FreeRTOS_bsp/\libfreertos_bsp.a(port_asm.o)
                0x00000000020000c4                restore_sp_from_pxCurrentTCB
 *(.exceptions.notirq.label)
 *(.exceptions.notirq.user)
 *(.exceptions.notirq)
 *(.exceptions.soft.user)
 *(.exceptions.soft)
 .exceptions.soft
                0x0000000002000150       0x2c ../FreeRTOS_bsp/\libfreertos_bsp.a(port_asm.o)
 *(.exceptions.unknown.user)
 *(.exceptions.unknown)
 *(.exceptions.exit.label)
 *(.exceptions.exit.user)
 *(.exceptions.exit)
 *(.exceptions)
 .exceptions    0x000000000200017c       0xcc ../FreeRTOS_bsp/\libfreertos_bsp.a(alt_irq_handler.o)
                0x000000000200017c                alt_irq_handler
                0x0000000002000248                PROVIDE (__ram_exceptions_end, ABSOLUTE (.))
                0x0000000002000020                PROVIDE (__flash_exceptions_start, LOADADDR (.exceptions))

.text           0x0000000002000248    0xd3af8
                [!provide]                        PROVIDE (stext, ABSOLUTE (.))
 *(.interp)
 *(.hash)
 *(.dynsym)
 *(.dynstr)
 *(.gnu.version)
 *(.gnu.version_d)
 *(.gnu.version_r)
 *(.rel.init)
 *(.rela.init)
 *(.rel.text .rel.text.* .rel.gnu.linkonce.t.*)
 *(.rela.text .rela.text.* .rela.gnu.linkonce.t.*)
 *(.rel.fini)
 *(.rela.fini)
 *(.rel.rodata .rel.rodata.* .rel.gnu.linkonce.r.*)
 *(.rela.rodata .rela.rodata.* .rela.gnu.linkonce.r.*)
 *(.rel.data .rel.data.* .rel.gnu.linkonce.d.*)
 *(.rela.data .rela.data.* .rela.gnu.linkonce.d.*)
 *(.rel.tdata .rel.tdata.* .rel.gnu.linkonce.td.*)
 *(.rela.tdata .rela.tdata.* .rela.gnu.linkonce.td.*)
 *(.rel.tbss .rel.tbss.* .rel.gnu.linkonce.tb.*)
 *(.rela.tbss .rela.tbss.* .rela.gnu.linkonce.tb.*)
 *(.rel.ctors)
 *(.rela.ctors)
 *(.rel.dtors)
 *(.rela.dtors)
 *(.rel.got)
 *(.rela.got)
 *(.rel.sdata .rel.sdata.* .rel.gnu.linkonce.s.*)
 *(.rela.sdata .rela.sdata.* .rela.gnu.linkonce.s.*)
 *(.rel.sbss .rel.sbss.* .rel.gnu.linkonce.sb.*)
 *(.rela.sbss .rela.sbss.* .rela.gnu.linkonce.sb.*)
 *(.rel.sdata2 .rel.sdata2.* .rel.gnu.linkonce.s2.*)
 *(.rela.sdata2 .rela.sdata2.* .rela.gnu.linkonce.s2.*)
 *(.rel.sbss2 .rel.sbss2.* .rel.gnu.linkonce.sb2.*)
 *(.rela.sbss2 .rela.sbss2.* .rela.gnu.linkonce.sb2.*)
 *(.rel.bss .rel.bss.* .rel.gnu.linkonce.b.*)
 *(.rela.bss .rela.bss.* .rela.gnu.linkonce.b.*)
 *(.rel.plt)
 *(.rela.plt)
 *(.rel.dyn)
 *(.init)
 *(.plt)
 *(.text .stub .text.* .gnu.linkonce.t.*)
 .text          0x0000000002000248       0x3c ../FreeRTOS_bsp//obj/HAL/src/crt0.o
                0x0000000002000248                _start
 .text          0x0000000002000284     0x11f8 obj/default/main.o
                0x00000000020006b4                vApplicationMallocFailedHook
                0x00000000020006dc                vApplicationStackOverflowHook
                0x0000000002000800                InitNetwork
                0x0000000002000a14                xEthernetRun
                0x0000000002000a88                get_mac_addr
                0x0000000002000ba4                get_ip_addr
                0x0000000002000c5c                get_hostname
                0x0000000002000c94                get_iface_name
                0x0000000002000cdc                is_interface_active
                0x0000000002000d00                main
                0x00000000020013ac                main_thread
 .text          0x000000000200147c    0x860b8 obj/default/open62541.o
                0x00000000020060dc                UA_findDataType
                0x00000000020061a4                UA_random_seed
                0x0000000002006204                UA_UInt32_random
                0x0000000002006234                UA_String_fromChars
                0x00000000020062f0                UA_String_equal
                0x000000000200650c                UA_QualifiedName_hash
                0x0000000002006560                UA_QualifiedName_equal
                0x0000000002006610                UA_DateTime_toStruct
                0x00000000020069f0                UA_DateTime_fromStruct
                0x0000000002006c3c                UA_Guid_equal
                0x0000000002006c88                UA_Guid_random
                0x0000000002006d84                UA_ByteString_allocBuffer
                0x0000000002006fc8                UA_NodeId_isNull
                0x000000000200709c                UA_NodeId_order
                0x0000000002007374                UA_ByteString_hash
                0x00000000020073f4                UA_NodeId_hash
                0x00000000020075e0                UA_ExpandedNodeId_order
                0x00000000020076e8                UA_ExpandedNodeId_hash
                0x0000000002007b08                UA_Variant_setScalar
                0x0000000002007b64                UA_Variant_setScalarCopy
                0x0000000002007bfc                UA_Variant_setArray
                0x0000000002007c60                UA_Variant_setArrayCopy
                0x00000000020082c0                UA_Variant_copyRange
                0x0000000002008b10                UA_Variant_setRange
                0x0000000002008b64                UA_Variant_setRangeCopy
                0x0000000002008f14                UA_new
                0x0000000002009360                UA_copy
                0x00000000020095ec                UA_clear
                0x000000000200966c                UA_delete
                0x00000000020096d8                UA_Array_new
                0x000000000200973c                UA_Array_copy
                0x00000000020098e4                UA_Array_delete
                0x000000000200998c                UA_DataType_isNumeric
                0x0000000002009b04                UA_NumericRange_parse
                0x000000000200c564                UA_findDataTypeByBinary
                0x000000000200df74                UA_encodeBinary
                0x000000000200e254                UA_decodeBinary
                0x000000000200f020                UA_calcSizeBinary
                0x000000000200f080                UA_StatusCode_name
                0x000000000200f120                UA_readNumberWithBase
                0x000000000200f2dc                UA_readNumber
                0x000000000200f320                UA_parseEndpointUrl
                0x000000000200f6ec                UA_parseEndpointUrlEthernet
                0x000000000200f974                UA_ByteString_toBase64
                0x000000000200fa0c                UA_ByteString_fromBase64
                0x000000000200fa9c                UA_NodeId_print
                0x000000000200ff68                UA_WorkQueue_init
                0x000000000200ffa0                UA_WorkQueue_cleanup
                0x000000000200ffd4                UA_WorkQueue_enqueueDelayed
                0x0000000002010030                UA_WorkQueue_manuallyProcessDelayed
                0x00000000020102e8                UA_TimerZip_ZIP_INSERT
                0x000000000201058c                UA_TimerZip_ZIP_REMOVE
                0x0000000002010678                UA_TimerZip_ZIP_FIND
                0x00000000020106b8                UA_TimerZip_ZIP_MIN
                0x0000000002010710                UA_TimerZip_ZIP_MAX
                0x00000000020107e8                UA_TimerZip_ZIP_ITER
                0x0000000002010a04                UA_TimerIdZip_ZIP_INSERT
                0x0000000002010ca8                UA_TimerIdZip_ZIP_REMOVE
                0x0000000002010d94                UA_TimerIdZip_ZIP_FIND
                0x0000000002010dd4                UA_TimerIdZip_ZIP_MIN
                0x0000000002010e2c                UA_TimerIdZip_ZIP_MAX
                0x0000000002010f04                UA_TimerIdZip_ZIP_ITER
                0x0000000002010f50                UA_Timer_init
                0x0000000002011114                UA_Timer_addTimedCallback
                0x0000000002011180                UA_Timer_addRepeatedCallback
                0x000000000201128c                UA_Timer_changeRepeatedCallbackInterval
                0x00000000020113d0                UA_Timer_removeCallback
                0x0000000002011458                UA_Timer_process
                0x00000000020116b0                UA_Timer_deleteMembers
                0x000000000201175c                UA_Connection_sendError
                0x000000000201184c                UA_Connection_detachSecureChannel
                0x00000000020118b8                UA_Connection_attachSecureChannel
                0x0000000002011918                UA_SecureChannel_init
                0x00000000020119b8                UA_SecureChannel_setSecurityPolicy
                0x0000000002011ba0                UA_SecureChannel_deleteBuffered
                0x0000000002011bec                UA_SecureChannel_deleteMembers
                0x0000000002011ce8                UA_SecureChannel_close
                0x0000000002011d90                UA_SecureChannel_processHELACK
                0x0000000002011e98                UA_SecureChannel_sendAsymmetricOPNMessage
                0x00000000020126c4                UA_MessageContext_begin
                0x00000000020127d0                UA_MessageContext_encode
                0x000000000201285c                UA_MessageContext_finish
                0x0000000002012898                UA_MessageContext_abort
                0x00000000020128f0                UA_SecureChannel_sendSymmetricMessage
                0x000000000201386c                UA_SecureChannel_processBuffer
                0x0000000002013a20                UA_SecureChannel_receive
                0x0000000002013af4                UA_SecureChannel_generateLocalNonce
                0x00000000020141c0                UA_SecureChannel_generateNewKeys
                0x00000000020142d8                UA_SecureChannel_revolveTokens
                0x000000000201438c                calculateAsymAlgSecurityHeaderLength
                0x0000000002014424                prependHeadersAsym
                0x000000000201465c                hideBytesAsym
                0x00000000020146d8                setBufPos
                0x00000000020149e8                decryptAndVerifyChunk
                0x0000000002014bb4                processSequenceNumberAsym
                0x0000000002014be8                checkAsymHeader
                0x0000000002014c68                checkSymHeader
                0x0000000002014f90                UA_SecurityPolicy_getRemoteAsymEncryptionBufferLengthOverhead
                0x0000000002015034                UA_Session_init
                0x0000000002015094                UA_Session_deleteMembersCleanup
                0x0000000002015160                UA_Session_attachToSecureChannel
                0x00000000020151b0                UA_Session_detachFromSecureChannel
                0x00000000020151f8                UA_Session_generateNonce
                0x00000000020152b4                UA_Session_updateLifetime
                0x000000000201536c                UA_Session_addSubscription
                0x0000000002015430                UA_Session_deleteSubscription
                0x0000000002015564                UA_Session_getSubscriptionById
                0x00000000020155c8                UA_Session_dequeuePublishReq
                0x0000000002015644                UA_Session_queuePublishReq
                0x00000000020158d0                UA_ReferenceTargetIdTree_ZIP_INSERT
                0x0000000002015b6c                UA_ReferenceTargetIdTree_ZIP_REMOVE
                0x0000000002015c54                UA_ReferenceTargetIdTree_ZIP_FIND
                0x0000000002015c94                UA_ReferenceTargetIdTree_ZIP_MIN
                0x0000000002015cec                UA_ReferenceTargetIdTree_ZIP_MAX
                0x0000000002015dc4                UA_ReferenceTargetIdTree_ZIP_ITER
                0x0000000002015fc4                UA_ReferenceTargetNameTree_ZIP_INSERT
                0x0000000002016268                UA_ReferenceTargetNameTree_ZIP_REMOVE
                0x0000000002016354                UA_ReferenceTargetNameTree_ZIP_FIND
                0x0000000002016394                UA_ReferenceTargetNameTree_ZIP_MIN
                0x00000000020163ec                UA_ReferenceTargetNameTree_ZIP_MAX
                0x00000000020164c4                UA_ReferenceTargetNameTree_ZIP_ITER
                0x0000000002016510                UA_Node_clear
                0x0000000002016a50                UA_Node_copy
                0x0000000002017000                UA_Node_copy_alloc
                0x0000000002017578                UA_Node_setAttributes
                0x0000000002017cd0                UA_Node_addReference
                0x0000000002017e50                UA_Node_deleteReference
                0x0000000002018208                UA_Node_deleteReferencesSubset
                0x000000000201847c                UA_Node_deleteReferences
                0x00000000020184b8                setupNs1Uri
                0x0000000002018518                addNamespace
                0x0000000002018648                UA_Server_addNamespace
                0x00000000020186a0                UA_Server_getConfig
                0x00000000020186d4                UA_Server_getNamespaceByName
                0x0000000002018780                UA_Server_forEachChildNodeCall
                0x0000000002018950                UA_Server_delete
                0x0000000002018d30                UA_Server_newWithConfig
                0x0000000002018eec                UA_Server_addTimedCallback
                0x0000000002018f5c                addRepeatedCallback
                0x0000000002018fc4                UA_Server_addRepeatedCallback
                0x0000000002019024                changeRepeatedCallbackInterval
                0x000000000201907c                UA_Server_changeRepeatedCallbackInterval
                0x00000000020190d4                removeCallback
                0x0000000002019120                UA_Server_removeCallback
                0x0000000002019164                UA_Server_updateCertificate
                0x0000000002019380                UA_SecurityPolicy_getSecurityPolicyByUri
                0x0000000002019410                UA_Server_getStatistics
                0x0000000002019460                UA_Server_run_startup
                0x0000000002019780                UA_Server_run_iterate
                0x00000000020199c8                UA_Server_run_shutdown
                0x0000000002019acc                UA_Server_run
                0x000000000201c048                writeNs0VariableArray
                0x000000000201c6dc                UA_Server_initNS0
                0x000000000201d4f4                UA_ServerConfig_clean
                0x000000000201d754                UA_ServerConfig_setCustomHostname
                0x000000000201d7bc                UA_ServerConfig_addPubSubTransportLayer
                0x000000000201eb08                sendResponse
                0x000000000201fa8c                UA_Server_processBinaryMessage
                0x000000000201fbf0                UA_Server_removeConnection
                0x000000000201ff1c                isNodeInTree
                0x000000000201ff84                getNodeType
                0x0000000002020254                UA_Node_hasSubTypeOrInstances
                0x0000000002020380                getParentTypeAndInterfaceHierarchy
                0x000000000202074c                UA_Server_editNode
                0x00000000020207ec                UA_Server_processServiceOperations
                0x0000000002020914                register_server_with_discovery_server
                0x0000000002020d48                UA_Server_register_discovery
                0x0000000002020d94                UA_Server_unregister_discovery
                0x0000000002020ddc                UA_NetworkMessage_updateBufferedMessage
                0x0000000002020f8c                UA_NetworkMessage_encodeBinary
                0x00000000020226d8                UA_NetworkMessage_decodeBinary
                0x00000000020227b4                UA_NetworkMessage_calcSizeBinary
                0x0000000002022fb8                UA_NetworkMessage_deleteMembers
                0x00000000020231dc                UA_NetworkMessage_delete
                0x0000000002023354                UA_DataSetMessageHeader_encodeBinary
                0x0000000002023680                UA_DataSetMessageHeader_decodeBinary
                0x0000000002023a08                UA_DataSetMessageHeader_calcSizeBinary
                0x0000000002023b90                UA_DataSetMessage_encodeBinary
                0x0000000002023ef8                UA_DataSetMessage_decodeBinary
                0x000000000202439c                UA_DataSetMessage_calcSizeBinary
                0x0000000002024a5c                UA_DataSetMessage_free
                0x0000000002024bb4                UA_PubSubConnectionConfig_copy
                0x0000000002024da8                UA_Server_getPubSubConnectionConfig
                0x0000000002024e40                UA_PubSubConnection_findConnectionbyId
                0x0000000002024ec0                UA_PubSubConnectionConfig_clear
                0x0000000002024f98                UA_PubSubConnection_clear
                0x00000000020250e0                UA_PubSubConnection_regist
                0x00000000020251a4                UA_Server_addWriterGroup
                0x00000000020253f4                UA_Server_removeWriterGroup
                0x0000000002025568                UA_Server_freezeWriterGroupConfiguration
                0x0000000002025c3c                UA_Server_unfreezeWriterGroupConfiguration
                0x0000000002025db8                UA_Server_setWriterGroupOperational
                0x0000000002025e3c                UA_Server_setWriterGroupDisabled
                0x0000000002025ec0                UA_PublishedDataSetConfig_copy
                0x0000000002026044                UA_Server_getPublishedDataSetConfig
                0x00000000020260fc                UA_Server_getPublishedDataSetMetaData
                0x0000000002026194                UA_PublishedDataSet_findPDSbyId
                0x0000000002026214                UA_PublishedDataSetConfig_clear
                0x00000000020262d8                UA_PublishedDataSet_clear
                0x000000000202678c                UA_Server_addDataSetField
                0x0000000002026c8c                UA_Server_removeDataSetField
                0x00000000020270d4                UA_DataSetWriterConfig_copy
                0x0000000002027238                UA_Server_getDataSetWriterConfig
                0x0000000002027304                UA_DataSetWriter_findDSWbyId
                0x00000000020273cc                UA_DataSetWriterConfig_clear
                0x00000000020274e0                UA_DataSetWriter_setPubSubState
                0x0000000002027700                UA_WriterGroupConfig_copy
                0x0000000002027864                UA_Server_getWriterGroupConfig
                0x0000000002027930                UA_Server_updateWriterGroupConfig
                0x0000000002027b20                UA_WriterGroup_findWGbyId
                0x0000000002027bc4                UA_WriterGroupConfig_clear
                0x0000000002027d84                UA_WriterGroup_setPubSubState
                0x000000000202804c                UA_Server_addDataSetWriter
                0x000000000202835c                UA_Server_removeDataSetWriter
                0x0000000002028520                UA_DataSetFieldConfig_copy
                0x00000000020285ac                UA_Server_getDataSetFieldConfig
                0x0000000002028678                UA_DataSetField_findDSFbyId
                0x000000000202871c                UA_DataSetFieldConfig_clear
                0x0000000002029aa8                UA_WriterGroup_publishCallback
                0x000000000202a214                UA_WriterGroup_addPublishCallback
                0x000000000202a29c                UA_Server_addReaderGroup
                0x000000000202a44c                UA_Server_removeReaderGroup
                0x000000000202a56c                UA_Server_ReaderGroup_getConfig
                0x000000000202a644                UA_Server_ReaderGroup_delete
                0x000000000202a72c                UA_ReaderGroupConfig_copy
                0x000000000202abac                UA_ReaderGroup_findRGbyId
                0x000000000202ac54                UA_ReaderGroup_findDSRbyId
                0x000000000202ad20                UA_ReaderGroup_subscribeCallback
                0x000000000202ae64                UA_ReaderGroup_addSubscribeCallback
                0x000000000202aef4                UA_Server_addDataSetReader
                0x000000000202b064                UA_Server_removeDataSetReader
                0x000000000202b0e8                UA_Server_DataSetReader_updateConfig
                0x000000000202b214                UA_Server_DataSetReader_getConfig
                0x000000000202b2cc                UA_DataSetReaderConfig_copy
                0x000000000202b45c                UA_Server_DataSetReader_createTargetVariables
                0x000000000202b528                UA_Server_DataSetReader_addTargetVariables
                0x000000000202bb8c                UA_Server_DataSetReader_process
                0x000000000202be9c                UA_DataSetReader_delete
                0x000000000202bfd4                UA_Server_processNetworkMessage
                0x000000000202c0f4                UA_Server_addPubSubConnection
                0x000000000202c470                UA_Server_removePubSubConnection
                0x000000000202c558                UA_Server_addPublishedDataSet
                0x000000000202cc08                UA_Server_removePublishedDataSet
                0x000000000202cdf0                UA_PubSubConfigurationVersionTimeDifference
                0x000000000202ce38                UA_PubSubManager_generateUniqueNodeId
                0x000000000202ced0                UA_PubSubManager_delete
                0x000000000202d0ac                UA_PubSubManager_addRepeatedCallback
                0x000000000202d114                UA_PubSubManager_changeRepeatedCallbackInterval
                0x000000000202d16c                UA_PubSubManager_removeRepeatedPubSubCallback
                0x000000000202d394                RefHead_ZIP_INSERT
                0x000000000202d630                RefHead_ZIP_REMOVE
                0x000000000202d718                RefHead_ZIP_FIND
                0x000000000202d758                RefHead_ZIP_MIN
                0x000000000202d7b0                RefHead_ZIP_MAX
                0x000000000202d888                RefHead_ZIP_ITER
                0x000000000202df7c                browseRecursive
                0x000000000202e1cc                referenceSubtypes
                0x000000000202e410                UA_Server_browseRecursive
                0x000000000202e730                ContinuationPoint_clear
                0x000000000202f054                Operation_Browse
                0x000000000202f434                Service_Browse
                0x000000000202f520                UA_Server_browse
                0x000000000202f72c                Service_BrowseNext
                0x000000000202f7c4                UA_Server_browseNext
                0x00000000020301b0                translateBrowsePathToNodeIds
                0x0000000002030234                UA_Server_translateBrowsePathToNodeIds
                0x0000000002030294                Service_TranslateBrowsePathsToNodeIds
                0x0000000002030350                browseSimplifiedBrowsePath
                0x00000000020305f0                UA_Server_browseSimplifiedBrowsePath
                0x0000000002030688                Service_RegisterNodes
                0x0000000002030760                Service_UnregisterNodes
                0x00000000020311b4                Service_Call
                0x000000000203126c                UA_Server_call
                0x000000000203134c                UA_Server_removeSession
                0x00000000020315b0                UA_Server_removeSessionByToken
                0x000000000203163c                UA_Server_cleanupSessions
                0x0000000002031928                UA_Server_getSessionById
                0x0000000002031c60                UA_Server_createSession
                0x0000000002031ec4                Service_CreateSession
                0x0000000002032958                Service_ActivateSession
                0x00000000020331bc                Service_CloseSession
                0x000000000203398c                readValueAttribute
                0x0000000002033e04                ReadWithNode
                0x0000000002034854                Service_Read
                0x0000000002034960                UA_Server_readWithSession
                0x0000000002034b00                readAttribute
                0x0000000002034b60                readWithReadValue
                0x0000000002034cb4                UA_Server_read
                0x0000000002034d6c                __UA_Server_read
                0x0000000002034dbc                readObjectProperty
                0x0000000002034f1c                UA_Server_readObjectProperty
                0x0000000002034ff0                compatibleDataType
                0x0000000002035178                compatibleValueRankArrayDimensions
                0x0000000002035454                compatibleValueRanks
                0x0000000002035624                compatibleArrayDimensions
                0x00000000020356fc                compatibleValueArrayDimensions
                0x00000000020357c0                compatibleValue
                0x0000000002037654                Service_Write
                0x000000000203770c                writeWithSession
                0x0000000002037760                writeAttribute
                0x00000000020377b8                UA_Server_write
                0x00000000020377f8                writeWithWriteValue
                0x0000000002037964                __UA_Server_write
                0x00000000020379bc                UA_Server_writeObjectProperty
                0x0000000002037a6c                writeObjectProperty
                0x0000000002037bdc                UA_Server_writeObjectProperty_scalar
                0x00000000020380f4                Service_FindServers
                0x000000000203845c                Service_GetEndpoints
                0x0000000002038e78                Service_RegisterServer
                0x0000000002038ef0                Service_RegisterServer2
                0x0000000002038f98                UA_Discovery_cleanupTimedOut
                0x0000000002039500                UA_Server_addPeriodicServerRegisterCallback
                0x000000000203984c                UA_Server_setRegisterServerCallback
                0x0000000002039ad4                Service_CreateSubscription
                0x0000000002039d5c                Service_ModifySubscription
                0x0000000002039eec                Service_SetPublishingMode
                0x000000000203a00c                Service_Publish
                0x000000000203a3c8                Service_DeleteSubscriptions
                0x000000000203a470                Service_Republish
                0x000000000203b35c                Service_CreateMonitoredItems
                0x000000000203b474                UA_Server_createDataChangeMonitoredItem
                0x000000000203b6e4                Service_ModifyMonitoredItems
                0x000000000203baa4                Service_SetMonitoringMode
                0x000000000203bbfc                Service_DeleteMonitoredItems
                0x000000000203bcec                UA_Server_deleteMonitoredItem
                0x000000000203bf84                UA_Server_deleteSecureChannels
                0x000000000203bff0                UA_Server_cleanupTimedOutSecureChannels
                0x000000000203c25c                UA_Server_createSecureChannel
                0x000000000203c3d0                UA_Server_configSecureChannel
                0x000000000203c990                UA_Server_closeSecureChannel
                0x000000000203c9dc                Service_OpenSecureChannel
                0x000000000203cc00                Service_CloseSecureChannel
                0x000000000203cca0                UA_Server_getNodeContext
                0x000000000203cd10                getNodeContext
                0x000000000203ce60                UA_Server_setNodeContext
                0x000000000203ee64                AddNode_addRefs
                0x0000000002040058                AddNode_raw
                0x0000000002041514                AddNode_finish
                0x00000000020419f4                Service_AddNodes
                0x0000000002041aac                addNode
                0x0000000002041c74                __UA_Server_addNode
                0x0000000002041d0c                UA_Server_addNode_begin
                0x0000000002041e24                UA_Server_addNode_finish
                0x0000000002042a50                Service_DeleteNodes
                0x0000000002042b08                UA_Server_deleteNode
                0x0000000002042b80                deleteNode
                0x0000000002043140                Service_AddReferences
                0x00000000020431f8                UA_Server_addReference
                0x000000000204351c                Service_DeleteReferences
                0x00000000020435d4                UA_Server_deleteReference
                0x000000000204375c                UA_Server_setVariableNode_valueCallback
                0x00000000020437c0                UA_Server_addDataSourceVariableNode
                0x0000000002043ab4                setVariableNode_dataSource
                0x0000000002043b10                UA_Server_setVariableNode_dataSource
                0x00000000020442e0                UA_Server_addMethodNode_finish
                0x00000000020443e8                UA_Server_addMethodNodeEx
                0x0000000002044640                setMethodNode_callback
                0x000000000204469c                UA_Server_setMethodNode_callback
                0x00000000020447ac                UA_Server_setNodeTypeLifecycle
                0x00000000020448a8                UA_Client_newWithConfig
                0x0000000002044b50                UA_Client_reset
                0x0000000002044b8c                UA_Client_delete
                0x0000000002044bd8                UA_Client_getState
                0x0000000002044c00                UA_Client_getConfig
                0x0000000002044c38                setClientState
                0x0000000002044cac                getSecurityPolicy
                0x0000000002045700                receiveResponse
                0x00000000020458e4                __UA_Client_Service
                0x00000000020459d8                receiveResponseAsync
                0x0000000002045a78                UA_Client_AsyncService_cancel
                0x0000000002045bcc                UA_Client_AsyncService_removeAll
                0x0000000002045c78                __UA_Client_AsyncServiceEx
                0x0000000002045dac                __UA_Client_AsyncService
                0x0000000002045e18                UA_Client_sendAsyncRequest
                0x0000000002045eac                UA_Client_addTimedCallback
                0x0000000002045f14                UA_Client_addRepeatedCallback
                0x0000000002045f7c                UA_Client_changeRepeatedCallbackInterval
                0x0000000002045fd4                UA_Client_removeCallback
                0x0000000002046404                UA_Client_run_iterate
                0x000000000204653c                processACKResponseAsync
                0x0000000002046bd4                decodeProcessOPNResponseAsync
                0x00000000020471d4                UA_Client_renewSecureChannelAsync
                0x0000000002047390                activateSessionAsync
                0x0000000002047de4                createSessionAsync
                0x0000000002048034                endpointUnconfigured
                0x00000000020480f0                UA_Client_connect_iterate
                0x0000000002048310                UA_Client_connect_async
                0x0000000002048810                UA_Client_connect
                0x0000000002048850                UA_Client_connect_noSession
                0x0000000002048894                UA_Client_connect_username
                0x0000000002048b30                UA_Client_disconnect_async
                0x0000000002048da0                UA_Client_disconnect
                0x0000000002048ed0                UA_Client_getEndpointsInternal
                0x0000000002048fec                UA_Client_getEndpoints
                0x00000000020490e8                UA_Client_findServers
                0x0000000002049254                UA_Client_findServersOnNetwork
                0x00000000020493c0                UA_Client_NamespaceGetIndex
                0x00000000020495a0                UA_Client_forEachChildNodeCall
                0x0000000002049780                UA_Client_addReference
                0x0000000002049944                UA_Client_deleteReference
                0x0000000002049b00                UA_Client_deleteNode
                0x0000000002049c34                __UA_Client_addNode
                0x0000000002049e78                UA_Client_call
                0x000000000204a01c                __UA_Client_writeAttribute
                0x000000000204a1a8                UA_Client_writeArrayDimensionsAttribute
                0x000000000204a2f4                __UA_Client_readAttribute
                0x000000000204a660                UA_Client_readArrayDimensionsAttribute
                0x000000000204aa30                __UA_Client_readAttribute_async
                0x000000000204abf4                __UA_Client_writeAttribute_async
                0x000000000204ad34                __UA_Client_addNode_async
                0x000000000204aeb8                __UA_Client_call_async
                0x000000000204afb4                __UA_Client_translateBrowsePathsToNodeIds_async
                0x000000000204b300                UA_Client_Subscriptions_create
                0x000000000204b40c                UA_Client_Subscriptions_create_async
                0x000000000204b644                UA_Client_Subscriptions_modify
                0x000000000204b730                UA_Client_Subscriptions_modify_async
                0x000000000204bf30                UA_Client_Subscriptions_delete_async
                0x000000000204c098                UA_Client_Subscriptions_delete
                0x000000000204c220                UA_Client_Subscriptions_deleteSingle
                0x000000000204c300                UA_Client_MonitoredItem_remove
                0x000000000204d020                UA_Client_MonitoredItems_createDataChanges
                0x000000000204d09c                UA_Client_MonitoredItems_createDataChanges_async
                0x000000000204d12c                UA_Client_MonitoredItems_createDataChange
                0x000000000204d2b0                UA_Client_MonitoredItems_createEvents
                0x000000000204d32c                UA_Client_MonitoredItems_createEvents_async
                0x000000000204d3bc                UA_Client_MonitoredItems_createEvent
                0x000000000204d780                UA_Client_MonitoredItems_delete
                0x000000000204d830                UA_Client_MonitoredItems_delete_async
                0x000000000204d918                UA_Client_MonitoredItems_deleteSingle
                0x000000000204da04                UA_Client_MonitoredItems_modify
                0x000000000204dba4                UA_Client_preparePublishRequest
                0x000000000204e160                UA_Client_Subscriptions_processPublishResponse
                0x000000000204e668                UA_Client_Subscriptions_clean
                0x000000000204e744                UA_Client_Subscriptions_backgroundPublishInactivityCheck
                0x000000000204e948                UA_Client_Subscriptions_backgroundPublish
                0x000000000204ea78                __secs_to_tm
                0x000000000204f324                __tm_to_secs
                0x000000000204f604                pcg32_srandom_r
                0x000000000204f6cc                pcg32_random_r
                0x000000000204f81c                UA_base64
                0x000000000204fb6c                UA_unbase64
                0x0000000002076b58                namespace0_generated
                0x0000000002079734                UA_Guid_parse
                0x0000000002079d7c                UA_NodeId_parse
                0x000000000207a6c4                UA_ExpandedNodeId_parse
                0x000000000207b3c0                UA_RelativePath_parse
                0x000000000207b428                UA_DiscoveryManager_init
                0x000000000207b478                UA_DiscoveryManager_deleteMembers
                0x000000000207b5c4                UA_Subscription_new
                0x000000000207b670                UA_Subscription_deleteMembers
                0x000000000207ba44                UA_Subscription_getMonitoredItem
                0x000000000207baa8                UA_Subscription_deleteMonitoredItem
                0x000000000207bce4                UA_Subscription_addMonitoredItem
                0x000000000207c0c0                UA_Subscription_removeRetransmissionMessage
                0x000000000207c578                UA_Subscription_publish
                0x000000000207ccd8                UA_Subscription_reachedPublishReqLimit
                0x000000000207cec4                Subscription_registerPublishCallback
                0x000000000207cf7c                Subscription_unregisterPublishCallback
                0x000000000207cfe8                UA_Subscription_answerPublishRequestsNoSubscription
                0x000000000207d0bc                UA_Notification_enqueue
                0x000000000207d1c4                UA_Notification_dequeue
                0x000000000207d2e0                UA_Notification_delete
                0x000000000207d324                UA_MonitoredItem_init
                0x000000000207d388                UA_MonitoredItem_delete
                0x000000000207d588                UA_MonitoredItem_ensureQueueSpace
                0x000000000207d8c8                UA_MonitoredItem_registerSampleCallback
                0x000000000207d974                UA_MonitoredItem_unregisterSampleCallback
                0x000000000207e8b0                UA_MonitoredItem_sampleCallback
                0x000000000207e8ec                monitoredItem_sampleCallback
                0x000000000207ec04                UA_Log_Stdout_log
                0x000000000207edc0                UA_Log_Stdout_clear
                0x000000000207f2f8                UA_AccessControl_default
                0x000000000207f770                UA_CertificateVerification_AcceptAll
                0x000000000207f9a0                NodeTree_ZIP_INSERT
                0x000000000207fc3c                NodeTree_ZIP_REMOVE
                0x000000000207fd24                NodeTree_ZIP_FIND
                0x000000000207fd64                NodeTree_ZIP_MIN
                0x000000000207fdbc                NodeTree_ZIP_MAX
                0x000000000207fe94                NodeTree_ZIP_ITER
                0x0000000002080838                UA_Nodestore_ZipTree
                0x0000000002081a40                UA_Nodestore_HashMap
                0x0000000002081c74                UA_Server_new
                0x0000000002082184                UA_ServerConfig_setBasics
                0x0000000002082228                UA_ServerConfig_addNetworkLayerTCP
                0x00000000020823ac                UA_ServerConfig_addSecurityPolicyNone
                0x00000000020824c4                UA_ServerConfig_addEndpoint
                0x0000000002082618                UA_ServerConfig_addAllEndpoints
                0x0000000002082824                UA_ServerConfig_setMinimalCustomBuffer
                0x000000000208299c                UA_Client_new
                0x00000000020829f4                UA_ClientConfig_setDefault
                0x0000000002082fc8                UA_SecurityPolicy_None
                0x0000000002084418                UA_PubSubTransportLayerUDPMP
                0x0000000002084488                UA_DateTime_now
                0x00000000020845f0                UA_DateTime_localTimeUtcOffset
                0x0000000002084624                UA_DateTime_nowMonotonic
                0x00000000020846e0                UA_socket_set_blocking
                0x0000000002084730                UA_socket_set_nonblocking
                0x0000000002084784                gethostname_lwip
                0x00000000020847ac                UA_initialize_architecture_network
                0x00000000020847cc                UA_deinitialize_architecture_network
                0x0000000002085e98                UA_ServerNetworkLayerTCP
                0x00000000020860c8                UA_ClientConnectionTCP_poll
                0x000000000208660c                UA_ClientConnectionTCP_init
                0x00000000020869e4                UA_ClientConnectionTCP
 .text          0x0000000002087534        0x0 c:/altera/18.1/nios2eds/bin/gnu/h-x86_64-mingw32/bin/../lib/gcc/nios2-elf/5.3.0/../../../../../H-x86_64-mingw32/nios2-elf/lib\libm.a(lib_a-s_signbit.o)
 .text.__signbitf
                0x0000000002087534        0x8 c:/altera/18.1/nios2eds/bin/gnu/h-x86_64-mingw32/bin/../lib/gcc/nios2-elf/5.3.0/../../../../../H-x86_64-mingw32/nios2-elf/lib\libm.a(lib_a-s_signbit.o)
                0x0000000002087534                __signbitf
 .text.__signbitd
                0x000000000208753c        0x8 c:/altera/18.1/nios2eds/bin/gnu/h-x86_64-mingw32/bin/../lib/gcc/nios2-elf/5.3.0/../../../../../H-x86_64-mingw32/nios2-elf/lib\libm.a(lib_a-s_signbit.o)
                0x000000000208753c                __signbitd
 .text          0x0000000002087544       0x60 c:/altera/18.1/nios2eds/bin/gnu/h-x86_64-mingw32/bin/../lib/gcc/nios2-elf/5.3.0\libgcc.a(_muldi3.o)
                0x0000000002087544                __muldi3
 .text          0x00000000020875a4       0x74 c:/altera/18.1/nios2eds/bin/gnu/h-x86_64-mingw32/bin/../lib/gcc/nios2-elf/5.3.0\libgcc.a(_fixunsdfsi.o)
                0x00000000020875a4                __fixunsdfsi
 .text          0x0000000002087618       0x74 c:/altera/18.1/nios2eds/bin/gnu/h-x86_64-mingw32/bin/../lib/gcc/nios2-elf/5.3.0\libgcc.a(_fixdfdi.o)
                0x0000000002087618                __fixdfdi
 .text          0x000000000208768c       0x90 c:/altera/18.1/nios2eds/bin/gnu/h-x86_64-mingw32/bin/../lib/gcc/nios2-elf/5.3.0\libgcc.a(_fixunsdfdi.o)
                0x000000000208768c                __fixunsdfdi
 .text          0x000000000208771c       0xc4 c:/altera/18.1/nios2eds/bin/gnu/h-x86_64-mingw32/bin/../lib/gcc/nios2-elf/5.3.0\libgcc.a(_floatdisf.o)
                0x000000000208771c                __floatdisf
 .text          0x00000000020877e0       0x70 c:/altera/18.1/nios2eds/bin/gnu/h-x86_64-mingw32/bin/../lib/gcc/nios2-elf/5.3.0\libgcc.a(_floatdidf.o)
                0x00000000020877e0                __floatdidf
 .text          0x0000000002087850       0x70 c:/altera/18.1/nios2eds/bin/gnu/h-x86_64-mingw32/bin/../lib/gcc/nios2-elf/5.3.0\libgcc.a(_floatundidf.o)
                0x0000000002087850                __floatundidf
 .text          0x00000000020878c0      0x5c8 c:/altera/18.1/nios2eds/bin/gnu/h-x86_64-mingw32/bin/../lib/gcc/nios2-elf/5.3.0\libgcc.a(_divdi3.o)
                0x00000000020878c0                __divdi3
 .text          0x0000000002087e88      0x590 c:/altera/18.1/nios2eds/bin/gnu/h-x86_64-mingw32/bin/../lib/gcc/nios2-elf/5.3.0\libgcc.a(_moddi3.o)
                0x0000000002087e88                __moddi3
 .text          0x0000000002088418      0x1b4 c:/altera/18.1/nios2eds/bin/gnu/h-x86_64-mingw32/bin/../lib/gcc/nios2-elf/5.3.0\libgcc.a(lib2-divmod.o)
                0x0000000002088418                __divsi3
                0x000000000208849c                __modsi3
                0x0000000002088510                __udivsi3
                0x0000000002088574                __umodsi3
 .text          0x00000000020885cc      0x4c8 c:/altera/18.1/nios2eds/bin/gnu/h-x86_64-mingw32/bin/../lib/gcc/nios2-elf/5.3.0\libgcc.a(addsf3.o)
                0x00000000020885cc                __addsf3
 .text          0x0000000002088a94      0x440 c:/altera/18.1/nios2eds/bin/gnu/h-x86_64-mingw32/bin/../lib/gcc/nios2-elf/5.3.0\libgcc.a(divsf3.o)
                0x0000000002088a94                __divsf3
 .text          0x0000000002088ed4       0x78 c:/altera/18.1/nios2eds/bin/gnu/h-x86_64-mingw32/bin/../lib/gcc/nios2-elf/5.3.0\libgcc.a(eqsf2.o)
                0x0000000002088ed4                __eqsf2
                0x0000000002088ed4                __nesf2
 .text          0x0000000002088f4c       0xbc c:/altera/18.1/nios2eds/bin/gnu/h-x86_64-mingw32/bin/../lib/gcc/nios2-elf/5.3.0\libgcc.a(gesf2.o)
                0x0000000002088f4c                __gesf2
                0x0000000002088f4c                __gtsf2
 .text          0x0000000002089008      0x8ac c:/altera/18.1/nios2eds/bin/gnu/h-x86_64-mingw32/bin/../lib/gcc/nios2-elf/5.3.0\libgcc.a(adddf3.o)
                0x0000000002089008                __adddf3
 .text          0x00000000020898b4      0x8e8 c:/altera/18.1/nios2eds/bin/gnu/h-x86_64-mingw32/bin/../lib/gcc/nios2-elf/5.3.0\libgcc.a(divdf3.o)
                0x00000000020898b4                __divdf3
 .text          0x000000000208a19c       0x88 c:/altera/18.1/nios2eds/bin/gnu/h-x86_64-mingw32/bin/../lib/gcc/nios2-elf/5.3.0\libgcc.a(eqdf2.o)
                0x000000000208a19c                __nedf2
                0x000000000208a19c                __eqdf2
 .text          0x000000000208a224       0xdc c:/altera/18.1/nios2eds/bin/gnu/h-x86_64-mingw32/bin/../lib/gcc/nios2-elf/5.3.0\libgcc.a(gedf2.o)
                0x000000000208a224                __gedf2
                0x000000000208a224                __gtdf2
 .text          0x000000000208a300       0xf4 c:/altera/18.1/nios2eds/bin/gnu/h-x86_64-mingw32/bin/../lib/gcc/nios2-elf/5.3.0\libgcc.a(ledf2.o)
                0x000000000208a300                __ledf2
                0x000000000208a300                __ltdf2
 .text          0x000000000208a3f4      0x718 c:/altera/18.1/nios2eds/bin/gnu/h-x86_64-mingw32/bin/../lib/gcc/nios2-elf/5.3.0\libgcc.a(muldf3.o)
                0x000000000208a3f4                __muldf3
 .text          0x000000000208ab0c      0x8fc c:/altera/18.1/nios2eds/bin/gnu/h-x86_64-mingw32/bin/../lib/gcc/nios2-elf/5.3.0\libgcc.a(subdf3.o)
                0x000000000208ab0c                __subdf3
 .text          0x000000000208b408       0x80 c:/altera/18.1/nios2eds/bin/gnu/h-x86_64-mingw32/bin/../lib/gcc/nios2-elf/5.3.0\libgcc.a(fixdfsi.o)
                0x000000000208b408                __fixdfsi
 .text          0x000000000208b488       0xdc c:/altera/18.1/nios2eds/bin/gnu/h-x86_64-mingw32/bin/../lib/gcc/nios2-elf/5.3.0\libgcc.a(floatsidf.o)
                0x000000000208b488                __floatsidf
 .text          0x000000000208b564       0xa8 c:/altera/18.1/nios2eds/bin/gnu/h-x86_64-mingw32/bin/../lib/gcc/nios2-elf/5.3.0\libgcc.a(floatunsidf.o)
                0x000000000208b564                __floatunsidf
 .text          0x000000000208b60c      0x110 c:/altera/18.1/nios2eds/bin/gnu/h-x86_64-mingw32/bin/../lib/gcc/nios2-elf/5.3.0\libgcc.a(extendsfdf2.o)
                0x000000000208b60c                __extendsfdf2
 .text          0x000000000208b71c      0x1a8 c:/altera/18.1/nios2eds/bin/gnu/h-x86_64-mingw32/bin/../lib/gcc/nios2-elf/5.3.0\libgcc.a(truncdfsf2.o)
                0x000000000208b71c                __truncdfsf2
 .text          0x000000000208b8c4        0x0 c:/altera/18.1/nios2eds/bin/gnu/h-x86_64-mingw32/bin/../lib/gcc/nios2-elf/5.3.0\libgcc.a(_clz.o)
 .text          0x000000000208b8c4       0x64 c:/altera/18.1/nios2eds/bin/gnu/h-x86_64-mingw32/bin/../lib/gcc/nios2-elf/5.3.0\libgcc.a(_clzsi2.o)
                0x000000000208b8c4                __clzsi2
 .text          0x000000000208b928        0x0 c:/altera/18.1/nios2eds/bin/gnu/h-x86_64-mingw32/bin/../lib/gcc/nios2-elf/5.3.0/../../../../../H-x86_64-mingw32/nios2-elf/lib\libc.a(lib_a-assert.o)
 .text.__assert_func
                0x000000000208b928       0x68 c:/altera/18.1/nios2eds/bin/gnu/h-x86_64-mingw32/bin/../lib/gcc/nios2-elf/5.3.0/../../../../../H-x86_64-mingw32/nios2-elf/lib\libc.a(lib_a-assert.o)
                0x000000000208b928                __assert_func
 .text.__assert
                0x000000000208b990       0x14 c:/altera/18.1/nios2eds/bin/gnu/h-x86_64-mingw32/bin/../lib/gcc/nios2-elf/5.3.0/../../../../../H-x86_64-mingw32/nios2-elf/lib\libc.a(lib_a-assert.o)
                0x000000000208b990                __assert
 .text          0x000000000208b9a4        0x0 c:/altera/18.1/nios2eds/bin/gnu/h-x86_64-mingw32/bin/../lib/gcc/nios2-elf/5.3.0/../../../../../H-x86_64-mingw32/nios2-elf/lib\libc.a(lib_a-calloc.o)
 .text.calloc   0x000000000208b9a4       0x18 c:/altera/18.1/nios2eds/bin/gnu/h-x86_64-mingw32/bin/../lib/gcc/nios2-elf/5.3.0/../../../../../H-x86_64-mingw32/nios2-elf/lib\libc.a(lib_a-calloc.o)
                0x000000000208b9a4                calloc
 .text          0x000000000208b9bc        0x0 c:/altera/18.1/nios2eds/bin/gnu/h-x86_64-mingw32/bin/../lib/gcc/nios2-elf/5.3.0/../../../../../H-x86_64-mingw32/nios2-elf/lib\libc.a(lib_a-callocr.o)
 .text._calloc_r
                0x000000000208b9bc       0xc4 c:/altera/18.1/nios2eds/bin/gnu/h-x86_64-mingw32/bin/../lib/gcc/nios2-elf/5.3.0/../../../../../H-x86_64-mingw32/nios2-elf/lib\libc.a(lib_a-callocr.o)
                0x000000000208b9bc                _calloc_r
 .text          0x000000000208ba80        0x0 c:/altera/18.1/nios2eds/bin/gnu/h-x86_64-mingw32/bin/../lib/gcc/nios2-elf/5.3.0/../../../../../H-x86_64-mingw32/nios2-elf/lib\libc.a(lib_a-errno.o)
 .text.__errno  0x000000000208ba80       0x10 c:/altera/18.1/nios2eds/bin/gnu/h-x86_64-mingw32/bin/../lib/gcc/nios2-elf/5.3.0/../../../../../H-x86_64-mingw32/nios2-elf/lib\libc.a(lib_a-errno.o)
                0x000000000208ba80                __errno
 .text          0x000000000208ba90        0x0 c:/altera/18.1/nios2eds/bin/gnu/h-x86_64-mingw32/bin/../lib/gcc/nios2-elf/5.3.0/../../../../../H-x86_64-mingw32/nios2-elf/lib\libc.a(lib_a-fflush.o)
 .text.__sflush_r
                0x000000000208ba90      0x21c c:/altera/18.1/nios2eds/bin/gnu/h-x86_64-mingw32/bin/../lib/gcc/nios2-elf/5.3.0/../../../../../H-x86_64-mingw32/nios2-elf/lib\libc.a(lib_a-fflush.o)
                0x000000000208ba90                __sflush_r
 .text._fflush_r
                0x000000000208bcac       0x5c c:/altera/18.1/nios2eds/bin/gnu/h-x86_64-mingw32/bin/../lib/gcc/nios2-elf/5.3.0/../../../../../H-x86_64-mingw32/nios2-elf/lib\libc.a(lib_a-fflush.o)
                0x000000000208bcac                _fflush_r
 .text.fflush   0x000000000208bd08       0x30 c:/altera/18.1/nios2eds/bin/gnu/h-x86_64-mingw32/bin/../lib/gcc/nios2-elf/5.3.0/../../../../../H-x86_64-mingw32/nios2-elf/lib\libc.a(lib_a-fflush.o)
                0x000000000208bd08                fflush
 .text          0x000000000208bd38        0x0 c:/altera/18.1/nios2eds/bin/gnu/h-x86_64-mingw32/bin/../lib/gcc/nios2-elf/5.3.0/../../../../../H-x86_64-mingw32/nios2-elf/lib\libc.a(lib_a-findfp.o)
 .text.__fp_unlock
                0x000000000208bd38        0x8 c:/altera/18.1/nios2eds/bin/gnu/h-x86_64-mingw32/bin/../lib/gcc/nios2-elf/5.3.0/../../../../../H-x86_64-mingw32/nios2-elf/lib\libc.a(lib_a-findfp.o)
 .text._cleanup_r
                0x000000000208bd40        0xc c:/altera/18.1/nios2eds/bin/gnu/h-x86_64-mingw32/bin/../lib/gcc/nios2-elf/5.3.0/../../../../../H-x86_64-mingw32/nios2-elf/lib\libc.a(lib_a-findfp.o)
                0x000000000208bd40                _cleanup_r
 .text.__sinit.part.1
                0x000000000208bd4c      0x19c c:/altera/18.1/nios2eds/bin/gnu/h-x86_64-mingw32/bin/../lib/gcc/nios2-elf/5.3.0/../../../../../H-x86_64-mingw32/nios2-elf/lib\libc.a(lib_a-findfp.o)
 .text.__fp_lock
                0x000000000208bee8        0x8 c:/altera/18.1/nios2eds/bin/gnu/h-x86_64-mingw32/bin/../lib/gcc/nios2-elf/5.3.0/../../../../../H-x86_64-mingw32/nios2-elf/lib\libc.a(lib_a-findfp.o)
 .text.__sfmoreglue
                0x000000000208bef0       0x68 c:/altera/18.1/nios2eds/bin/gnu/h-x86_64-mingw32/bin/../lib/gcc/nios2-elf/5.3.0/../../../../../H-x86_64-mingw32/nios2-elf/lib\libc.a(lib_a-findfp.o)
                0x000000000208bef0                __sfmoreglue
 .text.__sfp    0x000000000208bf58      0x118 c:/altera/18.1/nios2eds/bin/gnu/h-x86_64-mingw32/bin/../lib/gcc/nios2-elf/5.3.0/../../../../../H-x86_64-mingw32/nios2-elf/lib\libc.a(lib_a-findfp.o)
                0x000000000208bf58                __sfp
 .text._cleanup
                0x000000000208c070       0x18 c:/altera/18.1/nios2eds/bin/gnu/h-x86_64-mingw32/bin/../lib/gcc/nios2-elf/5.3.0/../../../../../H-x86_64-mingw32/nios2-elf/lib\libc.a(lib_a-findfp.o)
                0x000000000208c070                _cleanup
 .text.__sinit  0x000000000208c088       0x10 c:/altera/18.1/nios2eds/bin/gnu/h-x86_64-mingw32/bin/../lib/gcc/nios2-elf/5.3.0/../../../../../H-x86_64-mingw32/nios2-elf/lib\libc.a(lib_a-findfp.o)
                0x000000000208c088                __sinit
 .text.__sfp_lock_acquire
                0x000000000208c098        0x4 c:/altera/18.1/nios2eds/bin/gnu/h-x86_64-mingw32/bin/../lib/gcc/nios2-elf/5.3.0/../../../../../H-x86_64-mingw32/nios2-elf/lib\libc.a(lib_a-findfp.o)
                0x000000000208c098                __sfp_lock_acquire
 .text.__sfp_lock_release
                0x000000000208c09c        0x4 c:/altera/18.1/nios2eds/bin/gnu/h-x86_64-mingw32/bin/../lib/gcc/nios2-elf/5.3.0/../../../../../H-x86_64-mingw32/nios2-elf/lib\libc.a(lib_a-findfp.o)
                0x000000000208c09c                __sfp_lock_release
 .text.__sinit_lock_acquire
                0x000000000208c0a0        0x4 c:/altera/18.1/nios2eds/bin/gnu/h-x86_64-mingw32/bin/../lib/gcc/nios2-elf/5.3.0/../../../../../H-x86_64-mingw32/nios2-elf/lib\libc.a(lib_a-findfp.o)
                0x000000000208c0a0                __sinit_lock_acquire
 .text.__sinit_lock_release
                0x000000000208c0a4        0x4 c:/altera/18.1/nios2eds/bin/gnu/h-x86_64-mingw32/bin/../lib/gcc/nios2-elf/5.3.0/../../../../../H-x86_64-mingw32/nios2-elf/lib\libc.a(lib_a-findfp.o)
                0x000000000208c0a4                __sinit_lock_release
 .text.__fp_lock_all
                0x000000000208c0a8       0x18 c:/altera/18.1/nios2eds/bin/gnu/h-x86_64-mingw32/bin/../lib/gcc/nios2-elf/5.3.0/../../../../../H-x86_64-mingw32/nios2-elf/lib\libc.a(lib_a-findfp.o)
                0x000000000208c0a8                __fp_lock_all
 .text.__fp_unlock_all
                0x000000000208c0c0       0x18 c:/altera/18.1/nios2eds/bin/gnu/h-x86_64-mingw32/bin/../lib/gcc/nios2-elf/5.3.0/../../../../../H-x86_64-mingw32/nios2-elf/lib\libc.a(lib_a-findfp.o)
                0x000000000208c0c0                __fp_unlock_all
 .text          0x000000000208c0d8        0x0 c:/altera/18.1/nios2eds/bin/gnu/h-x86_64-mingw32/bin/../lib/gcc/nios2-elf/5.3.0/../../../../../H-x86_64-mingw32/nios2-elf/lib\libc.a(lib_a-fiprintf.o)
 .text._fiprintf_r
                0x000000000208c0d8       0x20 c:/altera/18.1/nios2eds/bin/gnu/h-x86_64-mingw32/bin/../lib/gcc/nios2-elf/5.3.0/../../../../../H-x86_64-mingw32/nios2-elf/lib\libc.a(lib_a-fiprintf.o)
                0x000000000208c0d8                _fiprintf_r
 .text.fiprintf
                0x000000000208c0f8       0x3c c:/altera/18.1/nios2eds/bin/gnu/h-x86_64-mingw32/bin/../lib/gcc/nios2-elf/5.3.0/../../../../../H-x86_64-mingw32/nios2-elf/lib\libc.a(lib_a-fiprintf.o)
                0x000000000208c0f8                fiprintf
 .text          0x000000000208c134        0x0 c:/altera/18.1/nios2eds/bin/gnu/h-x86_64-mingw32/bin/../lib/gcc/nios2-elf/5.3.0/../../../../../H-x86_64-mingw32/nios2-elf/lib\libc.a(lib_a-freer.o)
 .text._malloc_trim_r
                0x000000000208c134      0x124 c:/altera/18.1/nios2eds/bin/gnu/h-x86_64-mingw32/bin/../lib/gcc/nios2-elf/5.3.0/../../../../../H-x86_64-mingw32/nios2-elf/lib\libc.a(lib_a-freer.o)
                0x000000000208c134                _malloc_trim_r
 .text._free_r  0x000000000208c258      0x310 c:/altera/18.1/nios2eds/bin/gnu/h-x86_64-mingw32/bin/../lib/gcc/nios2-elf/5.3.0/../../../../../H-x86_64-mingw32/nios2-elf/lib\libc.a(lib_a-freer.o)
                0x000000000208c258                _free_r
 .text          0x000000000208c568        0x0 c:/altera/18.1/nios2eds/bin/gnu/h-x86_64-mingw32/bin/../lib/gcc/nios2-elf/5.3.0/../../../../../H-x86_64-mingw32/nios2-elf/lib\libc.a(lib_a-fwalk.o)
 .text._fwalk   0x000000000208c568       0xc4 c:/altera/18.1/nios2eds/bin/gnu/h-x86_64-mingw32/bin/../lib/gcc/nios2-elf/5.3.0/../../../../../H-x86_64-mingw32/nios2-elf/lib\libc.a(lib_a-fwalk.o)
                0x000000000208c568                _fwalk
 .text._fwalk_reent
                0x000000000208c62c       0xc4 c:/altera/18.1/nios2eds/bin/gnu/h-x86_64-mingw32/bin/../lib/gcc/nios2-elf/5.3.0/../../../../../H-x86_64-mingw32/nios2-elf/lib\libc.a(lib_a-fwalk.o)
                0x000000000208c62c                _fwalk_reent
 .text          0x000000000208c6f0        0x0 c:/altera/18.1/nios2eds/bin/gnu/h-x86_64-mingw32/bin/../lib/gcc/nios2-elf/5.3.0/../../../../../H-x86_64-mingw32/nios2-elf/lib\libc.a(lib_a-impure.o)
 .text          0x000000000208c6f0        0x0 c:/altera/18.1/nios2eds/bin/gnu/h-x86_64-mingw32/bin/../lib/gcc/nios2-elf/5.3.0/../../../../../H-x86_64-mingw32/nios2-elf/lib\libc.a(lib_a-malloc.o)
 .text.malloc   0x000000000208c6f0       0x14 c:/altera/18.1/nios2eds/bin/gnu/h-x86_64-mingw32/bin/../lib/gcc/nios2-elf/5.3.0/../../../../../H-x86_64-mingw32/nios2-elf/lib\libc.a(lib_a-malloc.o)
                0x000000000208c6f0                malloc
 .text.free     0x000000000208c704       0x14 c:/altera/18.1/nios2eds/bin/gnu/h-x86_64-mingw32/bin/../lib/gcc/nios2-elf/5.3.0/../../../../../H-x86_64-mingw32/nios2-elf/lib\libc.a(lib_a-malloc.o)
                0x000000000208c704                free
 .text          0x000000000208c718        0x0 c:/altera/18.1/nios2eds/bin/gnu/h-x86_64-mingw32/bin/../lib/gcc/nios2-elf/5.3.0/../../../../../H-x86_64-mingw32/nios2-elf/lib\libc.a(lib_a-mallocr.o)
 .text._malloc_r
                0x000000000208c718      0x80c c:/altera/18.1/nios2eds/bin/gnu/h-x86_64-mingw32/bin/../lib/gcc/nios2-elf/5.3.0/../../../../../H-x86_64-mingw32/nios2-elf/lib\libc.a(lib_a-mallocr.o)
                0x000000000208c718                _malloc_r
 .text          0x000000000208cf24        0x0 c:/altera/18.1/nios2eds/bin/gnu/h-x86_64-mingw32/bin/../lib/gcc/nios2-elf/5.3.0/../../../../../H-x86_64-mingw32/nios2-elf/lib\libc.a(lib_a-memcmp.o)
 .text.memcmp   0x000000000208cf24       0x7c c:/altera/18.1/nios2eds/bin/gnu/h-x86_64-mingw32/bin/../lib/gcc/nios2-elf/5.3.0/../../../../../H-x86_64-mingw32/nios2-elf/lib\libc.a(lib_a-memcmp.o)
                0x000000000208cf24                memcmp
 .text          0x000000000208cfa0        0x0 c:/altera/18.1/nios2eds/bin/gnu/h-x86_64-mingw32/bin/../lib/gcc/nios2-elf/5.3.0/../../../../../H-x86_64-mingw32/nios2-elf/lib\libc.a(lib_a-memcpy.o)
 .text.memcpy   0x000000000208cfa0      0x148 c:/altera/18.1/nios2eds/bin/gnu/h-x86_64-mingw32/bin/../lib/gcc/nios2-elf/5.3.0/../../../../../H-x86_64-mingw32/nios2-elf/lib\libc.a(lib_a-memcpy.o)
                0x000000000208cfa0                memcpy
 .text          0x000000000208d0e8        0x0 c:/altera/18.1/nios2eds/bin/gnu/h-x86_64-mingw32/bin/../lib/gcc/nios2-elf/5.3.0/../../../../../H-x86_64-mingw32/nios2-elf/lib\libc.a(lib_a-memmove.o)
 .text.memmove  0x000000000208d0e8      0x15c c:/altera/18.1/nios2eds/bin/gnu/h-x86_64-mingw32/bin/../lib/gcc/nios2-elf/5.3.0/../../../../../H-x86_64-mingw32/nios2-elf/lib\libc.a(lib_a-memmove.o)
                0x000000000208d0e8                memmove
 .text          0x000000000208d244        0x0 c:/altera/18.1/nios2eds/bin/gnu/h-x86_64-mingw32/bin/../lib/gcc/nios2-elf/5.3.0/../../../../../H-x86_64-mingw32/nios2-elf/lib\libc.a(lib_a-memset.o)
 .text.memset   0x000000000208d244      0x128 c:/altera/18.1/nios2eds/bin/gnu/h-x86_64-mingw32/bin/../lib/gcc/nios2-elf/5.3.0/../../../../../H-x86_64-mingw32/nios2-elf/lib\libc.a(lib_a-memset.o)
                0x000000000208d244                memset
 .text          0x000000000208d36c        0x0 c:/altera/18.1/nios2eds/bin/gnu/h-x86_64-mingw32/bin/../lib/gcc/nios2-elf/5.3.0/../../../../../H-x86_64-mingw32/nios2-elf/lib\libc.a(lib_a-printf.o)
 .text._printf_r
                0x000000000208d36c       0x30 c:/altera/18.1/nios2eds/bin/gnu/h-x86_64-mingw32/bin/../lib/gcc/nios2-elf/5.3.0/../../../../../H-x86_64-mingw32/nios2-elf/lib\libc.a(lib_a-printf.o)
                0x000000000208d36c                _printf_r
 .text.printf   0x000000000208d39c       0x3c c:/altera/18.1/nios2eds/bin/gnu/h-x86_64-mingw32/bin/../lib/gcc/nios2-elf/5.3.0/../../../../../H-x86_64-mingw32/nios2-elf/lib\libc.a(lib_a-printf.o)
                0x000000000208d39c                printf
 .text          0x000000000208d3d8        0x0 c:/altera/18.1/nios2eds/bin/gnu/h-x86_64-mingw32/bin/../lib/gcc/nios2-elf/5.3.0/../../../../../H-x86_64-mingw32/nios2-elf/lib\libc.a(lib_a-putchar.o)
 .text._putchar_r
                0x000000000208d3d8        0x8 c:/altera/18.1/nios2eds/bin/gnu/h-x86_64-mingw32/bin/../lib/gcc/nios2-elf/5.3.0/../../../../../H-x86_64-mingw32/nios2-elf/lib\libc.a(lib_a-putchar.o)
                0x000000000208d3d8                _putchar_r
 .text.putchar  0x000000000208d3e0       0x18 c:/altera/18.1/nios2eds/bin/gnu/h-x86_64-mingw32/bin/../lib/gcc/nios2-elf/5.3.0/../../../../../H-x86_64-mingw32/nios2-elf/lib\libc.a(lib_a-putchar.o)
                0x000000000208d3e0                putchar
 .text          0x000000000208d3f8        0x0 c:/altera/18.1/nios2eds/bin/gnu/h-x86_64-mingw32/bin/../lib/gcc/nios2-elf/5.3.0/../../../../../H-x86_64-mingw32/nios2-elf/lib\libc.a(lib_a-puts.o)
 .text._puts_r  0x000000000208d3f8       0xc0 c:/altera/18.1/nios2eds/bin/gnu/h-x86_64-mingw32/bin/../lib/gcc/nios2-elf/5.3.0/../../../../../H-x86_64-mingw32/nios2-elf/lib\libc.a(lib_a-puts.o)
                0x000000000208d3f8                _puts_r
 .text.puts     0x000000000208d4b8       0x14 c:/altera/18.1/nios2eds/bin/gnu/h-x86_64-mingw32/bin/../lib/gcc/nios2-elf/5.3.0/../../../../../H-x86_64-mingw32/nios2-elf/lib\libc.a(lib_a-puts.o)
                0x000000000208d4b8                puts
 .text          0x000000000208d4cc        0x0 c:/altera/18.1/nios2eds/bin/gnu/h-x86_64-mingw32/bin/../lib/gcc/nios2-elf/5.3.0/../../../../../H-x86_64-mingw32/nios2-elf/lib\libc.a(lib_a-realloc.o)
 .text.realloc  0x000000000208d4cc       0x18 c:/altera/18.1/nios2eds/bin/gnu/h-x86_64-mingw32/bin/../lib/gcc/nios2-elf/5.3.0/../../../../../H-x86_64-mingw32/nios2-elf/lib\libc.a(lib_a-realloc.o)
                0x000000000208d4cc                realloc
 .text          0x000000000208d4e4        0x0 c:/altera/18.1/nios2eds/bin/gnu/h-x86_64-mingw32/bin/../lib/gcc/nios2-elf/5.3.0/../../../../../H-x86_64-mingw32/nios2-elf/lib\libc.a(lib_a-reallocr.o)
 .text._realloc_r
                0x000000000208d4e4      0x564 c:/altera/18.1/nios2eds/bin/gnu/h-x86_64-mingw32/bin/../lib/gcc/nios2-elf/5.3.0/../../../../../H-x86_64-mingw32/nios2-elf/lib\libc.a(lib_a-reallocr.o)
                0x000000000208d4e4                _realloc_r
 .text          0x000000000208da48        0x0 c:/altera/18.1/nios2eds/bin/gnu/h-x86_64-mingw32/bin/../lib/gcc/nios2-elf/5.3.0/../../../../../H-x86_64-mingw32/nios2-elf/lib\libc.a(lib_a-sbrkr.o)
 .text._sbrk_r  0x000000000208da48       0x54 c:/altera/18.1/nios2eds/bin/gnu/h-x86_64-mingw32/bin/../lib/gcc/nios2-elf/5.3.0/../../../../../H-x86_64-mingw32/nios2-elf/lib\libc.a(lib_a-sbrkr.o)
                0x000000000208da48                _sbrk_r
 .text          0x000000000208da9c        0x0 c:/altera/18.1/nios2eds/bin/gnu/h-x86_64-mingw32/bin/../lib/gcc/nios2-elf/5.3.0/../../../../../H-x86_64-mingw32/nios2-elf/lib\libc.a(lib_a-snprintf.o)
 .text._snprintf_r
                0x000000000208da9c       0xd8 c:/altera/18.1/nios2eds/bin/gnu/h-x86_64-mingw32/bin/../lib/gcc/nios2-elf/5.3.0/../../../../../H-x86_64-mingw32/nios2-elf/lib\libc.a(lib_a-snprintf.o)
                0x000000000208da9c                _snprintf_r
 .text.snprintf
                0x000000000208db74       0xe4 c:/altera/18.1/nios2eds/bin/gnu/h-x86_64-mingw32/bin/../lib/gcc/nios2-elf/5.3.0/../../../../../H-x86_64-mingw32/nios2-elf/lib\libc.a(lib_a-snprintf.o)
                0x000000000208db74                snprintf
 .text          0x000000000208dc58        0x0 c:/altera/18.1/nios2eds/bin/gnu/h-x86_64-mingw32/bin/../lib/gcc/nios2-elf/5.3.0/../../../../../H-x86_64-mingw32/nios2-elf/lib\libc.a(lib_a-sprintf.o)
 .text._sprintf_r
                0x000000000208dc58       0x58 c:/altera/18.1/nios2eds/bin/gnu/h-x86_64-mingw32/bin/../lib/gcc/nios2-elf/5.3.0/../../../../../H-x86_64-mingw32/nios2-elf/lib\libc.a(lib_a-sprintf.o)
                0x000000000208dc58                _sprintf_r
 .text.sprintf  0x000000000208dcb0       0x6c c:/altera/18.1/nios2eds/bin/gnu/h-x86_64-mingw32/bin/../lib/gcc/nios2-elf/5.3.0/../../../../../H-x86_64-mingw32/nios2-elf/lib\libc.a(lib_a-sprintf.o)
                0x000000000208dcb0                sprintf
 .text          0x000000000208dd1c        0x0 c:/altera/18.1/nios2eds/bin/gnu/h-x86_64-mingw32/bin/../lib/gcc/nios2-elf/5.3.0/../../../../../H-x86_64-mingw32/nios2-elf/lib\libc.a(lib_a-stdio.o)
 .text.__sread  0x000000000208dd1c       0x54 c:/altera/18.1/nios2eds/bin/gnu/h-x86_64-mingw32/bin/../lib/gcc/nios2-elf/5.3.0/../../../../../H-x86_64-mingw32/nios2-elf/lib\libc.a(lib_a-stdio.o)
                0x000000000208dd1c                __sread
 .text.__seofread
                0x000000000208dd70        0x8 c:/altera/18.1/nios2eds/bin/gnu/h-x86_64-mingw32/bin/../lib/gcc/nios2-elf/5.3.0/../../../../../H-x86_64-mingw32/nios2-elf/lib\libc.a(lib_a-stdio.o)
                0x000000000208dd70                __seofread
 .text.__swrite
                0x000000000208dd78       0x7c c:/altera/18.1/nios2eds/bin/gnu/h-x86_64-mingw32/bin/../lib/gcc/nios2-elf/5.3.0/../../../../../H-x86_64-mingw32/nios2-elf/lib\libc.a(lib_a-stdio.o)
                0x000000000208dd78                __swrite
 .text.__sseek  0x000000000208ddf4       0x5c c:/altera/18.1/nios2eds/bin/gnu/h-x86_64-mingw32/bin/../lib/gcc/nios2-elf/5.3.0/../../../../../H-x86_64-mingw32/nios2-elf/lib\libc.a(lib_a-stdio.o)
                0x000000000208ddf4                __sseek
 .text.__sclose
                0x000000000208de50        0x8 c:/altera/18.1/nios2eds/bin/gnu/h-x86_64-mingw32/bin/../lib/gcc/nios2-elf/5.3.0/../../../../../H-x86_64-mingw32/nios2-elf/lib\libc.a(lib_a-stdio.o)
                0x000000000208de50                __sclose
 .text          0x000000000208de58        0x0 c:/altera/18.1/nios2eds/bin/gnu/h-x86_64-mingw32/bin/../lib/gcc/nios2-elf/5.3.0/../../../../../H-x86_64-mingw32/nios2-elf/lib\libc.a(lib_a-strcmp.o)
 .text.strcmp   0x000000000208de58       0xdc c:/altera/18.1/nios2eds/bin/gnu/h-x86_64-mingw32/bin/../lib/gcc/nios2-elf/5.3.0/../../../../../H-x86_64-mingw32/nios2-elf/lib\libc.a(lib_a-strcmp.o)
                0x000000000208de58                strcmp
 .text          0x000000000208df34        0x0 c:/altera/18.1/nios2eds/bin/gnu/h-x86_64-mingw32/bin/../lib/gcc/nios2-elf/5.3.0/../../../../../H-x86_64-mingw32/nios2-elf/lib\libc.a(lib_a-strerror.o)
 .text._strerror_r
                0x000000000208df34      0x65c c:/altera/18.1/nios2eds/bin/gnu/h-x86_64-mingw32/bin/../lib/gcc/nios2-elf/5.3.0/../../../../../H-x86_64-mingw32/nios2-elf/lib\libc.a(lib_a-strerror.o)
                0x000000000208df34                _strerror_r
 .text.strerror
                0x000000000208e590       0x1c c:/altera/18.1/nios2eds/bin/gnu/h-x86_64-mingw32/bin/../lib/gcc/nios2-elf/5.3.0/../../../../../H-x86_64-mingw32/nios2-elf/lib\libc.a(lib_a-strerror.o)
                0x000000000208e590                strerror
 .text          0x000000000208e5ac        0x0 c:/altera/18.1/nios2eds/bin/gnu/h-x86_64-mingw32/bin/../lib/gcc/nios2-elf/5.3.0/../../../../../H-x86_64-mingw32/nios2-elf/lib\libc.a(lib_a-strlen.o)
 .text.strlen   0x000000000208e5ac       0x98 c:/altera/18.1/nios2eds/bin/gnu/h-x86_64-mingw32/bin/../lib/gcc/nios2-elf/5.3.0/../../../../../H-x86_64-mingw32/nios2-elf/lib\libc.a(lib_a-strlen.o)
                0x000000000208e5ac                strlen
 .text          0x000000000208e644        0x0 c:/altera/18.1/nios2eds/bin/gnu/h-x86_64-mingw32/bin/../lib/gcc/nios2-elf/5.3.0/../../../../../H-x86_64-mingw32/nios2-elf/lib\libc.a(lib_a-strncmp.o)
 .text.strncmp  0x000000000208e644       0xd0 c:/altera/18.1/nios2eds/bin/gnu/h-x86_64-mingw32/bin/../lib/gcc/nios2-elf/5.3.0/../../../../../H-x86_64-mingw32/nios2-elf/lib\libc.a(lib_a-strncmp.o)
                0x000000000208e644                strncmp
 .text          0x000000000208e714        0x0 c:/altera/18.1/nios2eds/bin/gnu/h-x86_64-mingw32/bin/../lib/gcc/nios2-elf/5.3.0/../../../../../H-x86_64-mingw32/nios2-elf/lib\libc.a(lib_a-svfprintf.o)
 .text.___svfprintf_internal_r
                0x000000000208e714     0x21d8 c:/altera/18.1/nios2eds/bin/gnu/h-x86_64-mingw32/bin/../lib/gcc/nios2-elf/5.3.0/../../../../../H-x86_64-mingw32/nios2-elf/lib\libc.a(lib_a-svfprintf.o)
                0x000000000208e714                ___svfprintf_internal_r
 .text          0x00000000020908ec        0x0 c:/altera/18.1/nios2eds/bin/gnu/h-x86_64-mingw32/bin/../lib/gcc/nios2-elf/5.3.0/../../../../../H-x86_64-mingw32/nios2-elf/lib\libc.a(lib_a-u_strerr.o)
 .text._user_strerror
                0x00000000020908ec        0x8 c:/altera/18.1/nios2eds/bin/gnu/h-x86_64-mingw32/bin/../lib/gcc/nios2-elf/5.3.0/../../../../../H-x86_64-mingw32/nios2-elf/lib\libc.a(lib_a-u_strerr.o)
                0x00000000020908ec                _user_strerror
 .text          0x00000000020908f4        0x0 c:/altera/18.1/nios2eds/bin/gnu/h-x86_64-mingw32/bin/../lib/gcc/nios2-elf/5.3.0/../../../../../H-x86_64-mingw32/nios2-elf/lib\libc.a(lib_a-vfiprintfr_1.o)
 .text._vfiprintf_r
                0x00000000020908f4       0x18 c:/altera/18.1/nios2eds/bin/gnu/h-x86_64-mingw32/bin/../lib/gcc/nios2-elf/5.3.0/../../../../../H-x86_64-mingw32/nios2-elf/lib\libc.a(lib_a-vfiprintfr_1.o)
                0x00000000020908f4                _vfiprintf_r
 .text          0x000000000209090c        0x0 c:/altera/18.1/nios2eds/bin/gnu/h-x86_64-mingw32/bin/../lib/gcc/nios2-elf/5.3.0/../../../../../H-x86_64-mingw32/nios2-elf/lib\libc.a(lib_a-vfprintf.o)
 .text.___vfprintf_internal_r
                0x000000000209090c     0x21f8 c:/altera/18.1/nios2eds/bin/gnu/h-x86_64-mingw32/bin/../lib/gcc/nios2-elf/5.3.0/../../../../../H-x86_64-mingw32/nios2-elf/lib\libc.a(lib_a-vfprintf.o)
                0x000000000209090c                ___vfprintf_internal_r
 .text.__vfprintf_internal
                0x0000000002092b04       0x1c c:/altera/18.1/nios2eds/bin/gnu/h-x86_64-mingw32/bin/../lib/gcc/nios2-elf/5.3.0/../../../../../H-x86_64-mingw32/nios2-elf/lib\libc.a(lib_a-vfprintf.o)
                0x0000000002092b04                __vfprintf_internal
 .text.__sbprintf
                0x0000000002092b20       0xbc c:/altera/18.1/nios2eds/bin/gnu/h-x86_64-mingw32/bin/../lib/gcc/nios2-elf/5.3.0/../../../../../H-x86_64-mingw32/nios2-elf/lib\libc.a(lib_a-vfprintf.o)
 .text          0x0000000002092bdc        0x0 c:/altera/18.1/nios2eds/bin/gnu/h-x86_64-mingw32/bin/../lib/gcc/nios2-elf/5.3.0/../../../../../H-x86_64-mingw32/nios2-elf/lib\libc.a(lib_a-vprintf.o)
 .text.vprintf  0x0000000002092bdc       0x1c c:/altera/18.1/nios2eds/bin/gnu/h-x86_64-mingw32/bin/../lib/gcc/nios2-elf/5.3.0/../../../../../H-x86_64-mingw32/nios2-elf/lib\libc.a(lib_a-vprintf.o)
                0x0000000002092bdc                vprintf
 .text._vprintf_r
                0x0000000002092bf8       0x10 c:/altera/18.1/nios2eds/bin/gnu/h-x86_64-mingw32/bin/../lib/gcc/nios2-elf/5.3.0/../../../../../H-x86_64-mingw32/nios2-elf/lib\libc.a(lib_a-vprintf.o)
                0x0000000002092bf8                _vprintf_r
 .text          0x0000000002092c08        0x0 c:/altera/18.1/nios2eds/bin/gnu/h-x86_64-mingw32/bin/../lib/gcc/nios2-elf/5.3.0/../../../../../H-x86_64-mingw32/nios2-elf/lib\libc.a(lib_a-writer.o)
 .text._write_r
                0x0000000002092c08       0x60 c:/altera/18.1/nios2eds/bin/gnu/h-x86_64-mingw32/bin/../lib/gcc/nios2-elf/5.3.0/../../../../../H-x86_64-mingw32/nios2-elf/lib\libc.a(lib_a-writer.o)
                0x0000000002092c08                _write_r
 .text          0x0000000002092c68        0x0 c:/altera/18.1/nios2eds/bin/gnu/h-x86_64-mingw32/bin/../lib/gcc/nios2-elf/5.3.0/../../../../../H-x86_64-mingw32/nios2-elf/lib\libc.a(lib_a-wsetup.o)
 .text.__swsetup_r
                0x0000000002092c68      0x154 c:/altera/18.1/nios2eds/bin/gnu/h-x86_64-mingw32/bin/../lib/gcc/nios2-elf/5.3.0/../../../../../H-x86_64-mingw32/nios2-elf/lib\libc.a(lib_a-wsetup.o)
                0x0000000002092c68                __swsetup_r
 .text          0x0000000002092dbc        0x0 c:/altera/18.1/nios2eds/bin/gnu/h-x86_64-mingw32/bin/../lib/gcc/nios2-elf/5.3.0/../../../../../H-x86_64-mingw32/nios2-elf/lib\libc.a(closer.o)
 .text._close_r
                0x0000000002092dbc       0x54 c:/altera/18.1/nios2eds/bin/gnu/h-x86_64-mingw32/bin/../lib/gcc/nios2-elf/5.3.0/../../../../../H-x86_64-mingw32/nios2-elf/lib\libc.a(closer.o)
                0x0000000002092dbc                _close_r
 .text          0x0000000002092e10        0x0 c:/altera/18.1/nios2eds/bin/gnu/h-x86_64-mingw32/bin/../lib/gcc/nios2-elf/5.3.0/../../../../../H-x86_64-mingw32/nios2-elf/lib\libc.a(lib_a-abort.o)
 .text.abort    0x0000000002092e10       0x18 c:/altera/18.1/nios2eds/bin/gnu/h-x86_64-mingw32/bin/../lib/gcc/nios2-elf/5.3.0/../../../../../H-x86_64-mingw32/nios2-elf/lib\libc.a(lib_a-abort.o)
                0x0000000002092e10                abort
 .text          0x0000000002092e28        0x0 c:/altera/18.1/nios2eds/bin/gnu/h-x86_64-mingw32/bin/../lib/gcc/nios2-elf/5.3.0/../../../../../H-x86_64-mingw32/nios2-elf/lib\libc.a(lib_a-dtoa.o)
 .text.quorem   0x0000000002092e28      0x200 c:/altera/18.1/nios2eds/bin/gnu/h-x86_64-mingw32/bin/../lib/gcc/nios2-elf/5.3.0/../../../../../H-x86_64-mingw32/nios2-elf/lib\libc.a(lib_a-dtoa.o)
 .text._dtoa_r  0x0000000002093028     0x1688 c:/altera/18.1/nios2eds/bin/gnu/h-x86_64-mingw32/bin/../lib/gcc/nios2-elf/5.3.0/../../../../../H-x86_64-mingw32/nios2-elf/lib\libc.a(lib_a-dtoa.o)
                0x0000000002093028                _dtoa_r
 .text          0x00000000020946b0        0x0 c:/altera/18.1/nios2eds/bin/gnu/h-x86_64-mingw32/bin/../lib/gcc/nios2-elf/5.3.0/../../../../../H-x86_64-mingw32/nios2-elf/lib\libc.a(lib_a-fclose.o)
 .text._fclose_r
                0x00000000020946b0       0xf0 c:/altera/18.1/nios2eds/bin/gnu/h-x86_64-mingw32/bin/../lib/gcc/nios2-elf/5.3.0/../../../../../H-x86_64-mingw32/nios2-elf/lib\libc.a(lib_a-fclose.o)
                0x00000000020946b0                _fclose_r
 .text.fclose   0x00000000020947a0       0x14 c:/altera/18.1/nios2eds/bin/gnu/h-x86_64-mingw32/bin/../lib/gcc/nios2-elf/5.3.0/../../../../../H-x86_64-mingw32/nios2-elf/lib\libc.a(lib_a-fclose.o)
                0x00000000020947a0                fclose
 .text          0x00000000020947b4        0x0 c:/altera/18.1/nios2eds/bin/gnu/h-x86_64-mingw32/bin/../lib/gcc/nios2-elf/5.3.0/../../../../../H-x86_64-mingw32/nios2-elf/lib\libc.a(lib_a-fvwrite.o)
 .text.__sfvwrite_r
                0x00000000020947b4      0x4bc c:/altera/18.1/nios2eds/bin/gnu/h-x86_64-mingw32/bin/../lib/gcc/nios2-elf/5.3.0/../../../../../H-x86_64-mingw32/nios2-elf/lib\libc.a(lib_a-fvwrite.o)
                0x00000000020947b4                __sfvwrite_r
 .text          0x0000000002094c70        0x0 c:/altera/18.1/nios2eds/bin/gnu/h-x86_64-mingw32/bin/../lib/gcc/nios2-elf/5.3.0/../../../../../H-x86_64-mingw32/nios2-elf/lib\libc.a(lib_a-int_errno.o)
 .text          0x0000000002094c70        0x0 c:/altera/18.1/nios2eds/bin/gnu/h-x86_64-mingw32/bin/../lib/gcc/nios2-elf/5.3.0/../../../../../H-x86_64-mingw32/nios2-elf/lib\libc.a(lib_a-locale.o)
 .text._setlocale_r
                0x0000000002094c70       0x7c c:/altera/18.1/nios2eds/bin/gnu/h-x86_64-mingw32/bin/../lib/gcc/nios2-elf/5.3.0/../../../../../H-x86_64-mingw32/nios2-elf/lib\libc.a(lib_a-locale.o)
                0x0000000002094c70                _setlocale_r
 .text.__locale_charset
                0x0000000002094cec        0xc c:/altera/18.1/nios2eds/bin/gnu/h-x86_64-mingw32/bin/../lib/gcc/nios2-elf/5.3.0/../../../../../H-x86_64-mingw32/nios2-elf/lib\libc.a(lib_a-locale.o)
                0x0000000002094cec                __locale_charset
 .text.__locale_mb_cur_max
                0x0000000002094cf8       0x10 c:/altera/18.1/nios2eds/bin/gnu/h-x86_64-mingw32/bin/../lib/gcc/nios2-elf/5.3.0/../../../../../H-x86_64-mingw32/nios2-elf/lib\libc.a(lib_a-locale.o)
                0x0000000002094cf8                __locale_mb_cur_max
 .text.__locale_msgcharset
                0x0000000002094d08        0xc c:/altera/18.1/nios2eds/bin/gnu/h-x86_64-mingw32/bin/../lib/gcc/nios2-elf/5.3.0/../../../../../H-x86_64-mingw32/nios2-elf/lib\libc.a(lib_a-locale.o)
                0x0000000002094d08                __locale_msgcharset
 .text.__locale_cjk_lang
                0x0000000002094d14        0x8 c:/altera/18.1/nios2eds/bin/gnu/h-x86_64-mingw32/bin/../lib/gcc/nios2-elf/5.3.0/../../../../../H-x86_64-mingw32/nios2-elf/lib\libc.a(lib_a-locale.o)
                0x0000000002094d14                __locale_cjk_lang
 .text._localeconv_r
                0x0000000002094d1c        0xc c:/altera/18.1/nios2eds/bin/gnu/h-x86_64-mingw32/bin/../lib/gcc/nios2-elf/5.3.0/../../../../../H-x86_64-mingw32/nios2-elf/lib\libc.a(lib_a-locale.o)
                0x0000000002094d1c                _localeconv_r
 .text.setlocale
                0x0000000002094d28       0x18 c:/altera/18.1/nios2eds/bin/gnu/h-x86_64-mingw32/bin/../lib/gcc/nios2-elf/5.3.0/../../../../../H-x86_64-mingw32/nios2-elf/lib\libc.a(lib_a-locale.o)
                0x0000000002094d28                setlocale
 .text.localeconv
                0x0000000002094d40        0xc c:/altera/18.1/nios2eds/bin/gnu/h-x86_64-mingw32/bin/../lib/gcc/nios2-elf/5.3.0/../../../../../H-x86_64-mingw32/nios2-elf/lib\libc.a(lib_a-locale.o)
                0x0000000002094d40                localeconv
 .text          0x0000000002094d4c        0x0 c:/altera/18.1/nios2eds/bin/gnu/h-x86_64-mingw32/bin/../lib/gcc/nios2-elf/5.3.0/../../../../../H-x86_64-mingw32/nios2-elf/lib\libc.a(lib_a-lseekr.o)
 .text._lseek_r
                0x0000000002094d4c       0x60 c:/altera/18.1/nios2eds/bin/gnu/h-x86_64-mingw32/bin/../lib/gcc/nios2-elf/5.3.0/../../../../../H-x86_64-mingw32/nios2-elf/lib\libc.a(lib_a-lseekr.o)
                0x0000000002094d4c                _lseek_r
 .text          0x0000000002094dac        0x0 c:/altera/18.1/nios2eds/bin/gnu/h-x86_64-mingw32/bin/../lib/gcc/nios2-elf/5.3.0/../../../../../H-x86_64-mingw32/nios2-elf/lib\libc.a(lib_a-makebuf.o)
 .text.__smakebuf_r
                0x0000000002094dac      0x1bc c:/altera/18.1/nios2eds/bin/gnu/h-x86_64-mingw32/bin/../lib/gcc/nios2-elf/5.3.0/../../../../../H-x86_64-mingw32/nios2-elf/lib\libc.a(lib_a-makebuf.o)
                0x0000000002094dac                __smakebuf_r
 .text          0x0000000002094f68        0x0 c:/altera/18.1/nios2eds/bin/gnu/h-x86_64-mingw32/bin/../lib/gcc/nios2-elf/5.3.0/../../../../../H-x86_64-mingw32/nios2-elf/lib\libc.a(lib_a-memchr.o)
 .text.memchr   0x0000000002094f68       0xe4 c:/altera/18.1/nios2eds/bin/gnu/h-x86_64-mingw32/bin/../lib/gcc/nios2-elf/5.3.0/../../../../../H-x86_64-mingw32/nios2-elf/lib\libc.a(lib_a-memchr.o)
                0x0000000002094f68                memchr
 .text          0x000000000209504c        0x0 c:/altera/18.1/nios2eds/bin/gnu/h-x86_64-mingw32/bin/../lib/gcc/nios2-elf/5.3.0/../../../../../H-x86_64-mingw32/nios2-elf/lib\libc.a(lib_a-mprec.o)
 .text._Balloc  0x000000000209504c       0xa8 c:/altera/18.1/nios2eds/bin/gnu/h-x86_64-mingw32/bin/../lib/gcc/nios2-elf/5.3.0/../../../../../H-x86_64-mingw32/nios2-elf/lib\libc.a(lib_a-mprec.o)
                0x000000000209504c                _Balloc
 .text._Bfree   0x00000000020950f4       0x28 c:/altera/18.1/nios2eds/bin/gnu/h-x86_64-mingw32/bin/../lib/gcc/nios2-elf/5.3.0/../../../../../H-x86_64-mingw32/nios2-elf/lib\libc.a(lib_a-mprec.o)
                0x00000000020950f4                _Bfree
 .text.__multadd
                0x000000000209511c      0x120 c:/altera/18.1/nios2eds/bin/gnu/h-x86_64-mingw32/bin/../lib/gcc/nios2-elf/5.3.0/../../../../../H-x86_64-mingw32/nios2-elf/lib\libc.a(lib_a-mprec.o)
                0x000000000209511c                __multadd
 .text.__s2b    0x000000000209523c      0x104 c:/altera/18.1/nios2eds/bin/gnu/h-x86_64-mingw32/bin/../lib/gcc/nios2-elf/5.3.0/../../../../../H-x86_64-mingw32/nios2-elf/lib\libc.a(lib_a-mprec.o)
                0x000000000209523c                __s2b
 .text.__hi0bits
                0x0000000002095340       0x68 c:/altera/18.1/nios2eds/bin/gnu/h-x86_64-mingw32/bin/../lib/gcc/nios2-elf/5.3.0/../../../../../H-x86_64-mingw32/nios2-elf/lib\libc.a(lib_a-mprec.o)
                0x0000000002095340                __hi0bits
 .text.__lo0bits
                0x00000000020953a8       0xb0 c:/altera/18.1/nios2eds/bin/gnu/h-x86_64-mingw32/bin/../lib/gcc/nios2-elf/5.3.0/../../../../../H-x86_64-mingw32/nios2-elf/lib\libc.a(lib_a-mprec.o)
                0x00000000020953a8                __lo0bits
 .text.__i2b    0x0000000002095458       0x3c c:/altera/18.1/nios2eds/bin/gnu/h-x86_64-mingw32/bin/../lib/gcc/nios2-elf/5.3.0/../../../../../H-x86_64-mingw32/nios2-elf/lib\libc.a(lib_a-mprec.o)
                0x0000000002095458                __i2b
 .text.__multiply
                0x0000000002095494      0x1f8 c:/altera/18.1/nios2eds/bin/gnu/h-x86_64-mingw32/bin/../lib/gcc/nios2-elf/5.3.0/../../../../../H-x86_64-mingw32/nios2-elf/lib\libc.a(lib_a-mprec.o)
                0x0000000002095494                __multiply
 .text.__pow5mult
                0x000000000209568c      0x140 c:/altera/18.1/nios2eds/bin/gnu/h-x86_64-mingw32/bin/../lib/gcc/nios2-elf/5.3.0/../../../../../H-x86_64-mingw32/nios2-elf/lib\libc.a(lib_a-mprec.o)
                0x000000000209568c                __pow5mult
 .text.__lshift
                0x00000000020957cc      0x148 c:/altera/18.1/nios2eds/bin/gnu/h-x86_64-mingw32/bin/../lib/gcc/nios2-elf/5.3.0/../../../../../H-x86_64-mingw32/nios2-elf/lib\libc.a(lib_a-mprec.o)
                0x00000000020957cc                __lshift
 .text.__mcmp   0x0000000002095914       0x60 c:/altera/18.1/nios2eds/bin/gnu/h-x86_64-mingw32/bin/../lib/gcc/nios2-elf/5.3.0/../../../../../H-x86_64-mingw32/nios2-elf/lib\libc.a(lib_a-mprec.o)
                0x0000000002095914                __mcmp
 .text.__mdiff  0x0000000002095974      0x1fc c:/altera/18.1/nios2eds/bin/gnu/h-x86_64-mingw32/bin/../lib/gcc/nios2-elf/5.3.0/../../../../../H-x86_64-mingw32/nios2-elf/lib\libc.a(lib_a-mprec.o)
                0x0000000002095974                __mdiff
 .text.__ulp    0x0000000002095b70       0x64 c:/altera/18.1/nios2eds/bin/gnu/h-x86_64-mingw32/bin/../lib/gcc/nios2-elf/5.3.0/../../../../../H-x86_64-mingw32/nios2-elf/lib\libc.a(lib_a-mprec.o)
                0x0000000002095b70                __ulp
 .text.__b2d    0x0000000002095bd4      0x10c c:/altera/18.1/nios2eds/bin/gnu/h-x86_64-mingw32/bin/../lib/gcc/nios2-elf/5.3.0/../../../../../H-x86_64-mingw32/nios2-elf/lib\libc.a(lib_a-mprec.o)
                0x0000000002095bd4                __b2d
 .text.__d2b    0x0000000002095ce0      0x14c c:/altera/18.1/nios2eds/bin/gnu/h-x86_64-mingw32/bin/../lib/gcc/nios2-elf/5.3.0/../../../../../H-x86_64-mingw32/nios2-elf/lib\libc.a(lib_a-mprec.o)
                0x0000000002095ce0                __d2b
 .text.__ratio  0x0000000002095e2c       0xa4 c:/altera/18.1/nios2eds/bin/gnu/h-x86_64-mingw32/bin/../lib/gcc/nios2-elf/5.3.0/../../../../../H-x86_64-mingw32/nios2-elf/lib\libc.a(lib_a-mprec.o)
                0x0000000002095e2c                __ratio
 .text._mprec_log10
                0x0000000002095ed0       0x74 c:/altera/18.1/nios2eds/bin/gnu/h-x86_64-mingw32/bin/../lib/gcc/nios2-elf/5.3.0/../../../../../H-x86_64-mingw32/nios2-elf/lib\libc.a(lib_a-mprec.o)
                0x0000000002095ed0                _mprec_log10
 .text.__copybits
                0x0000000002095f44       0x78 c:/altera/18.1/nios2eds/bin/gnu/h-x86_64-mingw32/bin/../lib/gcc/nios2-elf/5.3.0/../../../../../H-x86_64-mingw32/nios2-elf/lib\libc.a(lib_a-mprec.o)
                0x0000000002095f44                __copybits
 .text.__any_on
                0x0000000002095fbc       0x8c c:/altera/18.1/nios2eds/bin/gnu/h-x86_64-mingw32/bin/../lib/gcc/nios2-elf/5.3.0/../../../../../H-x86_64-mingw32/nios2-elf/lib\libc.a(lib_a-mprec.o)
                0x0000000002095fbc                __any_on
 .text          0x0000000002096048        0x0 c:/altera/18.1/nios2eds/bin/gnu/h-x86_64-mingw32/bin/../lib/gcc/nios2-elf/5.3.0/../../../../../H-x86_64-mingw32/nios2-elf/lib\libc.a(lib_a-putc.o)
 .text._putc_r  0x0000000002096048       0xa0 c:/altera/18.1/nios2eds/bin/gnu/h-x86_64-mingw32/bin/../lib/gcc/nios2-elf/5.3.0/../../../../../H-x86_64-mingw32/nios2-elf/lib\libc.a(lib_a-putc.o)
                0x0000000002096048                _putc_r
 .text.putc     0x00000000020960e8       0xc8 c:/altera/18.1/nios2eds/bin/gnu/h-x86_64-mingw32/bin/../lib/gcc/nios2-elf/5.3.0/../../../../../H-x86_64-mingw32/nios2-elf/lib\libc.a(lib_a-putc.o)
                0x00000000020960e8                putc
 .text          0x00000000020961b0        0x0 c:/altera/18.1/nios2eds/bin/gnu/h-x86_64-mingw32/bin/../lib/gcc/nios2-elf/5.3.0/../../../../../H-x86_64-mingw32/nios2-elf/lib\libc.a(lib_a-readr.o)
 .text._read_r  0x00000000020961b0       0x60 c:/altera/18.1/nios2eds/bin/gnu/h-x86_64-mingw32/bin/../lib/gcc/nios2-elf/5.3.0/../../../../../H-x86_64-mingw32/nios2-elf/lib\libc.a(lib_a-readr.o)
                0x00000000020961b0                _read_r
 .text          0x0000000002096210        0x0 c:/altera/18.1/nios2eds/bin/gnu/h-x86_64-mingw32/bin/../lib/gcc/nios2-elf/5.3.0/../../../../../H-x86_64-mingw32/nios2-elf/lib\libc.a(lib_a-s_fpclassify.o)
 .text.__fpclassifyd
                0x0000000002096210       0x74 c:/altera/18.1/nios2eds/bin/gnu/h-x86_64-mingw32/bin/../lib/gcc/nios2-elf/5.3.0/../../../../../H-x86_64-mingw32/nios2-elf/lib\libc.a(lib_a-s_fpclassify.o)
                0x0000000002096210                __fpclassifyd
 .text          0x0000000002096284        0x0 c:/altera/18.1/nios2eds/bin/gnu/h-x86_64-mingw32/bin/../lib/gcc/nios2-elf/5.3.0/../../../../../H-x86_64-mingw32/nios2-elf/lib\libc.a(lib_a-signal.o)
 .text._init_signal_r
                0x0000000002096284       0x6c c:/altera/18.1/nios2eds/bin/gnu/h-x86_64-mingw32/bin/../lib/gcc/nios2-elf/5.3.0/../../../../../H-x86_64-mingw32/nios2-elf/lib\libc.a(lib_a-signal.o)
                0x0000000002096284                _init_signal_r
 .text._signal_r
                0x00000000020962f0       0x84 c:/altera/18.1/nios2eds/bin/gnu/h-x86_64-mingw32/bin/../lib/gcc/nios2-elf/5.3.0/../../../../../H-x86_64-mingw32/nios2-elf/lib\libc.a(lib_a-signal.o)
                0x00000000020962f0                _signal_r
 .text._raise_r
                0x0000000002096374       0xbc c:/altera/18.1/nios2eds/bin/gnu/h-x86_64-mingw32/bin/../lib/gcc/nios2-elf/5.3.0/../../../../../H-x86_64-mingw32/nios2-elf/lib\libc.a(lib_a-signal.o)
                0x0000000002096374                _raise_r
 .text.__sigtramp_r
                0x0000000002096430       0xa8 c:/altera/18.1/nios2eds/bin/gnu/h-x86_64-mingw32/bin/../lib/gcc/nios2-elf/5.3.0/../../../../../H-x86_64-mingw32/nios2-elf/lib\libc.a(lib_a-signal.o)
                0x0000000002096430                __sigtramp_r
 .text.raise    0x00000000020964d8       0x14 c:/altera/18.1/nios2eds/bin/gnu/h-x86_64-mingw32/bin/../lib/gcc/nios2-elf/5.3.0/../../../../../H-x86_64-mingw32/nios2-elf/lib\libc.a(lib_a-signal.o)
                0x00000000020964d8                raise
 .text.signal   0x00000000020964ec       0x18 c:/altera/18.1/nios2eds/bin/gnu/h-x86_64-mingw32/bin/../lib/gcc/nios2-elf/5.3.0/../../../../../H-x86_64-mingw32/nios2-elf/lib\libc.a(lib_a-signal.o)
                0x00000000020964ec                signal
 .text._init_signal
                0x0000000002096504       0x10 c:/altera/18.1/nios2eds/bin/gnu/h-x86_64-mingw32/bin/../lib/gcc/nios2-elf/5.3.0/../../../../../H-x86_64-mingw32/nios2-elf/lib\libc.a(lib_a-signal.o)
                0x0000000002096504                _init_signal
 .text.__sigtramp
                0x0000000002096514       0x14 c:/altera/18.1/nios2eds/bin/gnu/h-x86_64-mingw32/bin/../lib/gcc/nios2-elf/5.3.0/../../../../../H-x86_64-mingw32/nios2-elf/lib\libc.a(lib_a-signal.o)
                0x0000000002096514                __sigtramp
 .text          0x0000000002096528        0x0 c:/altera/18.1/nios2eds/bin/gnu/h-x86_64-mingw32/bin/../lib/gcc/nios2-elf/5.3.0/../../../../../H-x86_64-mingw32/nios2-elf/lib\libc.a(lib_a-signalr.o)
 .text._kill_r  0x0000000002096528       0x5c c:/altera/18.1/nios2eds/bin/gnu/h-x86_64-mingw32/bin/../lib/gcc/nios2-elf/5.3.0/../../../../../H-x86_64-mingw32/nios2-elf/lib\libc.a(lib_a-signalr.o)
                0x0000000002096528                _kill_r
 .text._getpid_r
                0x0000000002096584        0x4 c:/altera/18.1/nios2eds/bin/gnu/h-x86_64-mingw32/bin/../lib/gcc/nios2-elf/5.3.0/../../../../../H-x86_64-mingw32/nios2-elf/lib\libc.a(lib_a-signalr.o)
                0x0000000002096584                _getpid_r
 .text          0x0000000002096588        0x0 c:/altera/18.1/nios2eds/bin/gnu/h-x86_64-mingw32/bin/../lib/gcc/nios2-elf/5.3.0/../../../../../H-x86_64-mingw32/nios2-elf/lib\libc.a(lib_a-svfiprintf.o)
 .text.__ssprint_r
                0x0000000002096588      0x1d0 c:/altera/18.1/nios2eds/bin/gnu/h-x86_64-mingw32/bin/../lib/gcc/nios2-elf/5.3.0/../../../../../H-x86_64-mingw32/nios2-elf/lib\libc.a(lib_a-svfiprintf.o)
                0x0000000002096588                __ssprint_r
 .text.___svfiprintf_internal_r
                0x0000000002096758     0x123c c:/altera/18.1/nios2eds/bin/gnu/h-x86_64-mingw32/bin/../lib/gcc/nios2-elf/5.3.0/../../../../../H-x86_64-mingw32/nios2-elf/lib\libc.a(lib_a-svfiprintf.o)
                0x0000000002096758                ___svfiprintf_internal_r
 .text          0x0000000002097994        0x0 c:/altera/18.1/nios2eds/bin/gnu/h-x86_64-mingw32/bin/../lib/gcc/nios2-elf/5.3.0/../../../../../H-x86_64-mingw32/nios2-elf/lib\libc.a(lib_a-vfiprintf.o)
 .text.__sprint_r.part.0
                0x0000000002097994       0xfc c:/altera/18.1/nios2eds/bin/gnu/h-x86_64-mingw32/bin/../lib/gcc/nios2-elf/5.3.0/../../../../../H-x86_64-mingw32/nios2-elf/lib\libc.a(lib_a-vfiprintf.o)
 .text.__sprint_r
                0x0000000002097a90       0x18 c:/altera/18.1/nios2eds/bin/gnu/h-x86_64-mingw32/bin/../lib/gcc/nios2-elf/5.3.0/../../../../../H-x86_64-mingw32/nios2-elf/lib\libc.a(lib_a-vfiprintf.o)
                0x0000000002097a90                __sprint_r
 .text.___vfiprintf_internal_r