Archive member included to satisfy reference by file (symbol)

c:/altera/18.1/nios2eds/bin/gnu/h-x86_64-mingw32/bin/../lib/gcc/nios2-elf/5.3.0/../../../../../H-x86_64-mingw32/nios2-elf/lib\libm.a(lib_a-s_signbit.o)
                              obj/default/open62541.o (__signbitf)
c:/altera/18.1/nios2eds/bin/gnu/h-x86_64-mingw32/bin/../lib/gcc/nios2-elf/5.3.0\libgcc.a(_muldi3.o)
                              obj/default/open62541.o (__muldi3)
c:/altera/18.1/nios2eds/bin/gnu/h-x86_64-mingw32/bin/../lib/gcc/nios2-elf/5.3.0\libgcc.a(_fixdfdi.o)
                              obj/default/open62541.o (__fixdfdi)
c:/altera/18.1/nios2eds/bin/gnu/h-x86_64-mingw32/bin/../lib/gcc/nios2-elf/5.3.0\libgcc.a(_fixunsdfdi.o)
                              obj/default/open62541.o (__fixunsdfdi)
c:/altera/18.1/nios2eds/bin/gnu/h-x86_64-mingw32/bin/../lib/gcc/nios2-elf/5.3.0\libgcc.a(_floatdisf.o)
                              obj/default/open62541.o (__floatdisf)
c:/altera/18.1/nios2eds/bin/gnu/h-x86_64-mingw32/bin/../lib/gcc/nios2-elf/5.3.0\libgcc.a(_floatdidf.o)
                              obj/default/open62541.o (__floatdidf)
c:/altera/18.1/nios2eds/bin/gnu/h-x86_64-mingw32/bin/../lib/gcc/nios2-elf/5.3.0\libgcc.a(_floatundidf.o)
                              obj/default/open62541.o (__floatundidf)
c:/altera/18.1/nios2eds/bin/gnu/h-x86_64-mingw32/bin/../lib/gcc/nios2-elf/5.3.0\libgcc.a(_divdi3.o)
                              obj/default/open62541.o (__divdi3)
c:/altera/18.1/nios2eds/bin/gnu/h-x86_64-mingw32/bin/../lib/gcc/nios2-elf/5.3.0\libgcc.a(_moddi3.o)
                              obj/default/open62541.o (__moddi3)
c:/altera/18.1/nios2eds/bin/gnu/h-x86_64-mingw32/bin/../lib/gcc/nios2-elf/5.3.0\libgcc.a(lib2-divmod.o)
                              obj/default/open62541.o (__divsi3)
c:/altera/18.1/nios2eds/bin/gnu/h-x86_64-mingw32/bin/../lib/gcc/nios2-elf/5.3.0\libgcc.a(addsf3.o)
                              obj/default/open62541.o (__addsf3)
c:/altera/18.1/nios2eds/bin/gnu/h-x86_64-mingw32/bin/../lib/gcc/nios2-elf/5.3.0\libgcc.a(divsf3.o)
                              obj/default/open62541.o (__divsf3)
c:/altera/18.1/nios2eds/bin/gnu/h-x86_64-mingw32/bin/../lib/gcc/nios2-elf/5.3.0\libgcc.a(eqsf2.o)
                              obj/default/open62541.o (__eqsf2)
c:/altera/18.1/nios2eds/bin/gnu/h-x86_64-mingw32/bin/../lib/gcc/nios2-elf/5.3.0\libgcc.a(gesf2.o)
                              obj/default/open62541.o (__gtsf2)
c:/altera/18.1/nios2eds/bin/gnu/h-x86_64-mingw32/bin/../lib/gcc/nios2-elf/5.3.0\libgcc.a(floatunsisf.o)
                              obj/default/open62541.o (__floatunsisf)
c:/altera/18.1/nios2eds/bin/gnu/h-x86_64-mingw32/bin/../lib/gcc/nios2-elf/5.3.0\libgcc.a(adddf3.o)
                              obj/default/open62541.o (__adddf3)
c:/altera/18.1/nios2eds/bin/gnu/h-x86_64-mingw32/bin/../lib/gcc/nios2-elf/5.3.0\libgcc.a(divdf3.o)
                              obj/default/open62541.o (__divdf3)
c:/altera/18.1/nios2eds/bin/gnu/h-x86_64-mingw32/bin/../lib/gcc/nios2-elf/5.3.0\libgcc.a(eqdf2.o)
                              obj/default/open62541.o (__eqdf2)
c:/altera/18.1/nios2eds/bin/gnu/h-x86_64-mingw32/bin/../lib/gcc/nios2-elf/5.3.0\libgcc.a(gedf2.o)
                              obj/default/open62541.o (__gedf2)
c:/altera/18.1/nios2eds/bin/gnu/h-x86_64-mingw32/bin/../lib/gcc/nios2-elf/5.3.0\libgcc.a(ledf2.o)
                              obj/default/open62541.o (__ledf2)
c:/altera/18.1/nios2eds/bin/gnu/h-x86_64-mingw32/bin/../lib/gcc/nios2-elf/5.3.0\libgcc.a(muldf3.o)
                              obj/default/open62541.o (__muldf3)
c:/altera/18.1/nios2eds/bin/gnu/h-x86_64-mingw32/bin/../lib/gcc/nios2-elf/5.3.0\libgcc.a(subdf3.o)
                              obj/default/open62541.o (__subdf3)
c:/altera/18.1/nios2eds/bin/gnu/h-x86_64-mingw32/bin/../lib/gcc/nios2-elf/5.3.0\libgcc.a(fixdfsi.o)
                              obj/default/open62541.o (__fixdfsi)
c:/altera/18.1/nios2eds/bin/gnu/h-x86_64-mingw32/bin/../lib/gcc/nios2-elf/5.3.0\libgcc.a(floatsidf.o)
                              obj/default/open62541.o (__floatsidf)
c:/altera/18.1/nios2eds/bin/gnu/h-x86_64-mingw32/bin/../lib/gcc/nios2-elf/5.3.0\libgcc.a(floatunsidf.o)
                              obj/default/open62541.o (__floatunsidf)
c:/altera/18.1/nios2eds/bin/gnu/h-x86_64-mingw32/bin/../lib/gcc/nios2-elf/5.3.0\libgcc.a(extendsfdf2.o)
                              obj/default/open62541.o (__extendsfdf2)
c:/altera/18.1/nios2eds/bin/gnu/h-x86_64-mingw32/bin/../lib/gcc/nios2-elf/5.3.0\libgcc.a(truncdfsf2.o)
                              obj/default/open62541.o (__truncdfsf2)
c:/altera/18.1/nios2eds/bin/gnu/h-x86_64-mingw32/bin/../lib/gcc/nios2-elf/5.3.0\libgcc.a(_clz.o)
                              c:/altera/18.1/nios2eds/bin/gnu/h-x86_64-mingw32/bin/../lib/gcc/nios2-elf/5.3.0\libgcc.a(_divdi3.o) (__clz_tab)
c:/altera/18.1/nios2eds/bin/gnu/h-x86_64-mingw32/bin/../lib/gcc/nios2-elf/5.3.0\libgcc.a(_clzsi2.o)
[...]
Memory Configuration

Name             Origin             Length             Attributes
reset            0x0000000002000000 0x0000000000000020
sdram_controller_0 0x0000000002000020 0x0000000001ffffe0
tse_descriptor_memory_0 0x0000000004000000 0x0000000000002000
mem_0            0x0000000005020000 0x0000000000020000
*default*        0x0000000000000000 0xffffffffffffffff

Linker script and memory map

LOAD ../FreeRTOS_bsp//obj/HAL/src/crt0.o
LOAD obj/default/hooks.o
LOAD obj/default/iicNs.o
LOAD obj/default/main.o
LOAD obj/default/open62541.o
LOAD c:/altera/18.1/nios2eds/bin/gnu/h-x86_64-mingw32/bin/../lib/gcc/nios2-elf/5.3.0/../../../../../H-x86_64-mingw32/nios2-elf/lib\libstdc++.a
LOAD c:/altera/18.1/nios2eds/bin/gnu/h-x86_64-mingw32/bin/../lib/gcc/nios2-elf/5.3.0/../../../../../H-x86_64-mingw32/nios2-elf/lib\libm.a
LOAD c:/altera/18.1/nios2eds/bin/gnu/h-x86_64-mingw32/bin/../lib/gcc/nios2-elf/5.3.0\libgcc.a
START GROUP
LOAD c:/altera/18.1/nios2eds/bin/gnu/h-x86_64-mingw32/bin/../lib/gcc/nios2-elf/5.3.0/../../../../../H-x86_64-mingw32/nios2-elf/lib\libc.a
LOAD c:/altera/18.1/nios2eds/bin/gnu/h-x86_64-mingw32/bin/../lib/gcc/nios2-elf/5.3.0\libgcc.a
LOAD ../FreeRTOS_bsp/\libfreertos_bsp.a
LOAD c:/altera/18.1/nios2eds/bin/gnu/h-x86_64-mingw32/bin/../lib/gcc/nios2-elf/5.3.0/../../../../../H-x86_64-mingw32/nios2-elf/lib\libm.a
END GROUP
LOAD c:/altera/18.1/nios2eds/bin/gnu/h-x86_64-mingw32/bin/../lib/gcc/nios2-elf/5.3.0\libgcc.a
                0x0000000002000000                __alt_mem_sdram_controller_0 = 0x2000000
                0x0000000004000000                __alt_mem_tse_descriptor_memory_0 = 0x4000000
                0x0000000005020000                __alt_mem_mem_0 = 0x5020000

.entry          0x0000000002000000       0x20
 *(.entry)
 .entry         0x0000000002000000       0x20 ../FreeRTOS_bsp//obj/HAL/src/crt0.o
                0x0000000002000000                __reset

.exceptions     0x0000000002000020      0x228
                0x0000000002000020                PROVIDE (__ram_exceptions_start, ABSOLUTE (.))
                0x0000000002000020                . = ALIGN (0x20)
 *(.irq)
 *(.exceptions.entry.label)
 *(.exceptions.entry.user)
 *(.exceptions.entry.ecc_fatal)
 *(.exceptions.entry)
 .exceptions.entry
                0x0000000002000020       0x8c ../FreeRTOS_bsp/\libfreertos_bsp.a(port_asm.o)
 *(.exceptions.irqtest.user)
 *(.exceptions.irqtest)
 .exceptions.irqtest
                0x00000000020000ac       0x14 ../FreeRTOS_bsp/\libfreertos_bsp.a(port_asm.o)
 *(.exceptions.irqhandler.user)
 *(.exceptions.irqhandler)
 .exceptions.irqhandler
                0x00000000020000c0        0x4 ../FreeRTOS_bsp/\libfreertos_bsp.a(port_asm.o)
 *(.exceptions.irqreturn.user)
 *(.exceptions.irqreturn)
 .exceptions.irqreturn
                0x00000000020000c4       0x8c ../FreeRTOS_bsp/\libfreertos_bsp.a(port_asm.o)
                0x00000000020000c4                restore_sp_from_pxCurrentTCB
 *(.exceptions.notirq.label)
 *(.exceptions.notirq.user)
 *(.exceptions.notirq)
 *(.exceptions.soft.user)
 *(.exceptions.soft)
 .exceptions.soft
                0x0000000002000150       0x2c ../FreeRTOS_bsp/\libfreertos_bsp.a(port_asm.o)
 *(.exceptions.unknown.user)
 *(.exceptions.unknown)
 *(.exceptions.exit.label)
 *(.exceptions.exit.user)
 *(.exceptions.exit)
 *(.exceptions)
 .exceptions    0x000000000200017c       0xcc ../FreeRTOS_bsp/\libfreertos_bsp.a(alt_irq_handler.o)
                0x000000000200017c                alt_irq_handler
                0x0000000002000248                PROVIDE (__ram_exceptions_end, ABSOLUTE (.))
                0x0000000002000020                PROVIDE (__flash_exceptions_start, LOADADDR (.exceptions))

.text           0x0000000002000248   0x159c18
                [!provide]                        PROVIDE (stext, ABSOLUTE (.))
 *(.interp)
 *(.hash)
 *(.dynsym)
 *(.dynstr)
 *(.gnu.version)
 *(.gnu.version_d)
 *(.gnu.version_r)
 *(.rel.init)
 *(.rela.init)
 *(.rel.text .rel.text.* .rel.gnu.linkonce.t.*)
 *(.rela.text .rela.text.* .rela.gnu.linkonce.t.*)
 *(.rel.fini)
 *(.rela.fini)
 *(.rel.rodata .rel.rodata.* .rel.gnu.linkonce.r.*)
 *(.rela.rodata .rela.rodata.* .rela.gnu.linkonce.r.*)
 *(.rel.data .rel.data.* .rel.gnu.linkonce.d.*)
 *(.rela.data .rela.data.* .rela.gnu.linkonce.d.*)
 *(.rel.tdata .rel.tdata.* .rel.gnu.linkonce.td.*)
 *(.rela.tdata .rela.tdata.* .rela.gnu.linkonce.td.*)
 *(.rel.tbss .rel.tbss.* .rel.gnu.linkonce.tb.*)
 *(.rela.tbss .rela.tbss.* .rela.gnu.linkonce.tb.*)
 *(.rel.ctors)
 *(.rela.ctors)
 *(.rel.dtors)
 *(.rela.dtors)
 *(.rel.got)
 *(.rela.got)
 *(.rel.sdata .rel.sdata.* .rel.gnu.linkonce.s.*)
 *(.rela.sdata .rela.sdata.* .rela.gnu.linkonce.s.*)
 *(.rel.sbss .rel.sbss.* .rel.gnu.linkonce.sb.*)
 *(.rela.sbss .rela.sbss.* .rela.gnu.linkonce.sb.*)
 *(.rel.sdata2 .rel.sdata2.* .rel.gnu.linkonce.s2.*)
 *(.rela.sdata2 .rela.sdata2.* .rela.gnu.linkonce.s2.*)
 *(.rel.sbss2 .rel.sbss2.* .rel.gnu.linkonce.sb2.*)
 *(.rela.sbss2 .rela.sbss2.* .rela.gnu.linkonce.sb2.*)
 *(.rel.bss .rel.bss.* .rel.gnu.linkonce.b.*)
 *(.rela.bss .rela.bss.* .rela.gnu.linkonce.b.*)
 *(.rel.plt)
 *(.rela.plt)
 *(.rel.dyn)
 *(.init)
 *(.plt)
 *(.text .stub .text.* .gnu.linkonce.t.*)
 .text          0x0000000002000248       0x3c ../FreeRTOS_bsp//obj/HAL/src/crt0.o
                0x0000000002000248                _start
 .text          0x0000000002000284       0x38 obj/default/hooks.o
                0x0000000002000284                lwip_vlan_set
 .text          0x00000000020002bc    0x181d8 obj/default/iicNs.o
                0x0000000002017000                iicNs
 .text          0x0000000002018494     0x2794 obj/default/main.o
                0x00000000020189dc                vApplicationMallocFailedHook
                0x0000000002018a04                vApplicationStackOverflowHook
                0x0000000002018b28                InitNetwork
                0x0000000002018d3c                xEthernetRun
                0x0000000002018db0                get_mac_addr
                0x0000000002018ecc                get_ip_addr
                0x0000000002018f84                get_hostname
                0x0000000002018fbc                get_iface_name
                0x0000000002019000                is_interface_active
                0x0000000002019024                main
                0x000000000201ab60                main_thread
 .text          0x000000000201ac28    0xf2800 obj/default/open62541.o
                0x000000000201fa38                UA_findDataType
                0x000000000201fafc                UA_random_seed
                0x000000000201fb5c                UA_UInt32_random
                0x000000000201fb8c                UA_String_fromChars
                0x000000000201fc48                UA_String_equal
                0x000000000201fcec                UA_String_equal_ignorecase
                0x000000000201fef4                UA_QualifiedName_hash
                0x000000000201ff48                UA_QualifiedName_equal
                0x000000000201fff8                UA_DateTime_toStruct
                0x00000000020203d8                UA_DateTime_fromStruct
                0x0000000002020624                UA_Guid_equal
                0x0000000002020670                UA_Guid_random
                0x000000000202076c                UA_ByteString_allocBuffer
                0x00000000020209b0                UA_NodeId_isNull
                0x0000000002020a84                UA_NodeId_order
                0x0000000002020d5c                UA_ByteString_hash
                0x0000000002020ddc                UA_NodeId_hash
                0x0000000002020f80                UA_ExpandedNodeId_order
                0x0000000002021088                UA_ExpandedNodeId_hash
                0x00000000020214c8                UA_Variant_setScalar
                0x0000000002021524                UA_Variant_setScalarCopy
                0x00000000020215bc                UA_Variant_setArray
                0x0000000002021620                UA_Variant_setArrayCopy
                0x0000000002021c20                UA_Variant_copyRange
                0x0000000002022470                UA_Variant_setRange
                0x00000000020224c4                UA_Variant_setRangeCopy
                0x0000000002022874                UA_new
                0x0000000002022f50                UA_copy
                0x00000000020233c4                UA_clear
                0x0000000002023444                UA_delete
                0x00000000020234b0                UA_Array_new
                0x0000000002023514                UA_Array_copy
                0x00000000020236bc                UA_Array_delete
                0x0000000002023764                UA_DataType_isNumeric
                0x00000000020238dc                UA_NumericRange_parse
                0x0000000002026434                UA_findDataTypeByBinary
                0x00000000020285a4                UA_encodeBinary
                0x0000000002028e28                UA_decodeBinary
                0x0000000002029fe4                UA_calcSizeBinary
                0x000000000202a044                UA_StatusCode_name
                0x000000000202a0e4                UA_readNumberWithBase
                0x000000000202a2a0                UA_readNumber
                0x000000000202a2e4                UA_parseEndpointUrl
                0x000000000202a6b0                UA_parseEndpointUrlEthernet
                0x000000000202a938                UA_ByteString_toBase64
                0x000000000202a9d0                UA_ByteString_fromBase64
                0x000000000202aa60                UA_NodeId_print
                0x000000000202af2c                UA_WorkQueue_init
                0x000000000202af64                UA_WorkQueue_cleanup
                0x000000000202af98                UA_WorkQueue_enqueueDelayed
                0x000000000202aff4                UA_WorkQueue_manuallyProcessDelayed
                0x000000000202b2ac                UA_TimerZip_ZIP_INSERT
                0x000000000202b550                UA_TimerZip_ZIP_REMOVE
                0x000000000202b63c                UA_TimerZip_ZIP_FIND
                0x000000000202b67c                UA_TimerZip_ZIP_MIN
                0x000000000202b6d4                UA_TimerZip_ZIP_MAX
                0x000000000202b7ac                UA_TimerZip_ZIP_ITER
                0x000000000202b9c8                UA_TimerIdZip_ZIP_INSERT
                0x000000000202bc6c                UA_TimerIdZip_ZIP_REMOVE
                0x000000000202bd58                UA_TimerIdZip_ZIP_FIND
                0x000000000202bd98                UA_TimerIdZip_ZIP_MIN
                0x000000000202bdf0                UA_TimerIdZip_ZIP_MAX
                0x000000000202bec8                UA_TimerIdZip_ZIP_ITER
                0x000000000202bf14                UA_Timer_init
                0x000000000202c0c4                UA_Timer_addTimedCallback
                0x000000000202c12c                UA_Timer_addRepeatedCallback
                0x000000000202c248                UA_Timer_changeRepeatedCallbackInterval
                0x000000000202c38c                UA_Timer_removeCallback
                0x000000000202c414                UA_Timer_process
                0x000000000202c670                UA_Timer_deleteMembers
                0x000000000202c71c                UA_Connection_sendError
                0x000000000202c80c                UA_Connection_detachSecureChannel
                0x000000000202c878                UA_Connection_attachSecureChannel
                0x000000000202c8d8                UA_SecureChannel_init
                0x000000000202c998                UA_SecureChannel_setSecurityPolicy
                0x000000000202cbb4                UA_SecureChannel_deleteBuffered
                0x000000000202cc10                UA_SecureChannel_close
                0x000000000202cd50                UA_SecureChannel_processHELACK
                0x000000000202ce58                UA_SecureChannel_sendAsymmetricOPNMessage
                0x000000000202d654                UA_MessageContext_begin
                0x000000000202d760                UA_MessageContext_encode
                0x000000000202d7ec                UA_MessageContext_finish
                0x000000000202d828                UA_MessageContext_abort
                0x000000000202d880                UA_SecureChannel_sendSymmetricMessage
                0x000000000202e77c                UA_SecureChannel_processBuffer
                0x000000000202e960                UA_SecureChannel_receive
                0x000000000202ea20                UA_SecureChannel_generateLocalNonce
                0x000000000202eb2c                UA_SecureChannel_generateLocalKeys
                0x000000000202eda8                generateRemoteKeys
                0x000000000202f024                calculateAsymAlgSecurityHeaderLength
                0x000000000202f0bc                prependHeadersAsym
                0x000000000202f2f4                hideBytesAsym
                0x000000000202f370                setBufPos
                0x000000000202f680                decryptAndVerifyChunk
                0x000000000202f84c                processSequenceNumberAsym
                0x000000000202f880                checkAsymHeader
                0x000000000202f900                checkSymHeader
                0x000000000202fc4c                UA_SecurityPolicy_getRemoteAsymEncryptionBufferLengthOverhead
                0x000000000202fcf0                UA_Session_init
                0x000000000202fd50                UA_Session_deleteMembersCleanup
                0x000000000202fe20                UA_Session_attachToSecureChannel
                0x000000000202fe80                UA_Session_detachFromSecureChannel
                0x000000000202ff64                UA_Session_generateNonce
                0x0000000002030020                UA_Session_updateLifetime
                0x00000000020300d8                UA_Session_addSubscription
                0x00000000020301a8                UA_Session_deleteSubscription
                0x00000000020303a0                UA_Session_getSubscriptionById
                0x0000000002030418                UA_Session_dequeuePublishReq
                0x0000000002030494                UA_Session_queuePublishReq
                0x0000000002030720                UA_ReferenceTargetIdTree_ZIP_INSERT
                0x00000000020309bc                UA_ReferenceTargetIdTree_ZIP_REMOVE
                0x0000000002030aa4                UA_ReferenceTargetIdTree_ZIP_FIND
                0x0000000002030ae4                UA_ReferenceTargetIdTree_ZIP_MIN
                0x0000000002030b3c                UA_ReferenceTargetIdTree_ZIP_MAX
                0x0000000002030c14                UA_ReferenceTargetIdTree_ZIP_ITER
                0x0000000002030e14                UA_ReferenceTargetNameTree_ZIP_INSERT
                0x00000000020310b8                UA_ReferenceTargetNameTree_ZIP_REMOVE
                0x00000000020311a4                UA_ReferenceTargetNameTree_ZIP_FIND
                0x00000000020311e4                UA_ReferenceTargetNameTree_ZIP_MIN
                0x000000000203123c                UA_ReferenceTargetNameTree_ZIP_MAX
                0x0000000002031314                UA_ReferenceTargetNameTree_ZIP_ITER
                0x0000000002031360                UA_Node_clear
                0x00000000020318c8                UA_Node_copy
                0x0000000002031ce4                UA_Node_copy_alloc
                0x0000000002032268                UA_Node_setAttributes
                0x0000000002032798                UA_Node_addReference
                0x0000000002032910                UA_Node_deleteReference
                0x0000000002032c24                UA_Node_deleteReferencesSubset
                0x0000000002032e84                UA_Node_deleteReferences
                0x0000000002032ec4                setupNs1Uri
                0x0000000002032f24                addNamespace
                0x0000000002033054                UA_Server_addNamespace
                0x00000000020330ac                UA_Server_getConfig
                0x00000000020330e0                getNamespaceByName
                0x000000000203318c                UA_Server_getNamespaceByName
                0x00000000020331dc                UA_Server_forEachChildNodeCall
                0x00000000020333ec                UA_Server_delete
                0x00000000020337d0                UA_Server_newWithConfig
                0x0000000002033988                UA_Server_addTimedCallback
                0x00000000020339f8                addRepeatedCallback
                0x0000000002033a60                UA_Server_addRepeatedCallback
                0x0000000002033ac0                changeRepeatedCallbackInterval
                0x0000000002033b18                UA_Server_changeRepeatedCallbackInterval
                0x0000000002033b70                removeCallback
                0x0000000002033bbc                UA_Server_removeCallback
                0x0000000002033c00                UA_Server_updateCertificate
                0x0000000002033e1c                UA_SecurityPolicy_getSecurityPolicyByUri
                0x0000000002033eac                UA_Server_getStatistics
                0x0000000002033efc                UA_Server_run_startup
                0x0000000002034218                UA_Server_run_iterate
                0x0000000002034460                UA_Server_run_shutdown
                0x0000000002034564                UA_Server_run
                0x0000000002036bf8                writeNs0VariableArray
                0x000000000203728c                UA_Server_initNS0
                0x000000000203809c                UA_ServerConfig_clean
                0x000000000203830c                UA_ServerConfig_addPubSubTransportLayer
                0x00000000020383e0                sendServiceFault
                0x0000000002039234                sendResponse
                0x00000000020393ec                getBoundSession
                0x000000000203a210                UA_Server_processBinaryMessage
                0x000000000203a36c                UA_Server_removeConnection
                0x000000000203a624                isNodeInTree
                0x000000000203a684                isNodeInTree_singleRef
                0x000000000203a6e0                getNodeType
                0x000000000203a8ec                UA_Node_hasSubTypeOrInstances
                0x000000000203a9d0                getParentTypeAndInterfaceHierarchy
                0x000000000203adac                getInterfaceHierarchy
                0x000000000203af98                UA_Server_editNode
                0x000000000203b038                UA_Server_processServiceOperations
                0x000000000203b160                register_server_with_discovery_server
                0x000000000203b590                UA_Server_register_discovery
                0x000000000203b5dc                UA_Server_unregister_discovery
                0x000000000203b624                UA_NetworkMessage_updateBufferedMessage
                0x000000000203b7d4                UA_NetworkMessage_updateBufferedNwMessage
                0x000000000203bb0c                UA_NetworkMessage_encodeBinary
                0x000000000203d258                UA_NetworkMessage_decodeBinary
                0x000000000203d334                UA_NetworkMessage_calcSizeBinary
                0x000000000203dca0                UA_NetworkMessage_deleteMembers
                0x000000000203dec4                UA_NetworkMessage_delete
                0x000000000203e03c                UA_DataSetMessageHeader_encodeBinary
                0x000000000203e368                UA_DataSetMessageHeader_decodeBinary
                0x000000000203e6f0                UA_DataSetMessageHeader_calcSizeBinary
                0x000000000203e878                UA_DataSetMessage_encodeBinary
                0x000000000203ebe0                UA_DataSetMessage_decodeBinary
                0x000000000203f084                UA_DataSetMessage_calcSizeBinary
                0x000000000203f764                UA_DataSetMessage_free
                0x000000000203f8bc                UA_PubSubConnectionConfig_copy
                0x000000000203fab0                UA_Server_getPubSubConnectionConfig
                0x000000000203fb48                UA_PubSubConnection_findConnectionbyId
                0x000000000203fbc8                UA_PubSubConnectionConfig_clear
                0x000000000203fca0                UA_PubSubConnection_clear
                0x000000000203fde8                UA_PubSubConnection_regist
                0x000000000203fea8                UA_Server_addWriterGroup
                0x00000000020400fc                UA_Server_removeWriterGroup
                0x0000000002040270                UA_Server_freezeWriterGroupConfiguration
                0x000000000204099c                UA_Server_unfreezeWriterGroupConfiguration
                0x0000000002040b34                UA_Server_setWriterGroupOperational
                0x0000000002040bb8                UA_Server_setWriterGroupDisabled
                0x0000000002040c3c                UA_PublishedDataSetConfig_copy
                0x0000000002040dc0                UA_Server_getPublishedDataSetConfig
                0x0000000002040e78                UA_Server_getPublishedDataSetMetaData
                0x0000000002040f10                UA_PublishedDataSet_findPDSbyId
                0x0000000002040f90                UA_PublishedDataSetConfig_clear
                0x0000000002041054                UA_PublishedDataSet_clear
                0x0000000002041548                UA_Server_addDataSetField
                0x0000000002041a44                UA_Server_removeDataSetField
                0x0000000002041e80                UA_DataSetWriterConfig_copy
                0x0000000002041fe4                UA_Server_getDataSetWriterConfig
                0x00000000020420b0                UA_DataSetWriter_findDSWbyId
                0x0000000002042178                UA_DataSetWriterConfig_clear
                0x000000000204228c                UA_DataSetWriter_setPubSubState
                0x0000000002042498                UA_WriterGroupConfig_copy
                0x00000000020425fc                UA_Server_getWriterGroupConfig
                0x00000000020426c8                UA_Server_updateWriterGroupConfig
                0x00000000020428ac                UA_WriterGroup_findWGbyId
                0x0000000002042950                UA_WriterGroupConfig_clear
                0x0000000002042b10                UA_WriterGroup_setPubSubState
                0x0000000002042dc4                UA_Server_addDataSetWriter
                0x00000000020430e8                UA_Server_removeDataSetWriter
                0x00000000020432b0                UA_DataSetFieldConfig_copy
                0x000000000204333c                UA_Server_getDataSetFieldConfig
                0x0000000002043408                UA_DataSetField_findDSFbyId
                0x00000000020434ac                UA_DataSetFieldConfig_clear
                0x00000000020448bc                UA_WriterGroup_publishCallback
                0x0000000002045024                UA_WriterGroup_addPublishCallback
                0x0000000002045c60                UA_Server_addReaderGroup
                0x0000000002045e30                UA_Server_removeReaderGroup
                0x0000000002045f90                UA_Server_ReaderGroup_getConfig
                0x0000000002046158                UA_ReaderGroupConfig_copy
                0x00000000020461cc                UA_ReaderGroup_setPubSubState
                0x0000000002046480                UA_Server_freezeReaderGroupConfiguration
                0x00000000020468e4                UA_Server_unfreezeReaderGroupConfiguration
                0x0000000002046afc                UA_Server_setReaderGroupOperational
                0x0000000002046b80                UA_Server_setReaderGroupDisabled
                0x0000000002047010                UA_ReaderGroup_findRGbyId
                0x00000000020470b8                UA_ReaderGroup_findDSRbyId
                0x0000000002047184                UA_ReaderGroup_subscribeCallback
                0x0000000002047474                UA_ReaderGroup_addSubscribeCallback
                0x0000000002047504                UA_Server_addDataSetReader
                0x00000000020476b0                UA_Server_removeDataSetReader
                0x0000000002047770                UA_Server_DataSetReader_updateConfig
                0x00000000020478f8                UA_Server_DataSetReader_getConfig
                0x00000000020479b0                UA_DataSetReaderConfig_copy
                0x0000000002047b40                UA_DataSetReader_setPubSubState
                0x0000000002047d4c                UA_Server_DataSetReader_createTargetVariables
                0x0000000002047e48                UA_Server_DataSetReader_addTargetVariables
                0x00000000020484d4                UA_Server_DataSetReader_process
                0x0000000002048910                UA_Server_processNetworkMessage
                0x0000000002048a28                UA_Server_addPubSubConnection
                0x0000000002048d9c                UA_Server_removePubSubConnection
                0x0000000002048e90                UA_Server_addPublishedDataSet
                0x000000000204953c                UA_Server_removePublishedDataSet
                0x000000000204972c                UA_PubSubConfigurationVersionTimeDifference
                0x0000000002049774                UA_PubSubManager_generateUniqueNodeId
                0x000000000204980c                UA_PubSubManager_delete
                0x00000000020499e4                UA_PubSubManager_addRepeatedCallback
                0x0000000002049a4c                UA_PubSubManager_changeRepeatedCallbackInterval
                0x0000000002049aa4                UA_PubSubManager_removeRepeatedPubSubCallback
                0x000000000204a600                addPubSubConnectionRepresentation
                0x000000000204b264                removePubSubConnectionRepresentation
                0x000000000204b2e0                addDataSetReaderRepresentation
                0x000000000204b308                removeDataSetReaderRepresentation
                0x000000000204b330                addPublishedDataItemsRepresentation
                0x000000000204b974                removePublishedDataSetRepresentation
                0x000000000204bb8c                addWriterGroupRepresentation
                0x000000000204c600                removeGroupRepresentation
                0x000000000204c678                addReaderGroupRepresentation
                0x000000000204c6a0                addDataSetWriterRepresentation
                0x000000000204c938                removeDataSetWriterRepresentation
                0x000000000204d180                UA_Server_initPubSubNS0
                0x000000000204d800                RefHead_ZIP_INSERT
                0x000000000204da9c                RefHead_ZIP_REMOVE
                0x000000000204db84                RefHead_ZIP_FIND
                0x000000000204dbc4                RefHead_ZIP_MIN
                0x000000000204dc1c                RefHead_ZIP_MAX
                0x000000000204dcf4                RefHead_ZIP_ITER
                0x000000000204e368                browseRecursive
                0x000000000204e5a8                referenceTypeIndices
                0x000000000204e6f0                UA_Server_browseRecursive
                0x000000000204e9b4                ContinuationPoint_clear
                0x000000000204f2cc                Operation_Browse
                0x000000000204f614                Service_Browse
                0x000000000204f700                UA_Server_browse
                0x000000000204f90c                Service_BrowseNext
                0x000000000204f9a4                UA_Server_browseNext
                0x000000000205047c                translateBrowsePathToNodeIds
                0x0000000002050500                UA_Server_translateBrowsePathToNodeIds
                0x0000000002050560                Service_TranslateBrowsePathsToNodeIds
                0x000000000205061c                browseSimplifiedBrowsePath
                0x00000000020508bc                UA_Server_browseSimplifiedBrowsePath
                0x0000000002050954                Service_RegisterNodes
                0x0000000002050a2c                Service_UnregisterNodes
                0x0000000002051728                Service_Call
                0x00000000020517e0                UA_Server_call
                0x00000000020518c0                UA_Server_removeSession
                0x0000000002051b1c                UA_Server_removeSessionByToken
                0x0000000002051ba8                UA_Server_cleanupSessions
                0x0000000002051d10                getSessionByToken
                0x0000000002051e8c                UA_Server_getSessionById
                0x00000000020521c0                UA_Server_createSession
                0x0000000002052440                Service_CreateSession
                0x0000000002053068                Service_ActivateSession
                0x0000000002053970                Service_CloseSession
                0x0000000002054308                readValueAttribute
                0x000000000205435c                ReadWithNode
                0x0000000002054d18                Service_Read
                0x0000000002054e24                UA_Server_readWithSession
                0x0000000002054fc4                readAttribute
                0x0000000002055024                readWithReadValue
                0x0000000002055178                UA_Server_read
                0x0000000002055230                __UA_Server_read
                0x0000000002055280                readObjectProperty
                0x00000000020553e0                UA_Server_readObjectProperty
                0x00000000020554b4                compatibleDataType
                0x0000000002055618                compatibleValueRankArrayDimensions
                0x00000000020558e8                compatibleValueRanks
                0x0000000002055ad0                compatibleArrayDimensions
                0x0000000002055ba8                compatibleValueArrayDimensions
                0x0000000002055c6c                compatibleValue
                0x0000000002057bbc                Service_Write
                0x0000000002057c74                writeWithSession
                0x0000000002057cc8                writeAttribute
                0x0000000002057d20                UA_Server_write
                0x0000000002057d60                writeWithWriteValue
                0x0000000002057ecc                __UA_Server_write
                0x0000000002057f24                UA_Server_writeObjectProperty
                0x0000000002057fd4                writeObjectProperty
                0x0000000002058144                UA_Server_writeObjectProperty_scalar
                0x000000000205865c                Service_FindServers
                0x00000000020589c4                Service_GetEndpoints
                0x00000000020593d8                Service_RegisterServer
                0x0000000002059450                Service_RegisterServer2
                0x00000000020594f8                UA_Discovery_cleanupTimedOut
                0x0000000002059a4c                UA_Server_addPeriodicServerRegisterCallback
                0x0000000002059d8c                UA_Server_setRegisterServerCallback
                0x000000000205a014                Service_CreateSubscription
                0x000000000205a288                Service_ModifySubscription
                0x000000000205a418                Service_SetPublishingMode
                0x000000000205a4b0                Service_Publish
                0x000000000205a8c4                Service_DeleteSubscriptions
                0x000000000205a968                Service_Republish
                0x000000000205b84c                Service_CreateMonitoredItems
                0x000000000205b964                UA_Server_createDataChangeMonitoredItem
                0x000000000205bbd4                Service_ModifyMonitoredItems
                0x000000000205bf94                Service_SetMonitoringMode
                0x000000000205c0ec                Service_DeleteMonitoredItems
                0x000000000205c1dc                UA_Server_deleteMonitoredItem
                0x000000000205c4cc                UA_Server_deleteSecureChannels
                0x000000000205c538                UA_Server_cleanupTimedOutSecureChannels
                0x000000000205c8a0                UA_Server_createSecureChannel
                0x000000000205c9e8                UA_Server_configSecureChannel
                0x000000000205d084                UA_Server_closeSecureChannel
                0x000000000205d0d0                Service_OpenSecureChannel
                0x000000000205d3b0                Service_CloseSecureChannel
                0x000000000205d44c                UA_Server_getNodeContext
                0x000000000205d4bc                getNodeContext
                0x000000000205d60c                UA_Server_setNodeContext
                0x000000000205f6cc                AddNode_addRefs
                0x000000000206086c                AddNode_raw
                0x0000000002062088                AddNode_finish
                0x000000000206259c                Service_AddNodes
                0x0000000002062654                addNode
                0x000000000206281c                __UA_Server_addNode
                0x00000000020628b4                UA_Server_addNode_begin
                0x00000000020629cc                UA_Server_addNode_finish
                0x0000000002063498                Service_DeleteNodes
                0x0000000002063550                UA_Server_deleteNode
                0x00000000020635c8                deleteNode
                0x0000000002063c6c                Service_AddReferences
                0x0000000002063d24                UA_Server_addReference
                0x0000000002064048                Service_DeleteReferences
                0x0000000002064100                UA_Server_deleteReference
                0x0000000002064288                UA_Server_setVariableNode_valueCallback
                0x00000000020642ec                UA_Server_addDataSourceVariableNode
                0x00000000020645e0                setVariableNode_dataSource
                0x000000000206463c                UA_Server_setVariableNode_dataSource
                0x0000000002064738                UA_Server_setVariableNode_valueBackend
                0x0000000002064f60                UA_Server_addMethodNode_finish
                0x0000000002065068                UA_Server_addMethodNodeEx
                0x00000000020652b8                setMethodNode_callback
                0x0000000002065314                UA_Server_setMethodNode_callback
                0x0000000002065384                UA_Server_setAdminSessionContext
                0x0000000002065448                UA_Server_setNodeTypeLifecycle
                0x0000000002065514                UA_Client_newWithConfig
                0x0000000002065780                UA_Client_delete
                0x00000000020657c8                UA_Client_getState
                0x0000000002065840                UA_Client_getConfig
                0x0000000002065874                notifyClientState
                0x0000000002066568                receiveResponseAsync
                0x00000000020665c8                __UA_Client_Service
                0x0000000002066708                UA_Client_AsyncService_cancel
                0x00000000020667a4                UA_Client_AsyncService_removeAll
                0x0000000002066850                __UA_Client_AsyncServiceEx
                0x00000000020669d0                __UA_Client_AsyncService
                0x0000000002066a3c                UA_Client_sendAsyncRequest
                0x0000000002066a9c                UA_Client_addTimedCallback
                0x0000000002066b04                UA_Client_addRepeatedCallback
                0x0000000002066b6c                UA_Client_changeRepeatedCallbackInterval
                0x0000000002066bc4                UA_Client_removeCallback
                0x0000000002066ff8                UA_Client_run_iterate
                0x000000000206730c                processERRResponse
                0x0000000002067494                processACKResponse
                0x0000000002067804                processOPNResponse
                0x0000000002067f3c                UA_Client_renewSecureChannel
                0x0000000002068dc0                connectIterate
                0x0000000002069544                UA_Client_connectAsync
                0x0000000002069584                UA_Client_connectSecureChannelAsync
                0x000000000206976c                UA_Client_connect
                0x00000000020697ac                UA_Client_connectSecureChannel
                0x00000000020697f0                closeSecureChannel
                0x0000000002069ab8                UA_Client_disconnectAsync
                0x0000000002069b60                UA_Client_disconnectSecureChannel
                0x0000000002069b9c                UA_Client_disconnect
                0x0000000002069cfc                UA_Client_getEndpoints
                0x0000000002069df8                UA_Client_findServers
                0x0000000002069f64                UA_Client_findServersOnNetwork
                0x000000000206a0d0                UA_Client_NamespaceGetIndex
                0x000000000206a2b0                UA_Client_forEachChildNodeCall
                0x000000000206a490                UA_Client_addReference
                0x000000000206a654                UA_Client_deleteReference
                0x000000000206a810                UA_Client_deleteNode
                0x000000000206a944                __UA_Client_addNode
                0x000000000206ab88                UA_Client_call
                0x000000000206ad2c                __UA_Client_writeAttribute
                0x000000000206aeb8                UA_Client_writeArrayDimensionsAttribute
                0x000000000206b004                __UA_Client_readAttribute
                0x000000000206b368                UA_Client_readArrayDimensionsAttribute
                0x000000000206b79c                __UA_Client_readAttribute_async
                0x000000000206b96c                __UA_Client_writeAttribute_async
                0x000000000206baac                __UA_Client_addNode_async
                0x000000000206bc30                __UA_Client_call_async
                0x000000000206bd2c                __UA_Client_translateBrowsePathsToNodeIds_async
                0x000000000206bd5c                UA_Cient_translateBrowsePathsToNodeIds_async
                0x000000000206bf08                UA_Client_Subscriptions_create
                0x000000000206c028                UA_Client_Subscriptions_create_async
                0x000000000206c258                UA_Client_Subscriptions_modify
                0x000000000206c344                UA_Client_Subscriptions_modify_async
                0x000000000206cb44                UA_Client_Subscriptions_delete_async
                0x000000000206ccac                UA_Client_Subscriptions_delete
                0x000000000206ce34                UA_Client_Subscriptions_deleteSingle
                0x000000000206dd24                UA_Client_MonitoredItems_createDataChanges
                0x000000000206dda0                UA_Client_MonitoredItems_createDataChanges_async
                0x000000000206de30                UA_Client_MonitoredItems_createDataChange
                0x000000000206dfb4                UA_Client_MonitoredItems_createEvents
                0x000000000206e030                UA_Client_MonitoredItems_createEvents_async
                0x000000000206e0c0                UA_Client_MonitoredItems_createEvent
                0x000000000206e488                UA_Client_MonitoredItems_delete
                0x000000000206e538                UA_Client_MonitoredItems_delete_async
                0x000000000206e620                UA_Client_MonitoredItems_deleteSingle
                0x000000000206e70c                UA_Client_MonitoredItems_modify
                0x000000000206e8ac                UA_Client_preparePublishRequest
                0x000000000206f370                UA_Client_Subscriptions_clean
                0x000000000206f44c                UA_Client_Subscriptions_backgroundPublishInactivityCheck
                0x000000000206f650                UA_Client_Subscriptions_backgroundPublish
                0x000000000206f77c                __secs_to_tm
                0x0000000002070028                __tm_to_secs
                0x0000000002070308                pcg32_srandom_r
                0x00000000020703d0                pcg32_random_r
                0x0000000002070520                UA_base64
                0x0000000002070870                UA_unbase64
                0x00000000020f6768                namespace0_generated
                0x00000000020fe5a4                UA_Guid_parse
                0x00000000020febf8                UA_NodeId_parse
                0x00000000020ff54c                UA_ExpandedNodeId_parse
                0x0000000002100260                UA_RelativePath_parse
                0x00000000021002c8                UA_DiscoveryManager_init
                0x0000000002100318                UA_DiscoveryManager_deleteMembers
                0x0000000002100464                UA_Subscription_new
                0x00000000021004f0                UA_Subscription_clear
                0x00000000021007d8                UA_Subscription_getMonitoredItem
                0x000000000210083c                UA_Subscription_deleteMonitoredItem
                0x0000000002100a7c                UA_Subscription_addMonitoredItem
                0x0000000002100e5c                UA_Subscription_removeRetransmissionMessage
                0x0000000002101308                UA_Subscription_publish
                0x0000000002101ca8                UA_Subscription_reachedPublishReqLimit
                0x0000000002101e94                Subscription_registerPublishCallback
                0x0000000002101f30                Subscription_unregisterPublishCallback
                0x0000000002101f9c                UA_Subscription_answerPublishRequestsNoSubscription
                0x0000000002102074                UA_Notification_enqueue
                0x00000000021021b0                UA_Notification_dequeue
                0x0000000002102330                UA_Notification_delete
                0x0000000002102378                UA_MonitoredItem_init
                0x00000000021023dc                UA_MonitoredItem_delete
                0x00000000021025dc                UA_MonitoredItem_ensureQueueSpace
                0x0000000002102934                UA_MonitoredItem_registerSampleCallback
                0x00000000021029e0                UA_MonitoredItem_unregisterSampleCallback
                0x0000000002103930                UA_MonitoredItem_sampleCallback
                0x000000000210396c                monitoredItem_sampleCallback
                0x0000000002103c84                UA_Log_Stdout_log
                0x0000000002103e58                UA_Log_Stdout_clear
                0x0000000002103e7c                UA_Log_Stdout_withLevel
                0x00000000021043f4                UA_AccessControl_default
                0x0000000002104a04                NodeTree_ZIP_INSERT
                0x0000000002104ca0                NodeTree_ZIP_REMOVE
                0x0000000002104d88                NodeTree_ZIP_FIND
                0x0000000002104dc8                NodeTree_ZIP_MIN
                0x0000000002104e20                NodeTree_ZIP_MAX
                0x0000000002104ef8                NodeTree_ZIP_ITER
                0x0000000002105a30                UA_Nodestore_ZipTree
                0x0000000002106e04                UA_Nodestore_HashMap
                0x0000000002107050                UA_Server_new
                0x0000000002107554                UA_ServerConfig_setBasics
                0x00000000021075f4                UA_ServerConfig_addNetworkLayerTCP
                0x0000000002107774                UA_ServerConfig_addSecurityPolicyNone
                0x0000000002107888                UA_ServerConfig_addEndpoint
                0x00000000021079dc                UA_ServerConfig_addAllEndpoints
                0x0000000002107be8                UA_ServerConfig_setMinimalCustomBuffer
                0x0000000002107d5c                UA_Client_new
                0x0000000002107db4                UA_ClientConfig_setDefault
                0x0000000002108068                UA_CertificateVerification_AcceptAll
                0x0000000002108444                UA_SecurityPolicy_None
                0x0000000002109894                UA_PubSubTransportLayerUDPMP
                0x000000000210a230                UA_PubSubTransportLayerEthernet
                0x000000000210a2a0                UA_DateTime_now
                0x000000000210a408                UA_DateTime_localTimeUtcOffset
                0x000000000210a43c                UA_DateTime_nowMonotonic
                0x000000000210a4f8                UA_socket_set_blocking
                0x000000000210a548                UA_socket_set_nonblocking
                0x000000000210a59c                gethostname_lwip
                0x000000000210a5c4                UA_initialize_architecture_network
                0x000000000210a5e4                UA_deinitialize_architecture_network
                0x000000000210bdb8                UA_ServerNetworkLayerTCP
                0x000000000210bffc                UA_ClientConnectionTCP_poll
                0x000000000210c4e4                UA_ClientConnectionTCP_init
                0x000000000210c8d8                UA_ClientConnectionTCP
 .text          0x000000000210d428        0x0 c:/altera/18.1/nios2eds/bin/gnu/h-x86_64-mingw32/bin/../lib/gcc/nios2-elf/5.3.0/../../../../../H-x86_64-mingw32/nios2-elf/lib\libm.a(lib_a-s_signbit.o)
 .text.__signbitf
                0x000000000210d428        0x8 c:/altera/18.1/nios2eds/bin/gnu/h-x86_64-mingw32/bin/../lib/gcc/nios2-elf/5.3.0/../../../../../H-x86_64-mingw32/nios2-elf/lib\libm.a(lib_a-s_signbit.o)
                0x000000000210d428                __signbitf
 .text.__signbitd
                0x000000000210d430        0x8 c:/altera/18.1/nios2eds/bin/gnu/h-x86_64-mingw32/bin/../lib/gcc/nios2-elf/5.3.0/../../../../../H-x86_64-mingw32/nios2-elf/lib\libm.a(lib_a-s_signbit.o)
                0x000000000210d430                __signbitd
 .text          0x000000000210d438       0x60 c:/altera/18.1/nios2eds/bin/gnu/h-x86_64-mingw32/bin/../lib/gcc/nios2-elf/5.3.0\libgcc.a(_muldi3.o)
                0x000000000210d438                __muldi3
 .text          0x000000000210d498       0x74 c:/altera/18.1/nios2eds/bin/gnu/h-x86_64-mingw32/bin/../lib/gcc/nios2-elf/5.3.0\libgcc.a(_fixdfdi.o)
                0x000000000210d498                __fixdfdi
 .text          0x000000000210d50c       0x90 c:/altera/18.1/nios2eds/bin/gnu/h-x86_64-mingw32/bin/../lib/gcc/nios2-elf/5.3.0\libgcc.a(_fixunsdfdi.o)
                0x000000000210d50c                __fixunsdfdi
 .text          0x000000000210d59c       0xc4 c:/altera/18.1/nios2eds/bin/gnu/h-x86_64-mingw32/bin/../lib/gcc/nios2-elf/5.3.0\libgcc.a(_floatdisf.o)
                0x000000000210d59c                __floatdisf
 .text          0x000000000210d660       0x70 c:/altera/18.1/nios2eds/bin/gnu/h-x86_64-mingw32/bin/../lib/gcc/nios2-elf/5.3.0\libgcc.a(_floatdidf.o)
                0x000000000210d660                __floatdidf
 .text          0x000000000210d6d0       0x70 c:/altera/18.1/nios2eds/bin/gnu/h-x86_64-mingw32/bin/../lib/gcc/nios2-elf/5.3.0\libgcc.a(_floatundidf.o)
                0x000000000210d6d0                __floatundidf
 .text          0x000000000210d740      0x5c8 c:/altera/18.1/nios2eds/bin/gnu/h-x86_64-mingw32/bin/../lib/gcc/nios2-elf/5.3.0\libgcc.a(_divdi3.o)
                0x000000000210d740                __divdi3
 .text          0x000000000210dd08      0x590 c:/altera/18.1/nios2eds/bin/gnu/h-x86_64-mingw32/bin/../lib/gcc/nios2-elf/5.3.0\libgcc.a(_moddi3.o)
                0x000000000210dd08                __moddi3
 .text          0x000000000210e298      0x1b4 c:/altera/18.1/nios2eds/bin/gnu/h-x86_64-mingw32/bin/../lib/gcc/nios2-elf/5.3.0\libgcc.a(lib2-divmod.o)
                0x000000000210e298                __divsi3
                0x000000000210e31c                __modsi3
                0x000000000210e390                __udivsi3
                0x000000000210e3f4                __umodsi3
 .text          0x000000000210e44c      0x4c8 c:/altera/18.1/nios2eds/bin/gnu/h-x86_64-mingw32/bin/../lib/gcc/nios2-elf/5.3.0\libgcc.a(addsf3.o)
                0x000000000210e44c                __addsf3
 .text          0x000000000210e914      0x440 c:/altera/18.1/nios2eds/bin/gnu/h-x86_64-mingw32/bin/../lib/gcc/nios2-elf/5.3.0\libgcc.a(divsf3.o)
                0x000000000210e914                __divsf3
 .text          0x000000000210ed54       0x78 c:/altera/18.1/nios2eds/bin/gnu/h-x86_64-mingw32/bin/../lib/gcc/nios2-elf/5.3.0\libgcc.a(eqsf2.o)
                0x000000000210ed54                __eqsf2
                0x000000000210ed54                __nesf2
 .text          0x000000000210edcc       0xbc c:/altera/18.1/nios2eds/bin/gnu/h-x86_64-mingw32/bin/../lib/gcc/nios2-elf/5.3.0\libgcc.a(gesf2.o)
                0x000000000210edcc                __gesf2
                0x000000000210edcc                __gtsf2
 .text          0x000000000210ee88       0xf0 c:/altera/18.1/nios2eds/bin/gnu/h-x86_64-mingw32/bin/../lib/gcc/nios2-elf/5.3.0\libgcc.a(floatunsisf.o)
                0x000000000210ee88                __floatunsisf
 .text          0x000000000210ef78      0x8ac c:/altera/18.1/nios2eds/bin/gnu/h-x86_64-mingw32/bin/../lib/gcc/nios2-elf/5.3.0\libgcc.a(adddf3.o)
                0x000000000210ef78                __adddf3
 .text          0x000000000210f824      0x8e8 c:/altera/18.1/nios2eds/bin/gnu/h-x86_64-mingw32/bin/../lib/gcc/nios2-elf/5.3.0\libgcc.a(divdf3.o)
                0x000000000210f824                __divdf3
 .text          0x000000000211010c       0x88 c:/altera/18.1/nios2eds/bin/gnu/h-x86_64-mingw32/bin/../lib/gcc/nios2-elf/5.3.0\libgcc.a(eqdf2.o)
                0x000000000211010c                __nedf2
                0x000000000211010c                __eqdf2
 .text          0x0000000002110194       0xdc c:/altera/18.1/nios2eds/bin/gnu/h-x86_64-mingw32/bin/../lib/gcc/nios2-elf/5.3.0\libgcc.a(gedf2.o)
                0x0000000002110194                __gedf2
                0x0000000002110194                __gtdf2
 .text          0x0000000002110270       0xf4 c:/altera/18.1/nios2eds/bin/gnu/h-x86_64-mingw32/bin/../lib/gcc/nios2-elf/5.3.0\libgcc.a(ledf2.o)
                0x0000000002110270                __ledf2
                0x0000000002110270                __ltdf2
 .text          0x0000000002110364      0x718 c:/altera/18.1/nios2eds/bin/gnu/h-x86_64-mingw32/bin/../lib/gcc/nios2-elf/5.3.0\libgcc.a(muldf3.o)
                0x0000000002110364                __muldf3
 .text          0x0000000002110a7c      0x8fc c:/altera/18.1/nios2eds/bin/gnu/h-x86_64-mingw32/bin/../lib/gcc/nios2-elf/5.3.0\libgcc.a(subdf3.o)
                0x0000000002110a7c                __subdf3
 .text          0x0000000002111378       0x80 c:/altera/18.1/nios2eds/bin/gnu/h-x86_64-mingw32/bin/../lib/gcc/nios2-elf/5.3.0\libgcc.a(fixdfsi.o)
                0x0000000002111378                __fixdfsi
 .text          0x00000000021113f8       0xdc c:/altera/18.1/nios2eds/bin/gnu/h-x86_64-mingw32/bin/../lib/gcc/nios2-elf/5.3.0\libgcc.a(floatsidf.o)
                0x00000000021113f8                __floatsidf
 .text          0x00000000021114d4       0xa8 c:/altera/18.1/nios2eds/bin/gnu/h-x86_64-mingw32/bin/../lib/gcc/nios2-elf/5.3.0\libgcc.a(floatunsidf.o)
                0x00000000021114d4                __floatunsidf
 .text          0x000000000211157c      0x110 c:/altera/18.1/nios2eds/bin/gnu/h-x86_64-mingw32/bin/../lib/gcc/nios2-elf/5.3.0\libgcc.a(extendsfdf2.o)
                0x000000000211157c                __extendsfdf2
 .text          0x000000000211168c      0x1a8 c:/altera/18.1/nios2eds/bin/gnu/h-x86_64-mingw32/bin/../lib/gcc/nios2-elf/5.3.0\libgcc.a(truncdfsf2.o)
                0x000000000211168c                __truncdfsf2
 .text          0x0000000002111834        0x0 c:/altera/18.1/nios2eds/bin/gnu/h-x86_64-mingw32/bin/../lib/gcc/nios2-elf/5.3.0\libgcc.a(_clz.o)
 .text          0x0000000002111834       0x64 c:/altera/18.1/nios2eds/bin/gnu/h-x86_64-mingw32/bin/../lib/gcc/nios2-elf/5.3.0\libgcc.a(_clzsi2.o)
                0x0000000002111834                __clzsi2
 .text          0x0000000002111898       0x74 c:/altera/18.1/nios2eds/bin/gnu/h-x86_64-mingw32/bin/../lib/gcc/nios2-elf/5.3.0\libgcc.a(_fixunsdfsi.o)
                0x0000000002111898                __fixunsdfsi
 .text          0x000000000211190c        0x0 c:/altera/18.1/nios2eds/bin/gnu/h-x86_64-mingw32/bin/../lib/gcc/nios2-elf/5.3.0/../../../../../H-x86_64-mingw32/nios2-elf/lib\libc.a(lib_a-assert.o)
 .text.__assert_func
                0x000000000211190c       0x68 c:/altera/18.1/nios2eds/bin/gnu/h-x86_64-mingw32/bin/../lib/gcc/nios2-elf/5.3.0/../../../../../H-x86_64-mingw32/nios2-elf/lib\libc.a(lib_a-assert.o)
                0x000000000211190c                __assert_func
 .text.__assert
                0x0000000002111974       0x14 c:/altera/18.1/nios2eds/bin/gnu/h-x86_64-mingw32/bin/../lib/gcc/nios2-elf/5.3.0/../../../../../H-x86_64-mingw32/nios2-elf/lib\libc.a(lib_a-assert.o)
                0x0000000002111974                __assert
 .text          0x0000000002111988        0x0 c:/altera/18.1/nios2eds/bin/gnu/h-x86_64-mingw32/bin/../lib/gcc/nios2-elf/5.3.0/../../../../../H-x86_64-mingw32/nios2-elf/lib\libc.a(lib_a-calloc.o)
 .text.calloc   0x0000000002111988       0x18 c:/altera/18.1/nios2eds/bin/gnu/h-x86_64-mingw32/bin/../lib/gcc/nios2-elf/5.3.0/../../../../../H-x86_64-mingw32/nios2-elf/lib\libc.a(lib_a-calloc.o)
                0x0000000002111988                calloc
 .text          0x00000000021119a0        0x0 c:/altera/18.1/nios2eds/bin/gnu/h-x86_64-mingw32/bin/../lib/gcc/nios2-elf/5.3.0/../../../../../H-x86_64-mingw32/nios2-elf/lib\libc.a(lib_a-callocr.o)
 .text._calloc_r
                0x00000000021119a0       0xc4 c:/altera/18.1/nios2eds/bin/gnu/h-x86_64-mingw32/bin/../lib/gcc/nios2-elf/5.3.0/../../../../../H-x86_64-mingw32/nios2-elf/lib\libc.a(lib_a-callocr.o)
                0x00000000021119a0                _calloc_r
 .text          0x0000000002111a64        0x0 c:/altera/18.1/nios2eds/bin/gnu/h-x86_64-mingw32/bin/../lib/gcc/nios2-elf/5.3.0/../../../../../H-x86_64-mingw32/nios2-elf/lib\libc.a(lib_a-errno.o)
 .text.__errno  0x0000000002111a64       0x10 c:/altera/18.1/nios2eds/bin/gnu/h-x86_64-mingw32/bin/../lib/gcc/nios2-elf/5.3.0/../../../../../H-x86_64-mingw32/nios2-elf/lib\libc.a(lib_a-errno.o)
                0x0000000002111a64                __errno
 .text          0x0000000002111a74        0x0 c:/altera/18.1/nios2eds/bin/gnu/h-x86_64-mingw32/bin/../lib/gcc/nios2-elf/5.3.0/../../../../../H-x86_64-mingw32/nios2-elf/lib\libc.a(lib_a-fflush.o)
 .text.__sflush_r
                0x0000000002111a74      0x21c c:/altera/18.1/nios2eds/bin/gnu/h-x86_64-mingw32/bin/../lib/gcc/nios2-elf/5.3.0/../../../../../H-x86_64-mingw32/nios2-elf/lib\libc.a(lib_a-fflush.o)
                0x0000000002111a74                __sflush_r
 .text._fflush_r
                0x0000000002111c90       0x5c c:/altera/18.1/nios2eds/bin/gnu/h-x86_64-mingw32/bin/../lib/gcc/nios2-elf/5.3.0/../../../../../H-x86_64-mingw32/nios2-elf/lib\libc.a(lib_a-fflush.o)
                0x0000000002111c90                _fflush_r
 .text.fflush   0x0000000002111cec       0x30 c:/altera/18.1/nios2eds/bin/gnu/h-x86_64-mingw32/bin/../lib/gcc/nios2-elf/5.3.0/../../../../../H-x86_64-mingw32/nios2-elf/lib\libc.a(lib_a-fflush.o)
                0x0000000002111cec                fflush
 .text          0x0000000002111d1c        0x0 c:/altera/18.1/nios2eds/bin/gnu/h-x86_64-mingw32/bin/../lib/gcc/nios2-elf/5.3.0/../../../../../H-x86_64-mingw32/nios2-elf/lib\libc.a(lib_a-findfp.o)
 .text.__fp_unlock
                0x0000000002111d1c        0x8 c:/altera/18.1/nios2eds/bin/gnu/h-x86_64-mingw32/bin/../lib/gcc/nios2-elf/5.3.0/../../../../../H-x86_64-mingw32/nios2-elf/lib\libc.a(lib_a-findfp.o)
 .text._cleanup_r
                0x0000000002111d24        0xc c:/altera/18.1/nios2eds/bin/gnu/h-x86_64-mingw32/bin/../lib/gcc/nios2-elf/5.3.0/../../../../../H-x86_64-mingw32/nios2-elf/lib\libc.a(lib_a-findfp.o)
                0x0000000002111d24                _cleanup_r
 .text.__sinit.part.1
                0x0000000002111d30      0x19c c:/altera/18.1/nios2eds/bin/gnu/h-x86_64-mingw32/bin/../lib/gcc/nios2-elf/5.3.0/../../../../../H-x86_64-mingw32/nios2-elf/lib\libc.a(lib_a-findfp.o)
 .text.__fp_lock
                0x0000000002111ecc        0x8 c:/altera/18.1/nios2eds/bin/gnu/h-x86_64-mingw32/bin/../lib/gcc/nios2-elf/5.3.0/../../../../../H-x86_64-mingw32/nios2-elf/lib\libc.a(lib_a-findfp.o)
 .text.__sfmoreglue
                0x0000000002111ed4       0x68 c:/altera/18.1/nios2eds/bin/gnu/h-x86_64-mingw32/bin/../lib/gcc/nios2-elf/5.3.0/../../../../../H-x86_64-mingw32/nios2-elf/lib\libc.a(lib_a-findfp.o)
                0x0000000002111ed4                __sfmoreglue
 .text.__sfp    0x0000000002111f3c      0x118 c:/altera/18.1/nios2eds/bin/gnu/h-x86_64-mingw32/bin/../lib/gcc/nios2-elf/5.3.0/../../../../../H-x86_64-mingw32/nios2-elf/lib\libc.a(lib_a-findfp.o)
                0x0000000002111f3c                __sfp
 .text._cleanup
                0x0000000002112054       0x18 c:/altera/18.1/nios2eds/bin/gnu/h-x86_64-mingw32/bin/../lib/gcc/nios2-elf/5.3.0/../../../../../H-x86_64-mingw32/nios2-elf/lib\libc.a(lib_a-findfp.o)
                0x0000000002112054                _cleanup
 .text.__sinit  0x000000000211206c       0x10 c:/altera/18.1/nios2eds/bin/gnu/h-x86_64-mingw32/bin/../lib/gcc/nios2-elf/5.3.0/../../../../../H-x86_64-mingw32/nios2-elf/lib\libc.a(lib_a-findfp.o)
                0x000000000211206c                __sinit
 .text.__sfp_lock_acquire
                0x000000000211207c        0x4 c:/altera/18.1/nios2eds/bin/gnu/h-x86_64-mingw32/bin/../lib/gcc/nios2-elf/5.3.0/../../../../../H-x86_64-mingw32/nios2-elf/lib\libc.a(lib_a-findfp.o)
                0x000000000211207c                __sfp_lock_acquire
 .text.__sfp_lock_release
                0x0000000002112080        0x4 c:/altera/18.1/nios2eds/bin/gnu/h-x86_64-mingw32/bin/../lib/gcc/nios2-elf/5.3.0/../../../../../H-x86_64-mingw32/nios2-elf/lib\libc.a(lib_a-findfp.o)
                0x0000000002112080                __sfp_lock_release
 .text.__sinit_lock_acquire
                0x0000000002112084        0x4 c:/altera/18.1/nios2eds/bin/gnu/h-x86_64-mingw32/bin/../lib/gcc/nios2-elf/5.3.0/../../../../../H-x86_64-mingw32/nios2-elf/lib\libc.a(lib_a-findfp.o)
                0x0000000002112084                __sinit_lock_acquire
 .text.__sinit_lock_release
                0x0000000002112088        0x4 c:/altera/18.1/nios2eds/bin/gnu/h-x86_64-mingw32/bin/../lib/gcc/nios2-elf/5.3.0/../../../../../H-x86_64-mingw32/nios2-elf/lib\libc.a(lib_a-findfp.o)
                0x0000000002112088                __sinit_lock_release
 .text.__fp_lock_all
                0x000000000211208c       0x18 c:/altera/18.1/nios2eds/bin/gnu/h-x86_64-mingw32/bin/../lib/gcc/nios2-elf/5.3.0/../../../../../H-x86_64-mingw32/nios2-elf/lib\libc.a(lib_a-findfp.o)
                0x000000000211208c                __fp_lock_all
 .text.__fp_unlock_all
                0x00000000021120a4       0x18 c:/altera/18.1/nios2eds/bin/gnu/h-x86_64-mingw32/bin/../lib/gcc/nios2-elf/5.3.0/../../../../../H-x86_64-mingw32/nios2-elf/lib\libc.a(lib_a-findfp.o)
                0x00000000021120a4                __fp_unlock_all
 .text          0x00000000021120bc        0x0 c:/altera/18.1/nios2eds/bin/gnu/h-x86_64-mingw32/bin/../lib/gcc/nios2-elf/5.3.0/../../../../../H-x86_64-mingw32/nios2-elf/lib\libc.a(lib_a-fiprintf.o)
 .text._fiprintf_r
                0x00000000021120bc       0x20 c:/altera/18.1/nios2eds/bin/gnu/h-x86_64-mingw32/bin/../lib/gcc/nios2-elf/5.3.0/../../../../../H-x86_64-mingw32/nios2-elf/lib\libc.a(lib_a-fiprintf.o)
                0x00000000021120bc                _fiprintf_r
 .text.fiprintf
                0x00000000021120dc       0x3c c:/altera/18.1/nios2eds/bin/gnu/h-x86_64-mingw32/bin/../lib/gcc/nios2-elf/5.3.0/../../../../../H-x86_64-mingw32/nios2-elf/lib\libc.a(lib_a-fiprintf.o)
                0x00000000021120dc                fiprintf
 .text          0x0000000002112118        0x0 c:/altera/18.1/nios2eds/bin/gnu/h-x86_64-mingw32/bin/../lib/gcc/nios2-elf/5.3.0/../../../../../H-x86_64-mingw32/nios2-elf/lib\libc.a(lib_a-freer.o)
 .text._malloc_trim_r
                0x0000000002112118      0x124 c:/altera/18.1/nios2eds/bin/gnu/h-x86_64-mingw32/bin/../lib/gcc/nios2-elf/5.3.0/../../../../../H-x86_64-mingw32/nios2-elf/lib\libc.a(lib_a-freer.o)
                0x0000000002112118                _malloc_trim_r
 .text._free_r  0x000000000211223c      0x310 c:/altera/18.1/nios2eds/bin/gnu/h-x86_64-mingw32/bin/../lib/gcc/nios2-elf/5.3.0/../../../../../H-x86_64-mingw32/nios2-elf/lib\libc.a(lib_a-freer.o)
                0x000000000211223c                _free_r
 .text          0x000000000211254c        0x0 c:/altera/18.1/nios2eds/bin/gnu/h-x86_64-mingw32/bin/../lib/gcc/nios2-elf/5.3.0/../../../../../H-x86_64-mingw32/nios2-elf/lib\libc.a(lib_a-fwalk.o)
 .text._fwalk   0x000000000211254c       0xc4 c:/altera/18.1/nios2eds/bin/gnu/h-x86_64-mingw32/bin/../lib/gcc/nios2-elf/5.3.0/../../../../../H-x86_64-mingw32/nios2-elf/lib\libc.a(lib_a-fwalk.o)
                0x000000000211254c                _fwalk
 .text._fwalk_reent
                0x0000000002112610       0xc4 c:/altera/18.1/nios2eds/bin/gnu/h-x86_64-mingw32/bin/../lib/gcc/nios2-elf/5.3.0/../../../../../H-x86_64-mingw32/nios2-elf/lib\libc.a(lib_a-fwalk.o)
                0x0000000002112610                _fwalk_reent
 .text          0x00000000021126d4        0x0 c:/altera/18.1/nios2eds/bin/gnu/h-x86_64-mingw32/bin/../lib/gcc/nios2-elf/5.3.0/../../../../../H-x86_64-mingw32/nios2-elf/lib\libc.a(lib_a-impure.o)
 .text          0x00000000021126d4        0x0 c:/altera/18.1/nios2eds/bin/gnu/h-x86_64-mingw32/bin/../lib/gcc/nios2-elf/5.3.0/../../../../../H-x86_64-mingw32/nios2-elf/lib\libc.a(lib_a-malloc.o)
 .text.malloc   0x00000000021126d4       0x14 c:/altera/18.1/nios2eds/bin/gnu/h-x86_64-mingw32/bin/../lib/gcc/nios2-elf/5.3.0/../../../../../H-x86_64-mingw32/nios2-elf/lib\libc.a(lib_a-malloc.o)
                0x00000000021126d4                malloc
 .text.free     0x00000000021126e8       0x14 c:/altera/18.1/nios2eds/bin/gnu/h-x86_64-mingw32/bin/../lib/gcc/nios2-elf/5.3.0/../../../../../H-x86_64-mingw32/nios2-elf/lib\libc.a(lib_a-malloc.o)
                0x00000000021126e8                free
 .text          0x00000000021126fc        0x0 c:/altera/18.1/nios2eds/bin/gnu/h-x86_64-mingw32/bin/../lib/gcc/nios2-elf/5.3.0/../../../../../H-x86_64-mingw32/nios2-elf/lib\libc.a(lib_a-mallocr.o)
 .text._malloc_r
                0x00000000021126fc      0x80c c:/altera/18.1/nios2eds/bin/gnu/h-x86_64-mingw32/bin/../lib/gcc/nios2-elf/5.3.0/../../../../../H-x86_64-mingw32/nios2-elf/lib\libc.a(lib_a-mallocr.o)
                0x00000000021126fc                _malloc_r
 .text          0x0000000002112f08        0x0 c:/altera/18.1/nios2eds/bin/gnu/h-x86_64-mingw32/bin/../lib/gcc/nios2-elf/5.3.0/../../../../../H-x86_64-mingw32/nios2-elf/lib\libc.a(lib_a-memcmp.o)
 .text.memcmp   0x0000000002112f08       0x7c c:/altera/18.1/nios2eds/bin/gnu/h-x86_64-mingw32/bin/../lib/gcc/nios2-elf/5.3.0/../../../../../H-x86_64-mingw32/nios2-elf/lib\libc.a(lib_a-memcmp.o)
                0x0000000002112f08                memcmp
 .text          0x0000000002112f84        0x0 c:/altera/18.1/nios2eds/bin/gnu/h-x86_64-mingw32/bin/../lib/gcc/nios2-elf/5.3.0/../../../../../H-x86_64-mingw32/nios2-elf/lib\libc.a(lib_a-memcpy.o)
 .text.memcpy   0x0000000002112f84      0x148 c:/altera/18.1/nios2eds/bin/gnu/h-x86_64-mingw32/bin/../lib/gcc/nios2-elf/5.3.0/../../../../../H-x86_64-mingw32/nios2-elf/lib\libc.a(lib_a-memcpy.o)
                0x0000000002112f84                memcpy
 .text          0x00000000021130cc        0x0 c:/altera/18.1/nios2eds/bin/gnu/h-x86_64-mingw32/bin/../lib/gcc/nios2-elf/5.3.0/../../../../../H-x86_64-mingw32/nios2-elf/lib\libc.a(lib_a-memmove.o)
 .text.memmove  0x00000000021130cc      0x15c c:/altera/18.1/nios2eds/bin/gnu/h-x86_64-mingw32/bin/../lib/gcc/nios2-elf/5.3.0/../../../../../H-x86_64-mingw32/nios2-elf/lib\libc.a(lib_a-memmove.o)
                0x00000000021130cc                memmove
 .text          0x0000000002113228        0x0 c:/altera/18.1/nios2eds/bin/gnu/h-x86_64-mingw32/bin/../lib/gcc/nios2-elf/5.3.0/../../../../../H-x86_64-mingw32/nios2-elf/lib\libc.a(lib_a-memset.o)
 .text.memset   0x0000000002113228      0x128 c:/altera/18.1/nios2eds/bin/gnu/h-x86_64-mingw32/bin/../lib/gcc/nios2-elf/5.3.0/../../../../../H-x86_64-mingw32/nios2-elf/lib\libc.a(lib_a-memset.o)
                0x0000000002113228                memset
 .text          0x0000000002113350        0x0 c:/altera/18.1/nios2eds/bin/gnu/h-x86_64-mingw32/bin/../lib/gcc/nios2-elf/5.3.0/../../../../../H-x86_64-mingw32/nios2-elf/lib\libc.a(lib_a-printf.o)
 .text._printf_r
                0x0000000002113350       0x30 c:/altera/18.1/nios2eds/bin/gnu/h-x86_64-mingw32/bin/../lib/gcc/nios2-elf/5.3.0/../../../../../H-x86_64-mingw32/nios2-elf/lib\libc.a(lib_a-printf.o)
                0x0000000002113350                _printf_r
 .text.printf   0x0000000002113380       0x3c c:/altera/18.1/nios2eds/bin/gnu/h-x86_64-mingw32/bin/../lib/gcc/nios2-elf/5.3.0/../../../../../H-x86_64-mingw32/nios2-elf/lib\libc.a(lib_a-printf.o)
                0x0000000002113380                printf
 .text          0x00000000021133bc        0x0 c:/altera/18.1/nios2eds/bin/gnu/h-x86_64-mingw32/bin/../lib/gcc/nios2-elf/5.3.0/../../../../../H-x86_64-mingw32/nios2-elf/lib\libc.a(lib_a-putchar.o)
 .text._putchar_r
                0x00000000021133bc        0x8 c:/altera/18.1/nios2eds/bin/gnu/h-x86_64-mingw32/bin/../lib/gcc/nios2-elf/5.3.0/../../../../../H-x86_64-mingw32/nios2-elf/lib\libc.a(lib_a-putchar.o)
                0x00000000021133bc                _putchar_r
 .text.putchar  0x00000000021133c4       0x18 c:/altera/18.1/nios2eds/bin/gnu/h-x86_64-mingw32/bin/../lib/gcc/nios2-elf/5.3.0/../../../../../H-x86_64-mingw32/nios2-elf/lib\libc.a(lib_a-putchar.o)
                0x00000000021133c4                putchar
 .text          0x00000000021133dc        0x0 c:/altera/18.1/nios2eds/bin/gnu/h-x86_64-mingw32/bin/../lib/gcc/nios2-elf/5.3.0/../../../../../H-x86_64-mingw32/nios2-elf/lib\libc.a(lib_a-puts.o)
 .text._puts_r  0x00000000021133dc       0xc0 c:/altera/18.1/nios2eds/bin/gnu/h-x86_64-mingw32/bin/../lib/gcc/nios2-elf/5.3.0/../../../../../H-x86_64-mingw32/nios2-elf/lib\libc.a(lib_a-puts.o)
                0x00000000021133dc                _puts_r
 .text.puts     0x000000000211349c       0x14 c:/altera/18.1/nios2eds/bin/gnu/h-x86_64-mingw32/bin/../lib/gcc/nios2-elf/5.3.0/../../../../../H-x86_64-mingw32/nios2-elf/lib\libc.a(lib_a-puts.o)
                0x000000000211349c                puts
 .text          0x00000000021134b0        0x0 c:/altera/18.1/nios2eds/bin/gnu/h-x86_64-mingw32/bin/../lib/gcc/nios2-elf/5.3.0/../../../../../H-x86_64-mingw32/nios2-elf/lib\libc.a(lib_a-realloc.o)
 .text.realloc  0x00000000021134b0       0x18 c:/altera/18.1/nios2eds/bin/gnu/h-x86_64-mingw32/bin/../lib/gcc/nios2-elf/5.3.0/../../../../../H-x86_64-mingw32/nios2-elf/lib\libc.a(lib_a-realloc.o)
                0x00000000021134b0                realloc
 .text          0x00000000021134c8        0x0 c:/altera/18.1/nios2eds/bin/gnu/h-x86_64-mingw32/bin/../lib/gcc/nios2-elf/5.3.0/../../../../../H-x86_64-mingw32/nios2-elf/lib\libc.a(lib_a-reallocr.o)
 .text._realloc_r
                0x00000000021134c8      0x564 c:/altera/18.1/nios2eds/bin/gnu/h-x86_64-mingw32/bin/../lib/gcc/nios2-elf/5.3.0/../../../../../H-x86_64-mingw32/nios2-elf/lib\libc.a(lib_a-reallocr.o)
                0x00000000021134c8                _realloc_r
 .text          0x0000000002113a2c        0x0 c:/altera/18.1/nios2eds/bin/gnu/h-x86_64-mingw32/bin/../lib/gcc/nios2-elf/5.3.0/../../../../../H-x86_64-mingw32/nios2-elf/lib\libc.a(lib_a-sbrkr.o)
 .text._sbrk_r  0x0000000002113a2c       0x54 c:/altera/18.1/nios2eds/bin/gnu/h-x86_64-mingw32/bin/../lib/gcc/nios2-elf/5.3.0/../../../../../H-x86_64-mingw32/nios2-elf/lib\libc.a(lib_a-sbrkr.o)
                0x0000000002113a2c                _sbrk_r
 .text          0x0000000002113a80        0x0 c:/altera/18.1/nios2eds/bin/gnu/h-x86_64-mingw32/bin/../lib/gcc/nios2-elf/5.3.0/../../../../../H-x86_64-mingw32/nios2-elf/lib\libc.a(lib_a-snprintf.o)
 .text._snprintf_r
                0x0000000002113a80       0xd8 c:/altera/18.1/nios2eds/bin/gnu/h-x86_64-mingw32/bin/../lib/gcc/nios2-elf/5.3.0/../../../../../H-x86_64-mingw32/nios2-elf/lib\libc.a(lib_a-snprintf.o)
                0x0000000002113a80                _snprintf_r
 .text.snprintf
                0x0000000002113b58       0xe4 c:/altera/18.1/nios2eds/bin/gnu/h-x86_64-mingw32/bin/../lib/gcc/nios2-elf/5.3.0/../../../../../H-x86_64-mingw32/nios2-elf/lib\libc.a(lib_a-snprintf.o)
                0x0000000002113b58                snprintf
 .text          0x0000000002113c3c        0x0 c:/altera/18.1/nios2eds/bin/gnu/h-x86_64-mingw32/bin/../lib/gcc/nios2-elf/5.3.0/../../../../../H-x86_64-mingw32/nios2-elf/lib\libc.a(lib_a-sprintf.o)
 .text._sprintf_r
                0x0000000002113c3c       0x58 c:/altera/18.1/nios2eds/bin/gnu/h-x86_64-mingw32/bin/../lib/gcc/nios2-elf/5.3.0/../../../../../H-x86_64-mingw32/nios2-elf/lib\libc.a(lib_a-sprintf.o)
                0x0000000002113c3c                _sprintf_r
 .text.sprintf  0x0000000002113c94       0x6c c:/altera/18.1/nios2eds/bin/gnu/h-x86_64-mingw32/bin/../lib/gcc/nios2-elf/5.3.0/../../../../../H-x86_64-mingw32/nios2-elf/lib\libc.a(lib_a-sprintf.o)
                0x0000000002113c94                sprintf
 .text          0x0000000002113d00        0x0 c:/altera/18.1/nios2eds/bin/gnu/h-x86_64-mingw32/bin/../lib/gcc/nios2-elf/5.3.0/../../../../../H-x86_64-mingw32/nios2-elf/lib\libc.a(lib_a-stdio.o)
 .text.__sread  0x0000000002113d00       0x54 c:/altera/18.1/nios2eds/bin/gnu/h-x86_64-mingw32/bin/../lib/gcc/nios2-elf/5.3.0/../../../../../H-x86_64-mingw32/nios2-elf/lib\libc.a(lib_a-stdio.o)
                0x0000000002113d00                __sread
 .text.__seofread
                0x0000000002113d54        0x8 c:/altera/18.1/nios2eds/bin/gnu/h-x86_64-mingw32/bin/../lib/gcc/nios2-elf/5.3.0/../../../../../H-x86_64-mingw32/nios2-elf/lib\libc.a(lib_a-stdio.o)
                0x0000000002113d54                __seofread
 .text.__swrite
                0x0000000002113d5c       0x7c c:/altera/18.1/nios2eds/bin/gnu/h-x86_64-mingw32/bin/../lib/gcc/nios2-elf/5.3.0/../../../../../H-x86_64-mingw32/nios2-elf/lib\libc.a(lib_a-stdio.o)
                0x0000000002113d5c                __swrite
 .text.__sseek  0x0000000002113dd8       0x5c c:/altera/18.1/nios2eds/bin/gnu/h-x86_64-mingw32/bin/../lib/gcc/nios2-elf/5.3.0/../../../../../H-x86_64-mingw32/nios2-elf/lib\libc.a(lib_a-stdio.o)
                0x0000000002113dd8                __sseek
 .text.__sclose
                0x0000000002113e34        0x8 c:/altera/18.1/nios2eds/bin/gnu/h-x86_64-mingw32/bin/../lib/gcc/nios2-elf/5.3.0/../../../../../H-x86_64-mingw32/nios2-elf/lib\libc.a(lib_a-stdio.o)
                0x0000000002113e34                __sclose
 .text          0x0000000002113e3c        0x0 c:/altera/18.1/nios2eds/bin/gnu/h-x86_64-mingw32/bin/../lib/gcc/nios2-elf/5.3.0/../../../../../H-x86_64-mingw32/nios2-elf/lib\libc.a(lib_a-strcmp.o)
 .text.strcmp   0x0000000002113e3c       0xdc c:/altera/18.1/nios2eds/bin/gnu/h-x86_64-mingw32/bin/../lib/gcc/nios2-elf/5.3.0/../../../../../H-x86_64-mingw32/nios2-elf/lib\libc.a(lib_a-strcmp.o)
                0x0000000002113e3c                strcmp
 .text          0x0000000002113f18        0x0 c:/altera/18.1/nios2eds/bin/gnu/h-x86_64-mingw32/bin/../lib/gcc/nios2-elf/5.3.0/../../../../../H-x86_64-mingw32/nios2-elf/lib\libc.a(lib_a-strerror.o)
 .text._strerror_r
                0x0000000002113f18      0x65c c:/altera/18.1/nios2eds/bin/gnu/h-x86_64-mingw32/bin/../lib/gcc/nios2-elf/5.3.0/../../../../../H-x86_64-mingw32/nios2-elf/lib\libc.a(lib_a-strerror.o)
                0x0000000002113f18                _strerror_r
 .text.strerror
                0x0000000002114574       0x1c c:/altera/18.1/nios2eds/bin/gnu/h-x86_64-mingw32/bin/../lib/gcc/nios2-elf/5.3.0/../../../../../H-x86_64-mingw32/nios2-elf/lib\libc.a(lib_a-strerror.o)
                0x0000000002114574                strerror
 .text          0x0000000002114590        0x0 c:/altera/18.1/nios2eds/bin/gnu/h-x86_64-mingw32/bin/../lib/gcc/nios2-elf/5.3.0/../../../../../H-x86_64-mingw32/nios2-elf/lib\libc.a(lib_a-strlen.o)
 .text.strlen   0x0000000002114590       0x98 c:/altera/18.1/nios2eds/bin/gnu/h-x86_64-mingw32/bin/../lib/gcc/nios2-elf/5.3.0/../../../../../H-x86_64-mingw32/nios2-elf/lib\libc.a(lib_a-strlen.o)
                0x0000000002114590                strlen
 .text          0x0000000002114628        0x0 c:/altera/18.1/nios2eds/bin/gnu/h-x86_64-mingw32/bin/../lib/gcc/nios2-elf/5.3.0/../../../../../H-x86_64-mingw32/nios2-elf/lib\libc.a(lib_a-strncmp.o)
 .text.strncmp  0x0000000002114628       0xd0 c:/altera/18.1/nios2eds/bin/gnu/h-x86_64-mingw32/bin/../lib/gcc/nios2-elf/5.3.0/../../../../../H-x86_64-mingw32/nios2-elf/lib\libc.a(lib_a-strncmp.o)
                0x0000000002114628                strncmp
 .text          0x00000000021146f8        0x0 c:/altera/18.1/nios2eds/bin/gnu/h-x86_64-mingw32/bin/../lib/gcc/nios2-elf/5.3.0/../../../../../H-x86_64-mingw32/nios2-elf/lib\libc.a(lib_a-svfprintf.o)
 .text.___svfprintf_internal_r
                0x00000000021146f8     0x21d8 c:/altera/18.1/nios2eds/bin/gnu/h-x86_64-mingw32/bin/../lib/gcc/nios2-elf/5.3.0/../../../../../H-x86_64-mingw32/nios2-elf/lib\libc.a(lib_a-svfprintf.o)
                0x00000000021146f8                ___svfprintf_internal_r
 .text          0x00000000021168d0        0x0 c:/altera/18.1/nios2eds/bin/gnu/h-x86_64-mingw32/bin/../lib/gcc/nios2-elf/5.3.0/../../../../../H-x86_64-mingw32/nios2-elf/lib\libc.a(lib_a-u_strerr.o)
 .text._user_strerror
                0x00000000021168d0        0x8 c:/altera/18.1/nios2eds/bin/gnu/h-x86_64-mingw32/bin/../lib/gcc/nios2-elf/5.3.0/../../../../../H-x86_64-mingw32/nios2-elf/lib\libc.a(lib_a-u_strerr.o)
                0x00000000021168d0                _user_strerror
 .text          0x00000000021168d8        0x0 c:/altera/18.1/nios2eds/bin/gnu/h-x86_64-mingw32/bin/../lib/gcc/nios2-elf/5.3.0/../../../../../H-x86_64-mingw32/nios2-elf/lib\libc.a(lib_a-vfiprintfr_1.o)
 .text._vfiprintf_r
                0x00000000021168d8       0x18 c:/altera/18.1/nios2eds/bin/gnu/h-x86_64-mingw32/bin/../lib/gcc/nios2-elf/5.3.0/../../../../../H-x86_64-mingw32/nios2-elf/lib\libc.a(lib_a-vfiprintfr_1.o)
                0x00000000021168d8                _vfiprintf_r
 .text          0x00000000021168f0        0x0 c:/altera/18.1/nios2eds/bin/gnu/h-x86_64-mingw32/bin/../lib/gcc/nios2-elf/5.3.0/../../../../../H-x86_64-mingw32/nios2-elf/lib\libc.a(lib_a-vfprintf.o)
 .text.___vfprintf_internal_r
                0x00000000021168f0     0x21f8 c:/altera/18.1/nios2eds/bin/gnu/h-x86_64-mingw32/bin/../lib/gcc/nios2-elf/5.3.0/../../../../../H-x86_64-mingw32/nios2-elf/lib\libc.a(lib_a-vfprintf.o)
                0x00000000021168f0                ___vfprintf_internal_r
 .text.__vfprintf_internal
                0x0000000002118ae8       0x1c c:/altera/18.1/nios2eds/bin/gnu/h-x86_64-mingw32/bin/../lib/gcc/nios2-elf/5.3.0/../../../../../H-x86_64-mingw32/nios2-elf/lib\libc.a(lib_a-vfprintf.o)
                0x0000000002118ae8                __vfprintf_internal
 .text.__sbprintf
                0x0000000002118b04       0xbc c:/altera/18.1/nios2eds/bin/gnu/h-x86_64-mingw32/bin/../lib/gcc/nios2-elf/5.3.0/../../../../../H-x86_64-mingw32/nios2-elf/lib\libc.a(lib_a-vfprintf.o)
 .text          0x0000000002118bc0        0x0 c:/altera/18.1/nios2eds/bin/gnu/h-x86_64-mingw32/bin/../lib/gcc/nios2-elf/5.3.0/../../../../../H-x86_64-mingw32/nios2-elf/lib\libc.a(lib_a-vprintf.o)
 .text.vprintf  0x0000000002118bc0       0x1c c:/altera/18.1/nios2eds/bin/gnu/h-x86_64-mingw32/bin/../lib/gcc/nios2-elf/5.3.0/../../../../../H-x86_64-mingw32/nios2-elf/lib\libc.a(lib_a-vprintf.o)
                0x0000000002118bc0                vprintf
 .text._vprintf_r
                0x0000000002118bdc       0x10 c:/altera/18.1/nios2eds/bin/gnu/h-x86_64-mingw32/bin/../lib/gcc/nios2-elf/5.3.0/../../../../../H-x86_64-mingw32/nios2-elf/lib\libc.a(lib_a-vprintf.o)
                0x0000000002118bdc                _vprintf_r
 .text          0x0000000002118bec        0x0 c:/altera/18.1/nios2eds/bin/gnu/h-x86_64-mingw32/bin/../lib/gcc/nios2-elf/5.3.0/../../../../../H-x86_64-mingw32/nios2-elf/lib\libc.a(lib_a-writer.o)
 .text._write_r
                0x0000000002118bec       0x60 c:/altera/18.1/nios2eds/bin/gnu/h-x86_64-mingw32/bin/../lib/gcc/nios2-elf/5.3.0/../../../../../H-x86_64-mingw32/nios2-elf/lib\libc.a(lib_a-writer.o)
                0x0000000002118bec                _write_r
 .text          0x0000000002118c4c        0x0 c:/altera/18.1/nios2eds/bin/gnu/h-x86_64-mingw32/bin/../lib/gcc/nios2-elf/5.3.0/../../../../../H-x86_64-mingw32/nios2-elf/lib\libc.a(lib_a-wsetup.o)
 .text.__swsetup_r
                0x0000000002118c4c      0x154 c:/altera/18.1/nios2eds/bin/gnu/h-x86_64-mingw32/bin/../lib/gcc/nios2-elf/5.3.0/../../../../../H-x86_64-mingw32/nios2-elf/lib\libc.a(lib_a-wsetup.o)
                0x0000000002118c4c                __swsetup_r
 .text          0x0000000002118da0        0x0 c:/altera/18.1/nios2eds/bin/gnu/h-x86_64-mingw32/bin/../lib/gcc/nios2-elf/5.3.0/../../../../../H-x86_64-mingw32/nios2-elf/lib\libc.a(closer.o)
 .text._close_r
                0x0000000002118da0       0x54 c:/altera/18.1/nios2eds/bin/gnu/h-x86_64-mingw32/bin/../lib/gcc/nios2-elf/5.3.0/../../../../../H-x86_64-mingw32/nios2-elf/lib\libc.a(closer.o)
                0x0000000002118da0                _close_r
 .text          0x0000000002118df4        0x0 c:/altera/18.1/nios2eds/bin/gnu/h-x86_64-mingw32/bin/../lib/gcc/nios2-elf/5.3.0/../../../../../H-x86_64-mingw32/nios2-elf/lib\libc.a(lib_a-abort.o)
 .text.abort    0x0000000002118df4       0x18 c:/altera/18.1/nios2eds/bin/gnu/h-x86_64-mingw32/bin/../lib/gcc/nios2-elf/5.3.0/../../../../../H-x86_64-mingw32/nios2-elf/lib\libc.a(lib_a-abort.o)
                0x0000000002118df4                abort
 .text          0x0000000002118e0c        0x0 c:/altera/18.1/nios2eds/bin/gnu/h-x86_64-mingw32/bin/../lib/gcc/nios2-elf/5.3.0/../../../../../H-x86_64-mingw32/nios2-elf/lib\libc.a(lib_a-dtoa.o)
 .text.quorem   0x0000000002118e0c      0x200 c:/altera/18.1/nios2eds/bin/gnu/h-x86_64-mingw32/bin/../lib/gcc/nios2-elf/5.3.0/../../../../../H-x86_64-mingw32/nios2-elf/lib\libc.a(lib_a-dtoa.o)
 .text._dtoa_r  0x000000000211900c     0x1688 c:/altera/18.1/nios2eds/bin/gnu/h-x86_64-mingw32/bin/../lib/gcc/nios2-elf/5.3.0/../../../../../H-x86_64-mingw32/nios2-elf/lib\libc.a(lib_a-dtoa.o)
                0x000000000211900c                _dtoa_r
 .text          0x000000000211a694        0x0 c:/altera/18.1/nios2eds/bin/gnu/h-x86_64-mingw32/bin/../lib/gcc/nios2-elf/5.3.0/../../../../../H-x86_64-mingw32/nios2-elf/lib\libc.a(lib_a-fclose.o)
 .text._fclose_r
                0x000000000211a694       0xf0 c:/altera/18.1/nios2eds/bin/gnu/h-x86_64-mingw32/bin/../lib/gcc/nios2-elf/5.3.0/../../../../../H-x86_64-mingw32/nios2-elf/lib\libc.a(lib_a-fclose.o)
                0x000000000211a694                _fclose_r
 .text.fclose   0x000000000211a784       0x14 c:/altera/18.1/nios2eds/bin/gnu/h-x86_64-mingw32/bin/../lib/gcc/nios2-elf/5.3.0/../../../../../H-x86_64-mingw32/nios2-elf/lib\libc.a(lib_a-fclose.o)
                0x000000000211a784                fclose
 .text          0x000000000211a798        0x0 c:/altera/18.1/nios2eds/bin/gnu/h-x86_64-mingw32/bin/../lib/gcc/nios2-elf/5.3.0/../../../../../H-x86_64-mingw32/nios2-elf/lib\libc.a(lib_a-fvwrite.o)
 .text.__sfvwrite_r
                0x000000000211a798      0x4bc c:/altera/18.1/nios2eds/bin/gnu/h-x86_64-mingw32/bin/../lib/gcc/nios2-elf/5.3.0/../../../../../H-x86_64-mingw32/nios2-elf/lib\libc.a(lib_a-fvwrite.o)
                0x000000000211a798                __sfvwrite_r
 .text          0x000000000211ac54        0x0 c:/altera/18.1/nios2eds/bin/gnu/h-x86_64-mingw32/bin/../lib/gcc/nios2-elf/5.3.0/../../../../../H-x86_64-mingw32/nios2-elf/lib\libc.a(lib_a-int_errno.o)
 .text          0x000000000211ac54        0x0 c:/altera/18.1/nios2eds/bin/gnu/h-x86_64-mingw32/bin/../lib/gcc/nios2-elf/5.3.0/../../../../../H-x86_64-mingw32/nios2-elf/lib\libc.a(lib_a-locale.o)
 .text._setlocale_r
                0x000000000211ac54       0x7c c:/altera/18.1/nios2eds/bin/gnu/h-x86_64-mingw32/bin/../lib/gcc/nios2-elf/5.3.0/../../../../../H-x86_64-mingw32/nios2-elf/lib\libc.a(lib_a-locale.o)
                0x000000000211ac54                _setlocale_r
 .text.__locale_charset
                0x000000000211acd0        0xc c:/altera/18.1/nios2eds/bin/gnu/h-x86_64-mingw32/bin/../lib/gcc/nios2-elf/5.3.0/../../../../../H-x86_64-mingw32/nios2-elf/lib\libc.a(lib_a-locale.o)
                0x000000000211acd0                __locale_charset
 .text.__locale_mb_cur_max
                0x000000000211acdc       0x10 c:/altera/18.1/nios2eds/bin/gnu/h-x86_64-mingw32/bin/../lib/gcc/nios2-elf/5.3.0/../../../../../H-x86_64-mingw32/nios2-elf/lib\libc.a(lib_a-locale.o)
                0x000000000211acdc                __locale_mb_cur_max
 .text.__locale_msgcharset
                0x000000000211acec        0xc c:/altera/18.1/nios2eds/bin/gnu/h-x86_64-mingw32/bin/../lib/gcc/nios2-elf/5.3.0/../../../../../H-x86_64-mingw32/nios2-elf/lib\libc.a(lib_a-locale.o)
                0x000000000211acec                __locale_msgcharset
 .text.__locale_cjk_lang
                0x000000000211acf8        0x8 c:/altera/18.1/nios2eds/bin/gnu/h-x86_64-mingw32/bin/../lib/gcc/nios2-elf/5.3.0/../../../../../H-x86_64-mingw32/nios2-elf/lib\libc.a(lib_a-locale.o)
                0x000000000211acf8                __locale_cjk_lang
 .text._localeconv_r
                0x000000000211ad00        0xc c:/altera/18.1/nios2eds/bin/gnu/h-x86_64-mingw32/bin/../lib/gcc/nios2-elf/5.3.0/../../../../../H-x86_64-mingw32/nios2-elf/lib\libc.a(lib_a-locale.o)
                0x000000000211ad00                _localeconv_r
 .text.setlocale
                0x000000000211ad0c       0x18 c:/altera/18.1/nios2eds/bin/gnu/h-x86_64-mingw32/bin/../lib/gcc/nios2-elf/5.3.0/../../../../../H-x86_64-mingw32/nios2-elf/lib\libc.a(lib_a-locale.o)
                0x000000000211ad0c                setlocale
 .text.localeconv
                0x000000000211ad24        0xc c:/altera/18.1/nios2eds/bin/gnu/h-x86_64-mingw32/bin/../lib/gcc/nios2-elf/5.3.0/../../../../../H-x86_64-mingw32/nios2-elf/lib\libc.a(lib_a-locale.o)
                0x000000000211ad24                localeconv
 .text          0x000000000211ad30        0x0 c:/altera/18.1/nios2eds/bin/gnu/h-x86_64-mingw32/bin/../lib/gcc/nios2-elf/5.3.0/../../../../../H-x86_64-mingw32/nios2-elf/lib\libc.a(lib_a-lseekr.o)
 .text._lseek_r
                0x000000000211ad30       0x60 c:/altera/18.1/nios2eds/bin/gnu/h-x86_64-mingw32/bin/../lib/gcc/nios2-elf/5.3.0/../../../../../H-x86_64-mingw32/nios2-elf/lib\libc.a(lib_a-lseekr.o)
                0x000000000211ad30                _lseek_r
 .text          0x000000000211ad90        0x0 c:/altera/18.1/nios2eds/bin/gnu/h-x86_64-mingw32/bin/../lib/gcc/nios2-elf/5.3.0/../../../../../H-x86_64-mingw32/nios2-elf/lib\libc.a(lib_a-makebuf.o)
 .text.__smakebuf_r
                0x000000000211ad90      0x1bc c:/altera/18.1/nios2eds/bin/gnu/h-x86_64-mingw32/bin/../lib/gcc/nios2-elf/5.3.0/../../../../../H-x86_64-mingw32/nios2-elf/lib\libc.a(lib_a-makebuf.o)
                0x000000000211ad90                __smakebuf_r
 .text          0x000000000211af4c        0x0 c:/altera/18.1/nios2eds/bin/gnu/h-x86_64-mingw32/bin/../lib/gcc/nios2-elf/5.3.0/../../../../../H-x86_64-mingw32/nios2-elf/lib\libc.a(lib_a-memchr.o)
 .text.memchr   0x000000000211af4c       0xe4 c:/altera/18.1/nios2eds/bin/gnu/h-x86_64-mingw32/bin/../lib/gcc/nios2-elf/5.3.0/../../../../../H-x86_64-mingw32/nios2-elf/lib\libc.a(lib_a-memchr.o)
                0x000000000211af4c                memchr
 .text          0x000000000211b030        0x0 c:/altera/18.1/nios2eds/bin/gnu/h-x86_64-mingw32/bin/../lib/gcc/nios2-elf/5.3.0/../../../../../H-x86_64-mingw32/nios2-elf/lib\libc.a(lib_a-mprec.o)
 .text._Balloc  0x000000000211b030       0xa8 c:/altera/18.1/nios2eds/bin/gnu/h-x86_64-mingw32/bin/../lib/gcc/nios2-elf/5.3.0/../../../../../H-x86_64-mingw32/nios2-elf/lib\libc.a(lib_a-mprec.o)
                0x000000000211b030                _Balloc
 .text._Bfree   0x000000000211b0d8       0x28 c:/altera/18.1/nios2eds/bin/gnu/h-x86_64-mingw32/bin/../lib/gcc/nios2-elf/5.3.0/../../../../../H-x86_64-mingw32/nios2-elf/lib\libc.a(lib_a-mprec.o)
                0x000000000211b0d8                _Bfree
 .text.__multadd
                0x000000000211b100      0x120 c:/altera/18.1/nios2eds/bin/gnu/h-x86_64-mingw32/bin/../lib/gcc/nios2-elf/5.3.0/../../../../../H-x86_64-mingw32/nios2-elf/lib\libc.a(lib_a-mprec.o)
                0x000000000211b100                __multadd
 .text.__s2b    0x000000000211b220      0x104 c:/altera/18.1/nios2eds/bin/gnu/h-x86_64-mingw32/bin/../lib/gcc/nios2-elf/5.3.0/../../../../../H-x86_64-mingw32/nios2-elf/lib\libc.a(lib_a-mprec.o)
                0x000000000211b220                __s2b
 .text.__hi0bits
                0x000000000211b324       0x68 c:/altera/18.1/nios2eds/bin/gnu/h-x86_64-mingw32/bin/../lib/gcc/nios2-elf/5.3.0/../../../../../H-x86_64-mingw32/nios2-elf/lib\libc.a(lib_a-mprec.o)
                0x000000000211b324                __hi0bits
 .text.__lo0bits
                0x000000000211b38c       0xb0 c:/altera/18.1/nios2eds/bin/gnu/h-x86_64-mingw32/bin/../lib/gcc/nios2-elf/5.3.0/../../../../../H-x86_64-mingw32/nios2-elf/lib\libc.a(lib_a-mprec.o)
                0x000000000211b38c                __lo0bits
 .text.__i2b    0x000000000211b43c       0x3c c:/altera/18.1/nios2eds/bin/gnu/h-x86_64-mingw32/bin/../lib/gcc/nios2-elf/5.3.0/../../../../../H-x86_64-mingw32/nios2-elf/lib\libc.a(lib_a-mprec.o)
                0x000000000211b43c                __i2b
 .text.__multiply
                0x000000000211b478      0x1f8 c:/altera/18.1/nios2eds/bin/gnu/h-x86_64-mingw32/bin/../lib/gcc/nios2-elf/5.3.0/../../../../../H-x86_64-mingw32/nios2-elf/lib\libc.a(lib_a-mprec.o)
                0x000000000211b478                __multiply
 .text.__pow5mult
                0x000000000211b670      0x140 c:/altera/18.1/nios2eds/bin/gnu/h-x86_64-mingw32/bin/../lib/gcc/nios2-elf/5.3.0/../../../../../H-x86_64-mingw32/nios2-elf/lib\libc.a(lib_a-mprec.o)
                0x000000000211b670                __pow5mult
 .text.__lshift
                0x000000000211b7b0      0x148 c:/altera/18.1/nios2eds/bin/gnu/h-x86_64-mingw32/bin/../lib/gcc/nios2-elf/5.3.0/../../../../../H-x86_64-mingw32/nios2-elf/lib\libc.a(lib_a-mprec.o)
                0x000000000211b7b0                __lshift
 .text.__mcmp   0x000000000211b8f8       0x60 c:/altera/18.1/nios2eds/bin/gnu/h-x86_64-mingw32/bin/../lib/gcc/nios2-elf/5.3.0/../../../../../H-x86_64-mingw32/nios2-elf/lib\libc.a(lib_a-mprec.o)
                0x000000000211b8f8                __mcmp
 .text.__mdiff  0x000000000211b958      0x1fc c:/altera/18.1/nios2eds/bin/gnu/h-x86_64-mingw32/bin/../lib/gcc/nios2-elf/5.3.0/../../../../../H-x86_64-mingw32/nios2-elf/lib\libc.a(lib_a-mprec.o)
                0x000000000211b958                __mdiff
 .text.__ulp    0x000000000211bb54       0x64 c:/altera/18.1/nios2eds/bin/gnu/h-x86_64-mingw32/bin/../lib/gcc/nios2-elf/5.3.0/../../../../../H-x86_64-mingw32/nios2-elf/lib\libc.a(lib_a-mprec.o)
                0x000000000211bb54                __ulp
 .text.__b2d    0x000000000211bbb8      0x10c c:/altera/18.1/nios2eds/bin/gnu/h-x86_64-mingw32/bin/../lib/gcc/nios2-elf/5.3.0/../../../../../H-x86_64-mingw32/nios2-elf/lib\libc.a(lib_a-mprec.o)
                0x000000000211bbb8                __b2d
 .text.__d2b    0x000000000211bcc4      0x14c c:/altera/18.1/nios2eds/bin/gnu/h-x86_64-mingw32/bin/../lib/gcc/nios2-elf/5.3.0/../../../../../H-x86_64-mingw32/nios2-elf/lib\libc.a(lib_a-mprec.o)
                0x000000000211bcc4                __d2b
 .text.__ratio  0x000000000211be10       0xa4 c:/altera/18.1/nios2eds/bin/gnu/h-x86_64-mingw32/bin/../lib/gcc/nios2-elf/5.3.0/../../../../../H-x86_64-mingw32/nios2-elf/lib\libc.a(lib_a-mprec.o)
                0x000000000211be10                __ratio
 .text._mprec_log10
                0x000000000211beb4       0x74 c:/altera/18.1/nios2eds/bin/gnu/h-x86_64-mingw32/bin/../lib/gcc/nios2-elf/5.3.0/../../../../../H-x86_64-mingw32/nios2-elf/lib\libc.a(lib_a-mprec.o)
                0x000000000211beb4                _mprec_log10
 .text.__copybits
                0x000000000211bf28       0x78 c:/altera/18.1/nios2eds/bin/gnu/h-x86_64-mingw32/bin/../lib/gcc/nios2-elf/5.3.0/../../../../../H-x86_64-mingw32/nios2-elf/lib\libc.a(lib_a-mprec.o)
                0x000000000211bf28                __copybits
 .text.__any_on
                0x000000000211bfa0       0x8c c:/altera/18.1/nios2eds/bin/gnu/h-x86_64-mingw32/bin/../lib/gcc/nios2-elf/5.3.0/../../../../../H-x86_64-mingw32/nios2-elf/lib\libc.a(lib_a-mprec.o)
                0x000000000211bfa0                __any_on
 .text          0x000000000211c02c        0x0 c:/altera/18.1/nios2eds/bin/gnu/h-x86_64-mingw32/bin/../lib/gcc/nios2-elf/5.3.0/../../../../../H-x86_64-mingw32/nios2-elf/lib\libc.a(lib_a-putc.o)
 .text._putc_r  0x000000000211c02c       0xa0 c:/altera/18.1/nios2eds/bin/gnu/h-x86_64-mingw32/bin/../lib/gcc/nios2-elf/5.3.0/../../../../../H-x86_64-mingw32/nios2-elf/lib\libc.a(lib_a-putc.o)
                0x000000000211c02c                _putc_r
 .text.putc     0x000000000211c0cc       0xc8 c:/altera/18.1/nios2eds/bin/gnu/h-x86_64-mingw32/bin/../lib/gcc/nios2-elf/5.3.0/../../../../../H-x86_64-mingw32/nios2-elf/lib\libc.a(lib_a-putc.o)
                0x000000000211c0cc                putc
 .text          0x000000000211c194        0x0 c:/altera/18.1/nios2eds/bin/gnu/h-x86_64-mingw32/bin/../lib/gcc/nios2-elf/5.3.0/../../../../../H-x86_64-mingw32/nios2-elf/lib\libc.a(lib_a-readr.o)
 .text._read_r  0x000000000211c194       0x60 c:/altera/18.1/nios2eds/bin/gnu/h-x86_64-mingw32/bin/../lib/gcc/nios2-elf/5.3.0/../../../../../H-x86_64-mingw32/nios2-elf/lib\libc.a(lib_a-readr.o)
                0x000000000211c194                _read_r
 .text          0x000000000211c1f4        0x0 c:/altera/18.1/nios2eds/bin/gnu/h-x86_64-mingw32/bin/../lib/gcc/nios2-elf/5.3.0/../../../../../H-x86_64-mingw32/nios2-elf/lib\libc.a(lib_a-s_fpclassify.o)
 .text.__fpclassifyd
                0x000000000211c1f4       0x74 c:/altera/18.1/nios2eds/bin/gnu/h-x86_64-mingw32/bin/../lib/gcc/nios2-elf/5.3.0/../../../../../H-x86_64-mingw32/nios2-elf/lib\libc.a(lib_a-s_fpclassify.o)
                0x000000000211c1f4                __fpclassifyd
 .text          0x000000000211c268        0x0 c:/altera/18.1/nios2eds/bin/gnu/h-x86_64-mingw32/bin/../lib/gcc/nios2-elf/5.3.0/../../../../../H-x86_64-mingw32/nios2-elf/lib\libc.a(lib_a-signal.o)
 .text._init_signal_r
                0x000000000211c268       0x6c c:/altera/18.1/nios2eds/bin/gnu/h-x86_64-mingw32/bin/../lib/gcc/nios2-elf/5.3.0/../../../../../H-x86_64-mingw32/nios2-elf/lib\libc.a(lib_a-signal.o)
                0x000000000211c268                _init_signal_r
 .text._signal_r
                0x000000000211c2d4       0x84 c:/altera/18.1/nios2eds/bin/gnu/h-x86_64-mingw32/bin/../lib/gcc/nios2-elf/5.3.0/../../../../../H-x86_64-mingw32/nios2-elf/lib\libc.a(lib_a-signal.o)
                0x000000000211c2d4                _signal_r
 .text._raise_r
                0x000000000211c358       0xbc c:/altera/18.1/nios2eds/bin/gnu/h-x86_64-mingw32/bin/../lib/gcc/nios2-elf/5.3.0/../../../../../H-x86_64-mingw32/nios2-elf/lib\libc.a(lib_a-signal.o)
                0x000000000211c358                _raise_r
 .text.__sigtramp_r
                0x000000000211c414       0xa8 c:/altera/18.1/nios2eds/bin/gnu/h-x86_64-mingw32/bin/../lib/gcc/nios2-elf/5.3.0/../../../../../H-x86_64-mingw32/nios2-elf/lib\libc.a(lib_a-signal.o)
                0x000000000211c414                __sigtramp_r
 .text.raise    0x000000000211c4bc       0x14 c:/altera/18.1/nios2eds/bin/gnu/h-x86_64-mingw32/bin/../lib/gcc/nios2-elf/5.3.0/../../../../../H-x86_64-mingw32/nios2-elf/lib\libc.a(lib_a-signal.o)
                0x000000000211c4bc                raise
 .text.signal   0x000000000211c4d0       0x18 c:/altera/18.1/nios2eds/bin/gnu/h-x86_64-mingw32/bin/../lib/gcc/nios2-elf/5.3.0/../../../../../H-x86_64-mingw32/nios2-elf/lib\libc.a(lib_a-signal.o)
                0x000000000211c4d0                signal
 .text._init_signal
                0x000000000211c4e8       0x10 c:/altera/18.1/nios2eds/bin/gnu/h-x86_64-mingw32/bin/../lib/gcc/nios2-elf/5.3.0/../../../../../H-x86_64-mingw32/nios2-elf/lib\libc.a(lib_a-signal.o)
                0x000000000211c4e8                _init_signal
 .text.__sigtramp
                0x000000000211c4f8       0x14 c:/altera/18.1/nios2eds/bin/gnu/h-x86_64-mingw32/bin/../lib/gcc/nios2-elf/5.3.0/../../../../../H-x86_64-mingw32/nios2-elf/lib\libc.a(lib_a-signal.o)
                0x000000000211c4f8                __sigtramp
 .text          0x000000000211c50c        0x0 c:/altera/18.1/nios2eds/bin/gnu/h-x86_64-mingw32/bin/../lib/gcc/nios2-elf/5.3.0/../../../../../H-x86_64-mingw32/nios2-elf/lib\libc.a(lib_a-signalr.o)