Archive member included to satisfy reference by file (symbol)

c:/altera/18.1/nios2eds/bin/gnu/h-x86_64-mingw32/bin/../lib/gcc/nios2-elf/5.3.0/../../../../../H-x86_64-mingw32/nios2-elf/lib\libc.a(lib_a-printf.o)
                              obj/default/main.o (printf)
c:/altera/18.1/nios2eds/bin/gnu/h-x86_64-mingw32/bin/../lib/gcc/nios2-elf/5.3.0/../../../../../H-x86_64-mingw32/nios2-elf/lib\libc.a(lib_a-vfprintf.o)
                              c:/altera/18.1/nios2eds/bin/gnu/h-x86_64-mingw32/bin/../lib/gcc/nios2-elf/5.3.0/../../../../../H-x86_64-mingw32/nios2-elf/lib\libc.a(lib_a-printf.o) (___vfprintf_internal_r)
c:/altera/18.1/nios2eds/bin/gnu/h-x86_64-mingw32/bin/../lib/gcc/nios2-elf/5.3.0/../../../../../H-x86_64-mingw32/nios2-elf/lib\libc.a(lib_a-wsetup.o)
                              c:/altera/18.1/nios2eds/bin/gnu/h-x86_64-mingw32/bin/../lib/gcc/nios2-elf/5.3.0/../../../../../H-x86_64-mingw32/nios2-elf/lib\libc.a(lib_a-vfprintf.o) (__swsetup_r)
c:/altera/18.1/nios2eds/bin/gnu/h-x86_64-mingw32/bin/../lib/gcc/nios2-elf/5.3.0/../../../../../H-x86_64-mingw32/nios2-elf/lib\libc.a(lib_a-dtoa.o)
                              c:/altera/18.1/nios2eds/bin/gnu/h-x86_64-mingw32/bin/../lib/gcc/nios2-elf/5.3.0/../../../../../H-x86_64-mingw32/nios2-elf/lib\libc.a(lib_a-vfprintf.o) (_dtoa_r)
c:/altera/18.1/nios2eds/bin/gnu/h-x86_64-mingw32/bin/../lib/gcc/nios2-elf/5.3.0/../../../../../H-x86_64-mingw32/nios2-elf/lib\libc.a(lib_a-fflush.o)
                              c:/altera/18.1/nios2eds/bin/gnu/h-x86_64-mingw32/bin/../lib/gcc/nios2-elf/5.3.0/../../../../../H-x86_64-mingw32/nios2-elf/lib\libc.a(lib_a-vfprintf.o) (_fflush_r)
c:/altera/18.1/nios2eds/bin/gnu/h-x86_64-mingw32/bin/../lib/gcc/nios2-elf/5.3.0/../../../../../H-x86_64-mingw32/nios2-elf/lib\libc.a(lib_a-findfp.o)
                              c:/altera/18.1/nios2eds/bin/gnu/h-x86_64-mingw32/bin/../lib/gcc/nios2-elf/5.3.0/../../../../../H-x86_64-mingw32/nios2-elf/lib\libc.a(lib_a-vfprintf.o) (__sinit)
c:/altera/18.1/nios2eds/bin/gnu/h-x86_64-mingw32/bin/../lib/gcc/nios2-elf/5.3.0/../../../../../H-x86_64-mingw32/nios2-elf/lib\libc.a(lib_a-freer.o)
                              c:/altera/18.1/nios2eds/bin/gnu/h-x86_64-mingw32/bin/../lib/gcc/nios2-elf/5.3.0/../../../../../H-x86_64-mingw32/nios2-elf/lib\libc.a(lib_a-wsetup.o) (_free_r)
c:/altera/18.1/nios2eds/bin/gnu/h-x86_64-mingw32/bin/../lib/gcc/nios2-elf/5.3.0/../../../../../H-x86_64-mingw32/nios2-elf/lib\libc.a(lib_a-fwalk.o)
                              c:/altera/18.1/nios2eds/bin/gnu/h-x86_64-mingw32/bin/../lib/gcc/nios2-elf/5.3.0/../../../../../H-x86_64-mingw32/nios2-elf/lib\libc.a(lib_a-findfp.o) (_fwalk)
c:/altera/18.1/nios2eds/bin/gnu/h-x86_64-mingw32/bin/../lib/gcc/nios2-elf/5.3.0/../../../../../H-x86_64-mingw32/nios2-elf/lib\libc.a(lib_a-impure.o)
                              c:/altera/18.1/nios2eds/bin/gnu/h-x86_64-mingw32/bin/../lib/gcc/nios2-elf/5.3.0/../../../../../H-x86_64-mingw32/nios2-elf/lib\libc.a(lib_a-fflush.o) (_global_impure_ptr)
c:/altera/18.1/nios2eds/bin/gnu/h-x86_64-mingw32/bin/../lib/gcc/nios2-elf/5.3.0/../../../../../H-x86_64-mingw32/nios2-elf/lib\libc.a(lib_a-locale.o)
                              c:/altera/18.1/nios2eds/bin/gnu/h-x86_64-mingw32/bin/../lib/gcc/nios2-elf/5.3.0/../../../../../H-x86_64-mingw32/nios2-elf/lib\libc.a(lib_a-vfprintf.o) (_localeconv_r)
c:/altera/18.1/nios2eds/bin/gnu/h-x86_64-mingw32/bin/../lib/gcc/nios2-elf/5.3.0/../../../../../H-x86_64-mingw32/nios2-elf/lib\libc.a(lib_a-makebuf.o)
                              c:/altera/18.1/nios2eds/bin/gnu/h-x86_64-mingw32/bin/../lib/gcc/nios2-elf/5.3.0/../../../../../H-x86_64-mingw32/nios2-elf/lib\libc.a(lib_a-wsetup.o) (__smakebuf_r)
c:/altera/18.1/nios2eds/bin/gnu/h-x86_64-mingw32/bin/../lib/gcc/nios2-elf/5.3.0/../../../../../H-x86_64-mingw32/nios2-elf/lib\libc.a(lib_a-mallocr.o)
                              c:/altera/18.1/nios2eds/bin/gnu/h-x86_64-mingw32/bin/../lib/gcc/nios2-elf/5.3.0/../../../../../H-x86_64-mingw32/nios2-elf/lib\libc.a(lib_a-findfp.o) (_malloc_r)
c:/altera/18.1/nios2eds/bin/gnu/h-x86_64-mingw32/bin/../lib/gcc/nios2-elf/5.3.0/../../../../../H-x86_64-mingw32/nios2-elf/lib\libc.a(lib_a-memchr.o)
                              c:/altera/18.1/nios2eds/bin/gnu/h-x86_64-mingw32/bin/../lib/gcc/nios2-elf/5.3.0/../../../../../H-x86_64-mingw32/nios2-elf/lib\libc.a(lib_a-vfprintf.o) (memchr)
c:/altera/18.1/nios2eds/bin/gnu/h-x86_64-mingw32/bin/../lib/gcc/nios2-elf/5.3.0/../../../../../H-x86_64-mingw32/nios2-elf/lib\libc.a(lib_a-memcpy.o)
                              c:/altera/18.1/nios2eds/bin/gnu/h-x86_64-mingw32/bin/../lib/gcc/nios2-elf/5.3.0/../../../../../H-x86_64-mingw32/nios2-elf/lib\libc.a(lib_a-dtoa.o) (memcpy)
c:/altera/18.1/nios2eds/bin/gnu/h-x86_64-mingw32/bin/../lib/gcc/nios2-elf/5.3.0/../../../../../H-x86_64-mingw32/nios2-elf/lib\libc.a(lib_a-memset.o)
[...]
Memory Configuration

Name             Origin             Length             Attributes
reset            0x0000000002000000 0x0000000000000020
sdram_controller_0 0x0000000002000020 0x0000000001ffffe0
tse_descriptor_memory_0 0x0000000004000000 0x0000000000002000
mem_0            0x0000000005020000 0x0000000000020000
*default*        0x0000000000000000 0xffffffffffffffff

Linker script and memory map

LOAD ../FreeRTOS_bsp//obj/HAL/src/crt0.o
LOAD obj/default/main.o
LOAD c:/altera/18.1/nios2eds/bin/gnu/h-x86_64-mingw32/bin/../lib/gcc/nios2-elf/5.3.0/../../../../../H-x86_64-mingw32/nios2-elf/lib\libstdc++.a
LOAD c:/altera/18.1/nios2eds/bin/gnu/h-x86_64-mingw32/bin/../lib/gcc/nios2-elf/5.3.0/../../../../../H-x86_64-mingw32/nios2-elf/lib\libm.a
LOAD c:/altera/18.1/nios2eds/bin/gnu/h-x86_64-mingw32/bin/../lib/gcc/nios2-elf/5.3.0\libgcc.a
START GROUP
LOAD c:/altera/18.1/nios2eds/bin/gnu/h-x86_64-mingw32/bin/../lib/gcc/nios2-elf/5.3.0/../../../../../H-x86_64-mingw32/nios2-elf/lib\libc.a
LOAD c:/altera/18.1/nios2eds/bin/gnu/h-x86_64-mingw32/bin/../lib/gcc/nios2-elf/5.3.0\libgcc.a
LOAD ../FreeRTOS_bsp/\libfreertos_bsp.a
LOAD c:/altera/18.1/nios2eds/bin/gnu/h-x86_64-mingw32/bin/../lib/gcc/nios2-elf/5.3.0/../../../../../H-x86_64-mingw32/nios2-elf/lib\libm.a
END GROUP
LOAD c:/altera/18.1/nios2eds/bin/gnu/h-x86_64-mingw32/bin/../lib/gcc/nios2-elf/5.3.0\libgcc.a
                0x0000000002000000                __alt_mem_sdram_controller_0 = 0x2000000
                0x0000000004000000                __alt_mem_tse_descriptor_memory_0 = 0x4000000
                0x0000000005020000                __alt_mem_mem_0 = 0x5020000

.entry          0x0000000002000000       0x20
 *(.entry)
 .entry         0x0000000002000000       0x20 ../FreeRTOS_bsp//obj/HAL/src/crt0.o
                0x0000000002000000                __reset

.exceptions     0x0000000002000020      0x228
                0x0000000002000020                PROVIDE (__ram_exceptions_start, ABSOLUTE (.))
                0x0000000002000020                . = ALIGN (0x20)
 *(.irq)
 *(.exceptions.entry.label)
 *(.exceptions.entry.user)
 *(.exceptions.entry.ecc_fatal)
 *(.exceptions.entry)
 .exceptions.entry
                0x0000000002000020       0x8c ../FreeRTOS_bsp/\libfreertos_bsp.a(port_asm.o)
 *(.exceptions.irqtest.user)
 *(.exceptions.irqtest)
 .exceptions.irqtest
                0x00000000020000ac       0x14 ../FreeRTOS_bsp/\libfreertos_bsp.a(port_asm.o)
 *(.exceptions.irqhandler.user)
 *(.exceptions.irqhandler)
 .exceptions.irqhandler
                0x00000000020000c0        0x4 ../FreeRTOS_bsp/\libfreertos_bsp.a(port_asm.o)
 *(.exceptions.irqreturn.user)
 *(.exceptions.irqreturn)
 .exceptions.irqreturn
                0x00000000020000c4       0x8c ../FreeRTOS_bsp/\libfreertos_bsp.a(port_asm.o)
                0x00000000020000c4                restore_sp_from_pxCurrentTCB
 *(.exceptions.notirq.label)
 *(.exceptions.notirq.user)
 *(.exceptions.notirq)
 *(.exceptions.soft.user)
 *(.exceptions.soft)
 .exceptions.soft
                0x0000000002000150       0x2c ../FreeRTOS_bsp/\libfreertos_bsp.a(port_asm.o)
 *(.exceptions.unknown.user)
 *(.exceptions.unknown)
 *(.exceptions.exit.label)
 *(.exceptions.exit.user)
 *(.exceptions.exit)
 *(.exceptions)
 .exceptions    0x000000000200017c       0xcc ../FreeRTOS_bsp/\libfreertos_bsp.a(alt_irq_handler.o)
                0x000000000200017c                alt_irq_handler
                0x0000000002000248                PROVIDE (__ram_exceptions_end, ABSOLUTE (.))
                0x0000000002000020                PROVIDE (__flash_exceptions_start, LOADADDR (.exceptions))

.text           0x0000000002000248    0x462b4
                [!provide]                        PROVIDE (stext, ABSOLUTE (.))
 *(.interp)
 *(.hash)
 *(.dynsym)
 *(.dynstr)
 *(.gnu.version)
 *(.gnu.version_d)
 *(.gnu.version_r)
 *(.rel.init)
 *(.rela.init)
 *(.rel.text .rel.text.* .rel.gnu.linkonce.t.*)
 *(.rela.text .rela.text.* .rela.gnu.linkonce.t.*)
 *(.rel.fini)
 *(.rela.fini)
 *(.rel.rodata .rel.rodata.* .rel.gnu.linkonce.r.*)
 *(.rela.rodata .rela.rodata.* .rela.gnu.linkonce.r.*)
 *(.rel.data .rel.data.* .rel.gnu.linkonce.d.*)
 *(.rela.data .rela.data.* .rela.gnu.linkonce.d.*)
 *(.rel.tdata .rel.tdata.* .rel.gnu.linkonce.td.*)
 *(.rela.tdata .rela.tdata.* .rela.gnu.linkonce.td.*)
 *(.rel.tbss .rel.tbss.* .rel.gnu.linkonce.tb.*)
 *(.rela.tbss .rela.tbss.* .rela.gnu.linkonce.tb.*)
 *(.rel.ctors)
 *(.rela.ctors)
 *(.rel.dtors)
 *(.rela.dtors)
 *(.rel.got)
 *(.rela.got)
 *(.rel.sdata .rel.sdata.* .rel.gnu.linkonce.s.*)
 *(.rela.sdata .rela.sdata.* .rela.gnu.linkonce.s.*)
 *(.rel.sbss .rel.sbss.* .rel.gnu.linkonce.sb.*)
 *(.rela.sbss .rela.sbss.* .rela.gnu.linkonce.sb.*)
 *(.rel.sdata2 .rel.sdata2.* .rel.gnu.linkonce.s2.*)
 *(.rela.sdata2 .rela.sdata2.* .rela.gnu.linkonce.s2.*)
 *(.rel.sbss2 .rel.sbss2.* .rel.gnu.linkonce.sb2.*)
 *(.rela.sbss2 .rela.sbss2.* .rela.gnu.linkonce.sb2.*)
 *(.rel.bss .rel.bss.* .rel.gnu.linkonce.b.*)
 *(.rela.bss .rela.bss.* .rela.gnu.linkonce.b.*)
 *(.rel.plt)
 *(.rela.plt)
 *(.rel.dyn)
 *(.init)
 *(.plt)
 *(.text .stub .text.* .gnu.linkonce.t.*)
 .text          0x0000000002000248       0x3c ../FreeRTOS_bsp//obj/HAL/src/crt0.o
                0x0000000002000248                _start
 .text          0x0000000002000284      0x730 obj/default/main.o
                0x0000000002000284                vApplicationMallocFailedHook
                0x00000000020002ac                vApplicationStackOverflowHook
                0x00000000020003d0                InitNetwork
                0x00000000020005e4                xEthernetRun
                0x0000000002000658                get_mac_addr
                0x0000000002000774                get_ip_addr
                0x000000000200082c                get_hostname
                0x0000000002000864                get_iface_name
                0x00000000020008ac                is_interface_active
                0x00000000020008d0                main
                0x0000000002000910                main_thread
 .text          0x00000000020009b4        0x0 c:/altera/18.1/nios2eds/bin/gnu/h-x86_64-mingw32/bin/../lib/gcc/nios2-elf/5.3.0/../../../../../H-x86_64-mingw32/nios2-elf/lib\libc.a(lib_a-printf.o)
 .text._printf_r
                0x00000000020009b4       0x30 c:/altera/18.1/nios2eds/bin/gnu/h-x86_64-mingw32/bin/../lib/gcc/nios2-elf/5.3.0/../../../../../H-x86_64-mingw32/nios2-elf/lib\libc.a(lib_a-printf.o)
                0x00000000020009b4                _printf_r
 .text.printf   0x00000000020009e4       0x3c c:/altera/18.1/nios2eds/bin/gnu/h-x86_64-mingw32/bin/../lib/gcc/nios2-elf/5.3.0/../../../../../H-x86_64-mingw32/nios2-elf/lib\libc.a(lib_a-printf.o)
                0x00000000020009e4                printf
 .text          0x0000000002000a20        0x0 c:/altera/18.1/nios2eds/bin/gnu/h-x86_64-mingw32/bin/../lib/gcc/nios2-elf/5.3.0/../../../../../H-x86_64-mingw32/nios2-elf/lib\libc.a(lib_a-vfprintf.o)
 .text.___vfprintf_internal_r
                0x0000000002000a20     0x21f8 c:/altera/18.1/nios2eds/bin/gnu/h-x86_64-mingw32/bin/../lib/gcc/nios2-elf/5.3.0/../../../../../H-x86_64-mingw32/nios2-elf/lib\libc.a(lib_a-vfprintf.o)
                0x0000000002000a20                ___vfprintf_internal_r
 .text.__vfprintf_internal
                0x0000000002002c18       0x1c c:/altera/18.1/nios2eds/bin/gnu/h-x86_64-mingw32/bin/../lib/gcc/nios2-elf/5.3.0/../../../../../H-x86_64-mingw32/nios2-elf/lib\libc.a(lib_a-vfprintf.o)
                0x0000000002002c18                __vfprintf_internal
 .text.__sbprintf
                0x0000000002002c34       0xbc c:/altera/18.1/nios2eds/bin/gnu/h-x86_64-mingw32/bin/../lib/gcc/nios2-elf/5.3.0/../../../../../H-x86_64-mingw32/nios2-elf/lib\libc.a(lib_a-vfprintf.o)
 .text          0x0000000002002cf0        0x0 c:/altera/18.1/nios2eds/bin/gnu/h-x86_64-mingw32/bin/../lib/gcc/nios2-elf/5.3.0/../../../../../H-x86_64-mingw32/nios2-elf/lib\libc.a(lib_a-wsetup.o)
 .text.__swsetup_r
                0x0000000002002cf0      0x154 c:/altera/18.1/nios2eds/bin/gnu/h-x86_64-mingw32/bin/../lib/gcc/nios2-elf/5.3.0/../../../../../H-x86_64-mingw32/nios2-elf/lib\libc.a(lib_a-wsetup.o)
                0x0000000002002cf0                __swsetup_r
 .text          0x0000000002002e44        0x0 c:/altera/18.1/nios2eds/bin/gnu/h-x86_64-mingw32/bin/../lib/gcc/nios2-elf/5.3.0/../../../../../H-x86_64-mingw32/nios2-elf/lib\libc.a(lib_a-dtoa.o)
 .text.quorem   0x0000000002002e44      0x200 c:/altera/18.1/nios2eds/bin/gnu/h-x86_64-mingw32/bin/../lib/gcc/nios2-elf/5.3.0/../../../../../H-x86_64-mingw32/nios2-elf/lib\libc.a(lib_a-dtoa.o)
 .text._dtoa_r  0x0000000002003044     0x1688 c:/altera/18.1/nios2eds/bin/gnu/h-x86_64-mingw32/bin/../lib/gcc/nios2-elf/5.3.0/../../../../../H-x86_64-mingw32/nios2-elf/lib\libc.a(lib_a-dtoa.o)
                0x0000000002003044                _dtoa_r
 .text          0x00000000020046cc        0x0 c:/altera/18.1/nios2eds/bin/gnu/h-x86_64-mingw32/bin/../lib/gcc/nios2-elf/5.3.0/../../../../../H-x86_64-mingw32/nios2-elf/lib\libc.a(lib_a-fflush.o)
 .text.__sflush_r
                0x00000000020046cc      0x21c c:/altera/18.1/nios2eds/bin/gnu/h-x86_64-mingw32/bin/../lib/gcc/nios2-elf/5.3.0/../../../../../H-x86_64-mingw32/nios2-elf/lib\libc.a(lib_a-fflush.o)
                0x00000000020046cc                __sflush_r
 .text._fflush_r
                0x00000000020048e8       0x5c c:/altera/18.1/nios2eds/bin/gnu/h-x86_64-mingw32/bin/../lib/gcc/nios2-elf/5.3.0/../../../../../H-x86_64-mingw32/nios2-elf/lib\libc.a(lib_a-fflush.o)
                0x00000000020048e8                _fflush_r
 .text.fflush   0x0000000002004944       0x30 c:/altera/18.1/nios2eds/bin/gnu/h-x86_64-mingw32/bin/../lib/gcc/nios2-elf/5.3.0/../../../../../H-x86_64-mingw32/nios2-elf/lib\libc.a(lib_a-fflush.o)
                0x0000000002004944                fflush
 .text          0x0000000002004974        0x0 c:/altera/18.1/nios2eds/bin/gnu/h-x86_64-mingw32/bin/../lib/gcc/nios2-elf/5.3.0/../../../../../H-x86_64-mingw32/nios2-elf/lib\libc.a(lib_a-findfp.o)
 .text.__fp_unlock
                0x0000000002004974        0x8 c:/altera/18.1/nios2eds/bin/gnu/h-x86_64-mingw32/bin/../lib/gcc/nios2-elf/5.3.0/../../../../../H-x86_64-mingw32/nios2-elf/lib\libc.a(lib_a-findfp.o)
 .text._cleanup_r
                0x000000000200497c        0xc c:/altera/18.1/nios2eds/bin/gnu/h-x86_64-mingw32/bin/../lib/gcc/nios2-elf/5.3.0/../../../../../H-x86_64-mingw32/nios2-elf/lib\libc.a(lib_a-findfp.o)
                0x000000000200497c                _cleanup_r
 .text.__sinit.part.1
                0x0000000002004988      0x19c c:/altera/18.1/nios2eds/bin/gnu/h-x86_64-mingw32/bin/../lib/gcc/nios2-elf/5.3.0/../../../../../H-x86_64-mingw32/nios2-elf/lib\libc.a(lib_a-findfp.o)
 .text.__fp_lock
                0x0000000002004b24        0x8 c:/altera/18.1/nios2eds/bin/gnu/h-x86_64-mingw32/bin/../lib/gcc/nios2-elf/5.3.0/../../../../../H-x86_64-mingw32/nios2-elf/lib\libc.a(lib_a-findfp.o)
 .text.__sfmoreglue
                0x0000000002004b2c       0x68 c:/altera/18.1/nios2eds/bin/gnu/h-x86_64-mingw32/bin/../lib/gcc/nios2-elf/5.3.0/../../../../../H-x86_64-mingw32/nios2-elf/lib\libc.a(lib_a-findfp.o)
                0x0000000002004b2c                __sfmoreglue
 .text.__sfp    0x0000000002004b94      0x118 c:/altera/18.1/nios2eds/bin/gnu/h-x86_64-mingw32/bin/../lib/gcc/nios2-elf/5.3.0/../../../../../H-x86_64-mingw32/nios2-elf/lib\libc.a(lib_a-findfp.o)
                0x0000000002004b94                __sfp
 .text._cleanup
                0x0000000002004cac       0x18 c:/altera/18.1/nios2eds/bin/gnu/h-x86_64-mingw32/bin/../lib/gcc/nios2-elf/5.3.0/../../../../../H-x86_64-mingw32/nios2-elf/lib\libc.a(lib_a-findfp.o)
                0x0000000002004cac                _cleanup
 .text.__sinit  0x0000000002004cc4       0x10 c:/altera/18.1/nios2eds/bin/gnu/h-x86_64-mingw32/bin/../lib/gcc/nios2-elf/5.3.0/../../../../../H-x86_64-mingw32/nios2-elf/lib\libc.a(lib_a-findfp.o)
                0x0000000002004cc4                __sinit
 .text.__sfp_lock_acquire
                0x0000000002004cd4        0x4 c:/altera/18.1/nios2eds/bin/gnu/h-x86_64-mingw32/bin/../lib/gcc/nios2-elf/5.3.0/../../../../../H-x86_64-mingw32/nios2-elf/lib\libc.a(lib_a-findfp.o)
                0x0000000002004cd4                __sfp_lock_acquire
 .text.__sfp_lock_release
                0x0000000002004cd8        0x4 c:/altera/18.1/nios2eds/bin/gnu/h-x86_64-mingw32/bin/../lib/gcc/nios2-elf/5.3.0/../../../../../H-x86_64-mingw32/nios2-elf/lib\libc.a(lib_a-findfp.o)
                0x0000000002004cd8                __sfp_lock_release
 .text.__sinit_lock_acquire
                0x0000000002004cdc        0x4 c:/altera/18.1/nios2eds/bin/gnu/h-x86_64-mingw32/bin/../lib/gcc/nios2-elf/5.3.0/../../../../../H-x86_64-mingw32/nios2-elf/lib\libc.a(lib_a-findfp.o)
                0x0000000002004cdc                __sinit_lock_acquire
 .text.__sinit_lock_release
                0x0000000002004ce0        0x4 c:/altera/18.1/nios2eds/bin/gnu/h-x86_64-mingw32/bin/../lib/gcc/nios2-elf/5.3.0/../../../../../H-x86_64-mingw32/nios2-elf/lib\libc.a(lib_a-findfp.o)
                0x0000000002004ce0                __sinit_lock_release
 .text.__fp_lock_all
                0x0000000002004ce4       0x18 c:/altera/18.1/nios2eds/bin/gnu/h-x86_64-mingw32/bin/../lib/gcc/nios2-elf/5.3.0/../../../../../H-x86_64-mingw32/nios2-elf/lib\libc.a(lib_a-findfp.o)
                0x0000000002004ce4                __fp_lock_all
 .text.__fp_unlock_all
                0x0000000002004cfc       0x18 c:/altera/18.1/nios2eds/bin/gnu/h-x86_64-mingw32/bin/../lib/gcc/nios2-elf/5.3.0/../../../../../H-x86_64-mingw32/nios2-elf/lib\libc.a(lib_a-findfp.o)
                0x0000000002004cfc                __fp_unlock_all
 .text          0x0000000002004d14        0x0 c:/altera/18.1/nios2eds/bin/gnu/h-x86_64-mingw32/bin/../lib/gcc/nios2-elf/5.3.0/../../../../../H-x86_64-mingw32/nios2-elf/lib\libc.a(lib_a-freer.o)
 .text._malloc_trim_r
                0x0000000002004d14      0x124 c:/altera/18.1/nios2eds/bin/gnu/h-x86_64-mingw32/bin/../lib/gcc/nios2-elf/5.3.0/../../../../../H-x86_64-mingw32/nios2-elf/lib\libc.a(lib_a-freer.o)
                0x0000000002004d14                _malloc_trim_r
 .text._free_r  0x0000000002004e38      0x310 c:/altera/18.1/nios2eds/bin/gnu/h-x86_64-mingw32/bin/../lib/gcc/nios2-elf/5.3.0/../../../../../H-x86_64-mingw32/nios2-elf/lib\libc.a(lib_a-freer.o)
                0x0000000002004e38                _free_r
 .text          0x0000000002005148        0x0 c:/altera/18.1/nios2eds/bin/gnu/h-x86_64-mingw32/bin/../lib/gcc/nios2-elf/5.3.0/../../../../../H-x86_64-mingw32/nios2-elf/lib\libc.a(lib_a-fwalk.o)
 .text._fwalk   0x0000000002005148       0xc4 c:/altera/18.1/nios2eds/bin/gnu/h-x86_64-mingw32/bin/../lib/gcc/nios2-elf/5.3.0/../../../../../H-x86_64-mingw32/nios2-elf/lib\libc.a(lib_a-fwalk.o)
                0x0000000002005148                _fwalk
 .text._fwalk_reent
                0x000000000200520c       0xc4 c:/altera/18.1/nios2eds/bin/gnu/h-x86_64-mingw32/bin/../lib/gcc/nios2-elf/5.3.0/../../../../../H-x86_64-mingw32/nios2-elf/lib\libc.a(lib_a-fwalk.o)
                0x000000000200520c                _fwalk_reent
 .text          0x00000000020052d0        0x0 c:/altera/18.1/nios2eds/bin/gnu/h-x86_64-mingw32/bin/../lib/gcc/nios2-elf/5.3.0/../../../../../H-x86_64-mingw32/nios2-elf/lib\libc.a(lib_a-impure.o)
 .text          0x00000000020052d0        0x0 c:/altera/18.1/nios2eds/bin/gnu/h-x86_64-mingw32/bin/../lib/gcc/nios2-elf/5.3.0/../../../../../H-x86_64-mingw32/nios2-elf/lib\libc.a(lib_a-locale.o)
 .text._setlocale_r
                0x00000000020052d0       0x7c c:/altera/18.1/nios2eds/bin/gnu/h-x86_64-mingw32/bin/../lib/gcc/nios2-elf/5.3.0/../../../../../H-x86_64-mingw32/nios2-elf/lib\libc.a(lib_a-locale.o)
                0x00000000020052d0                _setlocale_r
 .text.__locale_charset
                0x000000000200534c        0xc c:/altera/18.1/nios2eds/bin/gnu/h-x86_64-mingw32/bin/../lib/gcc/nios2-elf/5.3.0/../../../../../H-x86_64-mingw32/nios2-elf/lib\libc.a(lib_a-locale.o)
                0x000000000200534c                __locale_charset
 .text.__locale_mb_cur_max
                0x0000000002005358       0x10 c:/altera/18.1/nios2eds/bin/gnu/h-x86_64-mingw32/bin/../lib/gcc/nios2-elf/5.3.0/../../../../../H-x86_64-mingw32/nios2-elf/lib\libc.a(lib_a-locale.o)
                0x0000000002005358                __locale_mb_cur_max
 .text.__locale_msgcharset
                0x0000000002005368        0xc c:/altera/18.1/nios2eds/bin/gnu/h-x86_64-mingw32/bin/../lib/gcc/nios2-elf/5.3.0/../../../../../H-x86_64-mingw32/nios2-elf/lib\libc.a(lib_a-locale.o)
                0x0000000002005368                __locale_msgcharset
 .text.__locale_cjk_lang
                0x0000000002005374        0x8 c:/altera/18.1/nios2eds/bin/gnu/h-x86_64-mingw32/bin/../lib/gcc/nios2-elf/5.3.0/../../../../../H-x86_64-mingw32/nios2-elf/lib\libc.a(lib_a-locale.o)
                0x0000000002005374                __locale_cjk_lang
 .text._localeconv_r
                0x000000000200537c        0xc c:/altera/18.1/nios2eds/bin/gnu/h-x86_64-mingw32/bin/../lib/gcc/nios2-elf/5.3.0/../../../../../H-x86_64-mingw32/nios2-elf/lib\libc.a(lib_a-locale.o)
                0x000000000200537c                _localeconv_r
 .text.setlocale
                0x0000000002005388       0x18 c:/altera/18.1/nios2eds/bin/gnu/h-x86_64-mingw32/bin/../lib/gcc/nios2-elf/5.3.0/../../../../../H-x86_64-mingw32/nios2-elf/lib\libc.a(lib_a-locale.o)
                0x0000000002005388                setlocale
 .text.localeconv
                0x00000000020053a0        0xc c:/altera/18.1/nios2eds/bin/gnu/h-x86_64-mingw32/bin/../lib/gcc/nios2-elf/5.3.0/../../../../../H-x86_64-mingw32/nios2-elf/lib\libc.a(lib_a-locale.o)
                0x00000000020053a0                localeconv
 .text          0x00000000020053ac        0x0 c:/altera/18.1/nios2eds/bin/gnu/h-x86_64-mingw32/bin/../lib/gcc/nios2-elf/5.3.0/../../../../../H-x86_64-mingw32/nios2-elf/lib\libc.a(lib_a-makebuf.o)
 .text.__smakebuf_r
                0x00000000020053ac      0x1bc c:/altera/18.1/nios2eds/bin/gnu/h-x86_64-mingw32/bin/../lib/gcc/nios2-elf/5.3.0/../../../../../H-x86_64-mingw32/nios2-elf/lib\libc.a(lib_a-makebuf.o)
                0x00000000020053ac                __smakebuf_r
 .text          0x0000000002005568        0x0 c:/altera/18.1/nios2eds/bin/gnu/h-x86_64-mingw32/bin/../lib/gcc/nios2-elf/5.3.0/../../../../../H-x86_64-mingw32/nios2-elf/lib\libc.a(lib_a-mallocr.o)
 .text._malloc_r
                0x0000000002005568      0x80c c:/altera/18.1/nios2eds/bin/gnu/h-x86_64-mingw32/bin/../lib/gcc/nios2-elf/5.3.0/../../../../../H-x86_64-mingw32/nios2-elf/lib\libc.a(lib_a-mallocr.o)
                0x0000000002005568                _malloc_r
 .text          0x0000000002005d74        0x0 c:/altera/18.1/nios2eds/bin/gnu/h-x86_64-mingw32/bin/../lib/gcc/nios2-elf/5.3.0/../../../../../H-x86_64-mingw32/nios2-elf/lib\libc.a(lib_a-memchr.o)
 .text.memchr   0x0000000002005d74       0xe4 c:/altera/18.1/nios2eds/bin/gnu/h-x86_64-mingw32/bin/../lib/gcc/nios2-elf/5.3.0/../../../../../H-x86_64-mingw32/nios2-elf/lib\libc.a(lib_a-memchr.o)
                0x0000000002005d74                memchr
 .text          0x0000000002005e58        0x0 c:/altera/18.1/nios2eds/bin/gnu/h-x86_64-mingw32/bin/../lib/gcc/nios2-elf/5.3.0/../../../../../H-x86_64-mingw32/nios2-elf/lib\libc.a(lib_a-memcpy.o)
 .text.memcpy   0x0000000002005e58      0x148 c:/altera/18.1/nios2eds/bin/gnu/h-x86_64-mingw32/bin/../lib/gcc/nios2-elf/5.3.0/../../../../../H-x86_64-mingw32/nios2-elf/lib\libc.a(lib_a-memcpy.o)
                0x0000000002005e58                memcpy
 .text          0x0000000002005fa0        0x0 c:/altera/18.1/nios2eds/bin/gnu/h-x86_64-mingw32/bin/../lib/gcc/nios2-elf/5.3.0/../../../../../H-x86_64-mingw32/nios2-elf/lib\libc.a(lib_a-memset.o)
 .text.memset   0x0000000002005fa0      0x128 c:/altera/18.1/nios2eds/bin/gnu/h-x86_64-mingw32/bin/../lib/gcc/nios2-elf/5.3.0/../../../../../H-x86_64-mingw32/nios2-elf/lib\libc.a(lib_a-memset.o)
                0x0000000002005fa0                memset
 .text          0x00000000020060c8        0x0 c:/altera/18.1/nios2eds/bin/gnu/h-x86_64-mingw32/bin/../lib/gcc/nios2-elf/5.3.0/../../../../../H-x86_64-mingw32/nios2-elf/lib\libc.a(lib_a-mprec.o)
 .text._Balloc  0x00000000020060c8       0xa8 c:/altera/18.1/nios2eds/bin/gnu/h-x86_64-mingw32/bin/../lib/gcc/nios2-elf/5.3.0/../../../../../H-x86_64-mingw32/nios2-elf/lib\libc.a(lib_a-mprec.o)
                0x00000000020060c8                _Balloc
 .text._Bfree   0x0000000002006170       0x28 c:/altera/18.1/nios2eds/bin/gnu/h-x86_64-mingw32/bin/../lib/gcc/nios2-elf/5.3.0/../../../../../H-x86_64-mingw32/nios2-elf/lib\libc.a(lib_a-mprec.o)
                0x0000000002006170                _Bfree
 .text.__multadd
                0x0000000002006198      0x120 c:/altera/18.1/nios2eds/bin/gnu/h-x86_64-mingw32/bin/../lib/gcc/nios2-elf/5.3.0/../../../../../H-x86_64-mingw32/nios2-elf/lib\libc.a(lib_a-mprec.o)
                0x0000000002006198                __multadd
 .text.__s2b    0x00000000020062b8      0x104 c:/altera/18.1/nios2eds/bin/gnu/h-x86_64-mingw32/bin/../lib/gcc/nios2-elf/5.3.0/../../../../../H-x86_64-mingw32/nios2-elf/lib\libc.a(lib_a-mprec.o)
                0x00000000020062b8                __s2b
 .text.__hi0bits
                0x00000000020063bc       0x68 c:/altera/18.1/nios2eds/bin/gnu/h-x86_64-mingw32/bin/../lib/gcc/nios2-elf/5.3.0/../../../../../H-x86_64-mingw32/nios2-elf/lib\libc.a(lib_a-mprec.o)
                0x00000000020063bc                __hi0bits
 .text.__lo0bits
                0x0000000002006424       0xb0 c:/altera/18.1/nios2eds/bin/gnu/h-x86_64-mingw32/bin/../lib/gcc/nios2-elf/5.3.0/../../../../../H-x86_64-mingw32/nios2-elf/lib\libc.a(lib_a-mprec.o)
                0x0000000002006424                __lo0bits
 .text.__i2b    0x00000000020064d4       0x3c c:/altera/18.1/nios2eds/bin/gnu/h-x86_64-mingw32/bin/../lib/gcc/nios2-elf/5.3.0/../../../../../H-x86_64-mingw32/nios2-elf/lib\libc.a(lib_a-mprec.o)
                0x00000000020064d4                __i2b
 .text.__multiply
                0x0000000002006510      0x1f8 c:/altera/18.1/nios2eds/bin/gnu/h-x86_64-mingw32/bin/../lib/gcc/nios2-elf/5.3.0/../../../../../H-x86_64-mingw32/nios2-elf/lib\libc.a(lib_a-mprec.o)
                0x0000000002006510                __multiply
 .text.__pow5mult
                0x0000000002006708      0x140 c:/altera/18.1/nios2eds/bin/gnu/h-x86_64-mingw32/bin/../lib/gcc/nios2-elf/5.3.0/../../../../../H-x86_64-mingw32/nios2-elf/lib\libc.a(lib_a-mprec.o)
                0x0000000002006708                __pow5mult
 .text.__lshift
                0x0000000002006848      0x148 c:/altera/18.1/nios2eds/bin/gnu/h-x86_64-mingw32/bin/../lib/gcc/nios2-elf/5.3.0/../../../../../H-x86_64-mingw32/nios2-elf/lib\libc.a(lib_a-mprec.o)
                0x0000000002006848                __lshift
 .text.__mcmp   0x0000000002006990       0x60 c:/altera/18.1/nios2eds/bin/gnu/h-x86_64-mingw32/bin/../lib/gcc/nios2-elf/5.3.0/../../../../../H-x86_64-mingw32/nios2-elf/lib\libc.a(lib_a-mprec.o)
                0x0000000002006990                __mcmp
 .text.__mdiff  0x00000000020069f0      0x1fc c:/altera/18.1/nios2eds/bin/gnu/h-x86_64-mingw32/bin/../lib/gcc/nios2-elf/5.3.0/../../../../../H-x86_64-mingw32/nios2-elf/lib\libc.a(lib_a-mprec.o)
                0x00000000020069f0                __mdiff
 .text.__ulp    0x0000000002006bec       0x64 c:/altera/18.1/nios2eds/bin/gnu/h-x86_64-mingw32/bin/../lib/gcc/nios2-elf/5.3.0/../../../../../H-x86_64-mingw32/nios2-elf/lib\libc.a(lib_a-mprec.o)
                0x0000000002006bec                __ulp
 .text.__b2d    0x0000000002006c50      0x10c c:/altera/18.1/nios2eds/bin/gnu/h-x86_64-mingw32/bin/../lib/gcc/nios2-elf/5.3.0/../../../../../H-x86_64-mingw32/nios2-elf/lib\libc.a(lib_a-mprec.o)
                0x0000000002006c50                __b2d
 .text.__d2b    0x0000000002006d5c      0x14c c:/altera/18.1/nios2eds/bin/gnu/h-x86_64-mingw32/bin/../lib/gcc/nios2-elf/5.3.0/../../../../../H-x86_64-mingw32/nios2-elf/lib\libc.a(lib_a-mprec.o)
                0x0000000002006d5c                __d2b
 .text.__ratio  0x0000000002006ea8       0xa4 c:/altera/18.1/nios2eds/bin/gnu/h-x86_64-mingw32/bin/../lib/gcc/nios2-elf/5.3.0/../../../../../H-x86_64-mingw32/nios2-elf/lib\libc.a(lib_a-mprec.o)
                0x0000000002006ea8                __ratio
 .text._mprec_log10
                0x0000000002006f4c       0x74 c:/altera/18.1/nios2eds/bin/gnu/h-x86_64-mingw32/bin/../lib/gcc/nios2-elf/5.3.0/../../../../../H-x86_64-mingw32/nios2-elf/lib\libc.a(lib_a-mprec.o)
                0x0000000002006f4c                _mprec_log10
 .text.__copybits
                0x0000000002006fc0       0x78 c:/altera/18.1/nios2eds/bin/gnu/h-x86_64-mingw32/bin/../lib/gcc/nios2-elf/5.3.0/../../../../../H-x86_64-mingw32/nios2-elf/lib\libc.a(lib_a-mprec.o)
                0x0000000002006fc0                __copybits
 .text.__any_on
                0x0000000002007038       0x8c c:/altera/18.1/nios2eds/bin/gnu/h-x86_64-mingw32/bin/../lib/gcc/nios2-elf/5.3.0/../../../../../H-x86_64-mingw32/nios2-elf/lib\libc.a(lib_a-mprec.o)
                0x0000000002007038                __any_on
 .text          0x00000000020070c4        0x0 c:/altera/18.1/nios2eds/bin/gnu/h-x86_64-mingw32/bin/../lib/gcc/nios2-elf/5.3.0/../../../../../H-x86_64-mingw32/nios2-elf/lib\libc.a(lib_a-s_fpclassify.o)
 .text.__fpclassifyd
                0x00000000020070c4       0x74 c:/altera/18.1/nios2eds/bin/gnu/h-x86_64-mingw32/bin/../lib/gcc/nios2-elf/5.3.0/../../../../../H-x86_64-mingw32/nios2-elf/lib\libc.a(lib_a-s_fpclassify.o)
                0x00000000020070c4                __fpclassifyd
 .text          0x0000000002007138        0x0 c:/altera/18.1/nios2eds/bin/gnu/h-x86_64-mingw32/bin/../lib/gcc/nios2-elf/5.3.0/../../../../../H-x86_64-mingw32/nios2-elf/lib\libc.a(lib_a-sbrkr.o)
 .text._sbrk_r  0x0000000002007138       0x54 c:/altera/18.1/nios2eds/bin/gnu/h-x86_64-mingw32/bin/../lib/gcc/nios2-elf/5.3.0/../../../../../H-x86_64-mingw32/nios2-elf/lib\libc.a(lib_a-sbrkr.o)
                0x0000000002007138                _sbrk_r
 .text          0x000000000200718c        0x0 c:/altera/18.1/nios2eds/bin/gnu/h-x86_64-mingw32/bin/../lib/gcc/nios2-elf/5.3.0/../../../../../H-x86_64-mingw32/nios2-elf/lib\libc.a(lib_a-stdio.o)
 .text.__sread  0x000000000200718c       0x54 c:/altera/18.1/nios2eds/bin/gnu/h-x86_64-mingw32/bin/../lib/gcc/nios2-elf/5.3.0/../../../../../H-x86_64-mingw32/nios2-elf/lib\libc.a(lib_a-stdio.o)
                0x000000000200718c                __sread
 .text.__seofread
                0x00000000020071e0        0x8 c:/altera/18.1/nios2eds/bin/gnu/h-x86_64-mingw32/bin/../lib/gcc/nios2-elf/5.3.0/../../../../../H-x86_64-mingw32/nios2-elf/lib\libc.a(lib_a-stdio.o)
                0x00000000020071e0                __seofread
 .text.__swrite
                0x00000000020071e8       0x7c c:/altera/18.1/nios2eds/bin/gnu/h-x86_64-mingw32/bin/../lib/gcc/nios2-elf/5.3.0/../../../../../H-x86_64-mingw32/nios2-elf/lib\libc.a(lib_a-stdio.o)
                0x00000000020071e8                __swrite
 .text.__sseek  0x0000000002007264       0x5c c:/altera/18.1/nios2eds/bin/gnu/h-x86_64-mingw32/bin/../lib/gcc/nios2-elf/5.3.0/../../../../../H-x86_64-mingw32/nios2-elf/lib\libc.a(lib_a-stdio.o)
                0x0000000002007264                __sseek
 .text.__sclose
                0x00000000020072c0        0x8 c:/altera/18.1/nios2eds/bin/gnu/h-x86_64-mingw32/bin/../lib/gcc/nios2-elf/5.3.0/../../../../../H-x86_64-mingw32/nios2-elf/lib\libc.a(lib_a-stdio.o)
                0x00000000020072c0                __sclose
 .text          0x00000000020072c8        0x0 c:/altera/18.1/nios2eds/bin/gnu/h-x86_64-mingw32/bin/../lib/gcc/nios2-elf/5.3.0/../../../../../H-x86_64-mingw32/nios2-elf/lib\libc.a(lib_a-strcmp.o)
 .text.strcmp   0x00000000020072c8       0xdc c:/altera/18.1/nios2eds/bin/gnu/h-x86_64-mingw32/bin/../lib/gcc/nios2-elf/5.3.0/../../../../../H-x86_64-mingw32/nios2-elf/lib\libc.a(lib_a-strcmp.o)
                0x00000000020072c8                strcmp
 .text          0x00000000020073a4        0x0 c:/altera/18.1/nios2eds/bin/gnu/h-x86_64-mingw32/bin/../lib/gcc/nios2-elf/5.3.0/../../../../../H-x86_64-mingw32/nios2-elf/lib\libc.a(lib_a-strlen.o)
 .text.strlen   0x00000000020073a4       0x98 c:/altera/18.1/nios2eds/bin/gnu/h-x86_64-mingw32/bin/../lib/gcc/nios2-elf/5.3.0/../../../../../H-x86_64-mingw32/nios2-elf/lib\libc.a(lib_a-strlen.o)
                0x00000000020073a4                strlen
 .text          0x000000000200743c        0x0 c:/altera/18.1/nios2eds/bin/gnu/h-x86_64-mingw32/bin/../lib/gcc/nios2-elf/5.3.0/../../../../../H-x86_64-mingw32/nios2-elf/lib\libc.a(lib_a-vfiprintf.o)
 .text.__sprint_r.part.0
                0x000000000200743c       0xfc c:/altera/18.1/nios2eds/bin/gnu/h-x86_64-mingw32/bin/../lib/gcc/nios2-elf/5.3.0/../../../../../H-x86_64-mingw32/nios2-elf/lib\libc.a(lib_a-vfiprintf.o)
 .text.__sprint_r
                0x0000000002007538       0x18 c:/altera/18.1/nios2eds/bin/gnu/h-x86_64-mingw32/bin/../lib/gcc/nios2-elf/5.3.0/../../../../../H-x86_64-mingw32/nios2-elf/lib\libc.a(lib_a-vfiprintf.o)
                0x0000000002007538                __sprint_r
 .text.___vfiprintf_internal_r
                0x0000000002007550     0x145c c:/altera/18.1/nios2eds/bin/gnu/h-x86_64-mingw32/bin/../lib/gcc/nios2-elf/5.3.0/../../../../../H-x86_64-mingw32/nios2-elf/lib\libc.a(lib_a-vfiprintf.o)
                0x0000000002007550                ___vfiprintf_internal_r
 .text.__vfiprintf_internal
                0x00000000020089ac       0x1c c:/altera/18.1/nios2eds/bin/gnu/h-x86_64-mingw32/bin/../lib/gcc/nios2-elf/5.3.0/../../../../../H-x86_64-mingw32/nios2-elf/lib\libc.a(lib_a-vfiprintf.o)
                0x00000000020089ac                __vfiprintf_internal
 .text.__sbprintf
                0x00000000020089c8       0xbc c:/altera/18.1/nios2eds/bin/gnu/h-x86_64-mingw32/bin/../lib/gcc/nios2-elf/5.3.0/../../../../../H-x86_64-mingw32/nios2-elf/lib\libc.a(lib_a-vfiprintf.o)
 .text          0x0000000002008a84        0x0 c:/altera/18.1/nios2eds/bin/gnu/h-x86_64-mingw32/bin/../lib/gcc/nios2-elf/5.3.0/../../../../../H-x86_64-mingw32/nios2-elf/lib\libc.a(lib_a-writer.o)
 .text._write_r
                0x0000000002008a84       0x60 c:/altera/18.1/nios2eds/bin/gnu/h-x86_64-mingw32/bin/../lib/gcc/nios2-elf/5.3.0/../../../../../H-x86_64-mingw32/nios2-elf/lib\libc.a(lib_a-writer.o)
                0x0000000002008a84                _write_r
 .text          0x0000000002008ae4        0x0 c:/altera/18.1/nios2eds/bin/gnu/h-x86_64-mingw32/bin/../lib/gcc/nios2-elf/5.3.0/../../../../../H-x86_64-mingw32/nios2-elf/lib\libc.a(closer.o)
 .text._close_r
                0x0000000002008ae4       0x54 c:/altera/18.1/nios2eds/bin/gnu/h-x86_64-mingw32/bin/../lib/gcc/nios2-elf/5.3.0/../../../../../H-x86_64-mingw32/nios2-elf/lib\libc.a(closer.o)
                0x0000000002008ae4                _close_r
 .text          0x0000000002008b38        0x0 c:/altera/18.1/nios2eds/bin/gnu/h-x86_64-mingw32/bin/../lib/gcc/nios2-elf/5.3.0/../../../../../H-x86_64-mingw32/nios2-elf/lib\libc.a(lib_a-callocr.o)
 .text._calloc_r
                0x0000000002008b38       0xc4 c:/altera/18.1/nios2eds/bin/gnu/h-x86_64-mingw32/bin/../lib/gcc/nios2-elf/5.3.0/../../../../../H-x86_64-mingw32/nios2-elf/lib\libc.a(lib_a-callocr.o)
                0x0000000002008b38                _calloc_r
 .text          0x0000000002008bfc        0x0 c:/altera/18.1/nios2eds/bin/gnu/h-x86_64-mingw32/bin/../lib/gcc/nios2-elf/5.3.0/../../../../../H-x86_64-mingw32/nios2-elf/lib\libc.a(lib_a-fclose.o)
 .text._fclose_r
                0x0000000002008bfc       0xf0 c:/altera/18.1/nios2eds/bin/gnu/h-x86_64-mingw32/bin/../lib/gcc/nios2-elf/5.3.0/../../../../../H-x86_64-mingw32/nios2-elf/lib\libc.a(lib_a-fclose.o)
                0x0000000002008bfc                _fclose_r
 .text.fclose   0x0000000002008cec       0x14 c:/altera/18.1/nios2eds/bin/gnu/h-x86_64-mingw32/bin/../lib/gcc/nios2-elf/5.3.0/../../../../../H-x86_64-mingw32/nios2-elf/lib\libc.a(lib_a-fclose.o)
                0x0000000002008cec                fclose
 .text          0x0000000002008d00        0x0 c:/altera/18.1/nios2eds/bin/gnu/h-x86_64-mingw32/bin/../lib/gcc/nios2-elf/5.3.0/../../../../../H-x86_64-mingw32/nios2-elf/lib\libc.a(lib_a-fputwc.o)
 .text.__fputwc
                0x0000000002008d00      0x164 c:/altera/18.1/nios2eds/bin/gnu/h-x86_64-mingw32/bin/../lib/gcc/nios2-elf/5.3.0/../../../../../H-x86_64-mingw32/nios2-elf/lib\libc.a(lib_a-fputwc.o)
                0x0000000002008d00                __fputwc
 .text._fputwc_r
                0x0000000002008e64       0x24 c:/altera/18.1/nios2eds/bin/gnu/h-x86_64-mingw32/bin/../lib/gcc/nios2-elf/5.3.0/../../../../../H-x86_64-mingw32/nios2-elf/lib\libc.a(lib_a-fputwc.o)
                0x0000000002008e64                _fputwc_r
 .text.fputwc   0x0000000002008e88       0x80 c:/altera/18.1/nios2eds/bin/gnu/h-x86_64-mingw32/bin/../lib/gcc/nios2-elf/5.3.0/../../../../../H-x86_64-mingw32/nios2-elf/lib\libc.a(lib_a-fputwc.o)
                0x0000000002008e88                fputwc
 .text          0x0000000002008f08        0x0 c:/altera/18.1/nios2eds/bin/gnu/h-x86_64-mingw32/bin/../lib/gcc/nios2-elf/5.3.0/../../../../../H-x86_64-mingw32/nios2-elf/lib\libc.a(lib_a-fstatr.o)
 .text._fstat_r
                0x0000000002008f08       0x5c c:/altera/18.1/nios2eds/bin/gnu/h-x86_64-mingw32/bin/../lib/gcc/nios2-elf/5.3.0/../../../../../H-x86_64-mingw32/nios2-elf/lib\libc.a(lib_a-fstatr.o)
                0x0000000002008f08                _fstat_r
 .text          0x0000000002008f64        0x0 c:/altera/18.1/nios2eds/bin/gnu/h-x86_64-mingw32/bin/../lib/gcc/nios2-elf/5.3.0/../../../../../H-x86_64-mingw32/nios2-elf/lib\libc.a(lib_a-fvwrite.o)
 .text.__sfvwrite_r
                0x0000000002008f64      0x4bc c:/altera/18.1/nios2eds/bin/gnu/h-x86_64-mingw32/bin/../lib/gcc/nios2-elf/5.3.0/../../../../../H-x86_64-mingw32/nios2-elf/lib\libc.a(lib_a-fvwrite.o)
                0x0000000002008f64                __sfvwrite_r
 .text          0x0000000002009420        0x0 c:/altera/18.1/nios2eds/bin/gnu/h-x86_64-mingw32/bin/../lib/gcc/nios2-elf/5.3.0/../../../../../H-x86_64-mingw32/nios2-elf/lib\libc.a(lib_a-int_errno.o)
 .text          0x0000000002009420        0x0 c:/altera/18.1/nios2eds/bin/gnu/h-x86_64-mingw32/bin/../lib/gcc/nios2-elf/5.3.0/../../../../../H-x86_64-mingw32/nios2-elf/lib\libc.a(lib_a-isattyr.o)
 .text._isatty_r
                0x0000000002009420       0x54 c:/altera/18.1/nios2eds/bin/gnu/h-x86_64-mingw32/bin/../lib/gcc/nios2-elf/5.3.0/../../../../../H-x86_64-mingw32/nios2-elf/lib\libc.a(lib_a-isattyr.o)
                0x0000000002009420                _isatty_r
 .text          0x0000000002009474        0x0 c:/altera/18.1/nios2eds/bin/gnu/h-x86_64-mingw32/bin/../lib/gcc/nios2-elf/5.3.0/../../../../../H-x86_64-mingw32/nios2-elf/lib\libc.a(lib_a-lseekr.o)
 .text._lseek_r
                0x0000000002009474       0x60 c:/altera/18.1/nios2eds/bin/gnu/h-x86_64-mingw32/bin/../lib/gcc/nios2-elf/5.3.0/../../../../../H-x86_64-mingw32/nios2-elf/lib\libc.a(lib_a-lseekr.o)
                0x0000000002009474                _lseek_r
 .text          0x00000000020094d4        0x0 c:/altera/18.1/nios2eds/bin/gnu/h-x86_64-mingw32/bin/../lib/gcc/nios2-elf/5.3.0/../../../../../H-x86_64-mingw32/nios2-elf/lib\libc.a(lib_a-memmove.o)
 .text.memmove  0x00000000020094d4      0x15c c:/altera/18.1/nios2eds/bin/gnu/h-x86_64-mingw32/bin/../lib/gcc/nios2-elf/5.3.0/../../../../../H-x86_64-mingw32/nios2-elf/lib\libc.a(lib_a-memmove.o)
                0x00000000020094d4                memmove
 .text          0x0000000002009630        0x0 c:/altera/18.1/nios2eds/bin/gnu/h-x86_64-mingw32/bin/../lib/gcc/nios2-elf/5.3.0/../../../../../H-x86_64-mingw32/nios2-elf/lib\libc.a(lib_a-readr.o)
 .text._read_r  0x0000000002009630       0x60 c:/altera/18.1/nios2eds/bin/gnu/h-x86_64-mingw32/bin/../lib/gcc/nios2-elf/5.3.0/../../../../../H-x86_64-mingw32/nios2-elf/lib\libc.a(lib_a-readr.o)
                0x0000000002009630                _read_r
 .text          0x0000000002009690        0x0 c:/altera/18.1/nios2eds/bin/gnu/h-x86_64-mingw32/bin/../lib/gcc/nios2-elf/5.3.0/../../../../../H-x86_64-mingw32/nios2-elf/lib\libc.a(lib_a-reallocr.o)
 .text._realloc_r
                0x0000000002009690      0x564 c:/altera/18.1/nios2eds/bin/gnu/h-x86_64-mingw32/bin/../lib/gcc/nios2-elf/5.3.0/../../../../../H-x86_64-mingw32/nios2-elf/lib\libc.a(lib_a-reallocr.o)
                0x0000000002009690                _realloc_r
 .text          0x0000000002009bf4        0x0 c:/altera/18.1/nios2eds/bin/gnu/h-x86_64-mingw32/bin/../lib/gcc/nios2-elf/5.3.0/../../../../../H-x86_64-mingw32/nios2-elf/lib\libc.a(lib_a-wbuf.o)
 .text.__swbuf_r
                0x0000000002009bf4      0x140 c:/altera/18.1/nios2eds/bin/gnu/h-x86_64-mingw32/bin/../lib/gcc/nios2-elf/5.3.0/../../../../../H-x86_64-mingw32/nios2-elf/lib\libc.a(lib_a-wbuf.o)
                0x0000000002009bf4                __swbuf_r
 .text.__swbuf  0x0000000002009d34       0x18 c:/altera/18.1/nios2eds/bin/gnu/h-x86_64-mingw32/bin/../lib/gcc/nios2-elf/5.3.0/../../../../../H-x86_64-mingw32/nios2-elf/lib\libc.a(lib_a-wbuf.o)
                0x0000000002009d34                __swbuf
 .text          0x0000000002009d4c        0x0 c:/altera/18.1/nios2eds/bin/gnu/h-x86_64-mingw32/bin/../lib/gcc/nios2-elf/5.3.0/../../../../../H-x86_64-mingw32/nios2-elf/lib\libc.a(lib_a-wcrtomb.o)
 .text._wcrtomb_r
                0x0000000002009d4c       0x9c c:/altera/18.1/nios2eds/bin/gnu/h-x86_64-mingw32/bin/../lib/gcc/nios2-elf/5.3.0/../../../../../H-x86_64-mingw32/nios2-elf/lib\libc.a(lib_a-wcrtomb.o)
                0x0000000002009d4c                _wcrtomb_r
 .text.wcrtomb  0x0000000002009de8       0xc0 c:/altera/18.1/nios2eds/bin/gnu/h-x86_64-mingw32/bin/../lib/gcc/nios2-elf/5.3.0/../../../../../H-x86_64-mingw32/nios2-elf/lib\libc.a(lib_a-wcrtomb.o)
                0x0000000002009de8                wcrtomb
 .text          0x0000000002009ea8        0x0 c:/altera/18.1/nios2eds/bin/gnu/h-x86_64-mingw32/bin/../lib/gcc/nios2-elf/5.3.0/../../../../../H-x86_64-mingw32/nios2-elf/lib\libc.a(lib_a-wctomb_r.o)
 .text.__ascii_wctomb
                0x0000000002009ea8       0x30 c:/altera/18.1/nios2eds/bin/gnu/h-x86_64-mingw32/bin/../lib/gcc/nios2-elf/5.3.0/../../../../../H-x86_64-mingw32/nios2-elf/lib\libc.a(lib_a-wctomb_r.o)
                0x0000000002009ea8                __ascii_wctomb
 .text._wctomb_r
                0x0000000002009ed8       0x5c c:/altera/18.1/nios2eds/bin/gnu/h-x86_64-mingw32/bin/../lib/gcc/nios2-elf/5.3.0/../../../../../H-x86_64-mingw32/nios2-elf/lib\libc.a(lib_a-wctomb_r.o)
                0x0000000002009ed8                _wctomb_r
 .text          0x0000000002009f34      0x578 c:/altera/18.1/nios2eds/bin/gnu/h-x86_64-mingw32/bin/../lib/gcc/nios2-elf/5.3.0\libgcc.a(_udivdi3.o)
                0x0000000002009f34                __udivdi3
 .text          0x000000000200a4ac      0x538 c:/altera/18.1/nios2eds/bin/gnu/h-x86_64-mingw32/bin/../lib/gcc/nios2-elf/5.3.0\libgcc.a(_umoddi3.o)
                0x000000000200a4ac                __umoddi3
 .text          0x000000000200a9e4      0x1b4 c:/altera/18.1/nios2eds/bin/gnu/h-x86_64-mingw32/bin/../lib/gcc/nios2-elf/5.3.0\libgcc.a(lib2-divmod.o)
                0x000000000200a9e4                __divsi3
                0x000000000200aa68                __modsi3
                0x000000000200aadc                __udivsi3
                0x000000000200ab40                __umodsi3
 .text          0x000000000200ab98      0x8ac c:/altera/18.1/nios2eds/bin/gnu/h-x86_64-mingw32/bin/../lib/gcc/nios2-elf/5.3.0\libgcc.a(adddf3.o)
                0x000000000200ab98                __adddf3
 .text          0x000000000200b444      0x8e8 c:/altera/18.1/nios2eds/bin/gnu/h-x86_64-mingw32/bin/../lib/gcc/nios2-elf/5.3.0\libgcc.a(divdf3.o)
                0x000000000200b444                __divdf3
 .text          0x000000000200bd2c       0x88 c:/altera/18.1/nios2eds/bin/gnu/h-x86_64-mingw32/bin/../lib/gcc/nios2-elf/5.3.0\libgcc.a(eqdf2.o)
                0x000000000200bd2c                __nedf2
                0x000000000200bd2c                __eqdf2
 .text          0x000000000200bdb4       0xdc c:/altera/18.1/nios2eds/bin/gnu/h-x86_64-mingw32/bin/../lib/gcc/nios2-elf/5.3.0\libgcc.a(gedf2.o)
                0x000000000200bdb4                __gedf2
                0x000000000200bdb4                __gtdf2
 .text          0x000000000200be90       0xf4 c:/altera/18.1/nios2eds/bin/gnu/h-x86_64-mingw32/bin/../lib/gcc/nios2-elf/5.3.0\libgcc.a(ledf2.o)
                0x000000000200be90                __ledf2
                0x000000000200be90                __ltdf2
 .text          0x000000000200bf84      0x718 c:/altera/18.1/nios2eds/bin/gnu/h-x86_64-mingw32/bin/../lib/gcc/nios2-elf/5.3.0\libgcc.a(muldf3.o)
                0x000000000200bf84                __muldf3
 .text          0x000000000200c69c      0x8fc c:/altera/18.1/nios2eds/bin/gnu/h-x86_64-mingw32/bin/../lib/gcc/nios2-elf/5.3.0\libgcc.a(subdf3.o)
                0x000000000200c69c                __subdf3
 .text          0x000000000200cf98       0x80 c:/altera/18.1/nios2eds/bin/gnu/h-x86_64-mingw32/bin/../lib/gcc/nios2-elf/5.3.0\libgcc.a(fixdfsi.o)
                0x000000000200cf98                __fixdfsi
 .text          0x000000000200d018       0xdc c:/altera/18.1/nios2eds/bin/gnu/h-x86_64-mingw32/bin/../lib/gcc/nios2-elf/5.3.0\libgcc.a(floatsidf.o)
                0x000000000200d018                __floatsidf
 .text          0x000000000200d0f4       0xa8 c:/altera/18.1/nios2eds/bin/gnu/h-x86_64-mingw32/bin/../lib/gcc/nios2-elf/5.3.0\libgcc.a(floatunsidf.o)
                0x000000000200d0f4                __floatunsidf
 .text          0x000000000200d19c        0x0 c:/altera/18.1/nios2eds/bin/gnu/h-x86_64-mingw32/bin/../lib/gcc/nios2-elf/5.3.0\libgcc.a(_clz.o)
 .text          0x000000000200d19c       0x64 c:/altera/18.1/nios2eds/bin/gnu/h-x86_64-mingw32/bin/../lib/gcc/nios2-elf/5.3.0\libgcc.a(_clzsi2.o)
                0x000000000200d19c                __clzsi2
 .text          0x000000000200d200      0x118 ../FreeRTOS_bsp/\libfreertos_bsp.a(alt_main.o)
                0x000000000200d200                pre_constructors
                0x000000000200d220                post_constructors
                0x000000000200d240                alt_main
 .text          0x000000000200d318       0xa4 ../FreeRTOS_bsp/\libfreertos_bsp.a(alt_malloc_lock.o)
                0x000000000200d318                __malloc_lock
                0x000000000200d378                __malloc_unlock
 .text          0x000000000200d3bc     0x1718 ../FreeRTOS_bsp/\libfreertos_bsp.a(queue.o)
                0x000000000200d3bc                xQueueGenericReset
                0x000000000200d4e0                xQueueGenericCreate
                0x000000000200d668                xQueueCreateMutex
                0x000000000200d6c4                xQueueGiveMutexRecursive
                0x000000000200d754                xQueueTakeMutexRecursive
                0x000000000200d7f0                xQueueCreateCountingSemaphore
                0x000000000200d848                xQueueGenericSend
                0x000000000200da2c                xQueueGenericSendFromISR
                0x000000000200db20                xQueueGiveFromISR
                0x000000000200dbfc                xQueueReceive
                0x000000000200ddd4                xQueueSemaphoreTake
                0x000000000200e034                xQueuePeek
                0x000000000200e214                xQueueReceiveFromISR
                0x000000000200e2f8                xQueuePeekFromISR
                0x000000000200e374                uxQueueMessagesWaiting
                0x000000000200e3c4                uxQueueSpacesAvailable
                0x000000000200e428                uxQueueMessagesWaitingFromISR
                0x000000000200e460                vQueueDelete
                0x000000000200e49c                uxQueueGetQueueNumber
                0x000000000200e4c4                vQueueSetQueueNumber
                0x000000000200e4f8                ucQueueGetQueueType
                0x000000000200e90c                xQueueIsQueueEmptyFromISR
                0x000000000200e9bc                xQueueIsQueueFullFromISR
                0x000000000200ea0c                vQueueWaitForMessageRestricted
 .text          0x000000000200ead4     0x2cd0 ../FreeRTOS_bsp/\libfreertos_bsp.a(tasks.o)
                0x000000000200ead4                xTaskCreate
                0x000000000200eeb0                vTaskDelete
                0x000000000200efa8                vTaskDelayUntil
                0x000000000200f098                vTaskDelay
                0x000000000200f0f4                eTaskGetState
                0x000000000200f214                uxTaskPriorityGet
                0x000000000200f27c                uxTaskPriorityGetFromISR
                0x000000000200f2c8                vTaskPrioritySet
                0x000000000200f47c                vTaskSuspend
                0x000000000200f604                vTaskResume
                0x000000000200f6e0                xTaskResumeFromISR
                0x000000000200f7c0                vTaskStartScheduler
                0x000000000200f850                vTaskEndScheduler
                0x000000000200f884                vTaskSuspendAll
                0x000000000200f8b0                xTaskResumeAll
                0x000000000200fa18                xTaskGetTickCount
                0x000000000200fa40                xTaskGetTickCountFromISR
                0x000000000200fa6c                uxTaskGetNumberOfTasks
                0x000000000200fa8c                pcTaskGetName
                0x000000000200facc                uxTaskGetSystemState
                0x000000000200fc54                xTaskCatchUpTicks
                0x000000000200fca0                xTaskIncrementTick
                0x000000000200fe50                vTaskSwitchContext
                0x000000000200ffac                vTaskPlaceOnEventList
                0x000000000200fffc                vTaskPlaceOnUnorderedEventList
                0x0000000002010060                vTaskPlaceOnEventListRestricted
                0x00000000020100c4                xTaskRemoveFromEventList
                0x00000000020101b8                vTaskRemoveFromUnorderedEventList
                0x0000000002010280                vTaskSetTimeOutState
                0x00000000020102dc                vTaskInternalSetTimeOutState
                0x0000000002010318                xTaskCheckForTimeOut
                0x0000000002010408                vTaskMissedYield
                0x0000000002010430                uxTaskGetTaskNumber
                0x0000000002010478                vTaskSetTaskNumber
                0x0000000002010620                vTaskGetInfo
                0x0000000002010904                uxTaskGetStackHighWaterMark
                0x00000000020109f8                xTaskGetCurrentTaskHandle
                0x0000000002010a20                xTaskGetSchedulerState
                0x0000000002010a6c                xTaskPriorityInherit
                0x0000000002010bac                xTaskPriorityDisinherit
                0x0000000002010ca8                vTaskPriorityDisinheritAfterTimeout
                0x0000000002010de8                vTaskEnterCritical
                0x0000000002010e30                vTaskExitCritical
                0x0000000002010e8c                uxTaskResetEventItemValue
                0x0000000002010ed0                pvTaskIncrementMutexHeldCount
                0x0000000002010f08                ulTaskNotifyTake
                0x0000000002010fd8                xTaskNotifyWait
                0x00000000020110ec                xTaskGenericNotify
                0x00000000020112a8                xTaskGenericNotifyFromISR
                0x000000000201148c                vTaskNotifyGiveFromISR
                0x00000000020115ac                xTaskNotifyStateClear
                0x0000000002011634                ulTaskNotifyValueClear
 .text          0x00000000020117a4      0xcd4 ../FreeRTOS_bsp/\libfreertos_bsp.a(timers.o)
                0x00000000020117a4                xTimerCreateTimerTask
                0x000000000201180c                xTimerCreate
                0x0000000002011928                xTimerGenericCommand
                0x0000000002011a04                xTimerGetTimerDaemonTaskHandle
                0x0000000002011a24                xTimerGetPeriod
                0x0000000002011a54                vTimerSetReloadMode
                0x0000000002011ae4                uxTimerGetReloadMode
                0x0000000002011b54                xTimerGetExpiryTime
                0x0000000002011b8c                pcTimerGetName
                0x00000000020122f8                xTimerIsTimerActive
                0x0000000002012368                pvTimerGetTimerID
                0x00000000020123c0                vTimerSetTimerID
                0x000000000201241c                uxTimerGetTimerNumber
                0x0000000002012444                vTimerSetTimerNumber
 .text          0x0000000002012478       0x2c ../FreeRTOS_bsp/\libfreertos_bsp.a(alt_dev.o)
 .text          0x00000000020124a4       0x60 ../FreeRTOS_bsp/\libfreertos_bsp.a(alt_do_ctors.o)
                0x00000000020124a4                _do_ctors
 .text          0x0000000002012504       0x60 ../FreeRTOS_bsp/\libfreertos_bsp.a(alt_do_dtors.o)
                0x0000000002012504                _do_dtors
 .text          0x0000000002012564       0xec ../FreeRTOS_bsp/\libfreertos_bsp.a(alt_fstat.o)
                0x00000000020125a0                fstat
 .text          0x0000000002012650      0x140 ../FreeRTOS_bsp/\libfreertos_bsp.a(alt_io_redirect.o)
                0x0000000002012714                alt_io_redirect
 .text          0x0000000002012790       0xe0 ../FreeRTOS_bsp/\libfreertos_bsp.a(alt_isatty.o)
                0x00000000020127cc                isatty
 .text          0x0000000002012870       0xec ../FreeRTOS_bsp/\libfreertos_bsp.a(alt_load.o)
                0x00000000020128d8                alt_load
 .text          0x000000000201295c      0x110 ../FreeRTOS_bsp/\libfreertos_bsp.a(alt_lseek.o)
                0x0000000002012998                lseek
 .text          0x0000000002012a6c      0x254 ../FreeRTOS_bsp/\libfreertos_bsp.a(alt_open.o)
                0x0000000002012b6c                open
 .text          0x0000000002012cc0      0x22c ../FreeRTOS_bsp/\libfreertos_bsp.a(alt_printf.o)
                0x0000000002012cc0                alt_printf
 .text          0x0000000002012eec       0x3c ../FreeRTOS_bsp/\libfreertos_bsp.a(alt_putchar.o)
                0x0000000002012eec                alt_putchar
 .text          0x0000000002012f28       0x64 ../FreeRTOS_bsp/\libfreertos_bsp.a(alt_release_fd.o)
                0x0000000002012f28                alt_release_fd
 .text          0x0000000002012f8c       0xb0 ../FreeRTOS_bsp/\libfreertos_bsp.a(alt_sbrk.o)
                0x0000000002012f8c                sbrk
 .text          0x000000000201303c       0x48 ../FreeRTOS_bsp/\libfreertos_bsp.a(alt_lwip_close.o)
                0x000000000201303c                close
 .text          0x0000000002013084       0x6c ../FreeRTOS_bsp/\libfreertos_bsp.a(alt_lwip_read.o)
                0x0000000002013084                read
 .text          0x00000000020130f0       0x64 ../FreeRTOS_bsp/\libfreertos_bsp.a(alt_lwip_write.o)
                0x00000000020130f0                write
 .text          0x0000000002013154      0x474 ../FreeRTOS_bsp/\libfreertos_bsp.a(altera_tse_ethernetif.o)
                0x000000000201331c                ethernetif_input
                0x0000000002013418                ethernetif_init
 .text          0x00000000020135c8      0x9d4 ../FreeRTOS_bsp/\libfreertos_bsp.a(lwip_main.o)
                0x00000000020135c8                lwip_initialize
                0x00000000020136dc                lwip_wait_for_an
                0x00000000020139b4                get_mac_count
                0x00000000020139d4                get_mac_base
                0x0000000002013a20                get_netif
                0x0000000002013a68                lwip_set_status_callback
                0x0000000002013a9c                lwip_set_link_callback
                0x0000000002013ad0                lwip_is_interface_up
                0x0000000002013cb4                print_ipad
                0x0000000002013dac                lwip_initialize_phys
 .text          0x0000000002013f9c      0xce0 ../FreeRTOS_bsp/\libfreertos_bsp.a(lwip_tse_mac.o)
                0x0000000002013f9c                tse_mac_init
                0x0000000002014814                tse_sgdma_read_init
                0x00000000020148b8                tse_sgdma_rx_isr
                0x000000000201494c                tse_mac_raw_send
                0x0000000002014aac                tse_mac_rcv
 .text          0x0000000002014c7c      0x918 ../FreeRTOS_bsp/\libfreertos_bsp.a(sys_arch.o)
                0x0000000002014c7c                sys_init
                0x0000000002014c9c                sys_now
                0x0000000002014cc4                sys_jiffies
                0x0000000002014cec                sys_arch_protect
                0x0000000002014d20                sys_arch_unprotect
                0x0000000002014d58                sys_arch_msleep
                0x0000000002014d94                sys_mutex_new
                0x0000000002014e54                sys_mutex_lock
                0x0000000002014e98                sys_mutex_unlock
                0x0000000002014ed8                sys_mutex_free
                0x0000000002014f38                sys_sem_new
                0x0000000002015034                sys_sem_signal
                0x0000000002015080                sys_arch_sem_wait
                0x0000000002015104                sys_sem_free
                0x0000000002015164                sys_mbox_new
                0x0000000002015234                sys_mbox_post
                0x0000000002015288                sys_mbox_trypost
                0x000000000201530c                sys_mbox_trypost_fromisr
                0x00000000020153ac                sys_arch_mbox_fetch
                0x0000000002015454                sys_arch_mbox_tryfetch
                0x00000000020154c8                sys_mbox_free
                0x0000000002015520                sys_thread_new
 .text          0x0000000002015594     0x3298 ../FreeRTOS_bsp/\libfreertos_bsp.a(dhcp.o)
                0x0000000002015bf0                dhcp_coarse_tmr
                0x0000000002015d30                dhcp_fine_tmr
                0x0000000002016224                dhcp_set_struct
                0x0000000002016270                dhcp_cleanup
                0x00000000020162c0                dhcp_start
                0x0000000002016428                dhcp_inform
                0x0000000002016578                dhcp_network_changed_link_up
                0x0000000002016c48                dhcp_renew
                0x0000000002017364                dhcp_release_and_stop
                0x000000000201757c                dhcp_release
                0x00000000020175b0                dhcp_stop
                0x000000000201879c                dhcp_supplied_address
 .text          0x000000000201882c     0x19e4 ../FreeRTOS_bsp/\libfreertos_bsp.a(etharp.o)
                0x0000000002018930                etharp_tmr
                0x000000000201909c                etharp_cleanup_netif
                0x000000000201913c                etharp_find_addr
                0x0000000002019200                etharp_get_entry
                0x00000000020192d0                etharp_input
                0x0000000002019710                etharp_output
                0x0000000002019a18                etharp_query
                0x000000000201a0f4                etharp_request
                0x000000000201a130                etharp_acd_probe
                0x000000000201a1a0                etharp_acd_announce
 .text          0x000000000201a210      0x79c ../FreeRTOS_bsp/\libfreertos_bsp.a(ip4_addr.o)
                0x000000000201a210                ip4_addr_isbroadcast_u32
                0x000000000201a2f0                ip4_addr_netmask_valid
                0x000000000201a390                ipaddr_addr
                0x000000000201a3d4                ip4addr_aton
                0x000000000201a7dc                ip4addr_ntoa
                0x000000000201a818                ip4addr_ntoa_r
 .text          0x000000000201a9ac      0xbf8 ../FreeRTOS_bsp/\libfreertos_bsp.a(mem.o)
                0x000000000201ab68                mem_init
                0x000000000201acfc                mem_free
                0x000000000201aec4                mem_trim
                0x000000000201b1d4                mem_malloc
                0x000000000201b518                mem_calloc
 .text          0x000000000201b5a4      0x438 ../FreeRTOS_bsp/\libfreertos_bsp.a(memp.o)
                0x000000000201b5a4                memp_init_pool
                0x000000000201b664                memp_init
                0x000000000201b7ec                memp_malloc_pool
                0x000000000201b82c                memp_malloc
                0x000000000201b914                memp_free_pool
                0x000000000201b964                memp_free
 .text          0x000000000201b9dc      0xdd8 ../FreeRTOS_bsp/\libfreertos_bsp.a(netif.o)
                0x000000000201b9dc                netif_init
                0x000000000201b9fc                netif_input
                0x000000000201ba58                netif_add_noaddr
                0x000000000201bab8                netif_add
                0x000000000201be04                netif_set_ipaddr
                0x000000000201becc                netif_set_netmask
                0x000000000201bf98                netif_set_gw
                0x000000000201bff8                netif_set_addr
                0x000000000201c0e4                netif_remove
                0x000000000201c1d0                netif_set_default
                0x000000000201c1fc                netif_set_up
                0x000000000201c2e0                netif_set_down
                0x000000000201c380                netif_set_status_callback
                0x000000000201c3bc                netif_set_link_up
                0x000000000201c450                netif_set_link_down
                0x000000000201c4dc                netif_set_link_callback
                0x000000000201c544                netif_name_to_index
                0x000000000201c594                netif_index_to_name
                0x000000000201c62c                netif_get_by_index
                0x000000000201c69c                netif_find
 .text          0x000000000201c7b4     0x1c64 ../FreeRTOS_bsp/\libfreertos_bsp.a(pbuf.o)
                0x000000000201c974                pbuf_alloc
                0x000000000201cbf0                pbuf_alloc_reference
                0x000000000201cc6c                pbuf_alloced_custom
                0x000000000201cd3c                pbuf_realloc
                0x000000000201cff4                pbuf_add_header
                0x000000000201d030                pbuf_add_header_force
                0x000000000201d06c                pbuf_remove_header
                0x000000000201d1b0                pbuf_header
                0x000000000201d1f4                pbuf_header_force
                0x000000000201d238                pbuf_free_header
                0x000000000201d2f4                pbuf_free
                0x000000000201d42c                pbuf_clen
                0x000000000201d478                pbuf_ref
                0x000000000201d4d4                pbuf_cat
                0x000000000201d580                pbuf_chain
                0x000000000201d5c4                pbuf_dechain
                0x000000000201d660                pbuf_copy
                0x000000000201d850                pbuf_copy_partial
                0x000000000201d99c                pbuf_get_contiguous
                0x000000000201db40                pbuf_skip
                0x000000000201db90                pbuf_take
                0x000000000201dcc8                pbuf_take_at
                0x000000000201de10                pbuf_coalesce
                0x000000000201de80                pbuf_clone
                0x000000000201def4                pbuf_fill_chksum
                0x000000000201e000                pbuf_get_at
                0x000000000201e058                pbuf_try_get_at
                0x000000000201e0e8                pbuf_put_at
                0x000000000201e17c                pbuf_memcmp
                0x000000000201e2b0                pbuf_memfind
                0x000000000201e374                pbuf_strstr
 .text          0x000000000201e418      0x948 ../FreeRTOS_bsp/\libfreertos_bsp.a(raw.o)
                0x000000000201e4dc                raw_input
                0x000000000201e650                raw_bind
                0x000000000201e6b0                raw_bind_netif
                0x000000000201e704                raw_connect
                0x000000000201e77c                raw_disconnect
                0x000000000201e7cc                raw_recv
                0x000000000201e810                raw_sendto
                0x000000000201e90c                raw_sendto_if_src
                0x000000000201eb1c                raw_send
                0x000000000201eb60                raw_remove
                0x000000000201ec04                raw_new
                0x000000000201ec84                raw_new_ip_type
                0x000000000201eccc                raw_netif_ip_addr_changed
 .text          0x000000000201ed60       0x20 ../FreeRTOS_bsp/\libfreertos_bsp.a(stats.o)
                0x000000000201ed60                stats_init
 .text          0x000000000201ed80     0x2f38 ../FreeRTOS_bsp/\libfreertos_bsp.a(tcp.o)
                0x000000000201ed80                tcp_init
                0x000000000201eda0                tcp_free
                0x000000000201ee10                tcp_tmr
                0x000000000201ef38                tcp_backlog_delayed
                0x000000000201efa8                tcp_backlog_accepted
                0x000000000201f388                tcp_close
                0x000000000201f3f4                tcp_shutdown
                0x000000000201f4f4                tcp_abandon
                0x000000000201f70c                tcp_abort
                0x000000000201f744                tcp_bind
                0x000000000201f928                tcp_bind_netif
                0x000000000201f9bc                tcp_listen_with_backlog
                0x000000000201fa00                tcp_listen_with_backlog_and_err
                0x000000000201fc88                tcp_update_rcv_ann_wnd
                0x000000000201fd78                tcp_recved
                0x000000000201ff1c                tcp_connect
                0x000000000202030c                tcp_slowtmr
                0x0000000002020b80                tcp_fasttmr
                0x0000000002020cc0                tcp_txnow
                0x0000000002020d24                tcp_process_refused_data
                0x0000000002020e8c                tcp_segs_free
                0x0000000002020ee0                tcp_seg_free
                0x0000000002020f3c                tcp_setprio
                0x0000000002020f80                tcp_seg_copy
                0x0000000002020fe8                tcp_recv_null
                0x0000000002021348                tcp_alloc
                0x000000000202156c                tcp_new
                0x0000000002021598                tcp_new_ip_type
                0x00000000020215d4                tcp_arg
                0x0000000002021610                tcp_recv
                0x000000000202164c                tcp_sent
                0x0000000002021688                tcp_err
                0x00000000020216c4                tcp_accept
                0x0000000002021718                tcp_poll
                0x000000000202176c                tcp_pcb_purge
                0x000000000202185c                tcp_pcb_remove
                0x0000000002021970                tcp_next_iss
                0x00000000020219a4                tcp_eff_send_mss_netif
                0x0000000002021ac4                tcp_netif_ip_addr_changed
                0x0000000002021b80                tcp_debug_state_str
                0x0000000002021bbc                tcp_tcp_get_tcp_addrinfo
                0x0000000002021c68                tcp_free_ooseq
 .text          0x0000000002021cb8     0x3eec ../FreeRTOS_bsp/\libfreertos_bsp.a(tcp_in.o)
                0x0000000002021cb8                tcp_input
                0x0000000002025b78                tcp_trigger_input_pcb_close
 .text          0x0000000002025ba4     0x36b8 ../FreeRTOS_bsp/\libfreertos_bsp.a(tcp_out.o)
                0x0000000002026204                tcp_write
                0x0000000002026cd0                tcp_split_unsent_seg
                0x0000000002027268                tcp_send_fin
                0x00000000020273a8                tcp_enqueue_flags
                0x00000000020275b4                tcp_output
                0x000000000202822c                tcp_rexmit_rto_prepare
                0x00000000020283a8                tcp_rexmit_rto_commit
                0x0000000002028408                tcp_rexmit_rto
                0x0000000002028454                tcp_rexmit
                0x00000000020285d8                tcp_rexmit_fast
                0x0000000002028cf4                tcp_rst
                0x0000000002028dd0                tcp_send_empty_ack
                0x0000000002028efc                tcp_keepalive
                0x0000000002028fb0                tcp_zero_window_probe
 .text          0x000000000202925c      0x5d0 ../FreeRTOS_bsp/\libfreertos_bsp.a(timeouts.o)
                0x00000000020292b8                tcp_timer_needed
                0x00000000020294e0                sys_timeouts_init
                0x0000000002029568                sys_timeout
                0x00000000020295c0                sys_untimeout
                0x0000000002029684                sys_check_timeouts
                0x0000000002029734                sys_restart_timeouts
                0x00000000020297bc                sys_timeouts_sleeptime
 .text          0x000000000202982c     0x14dc ../FreeRTOS_bsp/\libfreertos_bsp.a(udp.o)
                0x000000000202982c                udp_init
                0x00000000020299f0                udp_input
                0x0000000002029eb8                udp_send
                0x0000000002029f2c                udp_send_chksum
                0x0000000002029fc0                udp_sendto
                0x000000000202a018                udp_sendto_chksum
                0x000000000202a124                udp_sendto_if
                0x000000000202a184                udp_sendto_if_chksum
                0x000000000202a2a4                udp_sendto_if_src
                0x000000000202a30c                udp_sendto_if_src_chksum
                0x000000000202a75c                udp_bind
                0x000000000202a904                udp_bind_netif
                0x000000000202a958                udp_connect
                0x000000000202aa80                udp_disconnect
                0x000000000202aae4                udp_recv
                0x000000000202ab34                udp_remove
                0x000000000202abe4                udp_new
                0x000000000202ac3c                udp_new_ip_type
                0x000000000202ac74                udp_netif_ip_addr_changed
 .text          0x000000000202ad08      0x3bc ../FreeRTOS_bsp/\libfreertos_bsp.a(ethernet.o)
                0x000000000202ad08                ethernet_input
                0x000000000202afa4                ethernet_output
 .text          0x000000000202b0c4      0x118 ../FreeRTOS_bsp/\libfreertos_bsp.a(alt_sys_init.o)
                0x000000000202b0f8                alt_irq_init
                0x000000000202b130                alt_sys_init
 .text          0x000000000202b1dc      0x164 ../FreeRTOS_bsp/\libfreertos_bsp.a(altera_avalon_jtag_uart_fd.o)
                0x000000000202b1dc                altera_avalon_jtag_uart_read_fd
                0x000000000202b23c                altera_avalon_jtag_uart_write_fd
                0x000000000202b29c                altera_avalon_jtag_uart_close_fd
                0x000000000202b2ec                altera_avalon_jtag_uart_ioctl_fd
 .text          0x000000000202b340      0x45c ../FreeRTOS_bsp/\libfreertos_bsp.a(altera_avalon_jtag_uart_init.o)
                0x000000000202b340                altera_avalon_jtag_uart_init
                0x000000000202b734                altera_avalon_jtag_uart_close
 .text          0x000000000202b79c       0xf0 ../FreeRTOS_bsp/\libfreertos_bsp.a(altera_avalon_jtag_uart_ioctl.o)
                0x000000000202b79c                altera_avalon_jtag_uart_ioctl
 .text          0x000000000202b88c      0x258 ../FreeRTOS_bsp/\libfreertos_bsp.a(altera_avalon_jtag_uart_read.o)
                0x000000000202b88c                altera_avalon_jtag_uart_read
 .text          0x000000000202bae4      0x260 ../FreeRTOS_bsp/\libfreertos_bsp.a(altera_avalon_jtag_uart_write.o)
                0x000000000202bae4                altera_avalon_jtag_uart_write
 .text          0x000000000202bd44      0xd94 ../FreeRTOS_bsp/\libfreertos_bsp.a(altera_avalon_sgdma.o)
                0x000000000202bd80                alt_avalon_sgdma_do_async_transfer
                0x000000000202bea4                alt_avalon_sgdma_do_sync_transfer
                0x000000000202bfb4                alt_avalon_sgdma_construct_mem_to_mem_desc
                0x000000000202c028                alt_avalon_sgdma_construct_mem_to_mem_desc_burst
                0x000000000202c0ac                alt_avalon_sgdma_construct_stream_to_mem_desc
                0x000000000202c10c                alt_avalon_sgdma_construct_stream_to_mem_desc_burst
                0x000000000202c184                alt_avalon_sgdma_construct_mem_to_stream_desc
                0x000000000202c204                alt_avalon_sgdma_construct_mem_to_stream_desc_burst
                0x000000000202c290                alt_avalon_sgdma_register_callback
                0x000000000202c2e4                alt_avalon_sgdma_start
                0x000000000202c33c                alt_avalon_sgdma_stop
                0x000000000202c398                alt_avalon_sgdma_check_descriptor_status
                0x000000000202c3fc                alt_avalon_sgdma_open
                0x000000000202c450                alt_avalon_sgdma_construct_descriptor
                0x000000000202c4dc                alt_avalon_sgdma_enable_desc_poll
                0x000000000202c55c                alt_avalon_sgdma_disable_desc_poll
                0x000000000202c5bc                alt_avalon_sgdma_construct_descriptor_burst
                0x000000000202ca30                alt_avalon_sgdma_init
 .text          0x000000000202cad8       0xf4 ../FreeRTOS_bsp/\libfreertos_bsp.a(altera_avalon_timer_sc.o)
                0x000000000202cb50                alt_avalon_timer_sc_init
 .text          0x000000000202cbcc      0x110 ../FreeRTOS_bsp/\libfreertos_bsp.a(altera_avalon_uart_fd.o)
                0x000000000202cbcc                altera_avalon_uart_read_fd
                0x000000000202cc2c                altera_avalon_uart_write_fd
                0x000000000202cc8c                altera_avalon_uart_close_fd
 .text          0x000000000202ccdc      0x478 ../FreeRTOS_bsp/\libfreertos_bsp.a(altera_avalon_uart_init.o)
                0x000000000202ccdc                altera_avalon_uart_init
                0x000000000202d100                altera_avalon_uart_close
 .text          0x000000000202d154      0x254 ../FreeRTOS_bsp/\libfreertos_bsp.a(altera_avalon_uart_read.o)
                0x000000000202d190                altera_avalon_uart_read
 .text          0x000000000202d3a8      0x224 ../FreeRTOS_bsp/\libfreertos_bsp.a(altera_avalon_uart_write.o)
                0x000000000202d3e4                altera_avalon_uart_write
 .text          0x000000000202d5cc       0xa4 ../FreeRTOS_bsp/\libfreertos_bsp.a(alt_env_lock.o)
                0x000000000202d5cc                __env_lock
                0x000000000202d62c                __env_unlock
 .text          0x000000000202d670      0x134 ../FreeRTOS_bsp/\libfreertos_bsp.a(heap_1.o)
                0x000000000202d670                pvPortMalloc
                0x000000000202d730                vPortFree
                0x000000000202d754                vPortInitialiseBlocks
                0x000000000202d778                xPortGetFreeHeapSize
 .text          0x000000000202d7a4      0x290 ../FreeRTOS_bsp/\libfreertos_bsp.a(list.o)
                0x000000000202d7a4                vListInitialise
                0x000000000202d80c                vListInitialiseItem
                0x000000000202d838                vListInsertEnd
                0x000000000202d8c4                vListInsert
                0x000000000202d99c                uxListRemove
 .text          0x000000000202da34      0x448 ../FreeRTOS_bsp/\libfreertos_bsp.a(port.o)
                0x000000000202da60                enh_alt_irq_disable_all
                0x000000000202dab0                enh_alt_irq_enable_all
                0x000000000202daec                pxPortInitialiseStack
                0x000000000202dbcc                xPortStartScheduler
                0x000000000202dc04                vPortEndScheduler
                0x000000000202dcc0                vPortSysTickHandler
                0x000000000202dd0c                alt_irq_register
 .text          0x000000000202de7c        0x0 ../FreeRTOS_bsp/\libfreertos_bsp.a(port_asm.o)
 .text          0x000000000202de7c        0x0 ../FreeRTOS_bsp/\libfreertos_bsp.a(tse_ethernet_phys.o)
 .text          0x000000000202de7c      0x12c ../FreeRTOS_bsp/\libfreertos_bsp.a(alt_alarm_start.o)
                0x000000000202de7c                alt_alarm_start
 .text          0x000000000202dfa8      0x10c ../FreeRTOS_bsp/\libfreertos_bsp.a(alt_close.o)
                0x000000000202dfe4                alt_close
 .text          0x000000000202e0b4       0x28 ../FreeRTOS_bsp/\libfreertos_bsp.a(alt_dcache_flush.o)
                0x000000000202e0b4                alt_dcache_flush
 .text          0x000000000202e0dc       0x20 ../FreeRTOS_bsp/\libfreertos_bsp.a(alt_dcache_flush_all.o)
                0x000000000202e0dc                alt_dcache_flush_all
 .text          0x000000000202e0fc       0xe0 ../FreeRTOS_bsp/\libfreertos_bsp.a(alt_dev_llist_insert.o)
                0x000000000202e138                alt_dev_llist_insert
 .text          0x000000000202e1dc        0x0 ../FreeRTOS_bsp/\libfreertos_bsp.a(alt_errno.o)
 .text          0x000000000202e1dc       0x90 ../FreeRTOS_bsp/\libfreertos_bsp.a(alt_find_dev.o)
                0x000000000202e1dc                alt_find_dev
 .text          0x000000000202e26c      0x108 ../FreeRTOS_bsp/\libfreertos_bsp.a(alt_find_file.o)
                0x000000000202e26c                alt_find_file
 .text          0x000000000202e374       0xe0 ../FreeRTOS_bsp/\libfreertos_bsp.a(alt_get_fd.o)
                0x000000000202e374                alt_get_fd
 .text          0x000000000202e454       0x34 ../FreeRTOS_bsp/\libfreertos_bsp.a(alt_icache_flush_all.o)
                0x000000000202e454                alt_icache_flush_all
 .text          0x000000000202e488      0x1b0 ../FreeRTOS_bsp/\libfreertos_bsp.a(alt_iic.o)
                0x000000000202e488                alt_ic_isr_register
                0x000000000202e4d8                alt_ic_irq_enable
                0x000000000202e560                alt_ic_irq_disable
                0x000000000202e5ec                alt_ic_irq_enabled
 .text          0x000000000202e638       0xf0 ../FreeRTOS_bsp/\libfreertos_bsp.a(alt_iic_isr_register.o)
                0x000000000202e638                alt_iic_isr_register
 .text          0x000000000202e728        0x0 ../FreeRTOS_bsp/\libfreertos_bsp.a(alt_irq_handler.o)
 .text          0x000000000202e728        0x0 ../FreeRTOS_bsp/\libfreertos_bsp.a(alt_irq_vars.o)
 .text          0x000000000202e728      0x138 ../FreeRTOS_bsp/\libfreertos_bsp.a(alt_read.o)
                0x000000000202e764                alt_read
 .text          0x000000000202e860      0x1a4 ../FreeRTOS_bsp/\libfreertos_bsp.a(alt_tick.o)
                0x000000000202e860                alt_alarm_stop
                0x000000000202e8fc                alt_tick
 .text          0x000000000202ea04       0x30 ../FreeRTOS_bsp/\libfreertos_bsp.a(alt_uncached_malloc.o)
                0x000000000202ea04                alt_uncached_malloc
 .text          0x000000000202ea34       0x30 ../FreeRTOS_bsp/\libfreertos_bsp.a(alt_usleep.o)
                0x000000000202ea34                usleep
 .text          0x000000000202ea64      0x134 ../FreeRTOS_bsp/\libfreertos_bsp.a(alt_write.o)
                0x000000000202eaa0                alt_write
 .text          0x000000000202eb98       0x24 ../FreeRTOS_bsp/\libfreertos_bsp.a(altera_nios2_gen2_irq.o)
                0x000000000202eb98                altera_nios2_gen2_irq_init
 .text          0x000000000202ebbc     0x4ee0 ../FreeRTOS_bsp/\libfreertos_bsp.a(sockets.o)
                0x000000000202ebbc                lwip_socket_thread_init
                0x000000000202ebdc                lwip_socket_thread_cleanup
                0x000000000202ec58                lwip_socket_dbg_get_socket
                0x000000000202f048                lwip_accept
                0x000000000202f328                lwip_bind
                0x000000000202f454                lwip_close
                0x000000000202f528                lwip_connect
                0x000000000202f68c                lwip_listen
                0x000000000202fe1c                lwip_recvfrom
                0x000000000202ffc8                lwip_read
                0x0000000002030014                lwip_readv
                0x0000000002030078                lwip_recv
                0x00000000020300c8                lwip_recvmsg
                0x0000000002030404                lwip_send
                0x000000000203053c                lwip_sendmsg
                0x0000000002030998                lwip_sendto
                0x0000000002030b94                lwip_socket
                0x0000000002030cdc                lwip_write
                0x0000000002030d20                lwip_writev
                0x00000000020312b4                lwip_select
                0x0000000002031b4c                lwip_poll
                0x000000000203221c                lwip_shutdown
                0x00000000020324e8                lwip_getpeername
                0x000000000203252c                lwip_getsockname
                0x0000000002032570                lwip_getsockopt
                0x0000000002032e70                lwip_setsockopt
                0x00000000020336b4                lwip_ioctl
                0x0000000002033798                lwip_fcntl
                0x0000000002033974                lwip_inet_ntop
                0x0000000002033a2c                lwip_inet_pton
 .text          0x0000000002033a9c      0x9fc ../FreeRTOS_bsp/\libfreertos_bsp.a(tcpip.o)
                0x0000000002033d78                tcpip_inpkt
                0x0000000002033e28                tcpip_input
                0x0000000002033e94                tcpip_callback
                0x0000000002033f10                tcpip_try_callback
                0x0000000002033fb0                tcpip_timeout
                0x000000000203403c                tcpip_untimeout
                0x00000000020340b8                tcpip_send_msg_wait_sem
                0x0000000002034118                tcpip_api_call
                0x00000000020341c8                tcpip_callbackmsg_new
                0x0000000002034238                tcpip_callbackmsg_delete
                0x0000000002034270                tcpip_callbackmsg_trycallback
                0x00000000020342a4                tcpip_callbackmsg_trycallback_fromisr
                0x00000000020342d8                tcpip_callback_wait
                0x0000000002034378                tcpip_init
                0x0000000002034428                pbuf_free_callback
                0x0000000002034460                mem_free_callback
 .text          0x0000000002034498     0x4fdc ../FreeRTOS_bsp/\libfreertos_bsp.a(altera_avalon_tse.o)
                0x0000000002034498                no_printf
                0x00000000020344c8                tse_mac_initTransInfo2
                0x0000000002034528                tse_mac_sTxWrite
                0x000000000203460c                tse_mac_aRxRead
                0x00000000020346b4                tse_mac_SwReset
                0x000000000203473c                tse_mac_setMIImode
                0x0000000002034790                tse_mac_setGMIImode
                0x00000000020347e0                alt_tse_phy_add_profile
                0x00000000020349c4                alt_tse_system_add_sys
                0x00000000020353c0                alt_tse_sys_enable_mdio_sharing
                0x0000000002035528                alt_tse_mac_get_common_speed
                0x0000000002035568                alt_tse_mac_set_common_speed
                0x00000000020355b0                alt_tse_get_system_index
                0x000000000203561c                alt_tse_get_mac_group_index
                0x0000000002035690                alt_tse_get_mac_info_index
                0x0000000002035710                alt_tse_get_mac_info
                0x00000000020357e8                alt_tse_mac_set_speed
                0x00000000020358c8                alt_tse_mac_set_duplex
                0x0000000002035954                getPHYSpeed
                0x00000000020363d0                alt_tse_phy_rd_mdio_addr
                0x0000000002036418                alt_tse_phy_wr_mdio_addr
                0x0000000002036470                alt_tse_phy_wr_mdio_reg
                0x0000000002036598                alt_tse_phy_rd_mdio_reg
                0x0000000002036664                alt_tse_phy_add_profile_default
                0x0000000002036900                alt_tse_phy_print_profile
                0x0000000002036b10                alt_tse_mac_group_init
                0x00000000020371b4                alt_tse_mac_get_phy
                0x00000000020375d8                alt_tse_mac_associate_phy
                0x0000000002037820                alt_tse_phy_cfg_pcs
                0x0000000002037948                alt_tse_phy_init
                0x0000000002037a60                alt_tse_phy_restart_an
                0x0000000002037c1c                alt_tse_phy_check_link
                0x0000000002037d7c                alt_tse_phy_get_cap
                0x0000000002038310                alt_tse_phy_set_adv_1000
                0x00000000020384d4                alt_tse_phy_set_adv_100
                0x0000000002038728                alt_tse_phy_set_adv_10
                0x00000000020388d0                alt_tse_phy_get_common_speed
                0x0000000002038bf8                alt_tse_phy_set_common_speed
                0x00000000020390ac                marvell_phy_cfg
                0x0000000002039144                marvell_cfg_gmii
                0x0000000002039228                marvell_cfg_sgmii
                0x000000000203930c                marvell_cfg_rgmii
                0x00000000020393fc                DP83848C_link_status_read
 .text          0x0000000002039474      0x530 ../FreeRTOS_bsp/\libfreertos_bsp.a(def.o)
                0x0000000002039474                lwip_htons
                0x00000000020394b0                lwip_htonl
                0x0000000002039504                lwip_strnstr
                0x00000000020395e8                lwip_strnistr
                0x00000000020396a0                lwip_stricmp
                0x0000000002039754                lwip_strnicmp
                0x0000000002039820                lwip_itoa
 .text          0x00000000020399a4      0x9c8 ../FreeRTOS_bsp/\libfreertos_bsp.a(inet_chksum.o)
                0x00000000020399a4                lwip_standard_chksum
                0x0000000002039d5c                inet_chksum_pseudo
                0x0000000002039e44                ip_chksum_pseudo
                0x000000000203a05c                inet_chksum_pseudo_partial
                0x000000000203a154                ip_chksum_pseudo_partial
                0x000000000203a1c4                inet_chksum
                0x000000000203a208                inet_chksum_pbuf
                0x000000000203a314                lwip_chksum_copy
 .text          0x000000000203a36c       0x4c ../FreeRTOS_bsp/\libfreertos_bsp.a(init.o)
                0x000000000203a36c                lwip_init
 .text          0x000000000203a3b8        0x0 ../FreeRTOS_bsp/\libfreertos_bsp.a(ip.o)
 .text          0x000000000203a3b8      0x934 ../FreeRTOS_bsp/\libfreertos_bsp.a(acd.o)
                0x000000000203a3b8                acd_add
                0x000000000203a444                acd_start
                0x000000000203a514                acd_stop
                0x000000000203a548                acd_network_changed_link_down
                0x000000000203a5a0                acd_tmr
                0x000000000203a944                acd_arp_reply
                0x000000000203ac20                acd_netif_ip_addr_changed
 .text          0x000000000203acec      0x8d8 ../FreeRTOS_bsp/\libfreertos_bsp.a(icmp.o)
                0x000000000203acec                icmp_input
                0x000000000203b338                icmp_dest_unreach
                0x000000000203b380                icmp_time_exceeded
 .text          0x000000000203b5c4     0x111c ../FreeRTOS_bsp/\libfreertos_bsp.a(ip4.o)
                0x000000000203b5c4                ip4_route
                0x000000000203b7b4                ip4_input
                0x000000000203be1c                ip4_output_if
                0x000000000203bec4                ip4_output_if_src
                0x000000000203c564                ip4_output
                0x000000000203c614                ip4_output_hinted
 .text          0x000000000203c6e0     0x183c ../FreeRTOS_bsp/\libfreertos_bsp.a(ip4_frag.o)
                0x000000000203c6e0                ip_reass_tmr
                0x000000000203d388                ip4_reass
                0x000000000203da94                ip4_frag
 .text          0x000000000203df1c      0x158 ../FreeRTOS_bsp/\libfreertos_bsp.a(alt_busy_sleep.o)
                0x000000000203df1c                alt_busy_sleep
 .text          0x000000000203e074       0x90 ../FreeRTOS_bsp/\libfreertos_bsp.a(alt_icache_flush.o)
                0x000000000203e074                alt_icache_flush
 .text          0x000000000203e104     0x1250 ../FreeRTOS_bsp/\libfreertos_bsp.a(api_lib.o)
                0x000000000203e168                netconn_new_with_proto_and_callback
                0x000000000203e21c                netconn_prepare_delete
                0x000000000203e290                netconn_delete
                0x000000000203e2e8                netconn_getaddr
                0x000000000203e38c                netconn_bind
                0x000000000203e414                netconn_bind_if
                0x000000000203e480                netconn_connect
                0x000000000203e508                netconn_disconnect
                0x000000000203e564                netconn_listen_with_backlog
                0x000000000203e5d0                netconn_accept
                0x000000000203ea1c                netconn_tcp_recvd
                0x000000000203ec28                netconn_recv_tcp_pbuf
                0x000000000203ec88                netconn_recv_tcp_pbuf_flags
                0x000000000203ecf4                netconn_recv_udp_raw_netbuf
                0x000000000203ed54                netconn_recv_udp_raw_netbuf_flags
                0x000000000203edc0                netconn_recv
                0x000000000203eecc                netconn_sendto
                0x000000000203ef4c                netconn_send
                0x000000000203efb4                netconn_write_partly
                0x000000000203f01c                netconn_write_vectors_partly
                0x000000000203f24c                netconn_close
                0x000000000203f280                netconn_err
                0x000000000203f2e0                netconn_shutdown
 .text          0x000000000203f354     0x2b3c ../FreeRTOS_bsp/\libfreertos_bsp.a(api_msg.o)
                0x000000000203f3b4                lwip_netconn_is_err_msg
                0x00000000020400a8                lwip_netconn_do_newconn
                0x0000000002040110                netconn_alloc
                0x000000000204027c                netconn_free
                0x0000000002040774                lwip_netconn_do_delconn
                0x0000000002040984                lwip_netconn_do_bind
                0x0000000002040ac4                lwip_netconn_do_bind_if
                0x0000000002040d08                lwip_netconn_do_connect
                0x0000000002040f3c                lwip_netconn_do_disconnect
                0x0000000002040fc8                lwip_netconn_do_listen
                0x0000000002041228                lwip_netconn_do_send
                0x000000000204144c                lwip_netconn_do_recv
                0x0000000002041520                lwip_netconn_do_accepted
                0x0000000002041a2c                lwip_netconn_do_write
                0x0000000002041b24                lwip_netconn_do_getaddr
                0x0000000002041d58                lwip_netconn_do_close
 .text          0x0000000002041e90       0x64 ../FreeRTOS_bsp/\libfreertos_bsp.a(err.o)
                0x0000000002041e90                err_to_errno
 .text          0x0000000002041ef4      0x498 ../FreeRTOS_bsp/\libfreertos_bsp.a(netbuf.o)
                0x0000000002041ef4                netbuf_new
                0x0000000002041f40                netbuf_delete
                0x0000000002041fb4                netbuf_alloc
                0x0000000002042060                netbuf_free
                0x00000000020420dc                netbuf_ref
                0x00000000020421b8                netbuf_chain
                0x000000000204223c                netbuf_data
                0x00000000020422d4                netbuf_next
                0x000000000204234c                netbuf_first
 .text          0x000000000204238c        0x0 c:/altera/18.1/nios2eds/bin/gnu/h-x86_64-mingw32/bin/../lib/gcc/nios2-elf/5.3.0/../../../../../H-x86_64-mingw32/nios2-elf/lib\libc.a(lib_a-atexit.o)
 .text.atexit   0x000000000204238c       0x14 c:/altera/18.1/nios2eds/bin/gnu/h-x86_64-mingw32/bin/../lib/gcc/nios2-elf/5.3.0/../../../../../H-x86_64-mingw32/nios2-elf/lib\libc.a(lib_a-atexit.o)
                0x000000000204238c                atexit
 .text          0x00000000020423a0        0x0 c:/altera/18.1/nios2eds/bin/gnu/h-x86_64-mingw32/bin/../lib/gcc/nios2-elf/5.3.0/../../../../../H-x86_64-mingw32/nios2-elf/lib\libc.a(lib_a-atoi.o)
 .text.atoi     0x00000000020423a0        0xc c:/altera/18.1/nios2eds/bin/gnu/h-x86_64-mingw32/bin/../lib/gcc/nios2-elf/5.3.0/../../../../../H-x86_64-mingw32/nios2-elf/lib\libc.a(lib_a-atoi.o)
                0x00000000020423a0                atoi
 .text._atoi_r  0x00000000020423ac        0xc c:/altera/18.1/nios2eds/bin/gnu/h-x86_64-mingw32/bin/../lib/gcc/nios2-elf/5.3.0/../../../../../H-x86_64-mingw32/nios2-elf/lib\libc.a(lib_a-atoi.o)
                0x00000000020423ac                _atoi_r
 .text          0x00000000020423b8        0x0 c:/altera/18.1/nios2eds/bin/gnu/h-x86_64-mingw32/bin/../lib/gcc/nios2-elf/5.3.0/../../../../../H-x86_64-mingw32/nios2-elf/lib\libc.a(lib_a-ctype_.o)
 .text          0x00000000020423b8        0x0 c:/altera/18.1/nios2eds/bin/gnu/h-x86_64-mingw32/bin/../lib/gcc/nios2-elf/5.3.0/../../../../../H-x86_64-mingw32/nios2-elf/lib\libc.a(lib_a-errno.o)
 .text.__errno  0x00000000020423b8       0x10 c:/altera/18.1/nios2eds/bin/gnu/h-x86_64-mingw32/bin/../lib/gcc/nios2-elf/5.3.0/../../../../../H-x86_64-mingw32/nios2-elf/lib\libc.a(lib_a-errno.o)
                0x00000000020423b8                __errno
 .text          0x00000000020423c8        0x0 c:/altera/18.1/nios2eds/bin/gnu/h-x86_64-mingw32/bin/../lib/gcc/nios2-elf/5.3.0/../../../../../H-x86_64-mingw32/nios2-elf/lib\libc.a(lib_a-exit.o)
 .text.exit     0x00000000020423c8       0x38 c:/altera/18.1/nios2eds/bin/gnu/h-x86_64-mingw32/bin/../lib/gcc/nios2-elf/5.3.0/../../../../../H-x86_64-mingw32/nios2-elf/lib\libc.a(lib_a-exit.o)
                0x00000000020423c8                exit
 .text          0x0000000002042400        0x0 c:/altera/18.1/nios2eds/bin/gnu/h-x86_64-mingw32/bin/../lib/gcc/nios2-elf/5.3.0/../../../../../H-x86_64-mingw32/nios2-elf/lib\libc.a(lib_a-malloc.o)
 .text.malloc   0x0000000002042400       0x14 c:/altera/18.1/nios2eds/bin/gnu/h-x86_64-mingw32/bin/../lib/gcc/nios2-elf/5.3.0/../../../../../H-x86_64-mingw32/nios2-elf/lib\libc.a(lib_a-malloc.o)
                0x0000000002042400                malloc
 .text.free     0x0000000002042414       0x14 c:/altera/18.1/nios2eds/bin/gnu/h-x86_64-mingw32/bin/../lib/gcc/nios2-elf/5.3.0/../../../../../H-x86_64-mingw32/nios2-elf/lib\libc.a(lib_a-malloc.o)
                0x0000000002042414                free
 .text          0x0000000002042428        0x0 c:/altera/18.1/nios2eds/bin/gnu/h-x86_64-mingw32/bin/../lib/gcc/nios2-elf/5.3.0/../../../../../H-x86_64-mingw32/nios2-elf/lib\libc.a(lib_a-memcmp.o)
 .text.memcmp   0x0000000002042428       0x7c c:/altera/18.1/nios2eds/bin/gnu/h-x86_64-mingw32/bin/../lib/gcc/nios2-elf/5.3.0/../../../../../H-x86_64-mingw32/nios2-elf/lib\libc.a(lib_a-memcmp.o)
                0x0000000002042428                memcmp
 .text          0x00000000020424a4        0x0 c:/altera/18.1/nios2eds/bin/gnu/h-x86_64-mingw32/bin/../lib/gcc/nios2-elf/5.3.0/../../../../../H-x86_64-mingw32/nios2-elf/lib\libc.a(lib_a-putc.o)