Archive member included to satisfy reference by file (symbol)

c:/altera/18.1/nios2eds/bin/gnu/h-x86_64-mingw32/bin/../lib/gcc/nios2-elf/5.3.0/../../../../../H-x86_64-mingw32/nios2-elf/lib\libm.a(lib_a-s_signbit.o)
                              obj/default/open62541.o (__signbitf)
c:/altera/18.1/nios2eds/bin/gnu/h-x86_64-mingw32/bin/../lib/gcc/nios2-elf/5.3.0\libgcc.a(_muldi3.o)
                              obj/default/open62541.o (__muldi3)
c:/altera/18.1/nios2eds/bin/gnu/h-x86_64-mingw32/bin/../lib/gcc/nios2-elf/5.3.0\libgcc.a(_fixunsdfsi.o)
                              obj/default/open62541.o (__fixunsdfsi)
c:/altera/18.1/nios2eds/bin/gnu/h-x86_64-mingw32/bin/../lib/gcc/nios2-elf/5.3.0\libgcc.a(_fixdfdi.o)
                              obj/default/open62541.o (__fixdfdi)
c:/altera/18.1/nios2eds/bin/gnu/h-x86_64-mingw32/bin/../lib/gcc/nios2-elf/5.3.0\libgcc.a(_fixunsdfdi.o)
                              obj/default/open62541.o (__fixunsdfdi)
c:/altera/18.1/nios2eds/bin/gnu/h-x86_64-mingw32/bin/../lib/gcc/nios2-elf/5.3.0\libgcc.a(_floatdisf.o)
                              obj/default/open62541.o (__floatdisf)
c:/altera/18.1/nios2eds/bin/gnu/h-x86_64-mingw32/bin/../lib/gcc/nios2-elf/5.3.0\libgcc.a(_floatdidf.o)
                              obj/default/open62541.o (__floatdidf)
c:/altera/18.1/nios2eds/bin/gnu/h-x86_64-mingw32/bin/../lib/gcc/nios2-elf/5.3.0\libgcc.a(_floatundidf.o)
                              obj/default/open62541.o (__floatundidf)
c:/altera/18.1/nios2eds/bin/gnu/h-x86_64-mingw32/bin/../lib/gcc/nios2-elf/5.3.0\libgcc.a(_divdi3.o)
                              obj/default/open62541.o (__divdi3)
c:/altera/18.1/nios2eds/bin/gnu/h-x86_64-mingw32/bin/../lib/gcc/nios2-elf/5.3.0\libgcc.a(_moddi3.o)
                              obj/default/open62541.o (__moddi3)
c:/altera/18.1/nios2eds/bin/gnu/h-x86_64-mingw32/bin/../lib/gcc/nios2-elf/5.3.0\libgcc.a(lib2-divmod.o)
                              obj/default/open62541.o (__divsi3)
c:/altera/18.1/nios2eds/bin/gnu/h-x86_64-mingw32/bin/../lib/gcc/nios2-elf/5.3.0\libgcc.a(addsf3.o)
                              obj/default/open62541.o (__addsf3)
c:/altera/18.1/nios2eds/bin/gnu/h-x86_64-mingw32/bin/../lib/gcc/nios2-elf/5.3.0\libgcc.a(divsf3.o)
                              obj/default/open62541.o (__divsf3)
c:/altera/18.1/nios2eds/bin/gnu/h-x86_64-mingw32/bin/../lib/gcc/nios2-elf/5.3.0\libgcc.a(eqsf2.o)
                              obj/default/open62541.o (__eqsf2)
c:/altera/18.1/nios2eds/bin/gnu/h-x86_64-mingw32/bin/../lib/gcc/nios2-elf/5.3.0\libgcc.a(gesf2.o)
                              obj/default/open62541.o (__gtsf2)
c:/altera/18.1/nios2eds/bin/gnu/h-x86_64-mingw32/bin/../lib/gcc/nios2-elf/5.3.0\libgcc.a(adddf3.o)
                              obj/default/open62541.o (__adddf3)
c:/altera/18.1/nios2eds/bin/gnu/h-x86_64-mingw32/bin/../lib/gcc/nios2-elf/5.3.0\libgcc.a(divdf3.o)
                              obj/default/open62541.o (__divdf3)
c:/altera/18.1/nios2eds/bin/gnu/h-x86_64-mingw32/bin/../lib/gcc/nios2-elf/5.3.0\libgcc.a(eqdf2.o)
                              obj/default/open62541.o (__eqdf2)
c:/altera/18.1/nios2eds/bin/gnu/h-x86_64-mingw32/bin/../lib/gcc/nios2-elf/5.3.0\libgcc.a(gedf2.o)
                              obj/default/open62541.o (__gedf2)
c:/altera/18.1/nios2eds/bin/gnu/h-x86_64-mingw32/bin/../lib/gcc/nios2-elf/5.3.0\libgcc.a(ledf2.o)
                              obj/default/open62541.o (__ledf2)
c:/altera/18.1/nios2eds/bin/gnu/h-x86_64-mingw32/bin/../lib/gcc/nios2-elf/5.3.0\libgcc.a(muldf3.o)
                              obj/default/open62541.o (__muldf3)
c:/altera/18.1/nios2eds/bin/gnu/h-x86_64-mingw32/bin/../lib/gcc/nios2-elf/5.3.0\libgcc.a(subdf3.o)
                              obj/default/open62541.o (__subdf3)
c:/altera/18.1/nios2eds/bin/gnu/h-x86_64-mingw32/bin/../lib/gcc/nios2-elf/5.3.0\libgcc.a(fixdfsi.o)
                              obj/default/open62541.o (__fixdfsi)
c:/altera/18.1/nios2eds/bin/gnu/h-x86_64-mingw32/bin/../lib/gcc/nios2-elf/5.3.0\libgcc.a(floatsidf.o)
                              obj/default/open62541.o (__floatsidf)
c:/altera/18.1/nios2eds/bin/gnu/h-x86_64-mingw32/bin/../lib/gcc/nios2-elf/5.3.0\libgcc.a(floatunsidf.o)
                              obj/default/open62541.o (__floatunsidf)
c:/altera/18.1/nios2eds/bin/gnu/h-x86_64-mingw32/bin/../lib/gcc/nios2-elf/5.3.0\libgcc.a(extendsfdf2.o)
                              obj/default/open62541.o (__extendsfdf2)
c:/altera/18.1/nios2eds/bin/gnu/h-x86_64-mingw32/bin/../lib/gcc/nios2-elf/5.3.0\libgcc.a(truncdfsf2.o)
                              obj/default/open62541.o (__truncdfsf2)
c:/altera/18.1/nios2eds/bin/gnu/h-x86_64-mingw32/bin/../lib/gcc/nios2-elf/5.3.0\libgcc.a(_clz.o)
                              c:/altera/18.1/nios2eds/bin/gnu/h-x86_64-mingw32/bin/../lib/gcc/nios2-elf/5.3.0\libgcc.a(_divdi3.o) (__clz_tab)
c:/altera/18.1/nios2eds/bin/gnu/h-x86_64-mingw32/bin/../lib/gcc/nios2-elf/5.3.0\libgcc.a(_clzsi2.o)
[...]
Memory Configuration

Name             Origin             Length             Attributes
reset            0x0000000002000000 0x0000000000000020
sdram_controller_0 0x0000000002000020 0x0000000001ffffe0
tse_descriptor_memory_0 0x0000000004000000 0x0000000000002000
mem_0            0x0000000005020000 0x0000000000020000
*default*        0x0000000000000000 0xffffffffffffffff

Linker script and memory map

LOAD ../FreeRTOS_bsp//obj/HAL/src/crt0.o
LOAD obj/default/main.o
LOAD obj/default/open62541.o
LOAD c:/altera/18.1/nios2eds/bin/gnu/h-x86_64-mingw32/bin/../lib/gcc/nios2-elf/5.3.0/../../../../../H-x86_64-mingw32/nios2-elf/lib\libstdc++.a
LOAD c:/altera/18.1/nios2eds/bin/gnu/h-x86_64-mingw32/bin/../lib/gcc/nios2-elf/5.3.0/../../../../../H-x86_64-mingw32/nios2-elf/lib\libm.a
LOAD c:/altera/18.1/nios2eds/bin/gnu/h-x86_64-mingw32/bin/../lib/gcc/nios2-elf/5.3.0\libgcc.a
START GROUP
LOAD c:/altera/18.1/nios2eds/bin/gnu/h-x86_64-mingw32/bin/../lib/gcc/nios2-elf/5.3.0/../../../../../H-x86_64-mingw32/nios2-elf/lib\libc.a
LOAD c:/altera/18.1/nios2eds/bin/gnu/h-x86_64-mingw32/bin/../lib/gcc/nios2-elf/5.3.0\libgcc.a
LOAD ../FreeRTOS_bsp/\libfreertos_bsp.a
LOAD c:/altera/18.1/nios2eds/bin/gnu/h-x86_64-mingw32/bin/../lib/gcc/nios2-elf/5.3.0/../../../../../H-x86_64-mingw32/nios2-elf/lib\libm.a
END GROUP
LOAD c:/altera/18.1/nios2eds/bin/gnu/h-x86_64-mingw32/bin/../lib/gcc/nios2-elf/5.3.0\libgcc.a
                0x0000000002000000                __alt_mem_sdram_controller_0 = 0x2000000
                0x0000000004000000                __alt_mem_tse_descriptor_memory_0 = 0x4000000
                0x0000000005020000                __alt_mem_mem_0 = 0x5020000

.entry          0x0000000002000000       0x20
 *(.entry)
 .entry         0x0000000002000000       0x20 ../FreeRTOS_bsp//obj/HAL/src/crt0.o
                0x0000000002000000                __reset

.exceptions     0x0000000002000020      0x228
                0x0000000002000020                PROVIDE (__ram_exceptions_start, ABSOLUTE (.))
                0x0000000002000020                . = ALIGN (0x20)
 *(.irq)
 *(.exceptions.entry.label)
 *(.exceptions.entry.user)
 *(.exceptions.entry.ecc_fatal)
 *(.exceptions.entry)
 .exceptions.entry
                0x0000000002000020       0x8c ../FreeRTOS_bsp/\libfreertos_bsp.a(port_asm.o)
 *(.exceptions.irqtest.user)
 *(.exceptions.irqtest)
 .exceptions.irqtest
                0x00000000020000ac       0x14 ../FreeRTOS_bsp/\libfreertos_bsp.a(port_asm.o)
 *(.exceptions.irqhandler.user)
 *(.exceptions.irqhandler)
 .exceptions.irqhandler
                0x00000000020000c0        0x4 ../FreeRTOS_bsp/\libfreertos_bsp.a(port_asm.o)
 *(.exceptions.irqreturn.user)
 *(.exceptions.irqreturn)
 .exceptions.irqreturn
                0x00000000020000c4       0x8c ../FreeRTOS_bsp/\libfreertos_bsp.a(port_asm.o)
                0x00000000020000c4                restore_sp_from_pxCurrentTCB
 *(.exceptions.notirq.label)
 *(.exceptions.notirq.user)
 *(.exceptions.notirq)
 *(.exceptions.soft.user)
 *(.exceptions.soft)
 .exceptions.soft
                0x0000000002000150       0x2c ../FreeRTOS_bsp/\libfreertos_bsp.a(port_asm.o)
 *(.exceptions.unknown.user)
 *(.exceptions.unknown)
 *(.exceptions.exit.label)
 *(.exceptions.exit.user)
 *(.exceptions.exit)
 *(.exceptions)
 .exceptions    0x000000000200017c       0xcc ../FreeRTOS_bsp/\libfreertos_bsp.a(alt_irq_handler.o)
                0x000000000200017c                alt_irq_handler
                0x0000000002000248                PROVIDE (__ram_exceptions_end, ABSOLUTE (.))
                0x0000000002000020                PROVIDE (__flash_exceptions_start, LOADADDR (.exceptions))

.text           0x0000000002000248   0x515144
                [!provide]                        PROVIDE (stext, ABSOLUTE (.))
 *(.interp)
 *(.hash)
 *(.dynsym)
 *(.dynstr)
 *(.gnu.version)
 *(.gnu.version_d)
 *(.gnu.version_r)
 *(.rel.init)
 *(.rela.init)
 *(.rel.text .rel.text.* .rel.gnu.linkonce.t.*)
 *(.rela.text .rela.text.* .rela.gnu.linkonce.t.*)
 *(.rel.fini)
 *(.rela.fini)
 *(.rel.rodata .rel.rodata.* .rel.gnu.linkonce.r.*)
 *(.rela.rodata .rela.rodata.* .rela.gnu.linkonce.r.*)
 *(.rel.data .rel.data.* .rel.gnu.linkonce.d.*)
 *(.rela.data .rela.data.* .rela.gnu.linkonce.d.*)
 *(.rel.tdata .rel.tdata.* .rel.gnu.linkonce.td.*)
 *(.rela.tdata .rela.tdata.* .rela.gnu.linkonce.td.*)
 *(.rel.tbss .rel.tbss.* .rel.gnu.linkonce.tb.*)
 *(.rela.tbss .rela.tbss.* .rela.gnu.linkonce.tb.*)
 *(.rel.ctors)
 *(.rela.ctors)
 *(.rel.dtors)
 *(.rela.dtors)
 *(.rel.got)
 *(.rela.got)
 *(.rel.sdata .rel.sdata.* .rel.gnu.linkonce.s.*)
 *(.rela.sdata .rela.sdata.* .rela.gnu.linkonce.s.*)
 *(.rel.sbss .rel.sbss.* .rel.gnu.linkonce.sb.*)
 *(.rela.sbss .rela.sbss.* .rela.gnu.linkonce.sb.*)
 *(.rel.sdata2 .rel.sdata2.* .rel.gnu.linkonce.s2.*)
 *(.rela.sdata2 .rela.sdata2.* .rela.gnu.linkonce.s2.*)
 *(.rel.sbss2 .rel.sbss2.* .rel.gnu.linkonce.sb2.*)
 *(.rela.sbss2 .rela.sbss2.* .rela.gnu.linkonce.sb2.*)
 *(.rel.bss .rel.bss.* .rel.gnu.linkonce.b.*)
 *(.rela.bss .rela.bss.* .rela.gnu.linkonce.b.*)
 *(.rel.plt)
 *(.rela.plt)
 *(.rel.dyn)
 *(.init)
 *(.plt)
 *(.text .stub .text.* .gnu.linkonce.t.*)
 .text          0x0000000002000248       0x3c ../FreeRTOS_bsp//obj/HAL/src/crt0.o
                0x0000000002000248                _start
 .text          0x0000000002000284     0x1214 obj/default/main.o
                0x00000000020006b4                vApplicationMallocFailedHook
                0x00000000020006dc                vApplicationStackOverflowHook
                0x0000000002000800                InitNetwork
                0x0000000002000a14                xEthernetRun
                0x0000000002000a88                get_mac_addr
                0x0000000002000ba4                get_ip_addr
                0x0000000002000c5c                get_hostname
                0x0000000002000c94                get_iface_name
                0x0000000002000cdc                is_interface_active
                0x0000000002000d00                main
                0x00000000020013d0                main_thread
 .text          0x0000000002001498   0x4c74a8 obj/default/open62541.o
                0x00000000020062fc                UA_findDataType
                0x00000000020063c4                UA_random_seed
                0x0000000002006424                UA_UInt32_random
                0x0000000002006454                UA_String_fromChars
                0x0000000002006510                UA_String_equal
                0x000000000200672c                UA_QualifiedName_hash
                0x0000000002006780                UA_QualifiedName_equal
                0x0000000002006830                UA_DateTime_toStruct
                0x0000000002006c10                UA_DateTime_fromStruct
                0x0000000002006e5c                UA_Guid_equal
                0x0000000002006ea8                UA_Guid_random
                0x0000000002006fa4                UA_ByteString_allocBuffer
                0x00000000020071e8                UA_NodeId_isNull
                0x00000000020072bc                UA_NodeId_order
                0x0000000002007594                UA_ByteString_hash
                0x0000000002007614                UA_NodeId_hash
                0x0000000002007800                UA_ExpandedNodeId_order
                0x0000000002007908                UA_ExpandedNodeId_hash
                0x0000000002007d28                UA_Variant_setScalar
                0x0000000002007d84                UA_Variant_setScalarCopy
                0x0000000002007e1c                UA_Variant_setArray
                0x0000000002007e80                UA_Variant_setArrayCopy
                0x00000000020084e0                UA_Variant_copyRange
                0x0000000002008d30                UA_Variant_setRange
                0x0000000002008d84                UA_Variant_setRangeCopy
                0x0000000002009134                UA_new
                0x0000000002009580                UA_copy
                0x000000000200980c                UA_clear
                0x000000000200988c                UA_delete
                0x00000000020098f8                UA_Array_new
                0x000000000200995c                UA_Array_copy
                0x0000000002009b04                UA_Array_delete
                0x0000000002009bac                UA_DataType_isNumeric
                0x0000000002009d24                UA_NumericRange_parse
                0x000000000200c784                UA_findDataTypeByBinary
                0x000000000200e194                UA_encodeBinary
                0x000000000200e474                UA_decodeBinary
                0x000000000200f240                UA_calcSizeBinary
                0x000000000200f2a0                UA_StatusCode_name
                0x000000000200f340                UA_readNumberWithBase
                0x000000000200f4fc                UA_readNumber
                0x000000000200f540                UA_parseEndpointUrl
                0x000000000200f90c                UA_parseEndpointUrlEthernet
                0x000000000200fb94                UA_ByteString_toBase64
                0x000000000200fc2c                UA_ByteString_fromBase64
                0x000000000200fcbc                UA_NodeId_print
                0x0000000002010188                UA_WorkQueue_init
                0x00000000020101c0                UA_WorkQueue_cleanup
                0x00000000020101f4                UA_WorkQueue_enqueueDelayed
                0x0000000002010250                UA_WorkQueue_manuallyProcessDelayed
                0x0000000002010508                UA_TimerZip_ZIP_INSERT
                0x00000000020107ac                UA_TimerZip_ZIP_REMOVE
                0x0000000002010898                UA_TimerZip_ZIP_FIND
                0x00000000020108d8                UA_TimerZip_ZIP_MIN
                0x0000000002010930                UA_TimerZip_ZIP_MAX
                0x0000000002010a08                UA_TimerZip_ZIP_ITER
                0x0000000002010c24                UA_TimerIdZip_ZIP_INSERT
                0x0000000002010ec8                UA_TimerIdZip_ZIP_REMOVE
                0x0000000002010fb4                UA_TimerIdZip_ZIP_FIND
                0x0000000002010ff4                UA_TimerIdZip_ZIP_MIN
                0x000000000201104c                UA_TimerIdZip_ZIP_MAX
                0x0000000002011124                UA_TimerIdZip_ZIP_ITER
                0x0000000002011170                UA_Timer_init
                0x0000000002011334                UA_Timer_addTimedCallback
                0x00000000020113a0                UA_Timer_addRepeatedCallback
                0x00000000020114ac                UA_Timer_changeRepeatedCallbackInterval
                0x00000000020115f0                UA_Timer_removeCallback
                0x0000000002011678                UA_Timer_process
                0x00000000020118d0                UA_Timer_deleteMembers
                0x000000000201197c                UA_Connection_sendError
                0x0000000002011a6c                UA_Connection_detachSecureChannel
                0x0000000002011ad8                UA_Connection_attachSecureChannel
                0x0000000002011b38                UA_SecureChannel_init
                0x0000000002011bd8                UA_SecureChannel_setSecurityPolicy
                0x0000000002011dc0                UA_SecureChannel_deleteBuffered
                0x0000000002011e0c                UA_SecureChannel_deleteMembers
                0x0000000002011f08                UA_SecureChannel_close
                0x0000000002011fb0                UA_SecureChannel_processHELACK
                0x00000000020120b8                UA_SecureChannel_sendAsymmetricOPNMessage
                0x00000000020128e4                UA_MessageContext_begin
                0x00000000020129f0                UA_MessageContext_encode
                0x0000000002012a7c                UA_MessageContext_finish
                0x0000000002012ab8                UA_MessageContext_abort
                0x0000000002012b10                UA_SecureChannel_sendSymmetricMessage
                0x0000000002013a8c                UA_SecureChannel_processBuffer
                0x0000000002013c40                UA_SecureChannel_receive
                0x0000000002013d14                UA_SecureChannel_generateLocalNonce
                0x00000000020143e0                UA_SecureChannel_generateNewKeys
                0x00000000020144f8                UA_SecureChannel_revolveTokens
                0x00000000020145ac                calculateAsymAlgSecurityHeaderLength
                0x0000000002014644                prependHeadersAsym
                0x000000000201487c                hideBytesAsym
                0x00000000020148f8                setBufPos
                0x0000000002014c08                decryptAndVerifyChunk
                0x0000000002014dd4                processSequenceNumberAsym
                0x0000000002014e08                checkAsymHeader
                0x0000000002014e88                checkSymHeader
                0x00000000020151b0                UA_SecurityPolicy_getRemoteAsymEncryptionBufferLengthOverhead
                0x0000000002015254                UA_Session_init
                0x00000000020152b4                UA_Session_deleteMembersCleanup
                0x0000000002015380                UA_Session_attachToSecureChannel
                0x00000000020153d0                UA_Session_detachFromSecureChannel
                0x0000000002015418                UA_Session_generateNonce
                0x00000000020154d4                UA_Session_updateLifetime
                0x000000000201558c                UA_Session_addSubscription
                0x0000000002015650                UA_Session_deleteSubscription
                0x0000000002015784                UA_Session_getSubscriptionById
                0x00000000020157e8                UA_Session_dequeuePublishReq
                0x0000000002015864                UA_Session_queuePublishReq
                0x0000000002015af0                UA_ReferenceTargetIdTree_ZIP_INSERT
                0x0000000002015d8c                UA_ReferenceTargetIdTree_ZIP_REMOVE
                0x0000000002015e74                UA_ReferenceTargetIdTree_ZIP_FIND
                0x0000000002015eb4                UA_ReferenceTargetIdTree_ZIP_MIN
                0x0000000002015f0c                UA_ReferenceTargetIdTree_ZIP_MAX
                0x0000000002015fe4                UA_ReferenceTargetIdTree_ZIP_ITER
                0x00000000020161e4                UA_ReferenceTargetNameTree_ZIP_INSERT
                0x0000000002016488                UA_ReferenceTargetNameTree_ZIP_REMOVE
                0x0000000002016574                UA_ReferenceTargetNameTree_ZIP_FIND
                0x00000000020165b4                UA_ReferenceTargetNameTree_ZIP_MIN
                0x000000000201660c                UA_ReferenceTargetNameTree_ZIP_MAX
                0x00000000020166e4                UA_ReferenceTargetNameTree_ZIP_ITER
                0x0000000002016730                UA_Node_clear
                0x0000000002016c70                UA_Node_copy
                0x0000000002017220                UA_Node_copy_alloc
                0x0000000002017798                UA_Node_setAttributes
                0x0000000002017ef0                UA_Node_addReference
                0x0000000002018070                UA_Node_deleteReference
                0x0000000002018428                UA_Node_deleteReferencesSubset
                0x000000000201869c                UA_Node_deleteReferences
                0x00000000020186d8                setupNs1Uri
                0x0000000002018738                addNamespace
                0x0000000002018868                UA_Server_addNamespace
                0x00000000020188c0                UA_Server_getConfig
                0x00000000020188f4                UA_Server_getNamespaceByName
                0x00000000020189a0                UA_Server_forEachChildNodeCall
                0x0000000002018b70                UA_Server_delete
                0x0000000002018f50                UA_Server_newWithConfig
                0x000000000201910c                UA_Server_addTimedCallback
                0x000000000201917c                addRepeatedCallback
                0x00000000020191e4                UA_Server_addRepeatedCallback
                0x0000000002019244                changeRepeatedCallbackInterval
                0x000000000201929c                UA_Server_changeRepeatedCallbackInterval
                0x00000000020192f4                removeCallback
                0x0000000002019340                UA_Server_removeCallback
                0x0000000002019384                UA_Server_updateCertificate
                0x00000000020195a0                UA_SecurityPolicy_getSecurityPolicyByUri
                0x0000000002019630                UA_Server_getStatistics
                0x0000000002019680                UA_Server_run_startup
                0x00000000020199a0                UA_Server_run_iterate
                0x0000000002019be8                UA_Server_run_shutdown
                0x0000000002019cec                UA_Server_run
                0x000000000201c268                writeNs0VariableArray
                0x000000000201c8fc                UA_Server_initNS0
                0x000000000201d714                UA_ServerConfig_clean
                0x000000000201d974                UA_ServerConfig_setCustomHostname
                0x000000000201d9dc                UA_ServerConfig_addPubSubTransportLayer
                0x000000000201ed28                sendResponse
                0x000000000201fcac                UA_Server_processBinaryMessage
                0x000000000201fe10                UA_Server_removeConnection
                0x000000000202013c                isNodeInTree
                0x00000000020201a4                getNodeType
                0x0000000002020474                UA_Node_hasSubTypeOrInstances
                0x00000000020205a0                getParentTypeAndInterfaceHierarchy
                0x000000000202096c                UA_Server_editNode
                0x0000000002020a0c                UA_Server_processServiceOperations
                0x0000000002020b34                register_server_with_discovery_server
                0x0000000002020f68                UA_Server_register_discovery
                0x0000000002020fb4                UA_Server_unregister_discovery
                0x0000000002020ffc                UA_NetworkMessage_updateBufferedMessage
                0x00000000020211ac                UA_NetworkMessage_encodeBinary
                0x00000000020228f8                UA_NetworkMessage_decodeBinary
                0x00000000020229d4                UA_NetworkMessage_calcSizeBinary
                0x00000000020231d8                UA_NetworkMessage_deleteMembers
                0x00000000020233fc                UA_NetworkMessage_delete
                0x0000000002023574                UA_DataSetMessageHeader_encodeBinary
                0x00000000020238a0                UA_DataSetMessageHeader_decodeBinary
                0x0000000002023c28                UA_DataSetMessageHeader_calcSizeBinary
                0x0000000002023db0                UA_DataSetMessage_encodeBinary
                0x0000000002024118                UA_DataSetMessage_decodeBinary
                0x00000000020245bc                UA_DataSetMessage_calcSizeBinary
                0x0000000002024c7c                UA_DataSetMessage_free
                0x0000000002024dd4                UA_PubSubConnectionConfig_copy
                0x0000000002024fc8                UA_Server_getPubSubConnectionConfig
                0x0000000002025060                UA_PubSubConnection_findConnectionbyId
                0x00000000020250e0                UA_PubSubConnectionConfig_clear
                0x00000000020251b8                UA_PubSubConnection_clear
                0x0000000002025300                UA_PubSubConnection_regist
                0x00000000020253c4                UA_Server_addWriterGroup
                0x0000000002025614                UA_Server_removeWriterGroup
                0x0000000002025788                UA_Server_freezeWriterGroupConfiguration
                0x0000000002025e5c                UA_Server_unfreezeWriterGroupConfiguration
                0x0000000002025fd8                UA_Server_setWriterGroupOperational
                0x000000000202605c                UA_Server_setWriterGroupDisabled
                0x00000000020260e0                UA_PublishedDataSetConfig_copy
                0x0000000002026264                UA_Server_getPublishedDataSetConfig
                0x000000000202631c                UA_Server_getPublishedDataSetMetaData
                0x00000000020263b4                UA_PublishedDataSet_findPDSbyId
                0x0000000002026434                UA_PublishedDataSetConfig_clear
                0x00000000020264f8                UA_PublishedDataSet_clear
                0x00000000020269ac                UA_Server_addDataSetField
                0x0000000002026eac                UA_Server_removeDataSetField
                0x00000000020272f4                UA_DataSetWriterConfig_copy
                0x0000000002027458                UA_Server_getDataSetWriterConfig
                0x0000000002027524                UA_DataSetWriter_findDSWbyId
                0x00000000020275ec                UA_DataSetWriterConfig_clear
                0x0000000002027700                UA_DataSetWriter_setPubSubState
                0x0000000002027920                UA_WriterGroupConfig_copy
                0x0000000002027a84                UA_Server_getWriterGroupConfig
                0x0000000002027b50                UA_Server_updateWriterGroupConfig
                0x0000000002027d40                UA_WriterGroup_findWGbyId
                0x0000000002027de4                UA_WriterGroupConfig_clear
                0x0000000002027fa4                UA_WriterGroup_setPubSubState
                0x000000000202826c                UA_Server_addDataSetWriter
                0x000000000202857c                UA_Server_removeDataSetWriter
                0x0000000002028740                UA_DataSetFieldConfig_copy
                0x00000000020287cc                UA_Server_getDataSetFieldConfig
                0x0000000002028898                UA_DataSetField_findDSFbyId
                0x000000000202893c                UA_DataSetFieldConfig_clear
                0x0000000002029cc8                UA_WriterGroup_publishCallback
                0x000000000202a434                UA_WriterGroup_addPublishCallback
                0x000000000202a4bc                UA_Server_addReaderGroup
                0x000000000202a66c                UA_Server_removeReaderGroup
                0x000000000202a78c                UA_Server_ReaderGroup_getConfig
                0x000000000202a864                UA_Server_ReaderGroup_delete
                0x000000000202a94c                UA_ReaderGroupConfig_copy
                0x000000000202adcc                UA_ReaderGroup_findRGbyId
                0x000000000202ae74                UA_ReaderGroup_findDSRbyId
                0x000000000202af40                UA_ReaderGroup_subscribeCallback
                0x000000000202b084                UA_ReaderGroup_addSubscribeCallback
                0x000000000202b114                UA_Server_addDataSetReader
                0x000000000202b284                UA_Server_removeDataSetReader
                0x000000000202b308                UA_Server_DataSetReader_updateConfig
                0x000000000202b434                UA_Server_DataSetReader_getConfig
                0x000000000202b4ec                UA_DataSetReaderConfig_copy
                0x000000000202b67c                UA_Server_DataSetReader_createTargetVariables
                0x000000000202b748                UA_Server_DataSetReader_addTargetVariables
                0x000000000202bdac                UA_Server_DataSetReader_process
                0x000000000202c0bc                UA_DataSetReader_delete
                0x000000000202c1f4                UA_Server_processNetworkMessage
                0x000000000202c314                UA_Server_addPubSubConnection
                0x000000000202c690                UA_Server_removePubSubConnection
                0x000000000202c778                UA_Server_addPublishedDataSet
                0x000000000202ce28                UA_Server_removePublishedDataSet
                0x000000000202d010                UA_PubSubConfigurationVersionTimeDifference
                0x000000000202d058                UA_PubSubManager_generateUniqueNodeId
                0x000000000202d0f0                UA_PubSubManager_delete
                0x000000000202d2cc                UA_PubSubManager_addRepeatedCallback
                0x000000000202d334                UA_PubSubManager_changeRepeatedCallbackInterval
                0x000000000202d38c                UA_PubSubManager_removeRepeatedPubSubCallback
                0x000000000202d5b4                RefHead_ZIP_INSERT
                0x000000000202d850                RefHead_ZIP_REMOVE
                0x000000000202d938                RefHead_ZIP_FIND
                0x000000000202d978                RefHead_ZIP_MIN
                0x000000000202d9d0                RefHead_ZIP_MAX
                0x000000000202daa8                RefHead_ZIP_ITER
                0x000000000202e19c                browseRecursive
                0x000000000202e3ec                referenceSubtypes
                0x000000000202e630                UA_Server_browseRecursive
                0x000000000202e950                ContinuationPoint_clear
                0x000000000202f274                Operation_Browse
                0x000000000202f654                Service_Browse
                0x000000000202f740                UA_Server_browse
                0x000000000202f94c                Service_BrowseNext
                0x000000000202f9e4                UA_Server_browseNext
                0x00000000020303d0                translateBrowsePathToNodeIds
                0x0000000002030454                UA_Server_translateBrowsePathToNodeIds
                0x00000000020304b4                Service_TranslateBrowsePathsToNodeIds
                0x0000000002030570                browseSimplifiedBrowsePath
                0x0000000002030810                UA_Server_browseSimplifiedBrowsePath
                0x00000000020308a8                Service_RegisterNodes
                0x0000000002030980                Service_UnregisterNodes
                0x00000000020313d4                Service_Call
                0x000000000203148c                UA_Server_call
                0x000000000203156c                UA_Server_removeSession
                0x00000000020317d0                UA_Server_removeSessionByToken
                0x000000000203185c                UA_Server_cleanupSessions
                0x0000000002031b48                UA_Server_getSessionById
                0x0000000002031e80                UA_Server_createSession
                0x00000000020320e4                Service_CreateSession
                0x0000000002032b78                Service_ActivateSession
                0x00000000020333dc                Service_CloseSession
                0x0000000002033bac                readValueAttribute
                0x0000000002034024                ReadWithNode
                0x0000000002034a74                Service_Read
                0x0000000002034b80                UA_Server_readWithSession
                0x0000000002034d20                readAttribute
                0x0000000002034d80                readWithReadValue
                0x0000000002034ed4                UA_Server_read
                0x0000000002034f8c                __UA_Server_read
                0x0000000002034fdc                readObjectProperty
                0x000000000203513c                UA_Server_readObjectProperty
                0x0000000002035210                compatibleDataType
                0x0000000002035398                compatibleValueRankArrayDimensions
                0x0000000002035674                compatibleValueRanks
                0x0000000002035844                compatibleArrayDimensions
                0x000000000203591c                compatibleValueArrayDimensions
                0x00000000020359e0                compatibleValue
                0x0000000002037874                Service_Write
                0x000000000203792c                writeWithSession
                0x0000000002037980                writeAttribute
                0x00000000020379d8                UA_Server_write
                0x0000000002037a18                writeWithWriteValue
                0x0000000002037b84                __UA_Server_write
                0x0000000002037bdc                UA_Server_writeObjectProperty
                0x0000000002037c8c                writeObjectProperty
                0x0000000002037dfc                UA_Server_writeObjectProperty_scalar
                0x0000000002038314                Service_FindServers
                0x000000000203867c                Service_GetEndpoints
                0x0000000002039098                Service_RegisterServer
                0x0000000002039110                Service_RegisterServer2
                0x00000000020391b8                UA_Discovery_cleanupTimedOut
                0x0000000002039720                UA_Server_addPeriodicServerRegisterCallback
                0x0000000002039a6c                UA_Server_setRegisterServerCallback
                0x0000000002039cf4                Service_CreateSubscription
                0x0000000002039f7c                Service_ModifySubscription
                0x000000000203a10c                Service_SetPublishingMode
                0x000000000203a22c                Service_Publish
                0x000000000203a5e8                Service_DeleteSubscriptions
                0x000000000203a690                Service_Republish
                0x000000000203b57c                Service_CreateMonitoredItems
                0x000000000203b694                UA_Server_createDataChangeMonitoredItem
                0x000000000203b904                Service_ModifyMonitoredItems
                0x000000000203bcc4                Service_SetMonitoringMode
                0x000000000203be1c                Service_DeleteMonitoredItems
                0x000000000203bf0c                UA_Server_deleteMonitoredItem
                0x000000000203c1a4                UA_Server_deleteSecureChannels
                0x000000000203c210                UA_Server_cleanupTimedOutSecureChannels
                0x000000000203c47c                UA_Server_createSecureChannel
                0x000000000203c5f0                UA_Server_configSecureChannel
                0x000000000203cbb0                UA_Server_closeSecureChannel
                0x000000000203cbfc                Service_OpenSecureChannel
                0x000000000203ce20                Service_CloseSecureChannel
                0x000000000203cec0                UA_Server_getNodeContext
                0x000000000203cf30                getNodeContext
                0x000000000203d080                UA_Server_setNodeContext
                0x000000000203f084                AddNode_addRefs
                0x0000000002040278                AddNode_raw
                0x0000000002041734                AddNode_finish
                0x0000000002041c14                Service_AddNodes
                0x0000000002041ccc                addNode
                0x0000000002041e94                __UA_Server_addNode
                0x0000000002041f2c                UA_Server_addNode_begin
                0x0000000002042044                UA_Server_addNode_finish
                0x0000000002042c70                Service_DeleteNodes
                0x0000000002042d28                UA_Server_deleteNode
                0x0000000002042da0                deleteNode
                0x0000000002043360                Service_AddReferences
                0x0000000002043418                UA_Server_addReference
                0x000000000204373c                Service_DeleteReferences
                0x00000000020437f4                UA_Server_deleteReference
                0x000000000204397c                UA_Server_setVariableNode_valueCallback
                0x00000000020439e0                UA_Server_addDataSourceVariableNode
                0x0000000002043cd4                setVariableNode_dataSource
                0x0000000002043d30                UA_Server_setVariableNode_dataSource
                0x0000000002044500                UA_Server_addMethodNode_finish
                0x0000000002044608                UA_Server_addMethodNodeEx
                0x0000000002044860                setMethodNode_callback
                0x00000000020448bc                UA_Server_setMethodNode_callback
                0x00000000020449cc                UA_Server_setNodeTypeLifecycle
                0x0000000002044ac8                UA_Client_newWithConfig
                0x0000000002044d70                UA_Client_reset
                0x0000000002044dac                UA_Client_delete
                0x0000000002044df8                UA_Client_getState
                0x0000000002044e20                UA_Client_getConfig
                0x0000000002044e58                setClientState
                0x0000000002044ecc                getSecurityPolicy
                0x0000000002045920                receiveResponse
                0x0000000002045b04                __UA_Client_Service
                0x0000000002045bf8                receiveResponseAsync
                0x0000000002045c98                UA_Client_AsyncService_cancel
                0x0000000002045dec                UA_Client_AsyncService_removeAll
                0x0000000002045e98                __UA_Client_AsyncServiceEx
                0x0000000002045fcc                __UA_Client_AsyncService
                0x0000000002046038                UA_Client_sendAsyncRequest
                0x00000000020460cc                UA_Client_addTimedCallback
                0x0000000002046134                UA_Client_addRepeatedCallback
                0x000000000204619c                UA_Client_changeRepeatedCallbackInterval
                0x00000000020461f4                UA_Client_removeCallback
                0x0000000002046624                UA_Client_run_iterate
                0x000000000204675c                processACKResponseAsync
                0x0000000002046df4                decodeProcessOPNResponseAsync
                0x00000000020473f4                UA_Client_renewSecureChannelAsync
                0x00000000020475b0                activateSessionAsync
                0x0000000002048004                createSessionAsync
                0x0000000002048254                endpointUnconfigured
                0x0000000002048310                UA_Client_connect_iterate
                0x0000000002048530                UA_Client_connect_async
                0x0000000002048a30                UA_Client_connect
                0x0000000002048a70                UA_Client_connect_noSession
                0x0000000002048ab4                UA_Client_connect_username
                0x0000000002048d50                UA_Client_disconnect_async
                0x0000000002048fc0                UA_Client_disconnect
                0x00000000020490f0                UA_Client_getEndpointsInternal
                0x000000000204920c                UA_Client_getEndpoints
                0x0000000002049308                UA_Client_findServers
                0x0000000002049474                UA_Client_findServersOnNetwork
                0x00000000020495e0                UA_Client_NamespaceGetIndex
                0x00000000020497c0                UA_Client_forEachChildNodeCall
                0x00000000020499a0                UA_Client_addReference
                0x0000000002049b64                UA_Client_deleteReference
                0x0000000002049d20                UA_Client_deleteNode
                0x0000000002049e54                __UA_Client_addNode
                0x000000000204a098                UA_Client_call
                0x000000000204a23c                __UA_Client_writeAttribute
                0x000000000204a3c8                UA_Client_writeArrayDimensionsAttribute
                0x000000000204a514                __UA_Client_readAttribute
                0x000000000204a880                UA_Client_readArrayDimensionsAttribute
                0x000000000204ac50                __UA_Client_readAttribute_async
                0x000000000204ae14                __UA_Client_writeAttribute_async
                0x000000000204af54                __UA_Client_addNode_async
                0x000000000204b0d8                __UA_Client_call_async
                0x000000000204b1d4                __UA_Client_translateBrowsePathsToNodeIds_async
                0x000000000204b520                UA_Client_Subscriptions_create
                0x000000000204b62c                UA_Client_Subscriptions_create_async
                0x000000000204b864                UA_Client_Subscriptions_modify
                0x000000000204b950                UA_Client_Subscriptions_modify_async
                0x000000000204c150                UA_Client_Subscriptions_delete_async
                0x000000000204c2b8                UA_Client_Subscriptions_delete
                0x000000000204c440                UA_Client_Subscriptions_deleteSingle
                0x000000000204c520                UA_Client_MonitoredItem_remove
                0x000000000204d240                UA_Client_MonitoredItems_createDataChanges
                0x000000000204d2bc                UA_Client_MonitoredItems_createDataChanges_async
                0x000000000204d34c                UA_Client_MonitoredItems_createDataChange
                0x000000000204d4d0                UA_Client_MonitoredItems_createEvents
                0x000000000204d54c                UA_Client_MonitoredItems_createEvents_async
                0x000000000204d5dc                UA_Client_MonitoredItems_createEvent
                0x000000000204d9a0                UA_Client_MonitoredItems_delete
                0x000000000204da50                UA_Client_MonitoredItems_delete_async
                0x000000000204db38                UA_Client_MonitoredItems_deleteSingle
                0x000000000204dc24                UA_Client_MonitoredItems_modify
                0x000000000204ddc4                UA_Client_preparePublishRequest
                0x000000000204e380                UA_Client_Subscriptions_processPublishResponse
                0x000000000204e888                UA_Client_Subscriptions_clean
                0x000000000204e964                UA_Client_Subscriptions_backgroundPublishInactivityCheck
                0x000000000204eb68                UA_Client_Subscriptions_backgroundPublish
                0x000000000204ec98                __secs_to_tm
                0x000000000204f544                __tm_to_secs
                0x000000000204f824                pcg32_srandom_r
                0x000000000204f8ec                pcg32_random_r
                0x000000000204fa3c                UA_base64
                0x000000000204fd8c                UA_unbase64
                0x0000000002480360                namespace0_generated
                0x00000000024baadc                UA_Guid_parse
                0x00000000024bb124                UA_NodeId_parse
                0x00000000024bba6c                UA_ExpandedNodeId_parse
                0x00000000024bc768                UA_RelativePath_parse
                0x00000000024bc7d0                UA_DiscoveryManager_init
                0x00000000024bc820                UA_DiscoveryManager_deleteMembers
                0x00000000024bc96c                UA_Subscription_new
                0x00000000024bca18                UA_Subscription_deleteMembers
                0x00000000024bcdf4                UA_Subscription_getMonitoredItem
                0x00000000024bce58                UA_Subscription_deleteMonitoredItem
                0x00000000024bd09c                UA_Subscription_addMonitoredItem
                0x00000000024bd480                UA_Subscription_removeRetransmissionMessage
                0x00000000024bd944                UA_Subscription_publish
                0x00000000024be0a8                UA_Subscription_reachedPublishReqLimit
                0x00000000024be294                Subscription_registerPublishCallback
                0x00000000024be34c                Subscription_unregisterPublishCallback
                0x00000000024be3b8                UA_Subscription_answerPublishRequestsNoSubscription
                0x00000000024be48c                UA_Notification_enqueue
                0x00000000024be594                UA_Notification_dequeue
                0x00000000024be6b0                UA_Notification_delete
                0x00000000024be6f4                UA_MonitoredItem_init
                0x00000000024be758                UA_MonitoredItem_delete
                0x00000000024be958                UA_MonitoredItem_ensureQueueSpace
                0x00000000024becb0                UA_MonitoredItem_registerSampleCallback
                0x00000000024bed5c                UA_MonitoredItem_unregisterSampleCallback
                0x00000000024bfca0                UA_MonitoredItem_sampleCallback
                0x00000000024bfcdc                monitoredItem_sampleCallback
                0x00000000024bfff8                UA_Log_Stdout_log
                0x00000000024c01b4                UA_Log_Stdout_clear
                0x00000000024c06ec                UA_AccessControl_default
                0x00000000024c0b64                UA_CertificateVerification_AcceptAll
                0x00000000024c0d94                NodeTree_ZIP_INSERT
                0x00000000024c1030                NodeTree_ZIP_REMOVE
                0x00000000024c1118                NodeTree_ZIP_FIND
                0x00000000024c1158                NodeTree_ZIP_MIN
                0x00000000024c11b0                NodeTree_ZIP_MAX
                0x00000000024c1288                NodeTree_ZIP_ITER
                0x00000000024c1c30                UA_Nodestore_ZipTree
                0x00000000024c2e4c                UA_Nodestore_HashMap
                0x00000000024c3080                UA_Server_new
                0x00000000024c3590                UA_ServerConfig_setBasics
                0x00000000024c3634                UA_ServerConfig_addNetworkLayerTCP
                0x00000000024c37b8                UA_ServerConfig_addSecurityPolicyNone
                0x00000000024c38d0                UA_ServerConfig_addEndpoint
                0x00000000024c3a24                UA_ServerConfig_addAllEndpoints
                0x00000000024c3c30                UA_ServerConfig_setMinimalCustomBuffer
                0x00000000024c3da8                UA_Client_new
                0x00000000024c3e00                UA_ClientConfig_setDefault
                0x00000000024c43d4                UA_SecurityPolicy_None
                0x00000000024c5824                UA_PubSubTransportLayerUDPMP
                0x00000000024c5894                UA_DateTime_now
                0x00000000024c59fc                UA_DateTime_localTimeUtcOffset
                0x00000000024c5a30                UA_DateTime_nowMonotonic
                0x00000000024c5aec                UA_socket_set_blocking
                0x00000000024c5b3c                UA_socket_set_nonblocking
                0x00000000024c5b90                gethostname_lwip
                0x00000000024c5bb8                UA_initialize_architecture_network
                0x00000000024c5bd8                UA_deinitialize_architecture_network
                0x00000000024c72a4                UA_ServerNetworkLayerTCP
                0x00000000024c74d4                UA_ClientConnectionTCP_poll
                0x00000000024c7a18                UA_ClientConnectionTCP_init
                0x00000000024c7df0                UA_ClientConnectionTCP
 .text          0x00000000024c8940        0x0 c:/altera/18.1/nios2eds/bin/gnu/h-x86_64-mingw32/bin/../lib/gcc/nios2-elf/5.3.0/../../../../../H-x86_64-mingw32/nios2-elf/lib\libm.a(lib_a-s_signbit.o)
 .text.__signbitf
                0x00000000024c8940        0x8 c:/altera/18.1/nios2eds/bin/gnu/h-x86_64-mingw32/bin/../lib/gcc/nios2-elf/5.3.0/../../../../../H-x86_64-mingw32/nios2-elf/lib\libm.a(lib_a-s_signbit.o)
                0x00000000024c8940                __signbitf
 .text.__signbitd
                0x00000000024c8948        0x8 c:/altera/18.1/nios2eds/bin/gnu/h-x86_64-mingw32/bin/../lib/gcc/nios2-elf/5.3.0/../../../../../H-x86_64-mingw32/nios2-elf/lib\libm.a(lib_a-s_signbit.o)
                0x00000000024c8948                __signbitd
 .text          0x00000000024c8950       0x60 c:/altera/18.1/nios2eds/bin/gnu/h-x86_64-mingw32/bin/../lib/gcc/nios2-elf/5.3.0\libgcc.a(_muldi3.o)
                0x00000000024c8950                __muldi3
 .text          0x00000000024c89b0       0x74 c:/altera/18.1/nios2eds/bin/gnu/h-x86_64-mingw32/bin/../lib/gcc/nios2-elf/5.3.0\libgcc.a(_fixunsdfsi.o)
                0x00000000024c89b0                __fixunsdfsi
 .text          0x00000000024c8a24       0x74 c:/altera/18.1/nios2eds/bin/gnu/h-x86_64-mingw32/bin/../lib/gcc/nios2-elf/5.3.0\libgcc.a(_fixdfdi.o)
                0x00000000024c8a24                __fixdfdi
 .text          0x00000000024c8a98       0x90 c:/altera/18.1/nios2eds/bin/gnu/h-x86_64-mingw32/bin/../lib/gcc/nios2-elf/5.3.0\libgcc.a(_fixunsdfdi.o)
                0x00000000024c8a98                __fixunsdfdi
 .text          0x00000000024c8b28       0xc4 c:/altera/18.1/nios2eds/bin/gnu/h-x86_64-mingw32/bin/../lib/gcc/nios2-elf/5.3.0\libgcc.a(_floatdisf.o)
                0x00000000024c8b28                __floatdisf
 .text          0x00000000024c8bec       0x70 c:/altera/18.1/nios2eds/bin/gnu/h-x86_64-mingw32/bin/../lib/gcc/nios2-elf/5.3.0\libgcc.a(_floatdidf.o)
                0x00000000024c8bec                __floatdidf
 .text          0x00000000024c8c5c       0x70 c:/altera/18.1/nios2eds/bin/gnu/h-x86_64-mingw32/bin/../lib/gcc/nios2-elf/5.3.0\libgcc.a(_floatundidf.o)
                0x00000000024c8c5c                __floatundidf
 .text          0x00000000024c8ccc      0x5c8 c:/altera/18.1/nios2eds/bin/gnu/h-x86_64-mingw32/bin/../lib/gcc/nios2-elf/5.3.0\libgcc.a(_divdi3.o)
                0x00000000024c8ccc                __divdi3
 .text          0x00000000024c9294      0x590 c:/altera/18.1/nios2eds/bin/gnu/h-x86_64-mingw32/bin/../lib/gcc/nios2-elf/5.3.0\libgcc.a(_moddi3.o)
                0x00000000024c9294                __moddi3
 .text          0x00000000024c9824      0x1b4 c:/altera/18.1/nios2eds/bin/gnu/h-x86_64-mingw32/bin/../lib/gcc/nios2-elf/5.3.0\libgcc.a(lib2-divmod.o)
                0x00000000024c9824                __divsi3
                0x00000000024c98a8                __modsi3
                0x00000000024c991c                __udivsi3
                0x00000000024c9980                __umodsi3
 .text          0x00000000024c99d8      0x4c8 c:/altera/18.1/nios2eds/bin/gnu/h-x86_64-mingw32/bin/../lib/gcc/nios2-elf/5.3.0\libgcc.a(addsf3.o)
                0x00000000024c99d8                __addsf3
 .text          0x00000000024c9ea0      0x440 c:/altera/18.1/nios2eds/bin/gnu/h-x86_64-mingw32/bin/../lib/gcc/nios2-elf/5.3.0\libgcc.a(divsf3.o)
                0x00000000024c9ea0                __divsf3
 .text          0x00000000024ca2e0       0x78 c:/altera/18.1/nios2eds/bin/gnu/h-x86_64-mingw32/bin/../lib/gcc/nios2-elf/5.3.0\libgcc.a(eqsf2.o)
                0x00000000024ca2e0                __eqsf2
                0x00000000024ca2e0                __nesf2
 .text          0x00000000024ca358       0xbc c:/altera/18.1/nios2eds/bin/gnu/h-x86_64-mingw32/bin/../lib/gcc/nios2-elf/5.3.0\libgcc.a(gesf2.o)
                0x00000000024ca358                __gesf2
                0x00000000024ca358                __gtsf2
 .text          0x00000000024ca414      0x8ac c:/altera/18.1/nios2eds/bin/gnu/h-x86_64-mingw32/bin/../lib/gcc/nios2-elf/5.3.0\libgcc.a(adddf3.o)
                0x00000000024ca414                __adddf3
 .text          0x00000000024cacc0      0x8e8 c:/altera/18.1/nios2eds/bin/gnu/h-x86_64-mingw32/bin/../lib/gcc/nios2-elf/5.3.0\libgcc.a(divdf3.o)
                0x00000000024cacc0                __divdf3
 .text          0x00000000024cb5a8       0x88 c:/altera/18.1/nios2eds/bin/gnu/h-x86_64-mingw32/bin/../lib/gcc/nios2-elf/5.3.0\libgcc.a(eqdf2.o)
                0x00000000024cb5a8                __nedf2
                0x00000000024cb5a8                __eqdf2
 .text          0x00000000024cb630       0xdc c:/altera/18.1/nios2eds/bin/gnu/h-x86_64-mingw32/bin/../lib/gcc/nios2-elf/5.3.0\libgcc.a(gedf2.o)
                0x00000000024cb630                __gedf2
                0x00000000024cb630                __gtdf2
 .text          0x00000000024cb70c       0xf4 c:/altera/18.1/nios2eds/bin/gnu/h-x86_64-mingw32/bin/../lib/gcc/nios2-elf/5.3.0\libgcc.a(ledf2.o)
                0x00000000024cb70c                __ledf2
                0x00000000024cb70c                __ltdf2
 .text          0x00000000024cb800      0x718 c:/altera/18.1/nios2eds/bin/gnu/h-x86_64-mingw32/bin/../lib/gcc/nios2-elf/5.3.0\libgcc.a(muldf3.o)
                0x00000000024cb800                __muldf3
 .text          0x00000000024cbf18      0x8fc c:/altera/18.1/nios2eds/bin/gnu/h-x86_64-mingw32/bin/../lib/gcc/nios2-elf/5.3.0\libgcc.a(subdf3.o)
                0x00000000024cbf18                __subdf3
 .text          0x00000000024cc814       0x80 c:/altera/18.1/nios2eds/bin/gnu/h-x86_64-mingw32/bin/../lib/gcc/nios2-elf/5.3.0\libgcc.a(fixdfsi.o)
                0x00000000024cc814                __fixdfsi
 .text          0x00000000024cc894       0xdc c:/altera/18.1/nios2eds/bin/gnu/h-x86_64-mingw32/bin/../lib/gcc/nios2-elf/5.3.0\libgcc.a(floatsidf.o)
                0x00000000024cc894                __floatsidf
 .text          0x00000000024cc970       0xa8 c:/altera/18.1/nios2eds/bin/gnu/h-x86_64-mingw32/bin/../lib/gcc/nios2-elf/5.3.0\libgcc.a(floatunsidf.o)
                0x00000000024cc970                __floatunsidf
 .text          0x00000000024cca18      0x110 c:/altera/18.1/nios2eds/bin/gnu/h-x86_64-mingw32/bin/../lib/gcc/nios2-elf/5.3.0\libgcc.a(extendsfdf2.o)
                0x00000000024cca18                __extendsfdf2
 .text          0x00000000024ccb28      0x1a8 c:/altera/18.1/nios2eds/bin/gnu/h-x86_64-mingw32/bin/../lib/gcc/nios2-elf/5.3.0\libgcc.a(truncdfsf2.o)
                0x00000000024ccb28                __truncdfsf2
 .text          0x00000000024cccd0        0x0 c:/altera/18.1/nios2eds/bin/gnu/h-x86_64-mingw32/bin/../lib/gcc/nios2-elf/5.3.0\libgcc.a(_clz.o)
 .text          0x00000000024cccd0       0x64 c:/altera/18.1/nios2eds/bin/gnu/h-x86_64-mingw32/bin/../lib/gcc/nios2-elf/5.3.0\libgcc.a(_clzsi2.o)
                0x00000000024cccd0                __clzsi2
 .text          0x00000000024ccd34        0x0 c:/altera/18.1/nios2eds/bin/gnu/h-x86_64-mingw32/bin/../lib/gcc/nios2-elf/5.3.0/../../../../../H-x86_64-mingw32/nios2-elf/lib\libc.a(lib_a-assert.o)
 .text.__assert_func
                0x00000000024ccd34       0x68 c:/altera/18.1/nios2eds/bin/gnu/h-x86_64-mingw32/bin/../lib/gcc/nios2-elf/5.3.0/../../../../../H-x86_64-mingw32/nios2-elf/lib\libc.a(lib_a-assert.o)
                0x00000000024ccd34                __assert_func
 .text.__assert
                0x00000000024ccd9c       0x14 c:/altera/18.1/nios2eds/bin/gnu/h-x86_64-mingw32/bin/../lib/gcc/nios2-elf/5.3.0/../../../../../H-x86_64-mingw32/nios2-elf/lib\libc.a(lib_a-assert.o)
                0x00000000024ccd9c                __assert
 .text          0x00000000024ccdb0        0x0 c:/altera/18.1/nios2eds/bin/gnu/h-x86_64-mingw32/bin/../lib/gcc/nios2-elf/5.3.0/../../../../../H-x86_64-mingw32/nios2-elf/lib\libc.a(lib_a-calloc.o)
 .text.calloc   0x00000000024ccdb0       0x18 c:/altera/18.1/nios2eds/bin/gnu/h-x86_64-mingw32/bin/../lib/gcc/nios2-elf/5.3.0/../../../../../H-x86_64-mingw32/nios2-elf/lib\libc.a(lib_a-calloc.o)
                0x00000000024ccdb0                calloc
 .text          0x00000000024ccdc8        0x0 c:/altera/18.1/nios2eds/bin/gnu/h-x86_64-mingw32/bin/../lib/gcc/nios2-elf/5.3.0/../../../../../H-x86_64-mingw32/nios2-elf/lib\libc.a(lib_a-callocr.o)
 .text._calloc_r
                0x00000000024ccdc8       0xc4 c:/altera/18.1/nios2eds/bin/gnu/h-x86_64-mingw32/bin/../lib/gcc/nios2-elf/5.3.0/../../../../../H-x86_64-mingw32/nios2-elf/lib\libc.a(lib_a-callocr.o)
                0x00000000024ccdc8                _calloc_r
 .text          0x00000000024cce8c        0x0 c:/altera/18.1/nios2eds/bin/gnu/h-x86_64-mingw32/bin/../lib/gcc/nios2-elf/5.3.0/../../../../../H-x86_64-mingw32/nios2-elf/lib\libc.a(lib_a-errno.o)
 .text.__errno  0x00000000024cce8c       0x10 c:/altera/18.1/nios2eds/bin/gnu/h-x86_64-mingw32/bin/../lib/gcc/nios2-elf/5.3.0/../../../../../H-x86_64-mingw32/nios2-elf/lib\libc.a(lib_a-errno.o)
                0x00000000024cce8c                __errno
 .text          0x00000000024cce9c        0x0 c:/altera/18.1/nios2eds/bin/gnu/h-x86_64-mingw32/bin/../lib/gcc/nios2-elf/5.3.0/../../../../../H-x86_64-mingw32/nios2-elf/lib\libc.a(lib_a-fflush.o)
 .text.__sflush_r
                0x00000000024cce9c      0x21c c:/altera/18.1/nios2eds/bin/gnu/h-x86_64-mingw32/bin/../lib/gcc/nios2-elf/5.3.0/../../../../../H-x86_64-mingw32/nios2-elf/lib\libc.a(lib_a-fflush.o)
                0x00000000024cce9c                __sflush_r
 .text._fflush_r
                0x00000000024cd0b8       0x5c c:/altera/18.1/nios2eds/bin/gnu/h-x86_64-mingw32/bin/../lib/gcc/nios2-elf/5.3.0/../../../../../H-x86_64-mingw32/nios2-elf/lib\libc.a(lib_a-fflush.o)
                0x00000000024cd0b8                _fflush_r
 .text.fflush   0x00000000024cd114       0x30 c:/altera/18.1/nios2eds/bin/gnu/h-x86_64-mingw32/bin/../lib/gcc/nios2-elf/5.3.0/../../../../../H-x86_64-mingw32/nios2-elf/lib\libc.a(lib_a-fflush.o)
                0x00000000024cd114                fflush
 .text          0x00000000024cd144        0x0 c:/altera/18.1/nios2eds/bin/gnu/h-x86_64-mingw32/bin/../lib/gcc/nios2-elf/5.3.0/../../../../../H-x86_64-mingw32/nios2-elf/lib\libc.a(lib_a-findfp.o)
 .text.__fp_unlock
                0x00000000024cd144        0x8 c:/altera/18.1/nios2eds/bin/gnu/h-x86_64-mingw32/bin/../lib/gcc/nios2-elf/5.3.0/../../../../../H-x86_64-mingw32/nios2-elf/lib\libc.a(lib_a-findfp.o)
 .text._cleanup_r
                0x00000000024cd14c        0xc c:/altera/18.1/nios2eds/bin/gnu/h-x86_64-mingw32/bin/../lib/gcc/nios2-elf/5.3.0/../../../../../H-x86_64-mingw32/nios2-elf/lib\libc.a(lib_a-findfp.o)
                0x00000000024cd14c                _cleanup_r
 .text.__sinit.part.1
                0x00000000024cd158      0x19c c:/altera/18.1/nios2eds/bin/gnu/h-x86_64-mingw32/bin/../lib/gcc/nios2-elf/5.3.0/../../../../../H-x86_64-mingw32/nios2-elf/lib\libc.a(lib_a-findfp.o)
 .text.__fp_lock
                0x00000000024cd2f4        0x8 c:/altera/18.1/nios2eds/bin/gnu/h-x86_64-mingw32/bin/../lib/gcc/nios2-elf/5.3.0/../../../../../H-x86_64-mingw32/nios2-elf/lib\libc.a(lib_a-findfp.o)
 .text.__sfmoreglue
                0x00000000024cd2fc       0x68 c:/altera/18.1/nios2eds/bin/gnu/h-x86_64-mingw32/bin/../lib/gcc/nios2-elf/5.3.0/../../../../../H-x86_64-mingw32/nios2-elf/lib\libc.a(lib_a-findfp.o)
                0x00000000024cd2fc                __sfmoreglue
 .text.__sfp    0x00000000024cd364      0x118 c:/altera/18.1/nios2eds/bin/gnu/h-x86_64-mingw32/bin/../lib/gcc/nios2-elf/5.3.0/../../../../../H-x86_64-mingw32/nios2-elf/lib\libc.a(lib_a-findfp.o)
                0x00000000024cd364                __sfp
 .text._cleanup
                0x00000000024cd47c       0x18 c:/altera/18.1/nios2eds/bin/gnu/h-x86_64-mingw32/bin/../lib/gcc/nios2-elf/5.3.0/../../../../../H-x86_64-mingw32/nios2-elf/lib\libc.a(lib_a-findfp.o)
                0x00000000024cd47c                _cleanup
 .text.__sinit  0x00000000024cd494       0x10 c:/altera/18.1/nios2eds/bin/gnu/h-x86_64-mingw32/bin/../lib/gcc/nios2-elf/5.3.0/../../../../../H-x86_64-mingw32/nios2-elf/lib\libc.a(lib_a-findfp.o)
                0x00000000024cd494                __sinit
 .text.__sfp_lock_acquire
                0x00000000024cd4a4        0x4 c:/altera/18.1/nios2eds/bin/gnu/h-x86_64-mingw32/bin/../lib/gcc/nios2-elf/5.3.0/../../../../../H-x86_64-mingw32/nios2-elf/lib\libc.a(lib_a-findfp.o)
                0x00000000024cd4a4                __sfp_lock_acquire
 .text.__sfp_lock_release
                0x00000000024cd4a8        0x4 c:/altera/18.1/nios2eds/bin/gnu/h-x86_64-mingw32/bin/../lib/gcc/nios2-elf/5.3.0/../../../../../H-x86_64-mingw32/nios2-elf/lib\libc.a(lib_a-findfp.o)
                0x00000000024cd4a8                __sfp_lock_release
 .text.__sinit_lock_acquire
                0x00000000024cd4ac        0x4 c:/altera/18.1/nios2eds/bin/gnu/h-x86_64-mingw32/bin/../lib/gcc/nios2-elf/5.3.0/../../../../../H-x86_64-mingw32/nios2-elf/lib\libc.a(lib_a-findfp.o)
                0x00000000024cd4ac                __sinit_lock_acquire
 .text.__sinit_lock_release
                0x00000000024cd4b0        0x4 c:/altera/18.1/nios2eds/bin/gnu/h-x86_64-mingw32/bin/../lib/gcc/nios2-elf/5.3.0/../../../../../H-x86_64-mingw32/nios2-elf/lib\libc.a(lib_a-findfp.o)
                0x00000000024cd4b0                __sinit_lock_release
 .text.__fp_lock_all
                0x00000000024cd4b4       0x18 c:/altera/18.1/nios2eds/bin/gnu/h-x86_64-mingw32/bin/../lib/gcc/nios2-elf/5.3.0/../../../../../H-x86_64-mingw32/nios2-elf/lib\libc.a(lib_a-findfp.o)
                0x00000000024cd4b4                __fp_lock_all
 .text.__fp_unlock_all
                0x00000000024cd4cc       0x18 c:/altera/18.1/nios2eds/bin/gnu/h-x86_64-mingw32/bin/../lib/gcc/nios2-elf/5.3.0/../../../../../H-x86_64-mingw32/nios2-elf/lib\libc.a(lib_a-findfp.o)
                0x00000000024cd4cc                __fp_unlock_all
 .text          0x00000000024cd4e4        0x0 c:/altera/18.1/nios2eds/bin/gnu/h-x86_64-mingw32/bin/../lib/gcc/nios2-elf/5.3.0/../../../../../H-x86_64-mingw32/nios2-elf/lib\libc.a(lib_a-fiprintf.o)
 .text._fiprintf_r
                0x00000000024cd4e4       0x20 c:/altera/18.1/nios2eds/bin/gnu/h-x86_64-mingw32/bin/../lib/gcc/nios2-elf/5.3.0/../../../../../H-x86_64-mingw32/nios2-elf/lib\libc.a(lib_a-fiprintf.o)
                0x00000000024cd4e4                _fiprintf_r
 .text.fiprintf
                0x00000000024cd504       0x3c c:/altera/18.1/nios2eds/bin/gnu/h-x86_64-mingw32/bin/../lib/gcc/nios2-elf/5.3.0/../../../../../H-x86_64-mingw32/nios2-elf/lib\libc.a(lib_a-fiprintf.o)
                0x00000000024cd504                fiprintf
 .text          0x00000000024cd540        0x0 c:/altera/18.1/nios2eds/bin/gnu/h-x86_64-mingw32/bin/../lib/gcc/nios2-elf/5.3.0/../../../../../H-x86_64-mingw32/nios2-elf/lib\libc.a(lib_a-freer.o)
 .text._malloc_trim_r
                0x00000000024cd540      0x124 c:/altera/18.1/nios2eds/bin/gnu/h-x86_64-mingw32/bin/../lib/gcc/nios2-elf/5.3.0/../../../../../H-x86_64-mingw32/nios2-elf/lib\libc.a(lib_a-freer.o)
                0x00000000024cd540                _malloc_trim_r
 .text._free_r  0x00000000024cd664      0x310 c:/altera/18.1/nios2eds/bin/gnu/h-x86_64-mingw32/bin/../lib/gcc/nios2-elf/5.3.0/../../../../../H-x86_64-mingw32/nios2-elf/lib\libc.a(lib_a-freer.o)
                0x00000000024cd664                _free_r
 .text          0x00000000024cd974        0x0 c:/altera/18.1/nios2eds/bin/gnu/h-x86_64-mingw32/bin/../lib/gcc/nios2-elf/5.3.0/../../../../../H-x86_64-mingw32/nios2-elf/lib\libc.a(lib_a-fwalk.o)
 .text._fwalk   0x00000000024cd974       0xc4 c:/altera/18.1/nios2eds/bin/gnu/h-x86_64-mingw32/bin/../lib/gcc/nios2-elf/5.3.0/../../../../../H-x86_64-mingw32/nios2-elf/lib\libc.a(lib_a-fwalk.o)
                0x00000000024cd974                _fwalk
 .text._fwalk_reent
                0x00000000024cda38       0xc4 c:/altera/18.1/nios2eds/bin/gnu/h-x86_64-mingw32/bin/../lib/gcc/nios2-elf/5.3.0/../../../../../H-x86_64-mingw32/nios2-elf/lib\libc.a(lib_a-fwalk.o)
                0x00000000024cda38                _fwalk_reent
 .text          0x00000000024cdafc        0x0 c:/altera/18.1/nios2eds/bin/gnu/h-x86_64-mingw32/bin/../lib/gcc/nios2-elf/5.3.0/../../../../../H-x86_64-mingw32/nios2-elf/lib\libc.a(lib_a-impure.o)
 .text          0x00000000024cdafc        0x0 c:/altera/18.1/nios2eds/bin/gnu/h-x86_64-mingw32/bin/../lib/gcc/nios2-elf/5.3.0/../../../../../H-x86_64-mingw32/nios2-elf/lib\libc.a(lib_a-malloc.o)
 .text.malloc   0x00000000024cdafc       0x14 c:/altera/18.1/nios2eds/bin/gnu/h-x86_64-mingw32/bin/../lib/gcc/nios2-elf/5.3.0/../../../../../H-x86_64-mingw32/nios2-elf/lib\libc.a(lib_a-malloc.o)
                0x00000000024cdafc                malloc
 .text.free     0x00000000024cdb10       0x14 c:/altera/18.1/nios2eds/bin/gnu/h-x86_64-mingw32/bin/../lib/gcc/nios2-elf/5.3.0/../../../../../H-x86_64-mingw32/nios2-elf/lib\libc.a(lib_a-malloc.o)
                0x00000000024cdb10                free
 .text          0x00000000024cdb24        0x0 c:/altera/18.1/nios2eds/bin/gnu/h-x86_64-mingw32/bin/../lib/gcc/nios2-elf/5.3.0/../../../../../H-x86_64-mingw32/nios2-elf/lib\libc.a(lib_a-mallocr.o)
 .text._malloc_r
                0x00000000024cdb24      0x80c c:/altera/18.1/nios2eds/bin/gnu/h-x86_64-mingw32/bin/../lib/gcc/nios2-elf/5.3.0/../../../../../H-x86_64-mingw32/nios2-elf/lib\libc.a(lib_a-mallocr.o)
                0x00000000024cdb24                _malloc_r
 .text          0x00000000024ce330        0x0 c:/altera/18.1/nios2eds/bin/gnu/h-x86_64-mingw32/bin/../lib/gcc/nios2-elf/5.3.0/../../../../../H-x86_64-mingw32/nios2-elf/lib\libc.a(lib_a-memcmp.o)
 .text.memcmp   0x00000000024ce330       0x7c c:/altera/18.1/nios2eds/bin/gnu/h-x86_64-mingw32/bin/../lib/gcc/nios2-elf/5.3.0/../../../../../H-x86_64-mingw32/nios2-elf/lib\libc.a(lib_a-memcmp.o)
                0x00000000024ce330                memcmp
 .text          0x00000000024ce3ac        0x0 c:/altera/18.1/nios2eds/bin/gnu/h-x86_64-mingw32/bin/../lib/gcc/nios2-elf/5.3.0/../../../../../H-x86_64-mingw32/nios2-elf/lib\libc.a(lib_a-memcpy.o)
 .text.memcpy   0x00000000024ce3ac      0x148 c:/altera/18.1/nios2eds/bin/gnu/h-x86_64-mingw32/bin/../lib/gcc/nios2-elf/5.3.0/../../../../../H-x86_64-mingw32/nios2-elf/lib\libc.a(lib_a-memcpy.o)
                0x00000000024ce3ac                memcpy
 .text          0x00000000024ce4f4        0x0 c:/altera/18.1/nios2eds/bin/gnu/h-x86_64-mingw32/bin/../lib/gcc/nios2-elf/5.3.0/../../../../../H-x86_64-mingw32/nios2-elf/lib\libc.a(lib_a-memmove.o)
 .text.memmove  0x00000000024ce4f4      0x15c c:/altera/18.1/nios2eds/bin/gnu/h-x86_64-mingw32/bin/../lib/gcc/nios2-elf/5.3.0/../../../../../H-x86_64-mingw32/nios2-elf/lib\libc.a(lib_a-memmove.o)
                0x00000000024ce4f4                memmove
 .text          0x00000000024ce650        0x0 c:/altera/18.1/nios2eds/bin/gnu/h-x86_64-mingw32/bin/../lib/gcc/nios2-elf/5.3.0/../../../../../H-x86_64-mingw32/nios2-elf/lib\libc.a(lib_a-memset.o)
 .text.memset   0x00000000024ce650      0x128 c:/altera/18.1/nios2eds/bin/gnu/h-x86_64-mingw32/bin/../lib/gcc/nios2-elf/5.3.0/../../../../../H-x86_64-mingw32/nios2-elf/lib\libc.a(lib_a-memset.o)
                0x00000000024ce650                memset
 .text          0x00000000024ce778        0x0 c:/altera/18.1/nios2eds/bin/gnu/h-x86_64-mingw32/bin/../lib/gcc/nios2-elf/5.3.0/../../../../../H-x86_64-mingw32/nios2-elf/lib\libc.a(lib_a-printf.o)
 .text._printf_r
                0x00000000024ce778       0x30 c:/altera/18.1/nios2eds/bin/gnu/h-x86_64-mingw32/bin/../lib/gcc/nios2-elf/5.3.0/../../../../../H-x86_64-mingw32/nios2-elf/lib\libc.a(lib_a-printf.o)
                0x00000000024ce778                _printf_r
 .text.printf   0x00000000024ce7a8       0x3c c:/altera/18.1/nios2eds/bin/gnu/h-x86_64-mingw32/bin/../lib/gcc/nios2-elf/5.3.0/../../../../../H-x86_64-mingw32/nios2-elf/lib\libc.a(lib_a-printf.o)
                0x00000000024ce7a8                printf
 .text          0x00000000024ce7e4        0x0 c:/altera/18.1/nios2eds/bin/gnu/h-x86_64-mingw32/bin/../lib/gcc/nios2-elf/5.3.0/../../../../../H-x86_64-mingw32/nios2-elf/lib\libc.a(lib_a-putchar.o)
 .text._putchar_r
                0x00000000024ce7e4        0x8 c:/altera/18.1/nios2eds/bin/gnu/h-x86_64-mingw32/bin/../lib/gcc/nios2-elf/5.3.0/../../../../../H-x86_64-mingw32/nios2-elf/lib\libc.a(lib_a-putchar.o)
                0x00000000024ce7e4                _putchar_r
 .text.putchar  0x00000000024ce7ec       0x18 c:/altera/18.1/nios2eds/bin/gnu/h-x86_64-mingw32/bin/../lib/gcc/nios2-elf/5.3.0/../../../../../H-x86_64-mingw32/nios2-elf/lib\libc.a(lib_a-putchar.o)
                0x00000000024ce7ec                putchar
 .text          0x00000000024ce804        0x0 c:/altera/18.1/nios2eds/bin/gnu/h-x86_64-mingw32/bin/../lib/gcc/nios2-elf/5.3.0/../../../../../H-x86_64-mingw32/nios2-elf/lib\libc.a(lib_a-puts.o)
 .text._puts_r  0x00000000024ce804       0xc0 c:/altera/18.1/nios2eds/bin/gnu/h-x86_64-mingw32/bin/../lib/gcc/nios2-elf/5.3.0/../../../../../H-x86_64-mingw32/nios2-elf/lib\libc.a(lib_a-puts.o)
                0x00000000024ce804                _puts_r
 .text.puts     0x00000000024ce8c4       0x14 c:/altera/18.1/nios2eds/bin/gnu/h-x86_64-mingw32/bin/../lib/gcc/nios2-elf/5.3.0/../../../../../H-x86_64-mingw32/nios2-elf/lib\libc.a(lib_a-puts.o)
                0x00000000024ce8c4                puts
 .text          0x00000000024ce8d8        0x0 c:/altera/18.1/nios2eds/bin/gnu/h-x86_64-mingw32/bin/../lib/gcc/nios2-elf/5.3.0/../../../../../H-x86_64-mingw32/nios2-elf/lib\libc.a(lib_a-realloc.o)
 .text.realloc  0x00000000024ce8d8       0x18 c:/altera/18.1/nios2eds/bin/gnu/h-x86_64-mingw32/bin/../lib/gcc/nios2-elf/5.3.0/../../../../../H-x86_64-mingw32/nios2-elf/lib\libc.a(lib_a-realloc.o)
                0x00000000024ce8d8                realloc
 .text          0x00000000024ce8f0        0x0 c:/altera/18.1/nios2eds/bin/gnu/h-x86_64-mingw32/bin/../lib/gcc/nios2-elf/5.3.0/../../../../../H-x86_64-mingw32/nios2-elf/lib\libc.a(lib_a-reallocr.o)
 .text._realloc_r
                0x00000000024ce8f0      0x564 c:/altera/18.1/nios2eds/bin/gnu/h-x86_64-mingw32/bin/../lib/gcc/nios2-elf/5.3.0/../../../../../H-x86_64-mingw32/nios2-elf/lib\libc.a(lib_a-reallocr.o)
                0x00000000024ce8f0                _realloc_r
 .text          0x00000000024cee54        0x0 c:/altera/18.1/nios2eds/bin/gnu/h-x86_64-mingw32/bin/../lib/gcc/nios2-elf/5.3.0/../../../../../H-x86_64-mingw32/nios2-elf/lib\libc.a(lib_a-sbrkr.o)
 .text._sbrk_r  0x00000000024cee54       0x54 c:/altera/18.1/nios2eds/bin/gnu/h-x86_64-mingw32/bin/../lib/gcc/nios2-elf/5.3.0/../../../../../H-x86_64-mingw32/nios2-elf/lib\libc.a(lib_a-sbrkr.o)
                0x00000000024cee54                _sbrk_r
 .text          0x00000000024ceea8        0x0 c:/altera/18.1/nios2eds/bin/gnu/h-x86_64-mingw32/bin/../lib/gcc/nios2-elf/5.3.0/../../../../../H-x86_64-mingw32/nios2-elf/lib\libc.a(lib_a-snprintf.o)
 .text._snprintf_r
                0x00000000024ceea8       0xd8 c:/altera/18.1/nios2eds/bin/gnu/h-x86_64-mingw32/bin/../lib/gcc/nios2-elf/5.3.0/../../../../../H-x86_64-mingw32/nios2-elf/lib\libc.a(lib_a-snprintf.o)
                0x00000000024ceea8                _snprintf_r
 .text.snprintf
                0x00000000024cef80       0xe4 c:/altera/18.1/nios2eds/bin/gnu/h-x86_64-mingw32/bin/../lib/gcc/nios2-elf/5.3.0/../../../../../H-x86_64-mingw32/nios2-elf/lib\libc.a(lib_a-snprintf.o)
                0x00000000024cef80                snprintf
 .text          0x00000000024cf064        0x0 c:/altera/18.1/nios2eds/bin/gnu/h-x86_64-mingw32/bin/../lib/gcc/nios2-elf/5.3.0/../../../../../H-x86_64-mingw32/nios2-elf/lib\libc.a(lib_a-sprintf.o)
 .text._sprintf_r
                0x00000000024cf064       0x58 c:/altera/18.1/nios2eds/bin/gnu/h-x86_64-mingw32/bin/../lib/gcc/nios2-elf/5.3.0/../../../../../H-x86_64-mingw32/nios2-elf/lib\libc.a(lib_a-sprintf.o)
                0x00000000024cf064                _sprintf_r
 .text.sprintf  0x00000000024cf0bc       0x6c c:/altera/18.1/nios2eds/bin/gnu/h-x86_64-mingw32/bin/../lib/gcc/nios2-elf/5.3.0/../../../../../H-x86_64-mingw32/nios2-elf/lib\libc.a(lib_a-sprintf.o)
                0x00000000024cf0bc                sprintf
 .text          0x00000000024cf128        0x0 c:/altera/18.1/nios2eds/bin/gnu/h-x86_64-mingw32/bin/../lib/gcc/nios2-elf/5.3.0/../../../../../H-x86_64-mingw32/nios2-elf/lib\libc.a(lib_a-stdio.o)
 .text.__sread  0x00000000024cf128       0x54 c:/altera/18.1/nios2eds/bin/gnu/h-x86_64-mingw32/bin/../lib/gcc/nios2-elf/5.3.0/../../../../../H-x86_64-mingw32/nios2-elf/lib\libc.a(lib_a-stdio.o)
                0x00000000024cf128                __sread
 .text.__seofread
                0x00000000024cf17c        0x8 c:/altera/18.1/nios2eds/bin/gnu/h-x86_64-mingw32/bin/../lib/gcc/nios2-elf/5.3.0/../../../../../H-x86_64-mingw32/nios2-elf/lib\libc.a(lib_a-stdio.o)
                0x00000000024cf17c                __seofread
 .text.__swrite
                0x00000000024cf184       0x7c c:/altera/18.1/nios2eds/bin/gnu/h-x86_64-mingw32/bin/../lib/gcc/nios2-elf/5.3.0/../../../../../H-x86_64-mingw32/nios2-elf/lib\libc.a(lib_a-stdio.o)
                0x00000000024cf184                __swrite
 .text.__sseek  0x00000000024cf200       0x5c c:/altera/18.1/nios2eds/bin/gnu/h-x86_64-mingw32/bin/../lib/gcc/nios2-elf/5.3.0/../../../../../H-x86_64-mingw32/nios2-elf/lib\libc.a(lib_a-stdio.o)
                0x00000000024cf200                __sseek
 .text.__sclose
                0x00000000024cf25c        0x8 c:/altera/18.1/nios2eds/bin/gnu/h-x86_64-mingw32/bin/../lib/gcc/nios2-elf/5.3.0/../../../../../H-x86_64-mingw32/nios2-elf/lib\libc.a(lib_a-stdio.o)
                0x00000000024cf25c                __sclose
 .text          0x00000000024cf264        0x0 c:/altera/18.1/nios2eds/bin/gnu/h-x86_64-mingw32/bin/../lib/gcc/nios2-elf/5.3.0/../../../../../H-x86_64-mingw32/nios2-elf/lib\libc.a(lib_a-strcmp.o)
 .text.strcmp   0x00000000024cf264       0xdc c:/altera/18.1/nios2eds/bin/gnu/h-x86_64-mingw32/bin/../lib/gcc/nios2-elf/5.3.0/../../../../../H-x86_64-mingw32/nios2-elf/lib\libc.a(lib_a-strcmp.o)
                0x00000000024cf264                strcmp
 .text          0x00000000024cf340        0x0 c:/altera/18.1/nios2eds/bin/gnu/h-x86_64-mingw32/bin/../lib/gcc/nios2-elf/5.3.0/../../../../../H-x86_64-mingw32/nios2-elf/lib\libc.a(lib_a-strerror.o)
 .text._strerror_r
                0x00000000024cf340      0x65c c:/altera/18.1/nios2eds/bin/gnu/h-x86_64-mingw32/bin/../lib/gcc/nios2-elf/5.3.0/../../../../../H-x86_64-mingw32/nios2-elf/lib\libc.a(lib_a-strerror.o)
                0x00000000024cf340                _strerror_r
 .text.strerror
                0x00000000024cf99c       0x1c c:/altera/18.1/nios2eds/bin/gnu/h-x86_64-mingw32/bin/../lib/gcc/nios2-elf/5.3.0/../../../../../H-x86_64-mingw32/nios2-elf/lib\libc.a(lib_a-strerror.o)
                0x00000000024cf99c                strerror
 .text          0x00000000024cf9b8        0x0 c:/altera/18.1/nios2eds/bin/gnu/h-x86_64-mingw32/bin/../lib/gcc/nios2-elf/5.3.0/../../../../../H-x86_64-mingw32/nios2-elf/lib\libc.a(lib_a-strlen.o)
 .text.strlen   0x00000000024cf9b8       0x98 c:/altera/18.1/nios2eds/bin/gnu/h-x86_64-mingw32/bin/../lib/gcc/nios2-elf/5.3.0/../../../../../H-x86_64-mingw32/nios2-elf/lib\libc.a(lib_a-strlen.o)
                0x00000000024cf9b8                strlen
 .text          0x00000000024cfa50        0x0 c:/altera/18.1/nios2eds/bin/gnu/h-x86_64-mingw32/bin/../lib/gcc/nios2-elf/5.3.0/../../../../../H-x86_64-mingw32/nios2-elf/lib\libc.a(lib_a-strncmp.o)
 .text.strncmp  0x00000000024cfa50       0xd0 c:/altera/18.1/nios2eds/bin/gnu/h-x86_64-mingw32/bin/../lib/gcc/nios2-elf/5.3.0/../../../../../H-x86_64-mingw32/nios2-elf/lib\libc.a(lib_a-strncmp.o)
                0x00000000024cfa50                strncmp
 .text          0x00000000024cfb20        0x0 c:/altera/18.1/nios2eds/bin/gnu/h-x86_64-mingw32/bin/../lib/gcc/nios2-elf/5.3.0/../../../../../H-x86_64-mingw32/nios2-elf/lib\libc.a(lib_a-svfprintf.o)
 .text.___svfprintf_internal_r
                0x00000000024cfb20     0x21d8 c:/altera/18.1/nios2eds/bin/gnu/h-x86_64-mingw32/bin/../lib/gcc/nios2-elf/5.3.0/../../../../../H-x86_64-mingw32/nios2-elf/lib\libc.a(lib_a-svfprintf.o)
                0x00000000024cfb20                ___svfprintf_internal_r
 .text          0x00000000024d1cf8        0x0 c:/altera/18.1/nios2eds/bin/gnu/h-x86_64-mingw32/bin/../lib/gcc/nios2-elf/5.3.0/../../../../../H-x86_64-mingw32/nios2-elf/lib\libc.a(lib_a-u_strerr.o)
 .text._user_strerror
                0x00000000024d1cf8        0x8 c:/altera/18.1/nios2eds/bin/gnu/h-x86_64-mingw32/bin/../lib/gcc/nios2-elf/5.3.0/../../../../../H-x86_64-mingw32/nios2-elf/lib\libc.a(lib_a-u_strerr.o)
                0x00000000024d1cf8                _user_strerror
 .text          0x00000000024d1d00        0x0 c:/altera/18.1/nios2eds/bin/gnu/h-x86_64-mingw32/bin/../lib/gcc/nios2-elf/5.3.0/../../../../../H-x86_64-mingw32/nios2-elf/lib\libc.a(lib_a-vfiprintfr_1.o)
 .text._vfiprintf_r
                0x00000000024d1d00       0x18 c:/altera/18.1/nios2eds/bin/gnu/h-x86_64-mingw32/bin/../lib/gcc/nios2-elf/5.3.0/../../../../../H-x86_64-mingw32/nios2-elf/lib\libc.a(lib_a-vfiprintfr_1.o)
                0x00000000024d1d00                _vfiprintf_r
 .text          0x00000000024d1d18        0x0 c:/altera/18.1/nios2eds/bin/gnu/h-x86_64-mingw32/bin/../lib/gcc/nios2-elf/5.3.0/../../../../../H-x86_64-mingw32/nios2-elf/lib\libc.a(lib_a-vfprintf.o)
 .text.___vfprintf_internal_r
                0x00000000024d1d18     0x21f8 c:/altera/18.1/nios2eds/bin/gnu/h-x86_64-mingw32/bin/../lib/gcc/nios2-elf/5.3.0/../../../../../H-x86_64-mingw32/nios2-elf/lib\libc.a(lib_a-vfprintf.o)
                0x00000000024d1d18                ___vfprintf_internal_r
 .text.__vfprintf_internal
                0x00000000024d3f10       0x1c c:/altera/18.1/nios2eds/bin/gnu/h-x86_64-mingw32/bin/../lib/gcc/nios2-elf/5.3.0/../../../../../H-x86_64-mingw32/nios2-elf/lib\libc.a(lib_a-vfprintf.o)
                0x00000000024d3f10                __vfprintf_internal
 .text.__sbprintf
                0x00000000024d3f2c       0xbc c:/altera/18.1/nios2eds/bin/gnu/h-x86_64-mingw32/bin/../lib/gcc/nios2-elf/5.3.0/../../../../../H-x86_64-mingw32/nios2-elf/lib\libc.a(lib_a-vfprintf.o)
 .text          0x00000000024d3fe8        0x0 c:/altera/18.1/nios2eds/bin/gnu/h-x86_64-mingw32/bin/../lib/gcc/nios2-elf/5.3.0/../../../../../H-x86_64-mingw32/nios2-elf/lib\libc.a(lib_a-vprintf.o)
 .text.vprintf  0x00000000024d3fe8       0x1c c:/altera/18.1/nios2eds/bin/gnu/h-x86_64-mingw32/bin/../lib/gcc/nios2-elf/5.3.0/../../../../../H-x86_64-mingw32/nios2-elf/lib\libc.a(lib_a-vprintf.o)
                0x00000000024d3fe8                vprintf
 .text._vprintf_r
                0x00000000024d4004       0x10 c:/altera/18.1/nios2eds/bin/gnu/h-x86_64-mingw32/bin/../lib/gcc/nios2-elf/5.3.0/../../../../../H-x86_64-mingw32/nios2-elf/lib\libc.a(lib_a-vprintf.o)
                0x00000000024d4004                _vprintf_r
 .text          0x00000000024d4014        0x0 c:/altera/18.1/nios2eds/bin/gnu/h-x86_64-mingw32/bin/../lib/gcc/nios2-elf/5.3.0/../../../../../H-x86_64-mingw32/nios2-elf/lib\libc.a(lib_a-writer.o)
 .text._write_r
                0x00000000024d4014       0x60 c:/altera/18.1/nios2eds/bin/gnu/h-x86_64-mingw32/bin/../lib/gcc/nios2-elf/5.3.0/../../../../../H-x86_64-mingw32/nios2-elf/lib\libc.a(lib_a-writer.o)
                0x00000000024d4014                _write_r
 .text          0x00000000024d4074        0x0 c:/altera/18.1/nios2eds/bin/gnu/h-x86_64-mingw32/bin/../lib/gcc/nios2-elf/5.3.0/../../../../../H-x86_64-mingw32/nios2-elf/lib\libc.a(lib_a-wsetup.o)
 .text.__swsetup_r
                0x00000000024d4074      0x154 c:/altera/18.1/nios2eds/bin/gnu/h-x86_64-mingw32/bin/../lib/gcc/nios2-elf/5.3.0/../../../../../H-x86_64-mingw32/nios2-elf/lib\libc.a(lib_a-wsetup.o)
                0x00000000024d4074                __swsetup_r
 .text          0x00000000024d41c8        0x0 c:/altera/18.1/nios2eds/bin/gnu/h-x86_64-mingw32/bin/../lib/gcc/nios2-elf/5.3.0/../../../../../H-x86_64-mingw32/nios2-elf/lib\libc.a(closer.o)
 .text._close_r
                0x00000000024d41c8       0x54 c:/altera/18.1/nios2eds/bin/gnu/h-x86_64-mingw32/bin/../lib/gcc/nios2-elf/5.3.0/../../../../../H-x86_64-mingw32/nios2-elf/lib\libc.a(closer.o)
                0x00000000024d41c8                _close_r
 .text          0x00000000024d421c        0x0 c:/altera/18.1/nios2eds/bin/gnu/h-x86_64-mingw32/bin/../lib/gcc/nios2-elf/5.3.0/../../../../../H-x86_64-mingw32/nios2-elf/lib\libc.a(lib_a-abort.o)
 .text.abort    0x00000000024d421c       0x18 c:/altera/18.1/nios2eds/bin/gnu/h-x86_64-mingw32/bin/../lib/gcc/nios2-elf/5.3.0/../../../../../H-x86_64-mingw32/nios2-elf/lib\libc.a(lib_a-abort.o)
                0x00000000024d421c                abort
 .text          0x00000000024d4234        0x0 c:/altera/18.1/nios2eds/bin/gnu/h-x86_64-mingw32/bin/../lib/gcc/nios2-elf/5.3.0/../../../../../H-x86_64-mingw32/nios2-elf/lib\libc.a(lib_a-dtoa.o)
 .text.quorem   0x00000000024d4234      0x200 c:/altera/18.1/nios2eds/bin/gnu/h-x86_64-mingw32/bin/../lib/gcc/nios2-elf/5.3.0/../../../../../H-x86_64-mingw32/nios2-elf/lib\libc.a(lib_a-dtoa.o)
 .text._dtoa_r  0x00000000024d4434     0x1688 c:/altera/18.1/nios2eds/bin/gnu/h-x86_64-mingw32/bin/../lib/gcc/nios2-elf/5.3.0/../../../../../H-x86_64-mingw32/nios2-elf/lib\libc.a(lib_a-dtoa.o)
                0x00000000024d4434                _dtoa_r
 .text          0x00000000024d5abc        0x0 c:/altera/18.1/nios2eds/bin/gnu/h-x86_64-mingw32/bin/../lib/gcc/nios2-elf/5.3.0/../../../../../H-x86_64-mingw32/nios2-elf/lib\libc.a(lib_a-fclose.o)
 .text._fclose_r
                0x00000000024d5abc       0xf0 c:/altera/18.1/nios2eds/bin/gnu/h-x86_64-mingw32/bin/../lib/gcc/nios2-elf/5.3.0/../../../../../H-x86_64-mingw32/nios2-elf/lib\libc.a(lib_a-fclose.o)
                0x00000000024d5abc                _fclose_r
 .text.fclose   0x00000000024d5bac       0x14 c:/altera/18.1/nios2eds/bin/gnu/h-x86_64-mingw32/bin/../lib/gcc/nios2-elf/5.3.0/../../../../../H-x86_64-mingw32/nios2-elf/lib\libc.a(lib_a-fclose.o)
                0x00000000024d5bac                fclose
 .text          0x00000000024d5bc0        0x0 c:/altera/18.1/nios2eds/bin/gnu/h-x86_64-mingw32/bin/../lib/gcc/nios2-elf/5.3.0/../../../../../H-x86_64-mingw32/nios2-elf/lib\libc.a(lib_a-fvwrite.o)
 .text.__sfvwrite_r
                0x00000000024d5bc0      0x4bc c:/altera/18.1/nios2eds/bin/gnu/h-x86_64-mingw32/bin/../lib/gcc/nios2-elf/5.3.0/../../../../../H-x86_64-mingw32/nios2-elf/lib\libc.a(lib_a-fvwrite.o)
                0x00000000024d5bc0                __sfvwrite_r
 .text          0x00000000024d607c        0x0 c:/altera/18.1/nios2eds/bin/gnu/h-x86_64-mingw32/bin/../lib/gcc/nios2-elf/5.3.0/../../../../../H-x86_64-mingw32/nios2-elf/lib\libc.a(lib_a-int_errno.o)
 .text          0x00000000024d607c        0x0 c:/altera/18.1/nios2eds/bin/gnu/h-x86_64-mingw32/bin/../lib/gcc/nios2-elf/5.3.0/../../../../../H-x86_64-mingw32/nios2-elf/lib\libc.a(lib_a-locale.o)
 .text._setlocale_r
                0x00000000024d607c       0x7c c:/altera/18.1/nios2eds/bin/gnu/h-x86_64-mingw32/bin/../lib/gcc/nios2-elf/5.3.0/../../../../../H-x86_64-mingw32/nios2-elf/lib\libc.a(lib_a-locale.o)
                0x00000000024d607c                _setlocale_r
 .text.__locale_charset
                0x00000000024d60f8        0xc c:/altera/18.1/nios2eds/bin/gnu/h-x86_64-mingw32/bin/../lib/gcc/nios2-elf/5.3.0/../../../../../H-x86_64-mingw32/nios2-elf/lib\libc.a(lib_a-locale.o)
                0x00000000024d60f8                __locale_charset
 .text.__locale_mb_cur_max
                0x00000000024d6104       0x10 c:/altera/18.1/nios2eds/bin/gnu/h-x86_64-mingw32/bin/../lib/gcc/nios2-elf/5.3.0/../../../../../H-x86_64-mingw32/nios2-elf/lib\libc.a(lib_a-locale.o)
                0x00000000024d6104                __locale_mb_cur_max
 .text.__locale_msgcharset
                0x00000000024d6114        0xc c:/altera/18.1/nios2eds/bin/gnu/h-x86_64-mingw32/bin/../lib/gcc/nios2-elf/5.3.0/../../../../../H-x86_64-mingw32/nios2-elf/lib\libc.a(lib_a-locale.o)
                0x00000000024d6114                __locale_msgcharset
 .text.__locale_cjk_lang
                0x00000000024d6120        0x8 c:/altera/18.1/nios2eds/bin/gnu/h-x86_64-mingw32/bin/../lib/gcc/nios2-elf/5.3.0/../../../../../H-x86_64-mingw32/nios2-elf/lib\libc.a(lib_a-locale.o)
                0x00000000024d6120                __locale_cjk_lang
 .text._localeconv_r
                0x00000000024d6128        0xc c:/altera/18.1/nios2eds/bin/gnu/h-x86_64-mingw32/bin/../lib/gcc/nios2-elf/5.3.0/../../../../../H-x86_64-mingw32/nios2-elf/lib\libc.a(lib_a-locale.o)
                0x00000000024d6128                _localeconv_r
 .text.setlocale
                0x00000000024d6134       0x18 c:/altera/18.1/nios2eds/bin/gnu/h-x86_64-mingw32/bin/../lib/gcc/nios2-elf/5.3.0/../../../../../H-x86_64-mingw32/nios2-elf/lib\libc.a(lib_a-locale.o)
                0x00000000024d6134                setlocale
 .text.localeconv
                0x00000000024d614c        0xc c:/altera/18.1/nios2eds/bin/gnu/h-x86_64-mingw32/bin/../lib/gcc/nios2-elf/5.3.0/../../../../../H-x86_64-mingw32/nios2-elf/lib\libc.a(lib_a-locale.o)
                0x00000000024d614c                localeconv
 .text          0x00000000024d6158        0x0 c:/altera/18.1/nios2eds/bin/gnu/h-x86_64-mingw32/bin/../lib/gcc/nios2-elf/5.3.0/../../../../../H-x86_64-mingw32/nios2-elf/lib\libc.a(lib_a-lseekr.o)
 .text._lseek_r
                0x00000000024d6158       0x60 c:/altera/18.1/nios2eds/bin/gnu/h-x86_64-mingw32/bin/../lib/gcc/nios2-elf/5.3.0/../../../../../H-x86_64-mingw32/nios2-elf/lib\libc.a(lib_a-lseekr.o)
                0x00000000024d6158                _lseek_r
 .text          0x00000000024d61b8        0x0 c:/altera/18.1/nios2eds/bin/gnu/h-x86_64-mingw32/bin/../lib/gcc/nios2-elf/5.3.0/../../../../../H-x86_64-mingw32/nios2-elf/lib\libc.a(lib_a-makebuf.o)
 .text.__smakebuf_r
                0x00000000024d61b8      0x1bc c:/altera/18.1/nios2eds/bin/gnu/h-x86_64-mingw32/bin/../lib/gcc/nios2-elf/5.3.0/../../../../../H-x86_64-mingw32/nios2-elf/lib\libc.a(lib_a-makebuf.o)
                0x00000000024d61b8                __smakebuf_r
 .text          0x00000000024d6374        0x0 c:/altera/18.1/nios2eds/bin/gnu/h-x86_64-mingw32/bin/../lib/gcc/nios2-elf/5.3.0/../../../../../H-x86_64-mingw32/nios2-elf/lib\libc.a(lib_a-memchr.o)
 .text.memchr   0x00000000024d6374       0xe4 c:/altera/18.1/nios2eds/bin/gnu/h-x86_64-mingw32/bin/../lib/gcc/nios2-elf/5.3.0/../../../../../H-x86_64-mingw32/nios2-elf/lib\libc.a(lib_a-memchr.o)
                0x00000000024d6374                memchr
 .text          0x00000000024d6458        0x0 c:/altera/18.1/nios2eds/bin/gnu/h-x86_64-mingw32/bin/../lib/gcc/nios2-elf/5.3.0/../../../../../H-x86_64-mingw32/nios2-elf/lib\libc.a(lib_a-mprec.o)
 .text._Balloc  0x00000000024d6458       0xa8 c:/altera/18.1/nios2eds/bin/gnu/h-x86_64-mingw32/bin/../lib/gcc/nios2-elf/5.3.0/../../../../../H-x86_64-mingw32/nios2-elf/lib\libc.a(lib_a-mprec.o)
                0x00000000024d6458                _Balloc
 .text._Bfree   0x00000000024d6500       0x28 c:/altera/18.1/nios2eds/bin/gnu/h-x86_64-mingw32/bin/../lib/gcc/nios2-elf/5.3.0/../../../../../H-x86_64-mingw32/nios2-elf/lib\libc.a(lib_a-mprec.o)
                0x00000000024d6500                _Bfree
 .text.__multadd
                0x00000000024d6528      0x120 c:/altera/18.1/nios2eds/bin/gnu/h-x86_64-mingw32/bin/../lib/gcc/nios2-elf/5.3.0/../../../../../H-x86_64-mingw32/nios2-elf/lib\libc.a(lib_a-mprec.o)
                0x00000000024d6528                __multadd
 .text.__s2b    0x00000000024d6648      0x104 c:/altera/18.1/nios2eds/bin/gnu/h-x86_64-mingw32/bin/../lib/gcc/nios2-elf/5.3.0/../../../../../H-x86_64-mingw32/nios2-elf/lib\libc.a(lib_a-mprec.o)
                0x00000000024d6648                __s2b
 .text.__hi0bits
                0x00000000024d674c       0x68 c:/altera/18.1/nios2eds/bin/gnu/h-x86_64-mingw32/bin/../lib/gcc/nios2-elf/5.3.0/../../../../../H-x86_64-mingw32/nios2-elf/lib\libc.a(lib_a-mprec.o)
                0x00000000024d674c                __hi0bits
 .text.__lo0bits
                0x00000000024d67b4       0xb0 c:/altera/18.1/nios2eds/bin/gnu/h-x86_64-mingw32/bin/../lib/gcc/nios2-elf/5.3.0/../../../../../H-x86_64-mingw32/nios2-elf/lib\libc.a(lib_a-mprec.o)
                0x00000000024d67b4                __lo0bits
 .text.__i2b    0x00000000024d6864       0x3c c:/altera/18.1/nios2eds/bin/gnu/h-x86_64-mingw32/bin/../lib/gcc/nios2-elf/5.3.0/../../../../../H-x86_64-mingw32/nios2-elf/lib\libc.a(lib_a-mprec.o)
                0x00000000024d6864                __i2b
 .text.__multiply
                0x00000000024d68a0      0x1f8 c:/altera/18.1/nios2eds/bin/gnu/h-x86_64-mingw32/bin/../lib/gcc/nios2-elf/5.3.0/../../../../../H-x86_64-mingw32/nios2-elf/lib\libc.a(lib_a-mprec.o)
                0x00000000024d68a0                __multiply
 .text.__pow5mult
                0x00000000024d6a98      0x140 c:/altera/18.1/nios2eds/bin/gnu/h-x86_64-mingw32/bin/../lib/gcc/nios2-elf/5.3.0/../../../../../H-x86_64-mingw32/nios2-elf/lib\libc.a(lib_a-mprec.o)
                0x00000000024d6a98                __pow5mult
 .text.__lshift
                0x00000000024d6bd8      0x148 c:/altera/18.1/nios2eds/bin/gnu/h-x86_64-mingw32/bin/../lib/gcc/nios2-elf/5.3.0/../../../../../H-x86_64-mingw32/nios2-elf/lib\libc.a(lib_a-mprec.o)
                0x00000000024d6bd8                __lshift
 .text.__mcmp   0x00000000024d6d20       0x60 c:/altera/18.1/nios2eds/bin/gnu/h-x86_64-mingw32/bin/../lib/gcc/nios2-elf/5.3.0/../../../../../H-x86_64-mingw32/nios2-elf/lib\libc.a(lib_a-mprec.o)
                0x00000000024d6d20                __mcmp
 .text.__mdiff  0x00000000024d6d80      0x1fc c:/altera/18.1/nios2eds/bin/gnu/h-x86_64-mingw32/bin/../lib/gcc/nios2-elf/5.3.0/../../../../../H-x86_64-mingw32/nios2-elf/lib\libc.a(lib_a-mprec.o)
                0x00000000024d6d80                __mdiff
 .text.__ulp    0x00000000024d6f7c       0x64 c:/altera/18.1/nios2eds/bin/gnu/h-x86_64-mingw32/bin/../lib/gcc/nios2-elf/5.3.0/../../../../../H-x86_64-mingw32/nios2-elf/lib\libc.a(lib_a-mprec.o)
                0x00000000024d6f7c                __ulp
 .text.__b2d    0x00000000024d6fe0      0x10c c:/altera/18.1/nios2eds/bin/gnu/h-x86_64-mingw32/bin/../lib/gcc/nios2-elf/5.3.0/../../../../../H-x86_64-mingw32/nios2-elf/lib\libc.a(lib_a-mprec.o)
                0x00000000024d6fe0                __b2d
 .text.__d2b    0x00000000024d70ec      0x14c c:/altera/18.1/nios2eds/bin/gnu/h-x86_64-mingw32/bin/../lib/gcc/nios2-elf/5.3.0/../../../../../H-x86_64-mingw32/nios2-elf/lib\libc.a(lib_a-mprec.o)
                0x00000000024d70ec                __d2b
 .text.__ratio  0x00000000024d7238       0xa4 c:/altera/18.1/nios2eds/bin/gnu/h-x86_64-mingw32/bin/../lib/gcc/nios2-elf/5.3.0/../../../../../H-x86_64-mingw32/nios2-elf/lib\libc.a(lib_a-mprec.o)
                0x00000000024d7238                __ratio
 .text._mprec_log10
                0x00000000024d72dc       0x74 c:/altera/18.1/nios2eds/bin/gnu/h-x86_64-mingw32/bin/../lib/gcc/nios2-elf/5.3.0/../../../../../H-x86_64-mingw32/nios2-elf/lib\libc.a(lib_a-mprec.o)
                0x00000000024d72dc                _mprec_log10
 .text.__copybits
                0x00000000024d7350       0x78 c:/altera/18.1/nios2eds/bin/gnu/h-x86_64-mingw32/bin/../lib/gcc/nios2-elf/5.3.0/../../../../../H-x86_64-mingw32/nios2-elf/lib\libc.a(lib_a-mprec.o)
                0x00000000024d7350                __copybits
 .text.__any_on
                0x00000000024d73c8       0x8c c:/altera/18.1/nios2eds/bin/gnu/h-x86_64-mingw32/bin/../lib/gcc/nios2-elf/5.3.0/../../../../../H-x86_64-mingw32/nios2-elf/lib\libc.a(lib_a-mprec.o)
                0x00000000024d73c8                __any_on
 .text          0x00000000024d7454        0x0 c:/altera/18.1/nios2eds/bin/gnu/h-x86_64-mingw32/bin/../lib/gcc/nios2-elf/5.3.0/../../../../../H-x86_64-mingw32/nios2-elf/lib\libc.a(lib_a-putc.o)
 .text._putc_r  0x00000000024d7454       0xa0 c:/altera/18.1/nios2eds/bin/gnu/h-x86_64-mingw32/bin/../lib/gcc/nios2-elf/5.3.0/../../../../../H-x86_64-mingw32/nios2-elf/lib\libc.a(lib_a-putc.o)
                0x00000000024d7454                _putc_r
 .text.putc     0x00000000024d74f4       0xc8 c:/altera/18.1/nios2eds/bin/gnu/h-x86_64-mingw32/bin/../lib/gcc/nios2-elf/5.3.0/../../../../../H-x86_64-mingw32/nios2-elf/lib\libc.a(lib_a-putc.o)
                0x00000000024d74f4                putc
 .text          0x00000000024d75bc        0x0 c:/altera/18.1/nios2eds/bin/gnu/h-x86_64-mingw32/bin/../lib/gcc/nios2-elf/5.3.0/../../../../../H-x86_64-mingw32/nios2-elf/lib\libc.a(lib_a-readr.o)
 .text._read_r  0x00000000024d75bc       0x60 c:/altera/18.1/nios2eds/bin/gnu/h-x86_64-mingw32/bin/../lib/gcc/nios2-elf/5.3.0/../../../../../H-x86_64-mingw32/nios2-elf/lib\libc.a(lib_a-readr.o)
                0x00000000024d75bc                _read_r
 .text          0x00000000024d761c        0x0 c:/altera/18.1/nios2eds/bin/gnu/h-x86_64-mingw32/bin/../lib/gcc/nios2-elf/5.3.0/../../../../../H-x86_64-mingw32/nios2-elf/lib\libc.a(lib_a-s_fpclassify.o)
 .text.__fpclassifyd
                0x00000000024d761c       0x74 c:/altera/18.1/nios2eds/bin/gnu/h-x86_64-mingw32/bin/../lib/gcc/nios2-elf/5.3.0/../../../../../H-x86_64-mingw32/nios2-elf/lib\libc.a(lib_a-s_fpclassify.o)
                0x00000000024d761c                __fpclassifyd
 .text          0x00000000024d7690        0x0 c:/altera/18.1/nios2eds/bin/gnu/h-x86_64-mingw32/bin/../lib/gcc/nios2-elf/5.3.0/../../../../../H-x86_64-mingw32/nios2-elf/lib\libc.a(lib_a-signal.o)
 .text._init_signal_r
                0x00000000024d7690       0x6c c:/altera/18.1/nios2eds/bin/gnu/h-x86_64-mingw32/bin/../lib/gcc/nios2-elf/5.3.0/../../../../../H-x86_64-mingw32/nios2-elf/lib\libc.a(lib_a-signal.o)
                0x00000000024d7690                _init_signal_r
 .text._signal_r
                0x00000000024d76fc       0x84 c:/altera/18.1/nios2eds/bin/gnu/h-x86_64-mingw32/bin/../lib/gcc/nios2-elf/5.3.0/../../../../../H-x86_64-mingw32/nios2-elf/lib\libc.a(lib_a-signal.o)
                0x00000000024d76fc                _signal_r
 .text._raise_r
                0x00000000024d7780       0xbc c:/altera/18.1/nios2eds/bin/gnu/h-x86_64-mingw32/bin/../lib/gcc/nios2-elf/5.3.0/../../../../../H-x86_64-mingw32/nios2-elf/lib\libc.a(lib_a-signal.o)
                0x00000000024d7780                _raise_r
 .text.__sigtramp_r
                0x00000000024d783c       0xa8 c:/altera/18.1/nios2eds/bin/gnu/h-x86_64-mingw32/bin/../lib/gcc/nios2-elf/5.3.0/../../../../../H-x86_64-mingw32/nios2-elf/lib\libc.a(lib_a-signal.o)
                0x00000000024d783c                __sigtramp_r
 .text.raise    0x00000000024d78e4       0x14 c:/altera/18.1/nios2eds/bin/gnu/h-x86_64-mingw32/bin/../lib/gcc/nios2-elf/5.3.0/../../../../../H-x86_64-mingw32/nios2-elf/lib\libc.a(lib_a-signal.o)
                0x00000000024d78e4                raise
 .text.signal   0x00000000024d78f8       0x18 c:/altera/18.1/nios2eds/bin/gnu/h-x86_64-mingw32/bin/../lib/gcc/nios2-elf/5.3.0/../../../../../H-x86_64-mingw32/nios2-elf/lib\libc.a(lib_a-signal.o)
                0x00000000024d78f8                signal
 .text._init_signal
                0x00000000024d7910       0x10 c:/altera/18.1/nios2eds/bin/gnu/h-x86_64-mingw32/bin/../lib/gcc/nios2-elf/5.3.0/../../../../../H-x86_64-mingw32/nios2-elf/lib\libc.a(lib_a-signal.o)
                0x00000000024d7910                _init_signal
 .text.__sigtramp
                0x00000000024d7920       0x14 c:/altera/18.1/nios2eds/bin/gnu/h-x86_64-mingw32/bin/../lib/gcc/nios2-elf/5.3.0/../../../../../H-x86_64-mingw32/nios2-elf/lib\libc.a(lib_a-signal.o)
                0x00000000024d7920                __sigtramp
 .text          0x00000000024d7934        0x0 c:/altera/18.1/nios2eds/bin/gnu/h-x86_64-mingw32/bin/../lib/gcc/nios2-elf/5.3.0/../../../../../H-x86_64-mingw32/nios2-elf/lib\libc.a(lib_a-signalr.o)
 .text._kill_r  0x00000000024d7934       0x5c c:/altera/18.1/nios2eds/bin/gnu/h-x86_64-mingw32/bin/../lib/gcc/nios2-elf/5.3.0/../../../../../H-x86_64-mingw32/nios2-elf/lib\libc.a(lib_a-signalr.o)
                0x00000000024d7934                _kill_r
 .text._getpid_r
                0x00000000024d7990        0x4 c:/altera/18.1/nios2eds/bin/gnu/h-x86_64-mingw32/bin/../lib/gcc/nios2-elf/5.3.0/../../../../../H-x86_64-mingw32/nios2-elf/lib\libc.a(lib_a-signalr.o)
                0x00000000024d7990                _getpid_r
 .text          0x00000000024d7994        0x0 c:/altera/18.1/nios2eds/bin/gnu/h-x86_64-mingw32/bin/../lib/gcc/nios2-elf/5.3.0/../../../../../H-x86_64-mingw32/nios2-elf/lib\libc.a(lib_a-svfiprintf.o)
 .text.__ssprint_r
                0x00000000024d7994      0x1d0 c:/altera/18.1/nios2eds/bin/gnu/h-x86_64-mingw32/bin/../lib/gcc/nios2-elf/5.3.0/../../../../../H-x86_64-mingw32/nios2-elf/lib\libc.a(lib_a-svfiprintf.o)
                0x00000000024d7994                __ssprint_r
 .text.___svfiprintf_internal_r
                0x00000000024d7b64     0x123c c:/altera/18.1/nios2eds/bin/gnu/h-x86_64-mingw32/bin/../lib/gcc/nios2-elf/5.3.0/../../../../../H-x86_64-mingw32/nios2-elf/lib\libc.a(lib_a-svfiprintf.o)
                0x00000000024d7b64                ___svfiprintf_internal_r
 .text          0x00000000024d8da0        0x0 c:/altera/18.1/nios2eds/bin/gnu/h-x86_64-mingw32/bin/../lib/gcc/nios2-elf/5.3.0/../../../../../H-x86_64-mingw32/nios2-elf/lib\libc.a(lib_a-vfiprintf.o)
 .text.__sprint_r.part.0
                0x00000000024d8da0       0xfc c:/altera/18.1/nios2eds/bin/gnu/h-x86_64-mingw32/bin/../lib/gcc/nios2-elf/5.3.0/../../../../../H-x86_64-mingw32/nios2-elf/lib\libc.a(lib_a-vfiprintf.o)
 .text.__sprint_r
                0x00000000024d8e9c       0x18 c:/altera/18.1/nios2eds/bin/gnu/h-x86_64-mingw32/bin/../lib/gcc/nios2-elf/5.3.0/../../../../../H-x86_64-mingw32/nios2-elf/lib\libc.a(lib_a-vfiprintf.o)
                0x00000000024d8e9c                __sprint_r
 .text.___vfiprintf_internal_r