Archive member included to satisfy reference by file (symbol)

c:/altera/18.1/nios2eds/bin/gnu/h-x86_64-mingw32/bin/../lib/gcc/nios2-elf/5.3.0/../../../../../H-x86_64-mingw32/nios2-elf/lib\libc.a(lib_a-printf.o)
                              obj/default/main.o (printf)
c:/altera/18.1/nios2eds/bin/gnu/h-x86_64-mingw32/bin/../lib/gcc/nios2-elf/5.3.0/../../../../../H-x86_64-mingw32/nios2-elf/lib\libc.a(lib_a-vfprintf.o)
                              c:/altera/18.1/nios2eds/bin/gnu/h-x86_64-mingw32/bin/../lib/gcc/nios2-elf/5.3.0/../../../../../H-x86_64-mingw32/nios2-elf/lib\libc.a(lib_a-printf.o) (___vfprintf_internal_r)
c:/altera/18.1/nios2eds/bin/gnu/h-x86_64-mingw32/bin/../lib/gcc/nios2-elf/5.3.0/../../../../../H-x86_64-mingw32/nios2-elf/lib\libc.a(lib_a-wsetup.o)
                              c:/altera/18.1/nios2eds/bin/gnu/h-x86_64-mingw32/bin/../lib/gcc/nios2-elf/5.3.0/../../../../../H-x86_64-mingw32/nios2-elf/lib\libc.a(lib_a-vfprintf.o) (__swsetup_r)
c:/altera/18.1/nios2eds/bin/gnu/h-x86_64-mingw32/bin/../lib/gcc/nios2-elf/5.3.0/../../../../../H-x86_64-mingw32/nios2-elf/lib\libc.a(lib_a-dtoa.o)
                              c:/altera/18.1/nios2eds/bin/gnu/h-x86_64-mingw32/bin/../lib/gcc/nios2-elf/5.3.0/../../../../../H-x86_64-mingw32/nios2-elf/lib\libc.a(lib_a-vfprintf.o) (_dtoa_r)
c:/altera/18.1/nios2eds/bin/gnu/h-x86_64-mingw32/bin/../lib/gcc/nios2-elf/5.3.0/../../../../../H-x86_64-mingw32/nios2-elf/lib\libc.a(lib_a-fflush.o)
                              c:/altera/18.1/nios2eds/bin/gnu/h-x86_64-mingw32/bin/../lib/gcc/nios2-elf/5.3.0/../../../../../H-x86_64-mingw32/nios2-elf/lib\libc.a(lib_a-vfprintf.o) (_fflush_r)
c:/altera/18.1/nios2eds/bin/gnu/h-x86_64-mingw32/bin/../lib/gcc/nios2-elf/5.3.0/../../../../../H-x86_64-mingw32/nios2-elf/lib\libc.a(lib_a-findfp.o)
                              c:/altera/18.1/nios2eds/bin/gnu/h-x86_64-mingw32/bin/../lib/gcc/nios2-elf/5.3.0/../../../../../H-x86_64-mingw32/nios2-elf/lib\libc.a(lib_a-vfprintf.o) (__sinit)
c:/altera/18.1/nios2eds/bin/gnu/h-x86_64-mingw32/bin/../lib/gcc/nios2-elf/5.3.0/../../../../../H-x86_64-mingw32/nios2-elf/lib\libc.a(lib_a-freer.o)
                              c:/altera/18.1/nios2eds/bin/gnu/h-x86_64-mingw32/bin/../lib/gcc/nios2-elf/5.3.0/../../../../../H-x86_64-mingw32/nios2-elf/lib\libc.a(lib_a-wsetup.o) (_free_r)
c:/altera/18.1/nios2eds/bin/gnu/h-x86_64-mingw32/bin/../lib/gcc/nios2-elf/5.3.0/../../../../../H-x86_64-mingw32/nios2-elf/lib\libc.a(lib_a-fwalk.o)
                              c:/altera/18.1/nios2eds/bin/gnu/h-x86_64-mingw32/bin/../lib/gcc/nios2-elf/5.3.0/../../../../../H-x86_64-mingw32/nios2-elf/lib\libc.a(lib_a-findfp.o) (_fwalk)
c:/altera/18.1/nios2eds/bin/gnu/h-x86_64-mingw32/bin/../lib/gcc/nios2-elf/5.3.0/../../../../../H-x86_64-mingw32/nios2-elf/lib\libc.a(lib_a-impure.o)
                              c:/altera/18.1/nios2eds/bin/gnu/h-x86_64-mingw32/bin/../lib/gcc/nios2-elf/5.3.0/../../../../../H-x86_64-mingw32/nios2-elf/lib\libc.a(lib_a-fflush.o) (_global_impure_ptr)
c:/altera/18.1/nios2eds/bin/gnu/h-x86_64-mingw32/bin/../lib/gcc/nios2-elf/5.3.0/../../../../../H-x86_64-mingw32/nios2-elf/lib\libc.a(lib_a-locale.o)
                              c:/altera/18.1/nios2eds/bin/gnu/h-x86_64-mingw32/bin/../lib/gcc/nios2-elf/5.3.0/../../../../../H-x86_64-mingw32/nios2-elf/lib\libc.a(lib_a-vfprintf.o) (_localeconv_r)
c:/altera/18.1/nios2eds/bin/gnu/h-x86_64-mingw32/bin/../lib/gcc/nios2-elf/5.3.0/../../../../../H-x86_64-mingw32/nios2-elf/lib\libc.a(lib_a-makebuf.o)
                              c:/altera/18.1/nios2eds/bin/gnu/h-x86_64-mingw32/bin/../lib/gcc/nios2-elf/5.3.0/../../../../../H-x86_64-mingw32/nios2-elf/lib\libc.a(lib_a-wsetup.o) (__smakebuf_r)
c:/altera/18.1/nios2eds/bin/gnu/h-x86_64-mingw32/bin/../lib/gcc/nios2-elf/5.3.0/../../../../../H-x86_64-mingw32/nios2-elf/lib\libc.a(lib_a-mallocr.o)
                              c:/altera/18.1/nios2eds/bin/gnu/h-x86_64-mingw32/bin/../lib/gcc/nios2-elf/5.3.0/../../../../../H-x86_64-mingw32/nios2-elf/lib\libc.a(lib_a-findfp.o) (_malloc_r)
c:/altera/18.1/nios2eds/bin/gnu/h-x86_64-mingw32/bin/../lib/gcc/nios2-elf/5.3.0/../../../../../H-x86_64-mingw32/nios2-elf/lib\libc.a(lib_a-memchr.o)
                              c:/altera/18.1/nios2eds/bin/gnu/h-x86_64-mingw32/bin/../lib/gcc/nios2-elf/5.3.0/../../../../../H-x86_64-mingw32/nios2-elf/lib\libc.a(lib_a-vfprintf.o) (memchr)
c:/altera/18.1/nios2eds/bin/gnu/h-x86_64-mingw32/bin/../lib/gcc/nios2-elf/5.3.0/../../../../../H-x86_64-mingw32/nios2-elf/lib\libc.a(lib_a-memcpy.o)
                              c:/altera/18.1/nios2eds/bin/gnu/h-x86_64-mingw32/bin/../lib/gcc/nios2-elf/5.3.0/../../../../../H-x86_64-mingw32/nios2-elf/lib\libc.a(lib_a-dtoa.o) (memcpy)
c:/altera/18.1/nios2eds/bin/gnu/h-x86_64-mingw32/bin/../lib/gcc/nios2-elf/5.3.0/../../../../../H-x86_64-mingw32/nios2-elf/lib\libc.a(lib_a-memset.o)
[...]
Memory Configuration

Name             Origin             Length             Attributes
tse_descriptor_memory_0 0x0000000000000000 0x0000000000002000
sdram_controller_0 0x0000000001800000 0x0000000000800000
reset            0x0000000002010000 0x0000000000000020
mem_0            0x0000000002010020 0x000000000000ffe0
*default*        0x0000000000000000 0xffffffffffffffff

Linker script and memory map

LOAD ../FreeRTOS_bsp//obj/HAL/src/crt0.o
LOAD obj/default/main.o
LOAD c:/altera/18.1/nios2eds/bin/gnu/h-x86_64-mingw32/bin/../lib/gcc/nios2-elf/5.3.0/../../../../../H-x86_64-mingw32/nios2-elf/lib\libstdc++.a
LOAD c:/altera/18.1/nios2eds/bin/gnu/h-x86_64-mingw32/bin/../lib/gcc/nios2-elf/5.3.0/../../../../../H-x86_64-mingw32/nios2-elf/lib\libm.a
LOAD c:/altera/18.1/nios2eds/bin/gnu/h-x86_64-mingw32/bin/../lib/gcc/nios2-elf/5.3.0\libgcc.a
START GROUP
LOAD c:/altera/18.1/nios2eds/bin/gnu/h-x86_64-mingw32/bin/../lib/gcc/nios2-elf/5.3.0/../../../../../H-x86_64-mingw32/nios2-elf/lib\libc.a
LOAD c:/altera/18.1/nios2eds/bin/gnu/h-x86_64-mingw32/bin/../lib/gcc/nios2-elf/5.3.0\libgcc.a
LOAD ../FreeRTOS_bsp/\libfreertos_bsp.a
LOAD c:/altera/18.1/nios2eds/bin/gnu/h-x86_64-mingw32/bin/../lib/gcc/nios2-elf/5.3.0/../../../../../H-x86_64-mingw32/nios2-elf/lib\libm.a
END GROUP
LOAD c:/altera/18.1/nios2eds/bin/gnu/h-x86_64-mingw32/bin/../lib/gcc/nios2-elf/5.3.0\libgcc.a
                0x0000000000000000                __alt_mem_tse_descriptor_memory_0 = 0x0
                0x0000000001800000                __alt_mem_sdram_controller_0 = 0x1800000
                0x0000000002010000                __alt_mem_mem_0 = 0x2010000

.entry          0x0000000002010000       0x20
 *(.entry)
 .entry         0x0000000002010000       0x20 ../FreeRTOS_bsp//obj/HAL/src/crt0.o
                0x0000000002010000                __reset

.exceptions     0x0000000002010020      0x2d0 load address 0x0000000001800000
                0x0000000002010020                PROVIDE (__ram_exceptions_start, ABSOLUTE (.))
                0x0000000002010020                . = ALIGN (0x20)
 *(.irq)
 *(.exceptions.entry.label)
 *(.exceptions.entry.user)
 *(.exceptions.entry.ecc_fatal)
 *(.exceptions.entry)
 .exceptions.entry
                0x0000000002010020       0xa0 ../FreeRTOS_bsp/\libfreertos_bsp.a(port_asm.o)
 *(.exceptions.irqtest.user)
 *(.exceptions.irqtest)
 .exceptions.irqtest
                0x00000000020100c0       0x14 ../FreeRTOS_bsp/\libfreertos_bsp.a(port_asm.o)
 *(.exceptions.irqhandler.user)
 *(.exceptions.irqhandler)
 .exceptions.irqhandler
                0x00000000020100d4        0x4 ../FreeRTOS_bsp/\libfreertos_bsp.a(port_asm.o)
 *(.exceptions.irqreturn.user)
 *(.exceptions.irqreturn)
 .exceptions.irqreturn
                0x00000000020100d8       0xa0 ../FreeRTOS_bsp/\libfreertos_bsp.a(port_asm.o)
                0x00000000020100d8                restore_sp_from_pxCurrentTCB
 *(.exceptions.notirq.label)
 *(.exceptions.notirq.user)
 *(.exceptions.notirq)
 *(.exceptions.soft.user)
 *(.exceptions.soft)
 .exceptions.soft
                0x0000000002010178       0x38 ../FreeRTOS_bsp/\libfreertos_bsp.a(port_asm.o)
 *(.exceptions.unknown.user)
 *(.exceptions.unknown)
 *(.exceptions.exit.label)
 *(.exceptions.exit.user)
 *(.exceptions.exit)
 *(.exceptions)
 .exceptions    0x00000000020101b0       0x74 ../FreeRTOS_bsp/\libfreertos_bsp.a(alt_instruction_exception_entry.o)
                0x00000000020101b0                alt_instruction_exception_entry
 .exceptions    0x0000000002010224       0xcc ../FreeRTOS_bsp/\libfreertos_bsp.a(alt_irq_handler.o)
                0x0000000002010224                alt_irq_handler
                0x00000000020102f0                PROVIDE (__ram_exceptions_end, ABSOLUTE (.))
                0x0000000001800000                PROVIDE (__flash_exceptions_start, LOADADDR (.exceptions))

.text           0x00000000018002d0    0x40068
                [!provide]                        PROVIDE (stext, ABSOLUTE (.))
 *(.interp)
 *(.hash)
 *(.dynsym)
 *(.dynstr)
 *(.gnu.version)
 *(.gnu.version_d)
 *(.gnu.version_r)
 *(.rel.init)
 *(.rela.init)
 *(.rel.text .rel.text.* .rel.gnu.linkonce.t.*)
 *(.rela.text .rela.text.* .rela.gnu.linkonce.t.*)
 *(.rel.fini)
 *(.rela.fini)
 *(.rel.rodata .rel.rodata.* .rel.gnu.linkonce.r.*)
 *(.rela.rodata .rela.rodata.* .rela.gnu.linkonce.r.*)
 *(.rel.data .rel.data.* .rel.gnu.linkonce.d.*)
 *(.rela.data .rela.data.* .rela.gnu.linkonce.d.*)
 *(.rel.tdata .rel.tdata.* .rel.gnu.linkonce.td.*)
 *(.rela.tdata .rela.tdata.* .rela.gnu.linkonce.td.*)
 *(.rel.tbss .rel.tbss.* .rel.gnu.linkonce.tb.*)
 *(.rela.tbss .rela.tbss.* .rela.gnu.linkonce.tb.*)
 *(.rel.ctors)
 *(.rela.ctors)
 *(.rel.dtors)
 *(.rela.dtors)
 *(.rel.got)
 *(.rela.got)
 *(.rel.sdata .rel.sdata.* .rel.gnu.linkonce.s.*)
 *(.rela.sdata .rela.sdata.* .rela.gnu.linkonce.s.*)
 *(.rel.sbss .rel.sbss.* .rel.gnu.linkonce.sb.*)
 *(.rela.sbss .rela.sbss.* .rela.gnu.linkonce.sb.*)
 *(.rel.sdata2 .rel.sdata2.* .rel.gnu.linkonce.s2.*)
 *(.rela.sdata2 .rela.sdata2.* .rela.gnu.linkonce.s2.*)
 *(.rel.sbss2 .rel.sbss2.* .rel.gnu.linkonce.sb2.*)
 *(.rela.sbss2 .rela.sbss2.* .rela.gnu.linkonce.sb2.*)
 *(.rel.bss .rel.bss.* .rel.gnu.linkonce.b.*)
 *(.rela.bss .rela.bss.* .rela.gnu.linkonce.b.*)
 *(.rel.plt)
 *(.rela.plt)
 *(.rel.dyn)
 *(.init)
 *(.plt)
 *(.text .stub .text.* .gnu.linkonce.t.*)
 .text          0x00000000018002d0       0x4c ../FreeRTOS_bsp//obj/HAL/src/crt0.o
                0x00000000018002d0                _start
 .text          0x000000000180031c      0x7d8 obj/default/main.o
                0x000000000180031c                vApplicationMallocFailedHook
                0x0000000001800344                vApplicationStackOverflowHook
                0x0000000001800468                InitNetwork
                0x0000000001800680                PingThread
                0x00000000018006bc                xEthernetRun
                0x0000000001800758                get_mac_addr
                0x0000000001800874                get_ip_addr
                0x000000000180092c                get_hostname
                0x0000000001800964                get_iface_name
                0x00000000018009ac                is_interface_active
                0x00000000018009d0                main
                0x0000000001800a10                main_thread
 .text          0x0000000001800af4        0x0 c:/altera/18.1/nios2eds/bin/gnu/h-x86_64-mingw32/bin/../lib/gcc/nios2-elf/5.3.0/../../../../../H-x86_64-mingw32/nios2-elf/lib\libc.a(lib_a-printf.o)
 .text._printf_r
                0x0000000001800af4       0x30 c:/altera/18.1/nios2eds/bin/gnu/h-x86_64-mingw32/bin/../lib/gcc/nios2-elf/5.3.0/../../../../../H-x86_64-mingw32/nios2-elf/lib\libc.a(lib_a-printf.o)
                0x0000000001800af4                _printf_r
 .text.printf   0x0000000001800b24       0x3c c:/altera/18.1/nios2eds/bin/gnu/h-x86_64-mingw32/bin/../lib/gcc/nios2-elf/5.3.0/../../../../../H-x86_64-mingw32/nios2-elf/lib\libc.a(lib_a-printf.o)
                0x0000000001800b24                printf
 .text          0x0000000001800b60        0x0 c:/altera/18.1/nios2eds/bin/gnu/h-x86_64-mingw32/bin/../lib/gcc/nios2-elf/5.3.0/../../../../../H-x86_64-mingw32/nios2-elf/lib\libc.a(lib_a-vfprintf.o)
 .text.___vfprintf_internal_r
                0x0000000001800b60     0x21f8 c:/altera/18.1/nios2eds/bin/gnu/h-x86_64-mingw32/bin/../lib/gcc/nios2-elf/5.3.0/../../../../../H-x86_64-mingw32/nios2-elf/lib\libc.a(lib_a-vfprintf.o)
                0x0000000001800b60                ___vfprintf_internal_r
 .text.__vfprintf_internal
                0x0000000001802d58       0x1c c:/altera/18.1/nios2eds/bin/gnu/h-x86_64-mingw32/bin/../lib/gcc/nios2-elf/5.3.0/../../../../../H-x86_64-mingw32/nios2-elf/lib\libc.a(lib_a-vfprintf.o)
                0x0000000001802d58                __vfprintf_internal
 .text.__sbprintf
                0x0000000001802d74       0xbc c:/altera/18.1/nios2eds/bin/gnu/h-x86_64-mingw32/bin/../lib/gcc/nios2-elf/5.3.0/../../../../../H-x86_64-mingw32/nios2-elf/lib\libc.a(lib_a-vfprintf.o)
 .text          0x0000000001802e30        0x0 c:/altera/18.1/nios2eds/bin/gnu/h-x86_64-mingw32/bin/../lib/gcc/nios2-elf/5.3.0/../../../../../H-x86_64-mingw32/nios2-elf/lib\libc.a(lib_a-wsetup.o)
 .text.__swsetup_r
                0x0000000001802e30      0x154 c:/altera/18.1/nios2eds/bin/gnu/h-x86_64-mingw32/bin/../lib/gcc/nios2-elf/5.3.0/../../../../../H-x86_64-mingw32/nios2-elf/lib\libc.a(lib_a-wsetup.o)
                0x0000000001802e30                __swsetup_r
 .text          0x0000000001802f84        0x0 c:/altera/18.1/nios2eds/bin/gnu/h-x86_64-mingw32/bin/../lib/gcc/nios2-elf/5.3.0/../../../../../H-x86_64-mingw32/nios2-elf/lib\libc.a(lib_a-dtoa.o)
 .text.quorem   0x0000000001802f84      0x200 c:/altera/18.1/nios2eds/bin/gnu/h-x86_64-mingw32/bin/../lib/gcc/nios2-elf/5.3.0/../../../../../H-x86_64-mingw32/nios2-elf/lib\libc.a(lib_a-dtoa.o)
 .text._dtoa_r  0x0000000001803184     0x1688 c:/altera/18.1/nios2eds/bin/gnu/h-x86_64-mingw32/bin/../lib/gcc/nios2-elf/5.3.0/../../../../../H-x86_64-mingw32/nios2-elf/lib\libc.a(lib_a-dtoa.o)
                0x0000000001803184                _dtoa_r
 .text          0x000000000180480c        0x0 c:/altera/18.1/nios2eds/bin/gnu/h-x86_64-mingw32/bin/../lib/gcc/nios2-elf/5.3.0/../../../../../H-x86_64-mingw32/nios2-elf/lib\libc.a(lib_a-fflush.o)
 .text.__sflush_r
                0x000000000180480c      0x21c c:/altera/18.1/nios2eds/bin/gnu/h-x86_64-mingw32/bin/../lib/gcc/nios2-elf/5.3.0/../../../../../H-x86_64-mingw32/nios2-elf/lib\libc.a(lib_a-fflush.o)
                0x000000000180480c                __sflush_r
 .text._fflush_r
                0x0000000001804a28       0x5c c:/altera/18.1/nios2eds/bin/gnu/h-x86_64-mingw32/bin/../lib/gcc/nios2-elf/5.3.0/../../../../../H-x86_64-mingw32/nios2-elf/lib\libc.a(lib_a-fflush.o)
                0x0000000001804a28                _fflush_r
 .text.fflush   0x0000000001804a84       0x30 c:/altera/18.1/nios2eds/bin/gnu/h-x86_64-mingw32/bin/../lib/gcc/nios2-elf/5.3.0/../../../../../H-x86_64-mingw32/nios2-elf/lib\libc.a(lib_a-fflush.o)
                0x0000000001804a84                fflush
 .text          0x0000000001804ab4        0x0 c:/altera/18.1/nios2eds/bin/gnu/h-x86_64-mingw32/bin/../lib/gcc/nios2-elf/5.3.0/../../../../../H-x86_64-mingw32/nios2-elf/lib\libc.a(lib_a-findfp.o)
 .text.__fp_unlock
                0x0000000001804ab4        0x8 c:/altera/18.1/nios2eds/bin/gnu/h-x86_64-mingw32/bin/../lib/gcc/nios2-elf/5.3.0/../../../../../H-x86_64-mingw32/nios2-elf/lib\libc.a(lib_a-findfp.o)
 .text._cleanup_r
                0x0000000001804abc        0xc c:/altera/18.1/nios2eds/bin/gnu/h-x86_64-mingw32/bin/../lib/gcc/nios2-elf/5.3.0/../../../../../H-x86_64-mingw32/nios2-elf/lib\libc.a(lib_a-findfp.o)
                0x0000000001804abc                _cleanup_r
 .text.__sinit.part.1
                0x0000000001804ac8      0x19c c:/altera/18.1/nios2eds/bin/gnu/h-x86_64-mingw32/bin/../lib/gcc/nios2-elf/5.3.0/../../../../../H-x86_64-mingw32/nios2-elf/lib\libc.a(lib_a-findfp.o)
 .text.__fp_lock
                0x0000000001804c64        0x8 c:/altera/18.1/nios2eds/bin/gnu/h-x86_64-mingw32/bin/../lib/gcc/nios2-elf/5.3.0/../../../../../H-x86_64-mingw32/nios2-elf/lib\libc.a(lib_a-findfp.o)
 .text.__sfmoreglue
                0x0000000001804c6c       0x68 c:/altera/18.1/nios2eds/bin/gnu/h-x86_64-mingw32/bin/../lib/gcc/nios2-elf/5.3.0/../../../../../H-x86_64-mingw32/nios2-elf/lib\libc.a(lib_a-findfp.o)
                0x0000000001804c6c                __sfmoreglue
 .text.__sfp    0x0000000001804cd4      0x118 c:/altera/18.1/nios2eds/bin/gnu/h-x86_64-mingw32/bin/../lib/gcc/nios2-elf/5.3.0/../../../../../H-x86_64-mingw32/nios2-elf/lib\libc.a(lib_a-findfp.o)
                0x0000000001804cd4                __sfp
 .text._cleanup
                0x0000000001804dec       0x18 c:/altera/18.1/nios2eds/bin/gnu/h-x86_64-mingw32/bin/../lib/gcc/nios2-elf/5.3.0/../../../../../H-x86_64-mingw32/nios2-elf/lib\libc.a(lib_a-findfp.o)
                0x0000000001804dec                _cleanup
 .text.__sinit  0x0000000001804e04       0x10 c:/altera/18.1/nios2eds/bin/gnu/h-x86_64-mingw32/bin/../lib/gcc/nios2-elf/5.3.0/../../../../../H-x86_64-mingw32/nios2-elf/lib\libc.a(lib_a-findfp.o)
                0x0000000001804e04                __sinit
 .text.__sfp_lock_acquire
                0x0000000001804e14        0x4 c:/altera/18.1/nios2eds/bin/gnu/h-x86_64-mingw32/bin/../lib/gcc/nios2-elf/5.3.0/../../../../../H-x86_64-mingw32/nios2-elf/lib\libc.a(lib_a-findfp.o)
                0x0000000001804e14                __sfp_lock_acquire
 .text.__sfp_lock_release
                0x0000000001804e18        0x4 c:/altera/18.1/nios2eds/bin/gnu/h-x86_64-mingw32/bin/../lib/gcc/nios2-elf/5.3.0/../../../../../H-x86_64-mingw32/nios2-elf/lib\libc.a(lib_a-findfp.o)
                0x0000000001804e18                __sfp_lock_release
 .text.__sinit_lock_acquire
                0x0000000001804e1c        0x4 c:/altera/18.1/nios2eds/bin/gnu/h-x86_64-mingw32/bin/../lib/gcc/nios2-elf/5.3.0/../../../../../H-x86_64-mingw32/nios2-elf/lib\libc.a(lib_a-findfp.o)
                0x0000000001804e1c                __sinit_lock_acquire
 .text.__sinit_lock_release
                0x0000000001804e20        0x4 c:/altera/18.1/nios2eds/bin/gnu/h-x86_64-mingw32/bin/../lib/gcc/nios2-elf/5.3.0/../../../../../H-x86_64-mingw32/nios2-elf/lib\libc.a(lib_a-findfp.o)
                0x0000000001804e20                __sinit_lock_release
 .text.__fp_lock_all
                0x0000000001804e24       0x18 c:/altera/18.1/nios2eds/bin/gnu/h-x86_64-mingw32/bin/../lib/gcc/nios2-elf/5.3.0/../../../../../H-x86_64-mingw32/nios2-elf/lib\libc.a(lib_a-findfp.o)
                0x0000000001804e24                __fp_lock_all
 .text.__fp_unlock_all
                0x0000000001804e3c       0x18 c:/altera/18.1/nios2eds/bin/gnu/h-x86_64-mingw32/bin/../lib/gcc/nios2-elf/5.3.0/../../../../../H-x86_64-mingw32/nios2-elf/lib\libc.a(lib_a-findfp.o)
                0x0000000001804e3c                __fp_unlock_all
 .text          0x0000000001804e54        0x0 c:/altera/18.1/nios2eds/bin/gnu/h-x86_64-mingw32/bin/../lib/gcc/nios2-elf/5.3.0/../../../../../H-x86_64-mingw32/nios2-elf/lib\libc.a(lib_a-freer.o)
 .text._malloc_trim_r
                0x0000000001804e54      0x124 c:/altera/18.1/nios2eds/bin/gnu/h-x86_64-mingw32/bin/../lib/gcc/nios2-elf/5.3.0/../../../../../H-x86_64-mingw32/nios2-elf/lib\libc.a(lib_a-freer.o)
                0x0000000001804e54                _malloc_trim_r
 .text._free_r  0x0000000001804f78      0x310 c:/altera/18.1/nios2eds/bin/gnu/h-x86_64-mingw32/bin/../lib/gcc/nios2-elf/5.3.0/../../../../../H-x86_64-mingw32/nios2-elf/lib\libc.a(lib_a-freer.o)
                0x0000000001804f78                _free_r
 .text          0x0000000001805288        0x0 c:/altera/18.1/nios2eds/bin/gnu/h-x86_64-mingw32/bin/../lib/gcc/nios2-elf/5.3.0/../../../../../H-x86_64-mingw32/nios2-elf/lib\libc.a(lib_a-fwalk.o)
 .text._fwalk   0x0000000001805288       0xc4 c:/altera/18.1/nios2eds/bin/gnu/h-x86_64-mingw32/bin/../lib/gcc/nios2-elf/5.3.0/../../../../../H-x86_64-mingw32/nios2-elf/lib\libc.a(lib_a-fwalk.o)
                0x0000000001805288                _fwalk
 .text._fwalk_reent
                0x000000000180534c       0xc4 c:/altera/18.1/nios2eds/bin/gnu/h-x86_64-mingw32/bin/../lib/gcc/nios2-elf/5.3.0/../../../../../H-x86_64-mingw32/nios2-elf/lib\libc.a(lib_a-fwalk.o)
                0x000000000180534c                _fwalk_reent
 .text          0x0000000001805410        0x0 c:/altera/18.1/nios2eds/bin/gnu/h-x86_64-mingw32/bin/../lib/gcc/nios2-elf/5.3.0/../../../../../H-x86_64-mingw32/nios2-elf/lib\libc.a(lib_a-impure.o)
 .text          0x0000000001805410        0x0 c:/altera/18.1/nios2eds/bin/gnu/h-x86_64-mingw32/bin/../lib/gcc/nios2-elf/5.3.0/../../../../../H-x86_64-mingw32/nios2-elf/lib\libc.a(lib_a-locale.o)
 .text._setlocale_r
                0x0000000001805410       0x7c c:/altera/18.1/nios2eds/bin/gnu/h-x86_64-mingw32/bin/../lib/gcc/nios2-elf/5.3.0/../../../../../H-x86_64-mingw32/nios2-elf/lib\libc.a(lib_a-locale.o)
                0x0000000001805410                _setlocale_r
 .text.__locale_charset
                0x000000000180548c        0xc c:/altera/18.1/nios2eds/bin/gnu/h-x86_64-mingw32/bin/../lib/gcc/nios2-elf/5.3.0/../../../../../H-x86_64-mingw32/nios2-elf/lib\libc.a(lib_a-locale.o)
                0x000000000180548c                __locale_charset
 .text.__locale_mb_cur_max
                0x0000000001805498       0x10 c:/altera/18.1/nios2eds/bin/gnu/h-x86_64-mingw32/bin/../lib/gcc/nios2-elf/5.3.0/../../../../../H-x86_64-mingw32/nios2-elf/lib\libc.a(lib_a-locale.o)
                0x0000000001805498                __locale_mb_cur_max
 .text.__locale_msgcharset
                0x00000000018054a8        0xc c:/altera/18.1/nios2eds/bin/gnu/h-x86_64-mingw32/bin/../lib/gcc/nios2-elf/5.3.0/../../../../../H-x86_64-mingw32/nios2-elf/lib\libc.a(lib_a-locale.o)
                0x00000000018054a8                __locale_msgcharset
 .text.__locale_cjk_lang
                0x00000000018054b4        0x8 c:/altera/18.1/nios2eds/bin/gnu/h-x86_64-mingw32/bin/../lib/gcc/nios2-elf/5.3.0/../../../../../H-x86_64-mingw32/nios2-elf/lib\libc.a(lib_a-locale.o)
                0x00000000018054b4                __locale_cjk_lang
 .text._localeconv_r
                0x00000000018054bc        0xc c:/altera/18.1/nios2eds/bin/gnu/h-x86_64-mingw32/bin/../lib/gcc/nios2-elf/5.3.0/../../../../../H-x86_64-mingw32/nios2-elf/lib\libc.a(lib_a-locale.o)
                0x00000000018054bc                _localeconv_r
 .text.setlocale
                0x00000000018054c8       0x18 c:/altera/18.1/nios2eds/bin/gnu/h-x86_64-mingw32/bin/../lib/gcc/nios2-elf/5.3.0/../../../../../H-x86_64-mingw32/nios2-elf/lib\libc.a(lib_a-locale.o)
                0x00000000018054c8                setlocale
 .text.localeconv
                0x00000000018054e0        0xc c:/altera/18.1/nios2eds/bin/gnu/h-x86_64-mingw32/bin/../lib/gcc/nios2-elf/5.3.0/../../../../../H-x86_64-mingw32/nios2-elf/lib\libc.a(lib_a-locale.o)
                0x00000000018054e0                localeconv
 .text          0x00000000018054ec        0x0 c:/altera/18.1/nios2eds/bin/gnu/h-x86_64-mingw32/bin/../lib/gcc/nios2-elf/5.3.0/../../../../../H-x86_64-mingw32/nios2-elf/lib\libc.a(lib_a-makebuf.o)
 .text.__smakebuf_r
                0x00000000018054ec      0x1bc c:/altera/18.1/nios2eds/bin/gnu/h-x86_64-mingw32/bin/../lib/gcc/nios2-elf/5.3.0/../../../../../H-x86_64-mingw32/nios2-elf/lib\libc.a(lib_a-makebuf.o)
                0x00000000018054ec                __smakebuf_r
 .text          0x00000000018056a8        0x0 c:/altera/18.1/nios2eds/bin/gnu/h-x86_64-mingw32/bin/../lib/gcc/nios2-elf/5.3.0/../../../../../H-x86_64-mingw32/nios2-elf/lib\libc.a(lib_a-mallocr.o)
 .text._malloc_r
                0x00000000018056a8      0x80c c:/altera/18.1/nios2eds/bin/gnu/h-x86_64-mingw32/bin/../lib/gcc/nios2-elf/5.3.0/../../../../../H-x86_64-mingw32/nios2-elf/lib\libc.a(lib_a-mallocr.o)
                0x00000000018056a8                _malloc_r
 .text          0x0000000001805eb4        0x0 c:/altera/18.1/nios2eds/bin/gnu/h-x86_64-mingw32/bin/../lib/gcc/nios2-elf/5.3.0/../../../../../H-x86_64-mingw32/nios2-elf/lib\libc.a(lib_a-memchr.o)
 .text.memchr   0x0000000001805eb4       0xe4 c:/altera/18.1/nios2eds/bin/gnu/h-x86_64-mingw32/bin/../lib/gcc/nios2-elf/5.3.0/../../../../../H-x86_64-mingw32/nios2-elf/lib\libc.a(lib_a-memchr.o)
                0x0000000001805eb4                memchr
 .text          0x0000000001805f98        0x0 c:/altera/18.1/nios2eds/bin/gnu/h-x86_64-mingw32/bin/../lib/gcc/nios2-elf/5.3.0/../../../../../H-x86_64-mingw32/nios2-elf/lib\libc.a(lib_a-memcpy.o)
 .text.memcpy   0x0000000001805f98      0x148 c:/altera/18.1/nios2eds/bin/gnu/h-x86_64-mingw32/bin/../lib/gcc/nios2-elf/5.3.0/../../../../../H-x86_64-mingw32/nios2-elf/lib\libc.a(lib_a-memcpy.o)
                0x0000000001805f98                memcpy
 .text          0x00000000018060e0        0x0 c:/altera/18.1/nios2eds/bin/gnu/h-x86_64-mingw32/bin/../lib/gcc/nios2-elf/5.3.0/../../../../../H-x86_64-mingw32/nios2-elf/lib\libc.a(lib_a-memset.o)
 .text.memset   0x00000000018060e0      0x128 c:/altera/18.1/nios2eds/bin/gnu/h-x86_64-mingw32/bin/../lib/gcc/nios2-elf/5.3.0/../../../../../H-x86_64-mingw32/nios2-elf/lib\libc.a(lib_a-memset.o)
                0x00000000018060e0                memset
 .text          0x0000000001806208        0x0 c:/altera/18.1/nios2eds/bin/gnu/h-x86_64-mingw32/bin/../lib/gcc/nios2-elf/5.3.0/../../../../../H-x86_64-mingw32/nios2-elf/lib\libc.a(lib_a-mprec.o)
 .text._Balloc  0x0000000001806208       0xa8 c:/altera/18.1/nios2eds/bin/gnu/h-x86_64-mingw32/bin/../lib/gcc/nios2-elf/5.3.0/../../../../../H-x86_64-mingw32/nios2-elf/lib\libc.a(lib_a-mprec.o)
                0x0000000001806208                _Balloc
 .text._Bfree   0x00000000018062b0       0x28 c:/altera/18.1/nios2eds/bin/gnu/h-x86_64-mingw32/bin/../lib/gcc/nios2-elf/5.3.0/../../../../../H-x86_64-mingw32/nios2-elf/lib\libc.a(lib_a-mprec.o)
                0x00000000018062b0                _Bfree
 .text.__multadd
                0x00000000018062d8      0x120 c:/altera/18.1/nios2eds/bin/gnu/h-x86_64-mingw32/bin/../lib/gcc/nios2-elf/5.3.0/../../../../../H-x86_64-mingw32/nios2-elf/lib\libc.a(lib_a-mprec.o)
                0x00000000018062d8                __multadd
 .text.__s2b    0x00000000018063f8      0x104 c:/altera/18.1/nios2eds/bin/gnu/h-x86_64-mingw32/bin/../lib/gcc/nios2-elf/5.3.0/../../../../../H-x86_64-mingw32/nios2-elf/lib\libc.a(lib_a-mprec.o)
                0x00000000018063f8                __s2b
 .text.__hi0bits
                0x00000000018064fc       0x68 c:/altera/18.1/nios2eds/bin/gnu/h-x86_64-mingw32/bin/../lib/gcc/nios2-elf/5.3.0/../../../../../H-x86_64-mingw32/nios2-elf/lib\libc.a(lib_a-mprec.o)
                0x00000000018064fc                __hi0bits
 .text.__lo0bits
                0x0000000001806564       0xb0 c:/altera/18.1/nios2eds/bin/gnu/h-x86_64-mingw32/bin/../lib/gcc/nios2-elf/5.3.0/../../../../../H-x86_64-mingw32/nios2-elf/lib\libc.a(lib_a-mprec.o)
                0x0000000001806564                __lo0bits
 .text.__i2b    0x0000000001806614       0x3c c:/altera/18.1/nios2eds/bin/gnu/h-x86_64-mingw32/bin/../lib/gcc/nios2-elf/5.3.0/../../../../../H-x86_64-mingw32/nios2-elf/lib\libc.a(lib_a-mprec.o)
                0x0000000001806614                __i2b
 .text.__multiply
                0x0000000001806650      0x1f8 c:/altera/18.1/nios2eds/bin/gnu/h-x86_64-mingw32/bin/../lib/gcc/nios2-elf/5.3.0/../../../../../H-x86_64-mingw32/nios2-elf/lib\libc.a(lib_a-mprec.o)
                0x0000000001806650                __multiply
 .text.__pow5mult
                0x0000000001806848      0x140 c:/altera/18.1/nios2eds/bin/gnu/h-x86_64-mingw32/bin/../lib/gcc/nios2-elf/5.3.0/../../../../../H-x86_64-mingw32/nios2-elf/lib\libc.a(lib_a-mprec.o)
                0x0000000001806848                __pow5mult
 .text.__lshift
                0x0000000001806988      0x148 c:/altera/18.1/nios2eds/bin/gnu/h-x86_64-mingw32/bin/../lib/gcc/nios2-elf/5.3.0/../../../../../H-x86_64-mingw32/nios2-elf/lib\libc.a(lib_a-mprec.o)
                0x0000000001806988                __lshift
 .text.__mcmp   0x0000000001806ad0       0x60 c:/altera/18.1/nios2eds/bin/gnu/h-x86_64-mingw32/bin/../lib/gcc/nios2-elf/5.3.0/../../../../../H-x86_64-mingw32/nios2-elf/lib\libc.a(lib_a-mprec.o)
                0x0000000001806ad0                __mcmp
 .text.__mdiff  0x0000000001806b30      0x1fc c:/altera/18.1/nios2eds/bin/gnu/h-x86_64-mingw32/bin/../lib/gcc/nios2-elf/5.3.0/../../../../../H-x86_64-mingw32/nios2-elf/lib\libc.a(lib_a-mprec.o)
                0x0000000001806b30                __mdiff
 .text.__ulp    0x0000000001806d2c       0x64 c:/altera/18.1/nios2eds/bin/gnu/h-x86_64-mingw32/bin/../lib/gcc/nios2-elf/5.3.0/../../../../../H-x86_64-mingw32/nios2-elf/lib\libc.a(lib_a-mprec.o)
                0x0000000001806d2c                __ulp
 .text.__b2d    0x0000000001806d90      0x10c c:/altera/18.1/nios2eds/bin/gnu/h-x86_64-mingw32/bin/../lib/gcc/nios2-elf/5.3.0/../../../../../H-x86_64-mingw32/nios2-elf/lib\libc.a(lib_a-mprec.o)
                0x0000000001806d90                __b2d
 .text.__d2b    0x0000000001806e9c      0x14c c:/altera/18.1/nios2eds/bin/gnu/h-x86_64-mingw32/bin/../lib/gcc/nios2-elf/5.3.0/../../../../../H-x86_64-mingw32/nios2-elf/lib\libc.a(lib_a-mprec.o)
                0x0000000001806e9c                __d2b
 .text.__ratio  0x0000000001806fe8       0xa4 c:/altera/18.1/nios2eds/bin/gnu/h-x86_64-mingw32/bin/../lib/gcc/nios2-elf/5.3.0/../../../../../H-x86_64-mingw32/nios2-elf/lib\libc.a(lib_a-mprec.o)
                0x0000000001806fe8                __ratio
 .text._mprec_log10
                0x000000000180708c       0x74 c:/altera/18.1/nios2eds/bin/gnu/h-x86_64-mingw32/bin/../lib/gcc/nios2-elf/5.3.0/../../../../../H-x86_64-mingw32/nios2-elf/lib\libc.a(lib_a-mprec.o)
                0x000000000180708c                _mprec_log10
 .text.__copybits
                0x0000000001807100       0x78 c:/altera/18.1/nios2eds/bin/gnu/h-x86_64-mingw32/bin/../lib/gcc/nios2-elf/5.3.0/../../../../../H-x86_64-mingw32/nios2-elf/lib\libc.a(lib_a-mprec.o)
                0x0000000001807100                __copybits
 .text.__any_on
                0x0000000001807178       0x8c c:/altera/18.1/nios2eds/bin/gnu/h-x86_64-mingw32/bin/../lib/gcc/nios2-elf/5.3.0/../../../../../H-x86_64-mingw32/nios2-elf/lib\libc.a(lib_a-mprec.o)
                0x0000000001807178                __any_on
 .text          0x0000000001807204        0x0 c:/altera/18.1/nios2eds/bin/gnu/h-x86_64-mingw32/bin/../lib/gcc/nios2-elf/5.3.0/../../../../../H-x86_64-mingw32/nios2-elf/lib\libc.a(lib_a-s_fpclassify.o)
 .text.__fpclassifyd
                0x0000000001807204       0x74 c:/altera/18.1/nios2eds/bin/gnu/h-x86_64-mingw32/bin/../lib/gcc/nios2-elf/5.3.0/../../../../../H-x86_64-mingw32/nios2-elf/lib\libc.a(lib_a-s_fpclassify.o)
                0x0000000001807204                __fpclassifyd
 .text          0x0000000001807278        0x0 c:/altera/18.1/nios2eds/bin/gnu/h-x86_64-mingw32/bin/../lib/gcc/nios2-elf/5.3.0/../../../../../H-x86_64-mingw32/nios2-elf/lib\libc.a(lib_a-sbrkr.o)
 .text._sbrk_r  0x0000000001807278       0x54 c:/altera/18.1/nios2eds/bin/gnu/h-x86_64-mingw32/bin/../lib/gcc/nios2-elf/5.3.0/../../../../../H-x86_64-mingw32/nios2-elf/lib\libc.a(lib_a-sbrkr.o)
                0x0000000001807278                _sbrk_r
 .text          0x00000000018072cc        0x0 c:/altera/18.1/nios2eds/bin/gnu/h-x86_64-mingw32/bin/../lib/gcc/nios2-elf/5.3.0/../../../../../H-x86_64-mingw32/nios2-elf/lib\libc.a(lib_a-stdio.o)
 .text.__sread  0x00000000018072cc       0x54 c:/altera/18.1/nios2eds/bin/gnu/h-x86_64-mingw32/bin/../lib/gcc/nios2-elf/5.3.0/../../../../../H-x86_64-mingw32/nios2-elf/lib\libc.a(lib_a-stdio.o)
                0x00000000018072cc                __sread
 .text.__seofread
                0x0000000001807320        0x8 c:/altera/18.1/nios2eds/bin/gnu/h-x86_64-mingw32/bin/../lib/gcc/nios2-elf/5.3.0/../../../../../H-x86_64-mingw32/nios2-elf/lib\libc.a(lib_a-stdio.o)
                0x0000000001807320                __seofread
 .text.__swrite
                0x0000000001807328       0x7c c:/altera/18.1/nios2eds/bin/gnu/h-x86_64-mingw32/bin/../lib/gcc/nios2-elf/5.3.0/../../../../../H-x86_64-mingw32/nios2-elf/lib\libc.a(lib_a-stdio.o)
                0x0000000001807328                __swrite
 .text.__sseek  0x00000000018073a4       0x5c c:/altera/18.1/nios2eds/bin/gnu/h-x86_64-mingw32/bin/../lib/gcc/nios2-elf/5.3.0/../../../../../H-x86_64-mingw32/nios2-elf/lib\libc.a(lib_a-stdio.o)
                0x00000000018073a4                __sseek
 .text.__sclose
                0x0000000001807400        0x8 c:/altera/18.1/nios2eds/bin/gnu/h-x86_64-mingw32/bin/../lib/gcc/nios2-elf/5.3.0/../../../../../H-x86_64-mingw32/nios2-elf/lib\libc.a(lib_a-stdio.o)
                0x0000000001807400                __sclose
 .text          0x0000000001807408        0x0 c:/altera/18.1/nios2eds/bin/gnu/h-x86_64-mingw32/bin/../lib/gcc/nios2-elf/5.3.0/../../../../../H-x86_64-mingw32/nios2-elf/lib\libc.a(lib_a-strcmp.o)
 .text.strcmp   0x0000000001807408       0xdc c:/altera/18.1/nios2eds/bin/gnu/h-x86_64-mingw32/bin/../lib/gcc/nios2-elf/5.3.0/../../../../../H-x86_64-mingw32/nios2-elf/lib\libc.a(lib_a-strcmp.o)
                0x0000000001807408                strcmp
 .text          0x00000000018074e4        0x0 c:/altera/18.1/nios2eds/bin/gnu/h-x86_64-mingw32/bin/../lib/gcc/nios2-elf/5.3.0/../../../../../H-x86_64-mingw32/nios2-elf/lib\libc.a(lib_a-strlen.o)
 .text.strlen   0x00000000018074e4       0x98 c:/altera/18.1/nios2eds/bin/gnu/h-x86_64-mingw32/bin/../lib/gcc/nios2-elf/5.3.0/../../../../../H-x86_64-mingw32/nios2-elf/lib\libc.a(lib_a-strlen.o)
                0x00000000018074e4                strlen
 .text          0x000000000180757c        0x0 c:/altera/18.1/nios2eds/bin/gnu/h-x86_64-mingw32/bin/../lib/gcc/nios2-elf/5.3.0/../../../../../H-x86_64-mingw32/nios2-elf/lib\libc.a(lib_a-vfiprintf.o)
 .text.__sprint_r.part.0
                0x000000000180757c       0xfc c:/altera/18.1/nios2eds/bin/gnu/h-x86_64-mingw32/bin/../lib/gcc/nios2-elf/5.3.0/../../../../../H-x86_64-mingw32/nios2-elf/lib\libc.a(lib_a-vfiprintf.o)
 .text.__sprint_r
                0x0000000001807678       0x18 c:/altera/18.1/nios2eds/bin/gnu/h-x86_64-mingw32/bin/../lib/gcc/nios2-elf/5.3.0/../../../../../H-x86_64-mingw32/nios2-elf/lib\libc.a(lib_a-vfiprintf.o)
                0x0000000001807678                __sprint_r
 .text.___vfiprintf_internal_r
                0x0000000001807690     0x145c c:/altera/18.1/nios2eds/bin/gnu/h-x86_64-mingw32/bin/../lib/gcc/nios2-elf/5.3.0/../../../../../H-x86_64-mingw32/nios2-elf/lib\libc.a(lib_a-vfiprintf.o)
                0x0000000001807690                ___vfiprintf_internal_r
 .text.__vfiprintf_internal
                0x0000000001808aec       0x1c c:/altera/18.1/nios2eds/bin/gnu/h-x86_64-mingw32/bin/../lib/gcc/nios2-elf/5.3.0/../../../../../H-x86_64-mingw32/nios2-elf/lib\libc.a(lib_a-vfiprintf.o)
                0x0000000001808aec                __vfiprintf_internal
 .text.__sbprintf
                0x0000000001808b08       0xbc c:/altera/18.1/nios2eds/bin/gnu/h-x86_64-mingw32/bin/../lib/gcc/nios2-elf/5.3.0/../../../../../H-x86_64-mingw32/nios2-elf/lib\libc.a(lib_a-vfiprintf.o)
 .text          0x0000000001808bc4        0x0 c:/altera/18.1/nios2eds/bin/gnu/h-x86_64-mingw32/bin/../lib/gcc/nios2-elf/5.3.0/../../../../../H-x86_64-mingw32/nios2-elf/lib\libc.a(lib_a-writer.o)
 .text._write_r
                0x0000000001808bc4       0x60 c:/altera/18.1/nios2eds/bin/gnu/h-x86_64-mingw32/bin/../lib/gcc/nios2-elf/5.3.0/../../../../../H-x86_64-mingw32/nios2-elf/lib\libc.a(lib_a-writer.o)
                0x0000000001808bc4                _write_r
 .text          0x0000000001808c24        0x0 c:/altera/18.1/nios2eds/bin/gnu/h-x86_64-mingw32/bin/../lib/gcc/nios2-elf/5.3.0/../../../../../H-x86_64-mingw32/nios2-elf/lib\libc.a(closer.o)
 .text._close_r
                0x0000000001808c24       0x54 c:/altera/18.1/nios2eds/bin/gnu/h-x86_64-mingw32/bin/../lib/gcc/nios2-elf/5.3.0/../../../../../H-x86_64-mingw32/nios2-elf/lib\libc.a(closer.o)
                0x0000000001808c24                _close_r
 .text          0x0000000001808c78        0x0 c:/altera/18.1/nios2eds/bin/gnu/h-x86_64-mingw32/bin/../lib/gcc/nios2-elf/5.3.0/../../../../../H-x86_64-mingw32/nios2-elf/lib\libc.a(lib_a-callocr.o)
 .text._calloc_r
                0x0000000001808c78       0xc4 c:/altera/18.1/nios2eds/bin/gnu/h-x86_64-mingw32/bin/../lib/gcc/nios2-elf/5.3.0/../../../../../H-x86_64-mingw32/nios2-elf/lib\libc.a(lib_a-callocr.o)
                0x0000000001808c78                _calloc_r
 .text          0x0000000001808d3c        0x0 c:/altera/18.1/nios2eds/bin/gnu/h-x86_64-mingw32/bin/../lib/gcc/nios2-elf/5.3.0/../../../../../H-x86_64-mingw32/nios2-elf/lib\libc.a(lib_a-fclose.o)
 .text._fclose_r
                0x0000000001808d3c       0xf0 c:/altera/18.1/nios2eds/bin/gnu/h-x86_64-mingw32/bin/../lib/gcc/nios2-elf/5.3.0/../../../../../H-x86_64-mingw32/nios2-elf/lib\libc.a(lib_a-fclose.o)
                0x0000000001808d3c                _fclose_r
 .text.fclose   0x0000000001808e2c       0x14 c:/altera/18.1/nios2eds/bin/gnu/h-x86_64-mingw32/bin/../lib/gcc/nios2-elf/5.3.0/../../../../../H-x86_64-mingw32/nios2-elf/lib\libc.a(lib_a-fclose.o)
                0x0000000001808e2c                fclose
 .text          0x0000000001808e40        0x0 c:/altera/18.1/nios2eds/bin/gnu/h-x86_64-mingw32/bin/../lib/gcc/nios2-elf/5.3.0/../../../../../H-x86_64-mingw32/nios2-elf/lib\libc.a(lib_a-fputwc.o)
 .text.__fputwc
                0x0000000001808e40      0x164 c:/altera/18.1/nios2eds/bin/gnu/h-x86_64-mingw32/bin/../lib/gcc/nios2-elf/5.3.0/../../../../../H-x86_64-mingw32/nios2-elf/lib\libc.a(lib_a-fputwc.o)
                0x0000000001808e40                __fputwc
 .text._fputwc_r
                0x0000000001808fa4       0x24 c:/altera/18.1/nios2eds/bin/gnu/h-x86_64-mingw32/bin/../lib/gcc/nios2-elf/5.3.0/../../../../../H-x86_64-mingw32/nios2-elf/lib\libc.a(lib_a-fputwc.o)
                0x0000000001808fa4                _fputwc_r
 .text.fputwc   0x0000000001808fc8       0x80 c:/altera/18.1/nios2eds/bin/gnu/h-x86_64-mingw32/bin/../lib/gcc/nios2-elf/5.3.0/../../../../../H-x86_64-mingw32/nios2-elf/lib\libc.a(lib_a-fputwc.o)
                0x0000000001808fc8                fputwc
 .text          0x0000000001809048        0x0 c:/altera/18.1/nios2eds/bin/gnu/h-x86_64-mingw32/bin/../lib/gcc/nios2-elf/5.3.0/../../../../../H-x86_64-mingw32/nios2-elf/lib\libc.a(lib_a-fstatr.o)
 .text._fstat_r
                0x0000000001809048       0x5c c:/altera/18.1/nios2eds/bin/gnu/h-x86_64-mingw32/bin/../lib/gcc/nios2-elf/5.3.0/../../../../../H-x86_64-mingw32/nios2-elf/lib\libc.a(lib_a-fstatr.o)
                0x0000000001809048                _fstat_r
 .text          0x00000000018090a4        0x0 c:/altera/18.1/nios2eds/bin/gnu/h-x86_64-mingw32/bin/../lib/gcc/nios2-elf/5.3.0/../../../../../H-x86_64-mingw32/nios2-elf/lib\libc.a(lib_a-fvwrite.o)
 .text.__sfvwrite_r
                0x00000000018090a4      0x4bc c:/altera/18.1/nios2eds/bin/gnu/h-x86_64-mingw32/bin/../lib/gcc/nios2-elf/5.3.0/../../../../../H-x86_64-mingw32/nios2-elf/lib\libc.a(lib_a-fvwrite.o)
                0x00000000018090a4                __sfvwrite_r
 .text          0x0000000001809560        0x0 c:/altera/18.1/nios2eds/bin/gnu/h-x86_64-mingw32/bin/../lib/gcc/nios2-elf/5.3.0/../../../../../H-x86_64-mingw32/nios2-elf/lib\libc.a(lib_a-int_errno.o)
 .text          0x0000000001809560        0x0 c:/altera/18.1/nios2eds/bin/gnu/h-x86_64-mingw32/bin/../lib/gcc/nios2-elf/5.3.0/../../../../../H-x86_64-mingw32/nios2-elf/lib\libc.a(lib_a-isattyr.o)
 .text._isatty_r
                0x0000000001809560       0x54 c:/altera/18.1/nios2eds/bin/gnu/h-x86_64-mingw32/bin/../lib/gcc/nios2-elf/5.3.0/../../../../../H-x86_64-mingw32/nios2-elf/lib\libc.a(lib_a-isattyr.o)
                0x0000000001809560                _isatty_r
 .text          0x00000000018095b4        0x0 c:/altera/18.1/nios2eds/bin/gnu/h-x86_64-mingw32/bin/../lib/gcc/nios2-elf/5.3.0/../../../../../H-x86_64-mingw32/nios2-elf/lib\libc.a(lib_a-lseekr.o)
 .text._lseek_r
                0x00000000018095b4       0x60 c:/altera/18.1/nios2eds/bin/gnu/h-x86_64-mingw32/bin/../lib/gcc/nios2-elf/5.3.0/../../../../../H-x86_64-mingw32/nios2-elf/lib\libc.a(lib_a-lseekr.o)
                0x00000000018095b4                _lseek_r
 .text          0x0000000001809614        0x0 c:/altera/18.1/nios2eds/bin/gnu/h-x86_64-mingw32/bin/../lib/gcc/nios2-elf/5.3.0/../../../../../H-x86_64-mingw32/nios2-elf/lib\libc.a(lib_a-memmove.o)
 .text.memmove  0x0000000001809614      0x15c c:/altera/18.1/nios2eds/bin/gnu/h-x86_64-mingw32/bin/../lib/gcc/nios2-elf/5.3.0/../../../../../H-x86_64-mingw32/nios2-elf/lib\libc.a(lib_a-memmove.o)
                0x0000000001809614                memmove
 .text          0x0000000001809770        0x0 c:/altera/18.1/nios2eds/bin/gnu/h-x86_64-mingw32/bin/../lib/gcc/nios2-elf/5.3.0/../../../../../H-x86_64-mingw32/nios2-elf/lib\libc.a(lib_a-readr.o)
 .text._read_r  0x0000000001809770       0x60 c:/altera/18.1/nios2eds/bin/gnu/h-x86_64-mingw32/bin/../lib/gcc/nios2-elf/5.3.0/../../../../../H-x86_64-mingw32/nios2-elf/lib\libc.a(lib_a-readr.o)
                0x0000000001809770                _read_r
 .text          0x00000000018097d0        0x0 c:/altera/18.1/nios2eds/bin/gnu/h-x86_64-mingw32/bin/../lib/gcc/nios2-elf/5.3.0/../../../../../H-x86_64-mingw32/nios2-elf/lib\libc.a(lib_a-reallocr.o)
 .text._realloc_r
                0x00000000018097d0      0x564 c:/altera/18.1/nios2eds/bin/gnu/h-x86_64-mingw32/bin/../lib/gcc/nios2-elf/5.3.0/../../../../../H-x86_64-mingw32/nios2-elf/lib\libc.a(lib_a-reallocr.o)
                0x00000000018097d0                _realloc_r
 .text          0x0000000001809d34        0x0 c:/altera/18.1/nios2eds/bin/gnu/h-x86_64-mingw32/bin/../lib/gcc/nios2-elf/5.3.0/../../../../../H-x86_64-mingw32/nios2-elf/lib\libc.a(lib_a-wbuf.o)
 .text.__swbuf_r
                0x0000000001809d34      0x140 c:/altera/18.1/nios2eds/bin/gnu/h-x86_64-mingw32/bin/../lib/gcc/nios2-elf/5.3.0/../../../../../H-x86_64-mingw32/nios2-elf/lib\libc.a(lib_a-wbuf.o)
                0x0000000001809d34                __swbuf_r
 .text.__swbuf  0x0000000001809e74       0x18 c:/altera/18.1/nios2eds/bin/gnu/h-x86_64-mingw32/bin/../lib/gcc/nios2-elf/5.3.0/../../../../../H-x86_64-mingw32/nios2-elf/lib\libc.a(lib_a-wbuf.o)
                0x0000000001809e74                __swbuf
 .text          0x0000000001809e8c        0x0 c:/altera/18.1/nios2eds/bin/gnu/h-x86_64-mingw32/bin/../lib/gcc/nios2-elf/5.3.0/../../../../../H-x86_64-mingw32/nios2-elf/lib\libc.a(lib_a-wcrtomb.o)
 .text._wcrtomb_r
                0x0000000001809e8c       0x9c c:/altera/18.1/nios2eds/bin/gnu/h-x86_64-mingw32/bin/../lib/gcc/nios2-elf/5.3.0/../../../../../H-x86_64-mingw32/nios2-elf/lib\libc.a(lib_a-wcrtomb.o)
                0x0000000001809e8c                _wcrtomb_r
 .text.wcrtomb  0x0000000001809f28       0xc0 c:/altera/18.1/nios2eds/bin/gnu/h-x86_64-mingw32/bin/../lib/gcc/nios2-elf/5.3.0/../../../../../H-x86_64-mingw32/nios2-elf/lib\libc.a(lib_a-wcrtomb.o)
                0x0000000001809f28                wcrtomb
 .text          0x0000000001809fe8        0x0 c:/altera/18.1/nios2eds/bin/gnu/h-x86_64-mingw32/bin/../lib/gcc/nios2-elf/5.3.0/../../../../../H-x86_64-mingw32/nios2-elf/lib\libc.a(lib_a-wctomb_r.o)
 .text.__ascii_wctomb
                0x0000000001809fe8       0x30 c:/altera/18.1/nios2eds/bin/gnu/h-x86_64-mingw32/bin/../lib/gcc/nios2-elf/5.3.0/../../../../../H-x86_64-mingw32/nios2-elf/lib\libc.a(lib_a-wctomb_r.o)
                0x0000000001809fe8                __ascii_wctomb
 .text._wctomb_r
                0x000000000180a018       0x5c c:/altera/18.1/nios2eds/bin/gnu/h-x86_64-mingw32/bin/../lib/gcc/nios2-elf/5.3.0/../../../../../H-x86_64-mingw32/nios2-elf/lib\libc.a(lib_a-wctomb_r.o)
                0x000000000180a018                _wctomb_r
 .text          0x000000000180a074      0x578 c:/altera/18.1/nios2eds/bin/gnu/h-x86_64-mingw32/bin/../lib/gcc/nios2-elf/5.3.0\libgcc.a(_udivdi3.o)
                0x000000000180a074                __udivdi3
 .text          0x000000000180a5ec      0x538 c:/altera/18.1/nios2eds/bin/gnu/h-x86_64-mingw32/bin/../lib/gcc/nios2-elf/5.3.0\libgcc.a(_umoddi3.o)
                0x000000000180a5ec                __umoddi3
 .text          0x000000000180ab24      0x1b4 c:/altera/18.1/nios2eds/bin/gnu/h-x86_64-mingw32/bin/../lib/gcc/nios2-elf/5.3.0\libgcc.a(lib2-divmod.o)
                0x000000000180ab24                __divsi3
                0x000000000180aba8                __modsi3
                0x000000000180ac1c                __udivsi3
                0x000000000180ac80                __umodsi3
 .text          0x000000000180acd8      0x8ac c:/altera/18.1/nios2eds/bin/gnu/h-x86_64-mingw32/bin/../lib/gcc/nios2-elf/5.3.0\libgcc.a(adddf3.o)
                0x000000000180acd8                __adddf3
 .text          0x000000000180b584      0x8e8 c:/altera/18.1/nios2eds/bin/gnu/h-x86_64-mingw32/bin/../lib/gcc/nios2-elf/5.3.0\libgcc.a(divdf3.o)
                0x000000000180b584                __divdf3
 .text          0x000000000180be6c       0x88 c:/altera/18.1/nios2eds/bin/gnu/h-x86_64-mingw32/bin/../lib/gcc/nios2-elf/5.3.0\libgcc.a(eqdf2.o)
                0x000000000180be6c                __nedf2
                0x000000000180be6c                __eqdf2
 .text          0x000000000180bef4       0xdc c:/altera/18.1/nios2eds/bin/gnu/h-x86_64-mingw32/bin/../lib/gcc/nios2-elf/5.3.0\libgcc.a(gedf2.o)
                0x000000000180bef4                __gedf2
                0x000000000180bef4                __gtdf2
 .text          0x000000000180bfd0       0xf4 c:/altera/18.1/nios2eds/bin/gnu/h-x86_64-mingw32/bin/../lib/gcc/nios2-elf/5.3.0\libgcc.a(ledf2.o)
                0x000000000180bfd0                __ledf2
                0x000000000180bfd0                __ltdf2
 .text          0x000000000180c0c4      0x718 c:/altera/18.1/nios2eds/bin/gnu/h-x86_64-mingw32/bin/../lib/gcc/nios2-elf/5.3.0\libgcc.a(muldf3.o)
                0x000000000180c0c4                __muldf3
 .text          0x000000000180c7dc      0x8fc c:/altera/18.1/nios2eds/bin/gnu/h-x86_64-mingw32/bin/../lib/gcc/nios2-elf/5.3.0\libgcc.a(subdf3.o)
                0x000000000180c7dc                __subdf3
 .text          0x000000000180d0d8       0x80 c:/altera/18.1/nios2eds/bin/gnu/h-x86_64-mingw32/bin/../lib/gcc/nios2-elf/5.3.0\libgcc.a(fixdfsi.o)
                0x000000000180d0d8                __fixdfsi
 .text          0x000000000180d158       0xdc c:/altera/18.1/nios2eds/bin/gnu/h-x86_64-mingw32/bin/../lib/gcc/nios2-elf/5.3.0\libgcc.a(floatsidf.o)
                0x000000000180d158                __floatsidf
 .text          0x000000000180d234       0xa8 c:/altera/18.1/nios2eds/bin/gnu/h-x86_64-mingw32/bin/../lib/gcc/nios2-elf/5.3.0\libgcc.a(floatunsidf.o)
                0x000000000180d234                __floatunsidf
 .text          0x000000000180d2dc        0x0 c:/altera/18.1/nios2eds/bin/gnu/h-x86_64-mingw32/bin/../lib/gcc/nios2-elf/5.3.0\libgcc.a(_clz.o)
 .text          0x000000000180d2dc       0x64 c:/altera/18.1/nios2eds/bin/gnu/h-x86_64-mingw32/bin/../lib/gcc/nios2-elf/5.3.0\libgcc.a(_clzsi2.o)
                0x000000000180d2dc                __clzsi2
 .text          0x000000000180d340      0x118 ../FreeRTOS_bsp/\libfreertos_bsp.a(alt_main.o)
                0x000000000180d340                pre_constructors
                0x000000000180d360                post_constructors
                0x000000000180d380                alt_main
 .text          0x000000000180d458       0xa4 ../FreeRTOS_bsp/\libfreertos_bsp.a(alt_malloc_lock.o)
                0x000000000180d458                __malloc_lock
                0x000000000180d4b8                __malloc_unlock
 .text          0x000000000180d4fc     0x1718 ../FreeRTOS_bsp/\libfreertos_bsp.a(queue.o)
                0x000000000180d4fc                xQueueGenericReset
                0x000000000180d620                xQueueGenericCreate
                0x000000000180d7a8                xQueueCreateMutex
                0x000000000180d804                xQueueGiveMutexRecursive
                0x000000000180d894                xQueueTakeMutexRecursive
                0x000000000180d930                xQueueCreateCountingSemaphore
                0x000000000180d988                xQueueGenericSend
                0x000000000180db6c                xQueueGenericSendFromISR
                0x000000000180dc60                xQueueGiveFromISR
                0x000000000180dd3c                xQueueReceive
                0x000000000180df14                xQueueSemaphoreTake
                0x000000000180e174                xQueuePeek
                0x000000000180e354                xQueueReceiveFromISR
                0x000000000180e438                xQueuePeekFromISR
                0x000000000180e4b4                uxQueueMessagesWaiting
                0x000000000180e504                uxQueueSpacesAvailable
                0x000000000180e568                uxQueueMessagesWaitingFromISR
                0x000000000180e5a0                vQueueDelete
                0x000000000180e5dc                uxQueueGetQueueNumber
                0x000000000180e604                vQueueSetQueueNumber
                0x000000000180e638                ucQueueGetQueueType
                0x000000000180ea4c                xQueueIsQueueEmptyFromISR
                0x000000000180eafc                xQueueIsQueueFullFromISR
                0x000000000180eb4c                vQueueWaitForMessageRestricted
 .text          0x000000000180ec14     0x2cf0 ../FreeRTOS_bsp/\libfreertos_bsp.a(tasks.o)
                0x000000000180ec14                xTaskCreate
                0x000000000180eff0                vTaskDelete
                0x000000000180f0e8                vTaskDelayUntil
                0x000000000180f1d8                vTaskDelay
                0x000000000180f234                eTaskGetState
                0x000000000180f354                uxTaskPriorityGet
                0x000000000180f3bc                uxTaskPriorityGetFromISR
                0x000000000180f408                vTaskPrioritySet
                0x000000000180f5bc                vTaskSuspend
                0x000000000180f744                vTaskResume
                0x000000000180f820                xTaskResumeFromISR
                0x000000000180f900                vTaskStartScheduler
                0x000000000180f990                vTaskEndScheduler
                0x000000000180f9c4                vTaskSuspendAll
                0x000000000180f9f0                xTaskResumeAll
                0x000000000180fb58                xTaskGetTickCount
                0x000000000180fba0                xTaskGetTickCountFromISR
                0x000000000180fbcc                uxTaskGetNumberOfTasks
                0x000000000180fbec                pcTaskGetName
                0x000000000180fc2c                uxTaskGetSystemState
                0x000000000180fdb4                xTaskCatchUpTicks
                0x000000000180fe00                xTaskIncrementTick
                0x000000000180ffb0                vTaskSwitchContext
                0x000000000181010c                vTaskPlaceOnEventList
                0x000000000181015c                vTaskPlaceOnUnorderedEventList
                0x00000000018101c0                vTaskPlaceOnEventListRestricted
                0x0000000001810224                xTaskRemoveFromEventList
                0x0000000001810318                vTaskRemoveFromUnorderedEventList
                0x00000000018103e0                vTaskSetTimeOutState
                0x000000000181043c                vTaskInternalSetTimeOutState
                0x0000000001810478                xTaskCheckForTimeOut
                0x0000000001810568                vTaskMissedYield
                0x0000000001810590                uxTaskGetTaskNumber
                0x00000000018105d8                vTaskSetTaskNumber
                0x0000000001810780                vTaskGetInfo
                0x0000000001810a64                uxTaskGetStackHighWaterMark
                0x0000000001810b58                xTaskGetCurrentTaskHandle
                0x0000000001810b80                xTaskGetSchedulerState
                0x0000000001810bcc                xTaskPriorityInherit
                0x0000000001810d0c                xTaskPriorityDisinherit
                0x0000000001810e08                vTaskPriorityDisinheritAfterTimeout
                0x0000000001810f48                vTaskEnterCritical
                0x0000000001810f90                vTaskExitCritical
                0x0000000001810fec                uxTaskResetEventItemValue
                0x0000000001811030                pvTaskIncrementMutexHeldCount
                0x0000000001811068                ulTaskNotifyTake
                0x0000000001811138                xTaskNotifyWait
                0x000000000181124c                xTaskGenericNotify
                0x0000000001811408                xTaskGenericNotifyFromISR
                0x00000000018115ec                vTaskNotifyGiveFromISR
                0x000000000181170c                xTaskNotifyStateClear
                0x0000000001811794                ulTaskNotifyValueClear
 .text          0x0000000001811904      0xcd4 ../FreeRTOS_bsp/\libfreertos_bsp.a(timers.o)
                0x0000000001811904                xTimerCreateTimerTask
                0x000000000181196c                xTimerCreate
                0x0000000001811a88                xTimerGenericCommand
                0x0000000001811b64                xTimerGetTimerDaemonTaskHandle
                0x0000000001811b84                xTimerGetPeriod
                0x0000000001811bb4                vTimerSetReloadMode
                0x0000000001811c44                uxTimerGetReloadMode
                0x0000000001811cb4                xTimerGetExpiryTime
                0x0000000001811cec                pcTimerGetName
                0x0000000001812458                xTimerIsTimerActive
                0x00000000018124c8                pvTimerGetTimerID
                0x0000000001812520                vTimerSetTimerID
                0x000000000181257c                uxTimerGetTimerNumber
                0x00000000018125a4                vTimerSetTimerNumber
 .text          0x00000000018125d8       0x2c ../FreeRTOS_bsp/\libfreertos_bsp.a(alt_dev.o)
 .text          0x0000000001812604       0x60 ../FreeRTOS_bsp/\libfreertos_bsp.a(alt_do_ctors.o)
                0x0000000001812604                _do_ctors
 .text          0x0000000001812664       0x60 ../FreeRTOS_bsp/\libfreertos_bsp.a(alt_do_dtors.o)
                0x0000000001812664                _do_dtors
 .text          0x00000000018126c4       0xec ../FreeRTOS_bsp/\libfreertos_bsp.a(alt_fstat.o)
                0x0000000001812700                fstat
 .text          0x00000000018127b0      0x140 ../FreeRTOS_bsp/\libfreertos_bsp.a(alt_io_redirect.o)
                0x0000000001812874                alt_io_redirect
 .text          0x00000000018128f0       0xe0 ../FreeRTOS_bsp/\libfreertos_bsp.a(alt_isatty.o)
                0x000000000181292c                isatty
 .text          0x00000000018129d0       0xec ../FreeRTOS_bsp/\libfreertos_bsp.a(alt_load.o)
                0x0000000001812a38                alt_load
 .text          0x0000000001812abc      0x110 ../FreeRTOS_bsp/\libfreertos_bsp.a(alt_lseek.o)
                0x0000000001812af8                lseek
 .text          0x0000000001812bcc      0x254 ../FreeRTOS_bsp/\libfreertos_bsp.a(alt_open.o)
                0x0000000001812ccc                open
 .text          0x0000000001812e20      0x22c ../FreeRTOS_bsp/\libfreertos_bsp.a(alt_printf.o)
                0x0000000001812e20                alt_printf
 .text          0x000000000181304c       0x3c ../FreeRTOS_bsp/\libfreertos_bsp.a(alt_putchar.o)
                0x000000000181304c                alt_putchar
 .text          0x0000000001813088       0x64 ../FreeRTOS_bsp/\libfreertos_bsp.a(alt_release_fd.o)
                0x0000000001813088                alt_release_fd
 .text          0x00000000018130ec       0xb0 ../FreeRTOS_bsp/\libfreertos_bsp.a(alt_sbrk.o)
                0x00000000018130ec                sbrk
 .text          0x000000000181319c       0x30 ../FreeRTOS_bsp/\libfreertos_bsp.a(alt_usleep.o)
                0x000000000181319c                usleep
 .text          0x00000000018131cc       0x48 ../FreeRTOS_bsp/\libfreertos_bsp.a(alt_lwip_close.o)
                0x00000000018131cc                close
 .text          0x0000000001813214       0x6c ../FreeRTOS_bsp/\libfreertos_bsp.a(alt_lwip_read.o)
                0x0000000001813214                read
 .text          0x0000000001813280       0x64 ../FreeRTOS_bsp/\libfreertos_bsp.a(alt_lwip_write.o)
                0x0000000001813280                write
 .text          0x00000000018132e4      0x4b4 ../FreeRTOS_bsp/\libfreertos_bsp.a(altera_tse_ethernetif.o)
                0x00000000018134cc                ethernetif_input
                0x00000000018135c8                ethernetif_init
 .text          0x0000000001813798      0x9c8 ../FreeRTOS_bsp/\libfreertos_bsp.a(lwip_main.o)
                0x0000000001813798                lwip_initialize
                0x00000000018138ac                lwip_wait_for_an
                0x0000000001813b94                get_mac_count
                0x0000000001813bb4                get_mac_base
                0x0000000001813c00                get_netif
                0x0000000001813c48                lwip_set_status_callback
                0x0000000001813c7c                lwip_set_link_callback
                0x0000000001813cb0                lwip_is_interface_up
                0x0000000001813e74                print_ipad
                0x0000000001813f6c                lwip_initialize_phys
 .text          0x0000000001814160      0xcbc ../FreeRTOS_bsp/\libfreertos_bsp.a(lwip_tse_mac.o)
                0x0000000001814160                tse_mac_init
                0x00000000018149ac                tse_sgdma_read_init
                0x0000000001814a50                tse_sgdma_rx_isr
                0x0000000001814ae4                tse_mac_raw_send
                0x0000000001814c4c                tse_mac_rcv
 .text          0x0000000001814e1c      0x854 ../FreeRTOS_bsp/\libfreertos_bsp.a(sys_arch.o)
                0x0000000001814e1c                sys_init
                0x0000000001814e3c                sys_now
                0x0000000001814e90                sys_sem_new
                0x0000000001814f74                sys_sem_free
                0x0000000001814fcc                sys_sem_signal
                0x0000000001815014                sys_arch_sem_wait
                0x00000000018150f0                sys_mutex_new
                0x00000000018151b0                sys_mutex_lock
                0x00000000018151fc                sys_mutex_unlock
                0x0000000001815244                sys_mutex_free
                0x000000000181529c                sys_mbox_new
                0x000000000181536c                sys_mbox_free
                0x00000000018153dc                sys_mbox_post
                0x000000000181542c                sys_mbox_trypost
                0x000000000181548c                sys_arch_mbox_fetch
                0x000000000181558c                sys_arch_mbox_tryfetch
                0x00000000018155f4                sys_thread_new
 .text          0x0000000001815670     0x3348 ../FreeRTOS_bsp/\libfreertos_bsp.a(dhcp.o)
                0x0000000001815b08                dhcp_coarse_tmr
                0x0000000001815bb0                dhcp_fine_tmr
                0x0000000001816110                dhcp_set_struct
                0x000000000181615c                dhcp_cleanup
                0x00000000018161ac                dhcp_start
                0x0000000001816398                dhcp_inform
                0x0000000001816544                dhcp_network_changed
                0x00000000018165ec                dhcp_arp_reply
                0x0000000001816c1c                dhcp_renew
                0x0000000001817080                dhcp_release
                0x0000000001817224                dhcp_stop
 .text          0x00000000018189b8      0x79c ../FreeRTOS_bsp/\libfreertos_bsp.a(ip_addr.o)
                0x00000000018189b8                ip4_addr_isbroadcast
                0x0000000001818a84                ip4_addr_netmask_valid
                0x0000000001818b48                ipaddr_addr
                0x0000000001818b8c                ipaddr_aton
                0x0000000001818f84                ipaddr_ntoa
                0x0000000001818fc0                ipaddr_ntoa_r
 .text          0x0000000001819154      0x800 ../FreeRTOS_bsp/\libfreertos_bsp.a(netif.o)
                0x0000000001819154                netif_init
                0x0000000001819174                netif_add
                0x0000000001819264                netif_set_addr
                0x00000000018192c0                netif_remove
                0x0000000001819398                netif_find
                0x0000000001819478                netif_set_ipaddr
                0x00000000018195a0                netif_set_gw
                0x00000000018195e8                netif_set_netmask
                0x0000000001819630                netif_set_default
                0x000000000181965c                netif_set_up
                0x000000000181970c                netif_set_down
                0x00000000018197a0                netif_set_status_callback
                0x00000000018197dc                netif_set_link_up
                0x00000000018198a0                netif_set_link_down
                0x0000000001819918                netif_set_link_callback
 .text          0x0000000001819954     0x1698 ../FreeRTOS_bsp/\libfreertos_bsp.a(pbuf.o)
                0x0000000001819aa4                pbuf_alloc
                0x0000000001819e34                pbuf_alloced_custom
                0x0000000001819f74                pbuf_realloc
                0x000000000181a07c                pbuf_header
                0x000000000181a22c                pbuf_free
                0x000000000181a368                pbuf_clen
                0x000000000181a3b4                pbuf_ref
                0x000000000181a418                pbuf_cat
                0x000000000181a4ec                pbuf_chain
                0x000000000181a530                pbuf_dechain
                0x000000000181a5cc                pbuf_copy
                0x000000000181a828                pbuf_copy_partial
                0x000000000181a9c4                pbuf_take
                0x000000000181ab18                pbuf_coalesce
                0x000000000181aba4                pbuf_fill_chksum
                0x000000000181acb0                pbuf_get_at
                0x000000000181ad60                pbuf_memcmp
                0x000000000181ae80                pbuf_memfind
                0x000000000181af48                pbuf_strstr
 .text          0x000000000181afec       0x20 ../FreeRTOS_bsp/\libfreertos_bsp.a(stats.o)
                0x000000000181afec                stats_init
 .text          0x000000000181b00c     0x2490 ../FreeRTOS_bsp/\libfreertos_bsp.a(tcp.o)
                0x000000000181b00c                tcp_init
                0x000000000181b02c                tcp_tmr
                0x000000000181b3b4                tcp_close
                0x000000000181b410                tcp_shutdown
                0x000000000181b500                tcp_abandon
                0x000000000181b658                tcp_abort
                0x000000000181b690                tcp_bind
                0x000000000181b890                tcp_listen_with_backlog
                0x000000000181bb04                tcp_update_rcv_ann_wnd
                0x000000000181bbf4                tcp_recved
                0x000000000181bd74                tcp_connect
                0x000000000181c10c                tcp_slowtmr
                0x000000000181c83c                tcp_fasttmr
                0x000000000181c934                tcp_process_refused_data
                0x000000000181ca84                tcp_segs_free
                0x000000000181cad8                tcp_seg_free
                0x000000000181cb30                tcp_setprio
                0x000000000181cb68                tcp_seg_copy
                0x000000000181cbe0                tcp_recv_null
                0x000000000181cdc8                tcp_alloc
                0x000000000181cfb0                tcp_new
                0x000000000181cfdc                tcp_arg
                0x000000000181d010                tcp_recv
                0x000000000181d044                tcp_sent
                0x000000000181d078                tcp_err
                0x000000000181d0ac                tcp_accept
                0x000000000181d0e0                tcp_poll
                0x000000000181d128                tcp_pcb_purge
                0x000000000181d298                tcp_pcb_remove
                0x000000000181d3a4                tcp_next_iss
                0x000000000181d3d4                tcp_eff_send_mss
                0x000000000181d460                tcp_debug_state_str
 .text          0x000000000181d49c     0x3708 ../FreeRTOS_bsp/\libfreertos_bsp.a(tcp_out.o)
                0x000000000181d884                tcp_send_fin
                0x000000000181e078                tcp_write
                0x000000000181e9a8                tcp_enqueue_flags
                0x000000000181ec90                tcp_send_empty_ack
                0x000000000181ee2c                tcp_output
                0x000000000181fed8                tcp_rst
                0x00000000018202a4                tcp_rexmit_rto
                0x0000000001820358                tcp_rexmit
                0x0000000001820600                tcp_rexmit_fast
                0x0000000001820728                tcp_keepalive
                0x00000000018208bc                tcp_zero_window_probe
 .text          0x0000000001820ba4      0x5cc ../FreeRTOS_bsp/\libfreertos_bsp.a(timers.o)
                0x0000000001820c00                tcp_timer_needed
                0x0000000001820d6c                sys_timeouts_init
                0x0000000001820de4                sys_timeout
                0x0000000001820f70                sys_untimeout
                0x0000000001821060                sys_timeouts_mbox_fetch
 .text          0x0000000001821170     0x10c4 ../FreeRTOS_bsp/\libfreertos_bsp.a(udp.o)
                0x0000000001821170                udp_init
                0x000000000182122c                udp_input
                0x00000000018217ac                udp_send
                0x0000000001821800                udp_send_chksum
                0x0000000001821874                udp_sendto
                0x00000000018218cc                udp_sendto_chksum
                0x0000000001821984                udp_sendto_if
                0x00000000018219e4                udp_sendto_if_chksum
                0x0000000001821e38                udp_bind
                0x0000000001821f94                udp_connect
                0x000000000182209c                udp_disconnect
                0x00000000018220ec                udp_recv
                0x0000000001822130                udp_remove
                0x00000000018221cc                udp_new
 .text          0x0000000001822234     0x1a98 ../FreeRTOS_bsp/\libfreertos_bsp.a(etharp.o)
                0x0000000001822334                etharp_tmr
                0x0000000001822a30                etharp_cleanup_netif
                0x0000000001822ad4                etharp_find_addr
                0x0000000001823114                etharp_output
                0x0000000001823400                etharp_query
                0x0000000001823a10                etharp_request
                0x0000000001823a84                ethernet_input
 .text          0x0000000001823ccc      0x580 ../FreeRTOS_bsp/\libfreertos_bsp.a(ping.o)
                0x0000000001823ccc                ping_send
                0x0000000001823ee8                ping_recv
                0x0000000001823ff8                lwip_ping_target
                0x000000000182410c                lwip_ping_target_data
 .text          0x000000000182424c      0x118 ../FreeRTOS_bsp/\libfreertos_bsp.a(alt_sys_init.o)
                0x0000000001824280                alt_irq_init
                0x00000000018242b8                alt_sys_init
 .text          0x0000000001824364      0x164 ../FreeRTOS_bsp/\libfreertos_bsp.a(altera_avalon_jtag_uart_fd.o)
                0x0000000001824364                altera_avalon_jtag_uart_read_fd
                0x00000000018243c4                altera_avalon_jtag_uart_write_fd
                0x0000000001824424                altera_avalon_jtag_uart_close_fd
                0x0000000001824474                altera_avalon_jtag_uart_ioctl_fd
 .text          0x00000000018244c8      0x45c ../FreeRTOS_bsp/\libfreertos_bsp.a(altera_avalon_jtag_uart_init.o)
                0x00000000018244c8                altera_avalon_jtag_uart_init
                0x00000000018248bc                altera_avalon_jtag_uart_close
 .text          0x0000000001824924       0xf0 ../FreeRTOS_bsp/\libfreertos_bsp.a(altera_avalon_jtag_uart_ioctl.o)
                0x0000000001824924                altera_avalon_jtag_uart_ioctl
 .text          0x0000000001824a14      0x258 ../FreeRTOS_bsp/\libfreertos_bsp.a(altera_avalon_jtag_uart_read.o)
                0x0000000001824a14                altera_avalon_jtag_uart_read
 .text          0x0000000001824c6c      0x260 ../FreeRTOS_bsp/\libfreertos_bsp.a(altera_avalon_jtag_uart_write.o)
                0x0000000001824c6c                altera_avalon_jtag_uart_write
 .text          0x0000000001824ecc      0xd94 ../FreeRTOS_bsp/\libfreertos_bsp.a(altera_avalon_sgdma.o)
                0x0000000001824f08                alt_avalon_sgdma_do_async_transfer
                0x000000000182502c                alt_avalon_sgdma_do_sync_transfer
                0x000000000182513c                alt_avalon_sgdma_construct_mem_to_mem_desc
                0x00000000018251b0                alt_avalon_sgdma_construct_mem_to_mem_desc_burst
                0x0000000001825234                alt_avalon_sgdma_construct_stream_to_mem_desc
                0x0000000001825294                alt_avalon_sgdma_construct_stream_to_mem_desc_burst
                0x000000000182530c                alt_avalon_sgdma_construct_mem_to_stream_desc
                0x000000000182538c                alt_avalon_sgdma_construct_mem_to_stream_desc_burst
                0x0000000001825418                alt_avalon_sgdma_register_callback
                0x000000000182546c                alt_avalon_sgdma_start
                0x00000000018254c4                alt_avalon_sgdma_stop
                0x0000000001825520                alt_avalon_sgdma_check_descriptor_status
                0x0000000001825584                alt_avalon_sgdma_open
                0x00000000018255d8                alt_avalon_sgdma_construct_descriptor
                0x0000000001825664                alt_avalon_sgdma_enable_desc_poll
                0x00000000018256e4                alt_avalon_sgdma_disable_desc_poll
                0x0000000001825744                alt_avalon_sgdma_construct_descriptor_burst
                0x0000000001825bb8                alt_avalon_sgdma_init
 .text          0x0000000001825c60       0xf4 ../FreeRTOS_bsp/\libfreertos_bsp.a(altera_avalon_timer_sc.o)
                0x0000000001825cd8                alt_avalon_timer_sc_init
 .text          0x0000000001825d54     0x4fdc ../FreeRTOS_bsp/\libfreertos_bsp.a(altera_avalon_tse.o)
                0x0000000001825d54                no_printf
                0x0000000001825d84                tse_mac_initTransInfo2
                0x0000000001825de4                tse_mac_sTxWrite
                0x0000000001825ec8                tse_mac_aRxRead
                0x0000000001825f70                tse_mac_SwReset
                0x0000000001825ff8                tse_mac_setMIImode
                0x000000000182604c                tse_mac_setGMIImode
                0x000000000182609c                alt_tse_phy_add_profile
                0x0000000001826280                alt_tse_system_add_sys
                0x0000000001826c7c                alt_tse_sys_enable_mdio_sharing
                0x0000000001826de4                alt_tse_mac_get_common_speed
                0x0000000001826e24                alt_tse_mac_set_common_speed
                0x0000000001826e6c                alt_tse_get_system_index
                0x0000000001826ed8                alt_tse_get_mac_group_index
                0x0000000001826f4c                alt_tse_get_mac_info_index
                0x0000000001826fcc                alt_tse_get_mac_info
                0x00000000018270a4                alt_tse_mac_set_speed
                0x0000000001827184                alt_tse_mac_set_duplex
                0x0000000001827210                getPHYSpeed
                0x0000000001827c8c                alt_tse_phy_rd_mdio_addr
                0x0000000001827cd4                alt_tse_phy_wr_mdio_addr
                0x0000000001827d2c                alt_tse_phy_wr_mdio_reg
                0x0000000001827e54                alt_tse_phy_rd_mdio_reg
                0x0000000001827f20                alt_tse_phy_add_profile_default
                0x00000000018281bc                alt_tse_phy_print_profile
                0x00000000018283cc                alt_tse_mac_group_init
                0x0000000001828a70                alt_tse_mac_get_phy
                0x0000000001828e94                alt_tse_mac_associate_phy
                0x00000000018290dc                alt_tse_phy_cfg_pcs
                0x0000000001829204                alt_tse_phy_init
                0x000000000182931c                alt_tse_phy_restart_an
                0x00000000018294d8                alt_tse_phy_check_link
                0x0000000001829638                alt_tse_phy_get_cap
                0x0000000001829bcc                alt_tse_phy_set_adv_1000
                0x0000000001829d90                alt_tse_phy_set_adv_100
                0x0000000001829fe4                alt_tse_phy_set_adv_10
                0x000000000182a18c                alt_tse_phy_get_common_speed
                0x000000000182a4b4                alt_tse_phy_set_common_speed
                0x000000000182a968                marvell_phy_cfg
                0x000000000182aa00                marvell_cfg_gmii
                0x000000000182aae4                marvell_cfg_sgmii
                0x000000000182abc8                marvell_cfg_rgmii
                0x000000000182acb8                DP83848C_link_status_read
 .text          0x000000000182ad30      0x110 ../FreeRTOS_bsp/\libfreertos_bsp.a(altera_avalon_uart_fd.o)
                0x000000000182ad30                altera_avalon_uart_read_fd
                0x000000000182ad90                altera_avalon_uart_write_fd
                0x000000000182adf0                altera_avalon_uart_close_fd
 .text          0x000000000182ae40      0x478 ../FreeRTOS_bsp/\libfreertos_bsp.a(altera_avalon_uart_init.o)
                0x000000000182ae40                altera_avalon_uart_init
                0x000000000182b264                altera_avalon_uart_close
 .text          0x000000000182b2b8      0x254 ../FreeRTOS_bsp/\libfreertos_bsp.a(altera_avalon_uart_read.o)
                0x000000000182b2f4                altera_avalon_uart_read
 .text          0x000000000182b50c      0x224 ../FreeRTOS_bsp/\libfreertos_bsp.a(altera_avalon_uart_write.o)
                0x000000000182b548                altera_avalon_uart_write
 .text          0x000000000182b730       0xa4 ../FreeRTOS_bsp/\libfreertos_bsp.a(alt_env_lock.o)
                0x000000000182b730                __env_lock
                0x000000000182b790                __env_unlock
 .text          0x000000000182b7d4       0x90 ../FreeRTOS_bsp/\libfreertos_bsp.a(heap_3.o)
                0x000000000182b7d4                pvPortMalloc
                0x000000000182b820                vPortFree
 .text          0x000000000182b864      0x290 ../FreeRTOS_bsp/\libfreertos_bsp.a(list.o)
                0x000000000182b864                vListInitialise
                0x000000000182b8cc                vListInitialiseItem
                0x000000000182b8f8                vListInsertEnd
                0x000000000182b984                vListInsert
                0x000000000182ba5c                uxListRemove
 .text          0x000000000182baf4      0x230 ../FreeRTOS_bsp/\libfreertos_bsp.a(port.o)
                0x000000000182bb20                enh_alt_irq_disable_all
                0x000000000182bb70                enh_alt_irq_enable_all
                0x000000000182bbac                pxPortInitialiseStack
                0x000000000182bc9c                xPortStartScheduler
                0x000000000182bcc8                vPortEndScheduler
                0x000000000182bce8                vPortSysTickHandler
 .text          0x000000000182bd24        0x0 ../FreeRTOS_bsp/\libfreertos_bsp.a(port_asm.o)
 .text          0x000000000182bd24        0x0 ../FreeRTOS_bsp/\libfreertos_bsp.a(tse_ethernet_phys.o)
 .text          0x000000000182bd24      0x12c ../FreeRTOS_bsp/\libfreertos_bsp.a(alt_alarm_start.o)
                0x000000000182bd24                alt_alarm_start
 .text          0x000000000182be50      0x158 ../FreeRTOS_bsp/\libfreertos_bsp.a(alt_busy_sleep.o)
                0x000000000182be50                alt_busy_sleep
 .text          0x000000000182bfa8      0x10c ../FreeRTOS_bsp/\libfreertos_bsp.a(alt_close.o)
                0x000000000182bfe4                alt_close
 .text          0x000000000182c0b4       0x78 ../FreeRTOS_bsp/\libfreertos_bsp.a(alt_dcache_flush.o)
                0x000000000182c0b4                alt_dcache_flush
 .text          0x000000000182c12c       0x48 ../FreeRTOS_bsp/\libfreertos_bsp.a(alt_dcache_flush_all.o)
                0x000000000182c12c                alt_dcache_flush_all
 .text          0x000000000182c174       0xe0 ../FreeRTOS_bsp/\libfreertos_bsp.a(alt_dev_llist_insert.o)
                0x000000000182c1b0                alt_dev_llist_insert
 .text          0x000000000182c254        0x0 ../FreeRTOS_bsp/\libfreertos_bsp.a(alt_errno.o)
 .text          0x000000000182c254       0x90 ../FreeRTOS_bsp/\libfreertos_bsp.a(alt_find_dev.o)
                0x000000000182c254                alt_find_dev
 .text          0x000000000182c2e4      0x108 ../FreeRTOS_bsp/\libfreertos_bsp.a(alt_find_file.o)
                0x000000000182c2e4                alt_find_file
 .text          0x000000000182c3ec       0xe0 ../FreeRTOS_bsp/\libfreertos_bsp.a(alt_get_fd.o)
                0x000000000182c3ec                alt_get_fd
 .text          0x000000000182c4cc      0x1f4 ../FreeRTOS_bsp/\libfreertos_bsp.a(alt_gettod.o)
                0x000000000182c4cc                gettimeofday
 .text          0x000000000182c6c0       0x34 ../FreeRTOS_bsp/\libfreertos_bsp.a(alt_icache_flush_all.o)
                0x000000000182c6c0                alt_icache_flush_all
 .text          0x000000000182c6f4      0x1b0 ../FreeRTOS_bsp/\libfreertos_bsp.a(alt_iic.o)
                0x000000000182c6f4                alt_ic_isr_register
                0x000000000182c744                alt_ic_irq_enable
                0x000000000182c7cc                alt_ic_irq_disable
                0x000000000182c858                alt_ic_irq_enabled
 .text          0x000000000182c8a4       0xf0 ../FreeRTOS_bsp/\libfreertos_bsp.a(alt_iic_isr_register.o)
                0x000000000182c8a4                alt_iic_isr_register
 .text          0x000000000182c994       0x9c ../FreeRTOS_bsp/\libfreertos_bsp.a(alt_instruction_exception_entry.o)
                0x000000000182c994                alt_exception_cause_generated_bad_addr
 .text          0x000000000182ca30        0x0 ../FreeRTOS_bsp/\libfreertos_bsp.a(alt_irq_handler.o)
 .text          0x000000000182ca30        0x0 ../FreeRTOS_bsp/\libfreertos_bsp.a(alt_irq_vars.o)
 .text          0x000000000182ca30      0x138 ../FreeRTOS_bsp/\libfreertos_bsp.a(alt_read.o)
                0x000000000182ca6c                alt_read
 .text          0x000000000182cb68       0x28 ../FreeRTOS_bsp/\libfreertos_bsp.a(alt_remap_uncached.o)
                0x000000000182cb68                alt_remap_uncached
 .text          0x000000000182cb90      0x1a4 ../FreeRTOS_bsp/\libfreertos_bsp.a(alt_tick.o)
                0x000000000182cb90                alt_alarm_stop
                0x000000000182cc2c                alt_tick
 .text          0x000000000182cd34       0x78 ../FreeRTOS_bsp/\libfreertos_bsp.a(alt_uncached_malloc.o)
                0x000000000182cd34                alt_uncached_malloc
 .text          0x000000000182cdac      0x134 ../FreeRTOS_bsp/\libfreertos_bsp.a(alt_write.o)
                0x000000000182cde8                alt_write
 .text          0x000000000182cee0       0x24 ../FreeRTOS_bsp/\libfreertos_bsp.a(altera_nios2_gen2_irq.o)
                0x000000000182cee0                altera_nios2_gen2_irq_init
 .text          0x000000000182cf04     0x328c ../FreeRTOS_bsp/\libfreertos_bsp.a(sockets.o)
                0x000000000182cf04                lwip_socket_init
                0x000000000182d254                lwip_accept
                0x000000000182d558                lwip_bind
                0x000000000182d6ac                lwip_close
                0x000000000182d738                lwip_connect
                0x000000000182d8b4                lwip_listen
                0x000000000182d9c4                lwip_recvfrom
                0x000000000182de9c                lwip_read
                0x000000000182dee8                lwip_recv
                0x000000000182df38                lwip_send
                0x000000000182e07c                lwip_sendto
                0x000000000182e274                lwip_socket
                0x000000000182e3bc                lwip_write
                0x000000000182e780                lwip_select
                0x000000000182f00c                lwip_shutdown
                0x000000000182f294                lwip_getpeername
                0x000000000182f2d8                lwip_getsockname
                0x000000000182f31c                lwip_getsockopt
                0x000000000182f9dc                lwip_setsockopt
                0x000000000182ffa8                lwip_ioctl
                0x000000000183008c                lwip_fcntl
 .text          0x0000000001830190      0x720 ../FreeRTOS_bsp/\libfreertos_bsp.a(tcpip.o)
                0x0000000001830340                tcpip_input
                0x00000000018303fc                tcpip_callback_with_block
                0x00000000018304d8                tcpip_timeout
                0x0000000001830584                tcpip_untimeout
                0x0000000001830620                tcpip_apimsg
                0x0000000001830690                tcpip_callbackmsg_new
                0x0000000001830710                tcpip_callbackmsg_delete
                0x0000000001830744                tcpip_trycallback
                0x0000000001830788                tcpip_init
                0x0000000001830838                pbuf_free_callback
                0x0000000001830874                mem_free_callback
 .text          0x00000000018308b0       0x44 ../FreeRTOS_bsp/\libfreertos_bsp.a(init.o)
                0x00000000018308b0                lwip_init
 .text          0x00000000018308f4      0x86c ../FreeRTOS_bsp/\libfreertos_bsp.a(icmp.o)
                0x00000000018308f4                icmp_input
                0x0000000001830ef0                icmp_dest_unreach
                0x0000000001830f38                icmp_time_exceeded
 .text          0x0000000001831160      0x814 ../FreeRTOS_bsp/\libfreertos_bsp.a(inet_chksum.o)
                0x0000000001831394                inet_chksum_pseudo
                0x0000000001831594                inet_chksum_pseudo_partial
                0x00000000018317cc                inet_chksum
                0x0000000001831810                inet_chksum_pbuf
                0x000000000183191c                lwip_chksum_copy
 .text          0x0000000001831974      0xdfc ../FreeRTOS_bsp/\libfreertos_bsp.a(ip.o)
                0x0000000001831974                ip_route
                0x0000000001831a64                ip_input
                0x0000000001831fa0                ip_output_if
                0x00000000018325ec                ip_output
                0x00000000018326a0                ip_output_hinted
 .text          0x0000000001832770     0x1780 ../FreeRTOS_bsp/\libfreertos_bsp.a(ip_frag.o)
                0x0000000001832770                ip_reass_tmr
                0x0000000001833390                ip_reass
                0x0000000001833a64                ip_frag
 .text          0x0000000001833ef0        0x0 ../FreeRTOS_bsp/\libfreertos_bsp.a(memp.o)
 .text          0x0000000001833ef0      0x4f8 ../FreeRTOS_bsp/\libfreertos_bsp.a(raw.o)
                0x0000000001833ef0                raw_input
                0x000000000183401c                raw_bind
                0x0000000001834064                raw_connect
                0x00000000018340ac                raw_recv
                0x00000000018340f0                raw_sendto
                0x0000000001834278                raw_send
                0x00000000018342bc                raw_remove
                0x0000000001834358                raw_new
 .text          0x00000000018343e8       0x6c ../FreeRTOS_bsp/\libfreertos_bsp.a(sys.o)
                0x00000000018343e8                sys_msleep
 .text          0x0000000001834454     0x4208 ../FreeRTOS_bsp/\libfreertos_bsp.a(tcp_in.o)
                0x0000000001834454                tcp_input
 .text          0x000000000183865c       0x90 ../FreeRTOS_bsp/\libfreertos_bsp.a(alt_icache_flush.o)
                0x000000000183865c                alt_icache_flush
 .text          0x00000000018386ec     0x1118 ../FreeRTOS_bsp/\libfreertos_bsp.a(api_lib.o)
                0x00000000018386ec                netconn_new_with_proto_and_callback
                0x00000000018387a4                netconn_delete
                0x0000000001838804                netconn_getaddr
                0x0000000001838940                netconn_bind
                0x0000000001838a18                netconn_connect
                0x0000000001838af0                netconn_disconnect
                0x0000000001838bac                netconn_listen_with_backlog
                0x0000000001838c78                netconn_accept
                0x0000000001839104                netconn_recv_tcp_pbuf
                0x0000000001839178                netconn_recv
                0x000000000183932c                netconn_recved
                0x00000000018393ac                netconn_sendto
                0x000000000183942c                netconn_send
                0x00000000018394f4                netconn_write_partly
                0x0000000001839764                netconn_close
                0x0000000001839798                netconn_shutdown
 .text          0x0000000001839804     0x24fc ../FreeRTOS_bsp/\libfreertos_bsp.a(api_msg.o)
                0x000000000183a340                do_newconn
                0x000000000183a3a0                netconn_alloc
                0x000000000183a4d8                netconn_free
                0x000000000183a930                do_delconn
                0x000000000183ab04                do_bind
                0x000000000183adc8                do_connect
                0x000000000183b014                do_disconnect
                0x000000000183b098                do_listen
                0x000000000183b298                do_send
                0x000000000183b4dc                do_recv
                0x000000000183b8e4                do_write
                0x000000000183b9f8                do_getaddr
                0x000000000183bbd0                do_close
 .text          0x000000000183bd00      0x5f4 ../FreeRTOS_bsp/\libfreertos_bsp.a(netbuf.o)
                0x000000000183bd00                netbuf_new
                0x000000000183bd84                netbuf_delete
                0x000000000183bdf4                netbuf_alloc
                0x000000000183bebc                netbuf_free
                0x000000000183bf48                netbuf_ref
                0x000000000183c040                netbuf_chain
                0x000000000183c0fc                netbuf_data
                0x000000000183c1f0                netbuf_next
                0x000000000183c28c                netbuf_first
 .text          0x000000000183c2f4        0x0 c:/altera/18.1/nios2eds/bin/gnu/h-x86_64-mingw32/bin/../lib/gcc/nios2-elf/5.3.0/../../../../../H-x86_64-mingw32/nios2-elf/lib\libc.a(lib_a-atexit.o)
 .text.atexit   0x000000000183c2f4       0x14 c:/altera/18.1/nios2eds/bin/gnu/h-x86_64-mingw32/bin/../lib/gcc/nios2-elf/5.3.0/../../../../../H-x86_64-mingw32/nios2-elf/lib\libc.a(lib_a-atexit.o)
                0x000000000183c2f4                atexit
 .text          0x000000000183c308        0x0 c:/altera/18.1/nios2eds/bin/gnu/h-x86_64-mingw32/bin/../lib/gcc/nios2-elf/5.3.0/../../../../../H-x86_64-mingw32/nios2-elf/lib\libc.a(lib_a-errno.o)
 .text.__errno  0x000000000183c308       0x10 c:/altera/18.1/nios2eds/bin/gnu/h-x86_64-mingw32/bin/../lib/gcc/nios2-elf/5.3.0/../../../../../H-x86_64-mingw32/nios2-elf/lib\libc.a(lib_a-errno.o)
                0x000000000183c308                __errno
 .text          0x000000000183c318        0x0 c:/altera/18.1/nios2eds/bin/gnu/h-x86_64-mingw32/bin/../lib/gcc/nios2-elf/5.3.0/../../../../../H-x86_64-mingw32/nios2-elf/lib\libc.a(lib_a-exit.o)
 .text.exit     0x000000000183c318       0x38 c:/altera/18.1/nios2eds/bin/gnu/h-x86_64-mingw32/bin/../lib/gcc/nios2-elf/5.3.0/../../../../../H-x86_64-mingw32/nios2-elf/lib\libc.a(lib_a-exit.o)
                0x000000000183c318                exit
 .text          0x000000000183c350        0x0 c:/altera/18.1/nios2eds/bin/gnu/h-x86_64-mingw32/bin/../lib/gcc/nios2-elf/5.3.0/../../../../../H-x86_64-mingw32/nios2-elf/lib\libc.a(lib_a-malign.o)
 .text.memalign
                0x000000000183c350       0x18 c:/altera/18.1/nios2eds/bin/gnu/h-x86_64-mingw32/bin/../lib/gcc/nios2-elf/5.3.0/../../../../../H-x86_64-mingw32/nios2-elf/lib\libc.a(lib_a-malign.o)
                0x000000000183c350                memalign
 .text          0x000000000183c368        0x0 c:/altera/18.1/nios2eds/bin/gnu/h-x86_64-mingw32/bin/../lib/gcc/nios2-elf/5.3.0/../../../../../H-x86_64-mingw32/nios2-elf/lib\libc.a(lib_a-malignr.o)
 .text._memalign_r
                0x000000000183c368      0x198 c:/altera/18.1/nios2eds/bin/gnu/h-x86_64-mingw32/bin/../lib/gcc/nios2-elf/5.3.0/../../../../../H-x86_64-mingw32/nios2-elf/lib\libc.a(lib_a-malignr.o)
                0x000000000183c368                _memalign_r
 .text          0x000000000183c500        0x0 c:/altera/18.1/nios2eds/bin/gnu/h-x86_64-mingw32/bin/../lib/gcc/nios2-elf/5.3.0/../../../../../H-x86_64-mingw32/nios2-elf/lib\libc.a(lib_a-malloc.o)
 .text.malloc   0x000000000183c500       0x14 c:/altera/18.1/nios2eds/bin/gnu/h-x86_64-mingw32/bin/../lib/gcc/nios2-elf/5.3.0/../../../../../H-x86_64-mingw32/nios2-elf/lib\libc.a(lib_a-malloc.o)
                0x000000000183c500                malloc
 .text.free     0x000000000183c514       0x14 c:/altera/18.1/nios2eds/bin/gnu/h-x86_64-mingw32/bin/../lib/gcc/nios2-elf/5.3.0/../../../../../H-x86_64-mingw32/nios2-elf/lib\libc.a(lib_a-malloc.o)
                0x000000000183c514                free
 .text          0x000000000183c528        0x0 c:/altera/18.1/nios2eds/bin/gnu/h-x86_64-mingw32/bin/../lib/gcc/nios2-elf/5.3.0/../../../../../H-x86_64-mingw32/nios2-elf/lib\libc.a(lib_a-memcmp.o)
 .text.memcmp   0x000000000183c528       0x7c c:/altera/18.1/nios2eds/bin/gnu/h-x86_64-mingw32/bin/../lib/gcc/nios2-elf/5.3.0/../../../../../H-x86_64-mingw32/nios2-elf/lib\libc.a(lib_a-memcmp.o)
                0x000000000183c528                memcmp
 .text          0x000000000183c5a4        0x0 c:/altera/18.1/nios2eds/bin/gnu/h-x86_64-mingw32/bin/../lib/gcc/nios2-elf/5.3.0/../../../../../H-x86_64-mingw32/nios2-elf/lib\libc.a(lib_a-putc.o)
 .text._putc_r  0x000000000183c5a4       0xa0 c:/altera/18.1/nios2eds/bin/gnu/h-x86_64-mingw32/bin/../lib/gcc/nios2-elf/5.3.0/../../../../../H-x86_64-mingw32/nios2-elf/lib\libc.a(lib_a-putc.o)
                0x000000000183c5a4                _putc_r
 .text.putc     0x000000000183c644       0xc8 c:/altera/18.1/nios2eds/bin/gnu/h-x86_64-mingw32/bin/../lib/gcc/nios2-elf/5.3.0/../../../../../H-x86_64-mingw32/nios2-elf/lib\libc.a(lib_a-putc.o)
                0x000000000183c644                putc
 .text          0x000000000183c70c        0x0 c:/altera/18.1/nios2eds/bin/gnu/h-x86_64-mingw32/bin/../lib/gcc/nios2-elf/5.3.0/../../../../../H-x86_64-mingw32/nios2-elf/lib\libc.a(lib_a-puts.o)
 .text._puts_r  0x000000000183c70c       0xc0 c:/altera/18.1/nios2eds/bin/gnu/h-x86_64-mingw32/bin/../lib/gcc/nios2-elf/5.3.0/../../../../../H-x86_64-mingw32/nios2-elf/lib\libc.a(lib_a-puts.o)
                0x000000000183c70c                _puts_r
 .text.puts     0x000000000183c7cc       0x14 c:/altera/18.1/nios2eds/bin/gnu/h-x86_64-mingw32/bin/../lib/gcc/nios2-elf/5.3.0/../../../../../H-x86_64-mingw32/nios2-elf/lib\libc.a(lib_a-puts.o)
                0x000000000183c7cc                puts
 .text          0x000000000183c7e0        0x0 c:/altera/18.1/nios2eds/bin/gnu/h-x86_64-mingw32/bin/../lib/gcc/nios2-elf/5.3.0/../../../../../H-x86_64-mingw32/nios2-elf/lib\libc.a(lib_a-snprintf.o)
 .text._snprintf_r
                0x000000000183c7e0       0xd8 c:/altera/18.1/nios2eds/bin/gnu/h-x86_64-mingw32/bin/../lib/gcc/nios2-elf/5.3.0/../../../../../H-x86_64-mingw32/nios2-elf/lib\libc.a(lib_a-snprintf.o)
                0x000000000183c7e0                _snprintf_r
 .text.snprintf
                0x000000000183c8b8       0xe4 c:/altera/18.1/nios2eds/bin/gnu/h-x86_64-mingw32/bin/../lib/gcc/nios2-elf/5.3.0/../../../../../H-x86_64-mingw32/nios2-elf/lib\libc.a(lib_a-snprintf.o)
                0x000000000183c8b8                snprintf
 .text          0x000000000183c99c        0x0 c:/altera/18.1/nios2eds/bin/gnu/h-x86_64-mingw32/bin/../lib/gcc/nios2-elf/5.3.0/../../../../../H-x86_64-mingw32/nios2-elf/lib\libc.a(lib_a-strcpy.o)
 .text.strcpy   0x000000000183c99c       0x90 c:/altera/18.1/nios2eds/bin/gnu/h-x86_64-mingw32/bin/../lib/gcc/nios2-elf/5.3.0/../../../../../H-x86_64-mingw32/nios2-elf/lib\libc.a(lib_a-strcpy.o)
                0x000000000183c99c                strcpy
 .text          0x000000000183ca2c        0x0 c:/altera/18.1/nios2eds/bin/gnu/h-x86_64-mingw32/bin/../lib/gcc/nios2-elf/5.3.0/../../../../../H-x86_64-mingw32/nios2-elf/lib\libc.a(lib_a-svfprintf.o)
 .text.___svfprintf_internal_r
                0x000000000183ca2c     0x21d8 c:/altera/18.1/nios2eds/bin/gnu/h-x86_64-mingw32/bin/../lib/gcc/nios2-elf/5.3.0/../../../../../H-x86_64-mingw32/nios2-elf/lib\libc.a(lib_a-svfprintf.o)
                0x000000000183ca2c                ___svfprintf_internal_r
 .text          0x000000000183ec04        0x0 c:/altera/18.1/nios2eds/bin/gnu/h-x86_64-mingw32/bin/../lib/gcc/nios2-elf/5.3.0/../../../../../H-x86_64-mingw32/nios2-elf/lib\libc.a(lib_a-__atexit.o)
 .text.__register_exitproc
                0x000000000183ec04      0x118 c:/altera/18.1/nios2eds/bin/gnu/h-x86_64-mingw32/bin/../lib/gcc/nios2-elf/5.3.0/../../../../../H-x86_64-mingw32/nios2-elf/lib\libc.a(lib_a-__atexit.o)
                0x000000000183ec04                __register_exitproc
 .text          0x000000000183ed1c        0x0 c:/altera/18.1/nios2eds/bin/gnu/h-x86_64-mingw32/bin/../lib/gcc/nios2-elf/5.3.0/../../../../../H-x86_64-mingw32/nios2-elf/lib\libc.a(lib_a-__call_atexit.o)
 .text.__call_exitprocs
                0x000000000183ed1c      0x180 c:/altera/18.1/nios2eds/bin/gnu/h-x86_64-mingw32/bin/../lib/gcc/nios2-elf/5.3.0/../../../../../H-x86_64-mingw32/nios2-elf/lib\libc.a(lib_a-__call_atexit.o)
                0x000000000183ed1c                __call_exitprocs
 .text          0x000000000183ee9c        0x0 c:/altera/18.1/nios2eds/bin/gnu/h-x86_64-mingw32/bin/../lib/gcc/nios2-elf/5.3.0/../../../../../H-x86_64-mingw32/nios2-elf/lib\libc.a(lib_a-svfiprintf.o)
 .text.__ssprint_r
                0x000000000183ee9c      0x1d0 c:/altera/18.1/nios2eds/bin/gnu/h-x86_64-mingw32/bin/../lib/gcc/nios2-elf/5.3.0/../../../../../H-x86_64-mingw32/nios2-elf/lib\libc.a(lib_a-svfiprintf.o)
                0x000000000183ee9c                __ssprint_r
 .text.___svfiprintf_internal_r
                0x000000000183f06c     0x123c c:/altera/18.1/nios2eds/bin/gnu/h-x86_64-mingw32/bin/../lib/gcc/nios2-elf/5.3.0/../../../../../H-x86_64-mingw32/nios2-elf/lib\libc.a(lib_a-svfiprintf.o)
                0x000000000183f06c                ___svfiprintf_internal_r
 .text          0x00000000018402a8       0x60 c:/altera/18.1/nios2eds/bin/gnu/h-x86_64-mingw32/bin/../lib/gcc/nios2-elf/5.3.0\libgcc.a(_muldi3.o)
                0x00000000018402a8                __muldi3
 .text          0x0000000001840308       0x30 ../FreeRTOS_bsp/\libfreertos_bsp.a(alt_exit.o)
                0x0000000001840308                _exit
 *(.gnu.warning.*)
 *(.fini)
                [!provide]                        PROVIDE (__etext, ABSOLUTE (.))
                [!provide]                        PROVIDE (_etext, ABSOLUTE (.))
                [!provide]                        PROVIDE (etext, ABSOLUTE (.))
 *(.eh_frame_hdr)
                0x0000000001840338                . = ALIGN (0x4)
                [!provide]                        PROVIDE (__preinit_array_start, ABSOLUTE (.))
 *(.preinit_array)
                [!provide]                        PROVIDE (__preinit_array_end, ABSOLUTE (.))
                [!provide]                        PROVIDE (__init_array_start, ABSOLUTE (.))
 *(.init_array)
                [!provide]                        PROVIDE (__init_array_end, ABSOLUTE (.))
                [!provide]                        PROVIDE (__fini_array_start, ABSOLUTE (.))
 *(.fini_array)
                [!provide]                        PROVIDE (__fini_array_end, ABSOLUTE (.))
 *(.eh_frame)
 *(.gcc_except_table .gcc_except_table.*)
 *(.dynamic)
                0x0000000001840338                PROVIDE (__CTOR_LIST__, ABSOLUTE (.))
 *(.ctors)
 *(SORT(.ctors.*))
                0x0000000001840338                PROVIDE (__CTOR_END__, ABSOLUTE (.))
                0x0000000001840338                PROVIDE (__DTOR_LIST__, ABSOLUTE (.))
 *(.dtors)
 *(SORT(.dtors.*))
                0x0000000001840338                PROVIDE (__DTOR_END__, ABSOLUTE (.))
 *(.jcr)
                0x0000000001840338                . = ALIGN (0x4)

.rodata         0x0000000001840338     0x3048
                0x0000000001840338                PROVIDE (__ram_rodata_start, ABSOLUTE (.))
                0x0000000001840338                . = ALIGN (0x4)
 *(.rodata .rodata.* .gnu.linkonce.r.*)
 .rodata        0x0000000001840338      0x50c obj/default/main.o
 .rodata.str1.4