Archive member included to satisfy reference by file (symbol)

c:/altera/18.1/nios2eds/bin/gnu/h-x86_64-mingw32/bin/../lib/gcc/nios2-elf/5.3.0/../../../../../H-x86_64-mingw32/nios2-elf/lib\libm.a(lib_a-s_signbit.o)
                              obj/default/open62541.o (__signbitf)
c:/altera/18.1/nios2eds/bin/gnu/h-x86_64-mingw32/bin/../lib/gcc/nios2-elf/5.3.0\libgcc.a(_muldi3.o)
                              obj/default/open62541.o (__muldi3)
c:/altera/18.1/nios2eds/bin/gnu/h-x86_64-mingw32/bin/../lib/gcc/nios2-elf/5.3.0\libgcc.a(_fixunsdfsi.o)
                              obj/default/open62541.o (__fixunsdfsi)
c:/altera/18.1/nios2eds/bin/gnu/h-x86_64-mingw32/bin/../lib/gcc/nios2-elf/5.3.0\libgcc.a(_fixdfdi.o)
                              obj/default/open62541.o (__fixdfdi)
c:/altera/18.1/nios2eds/bin/gnu/h-x86_64-mingw32/bin/../lib/gcc/nios2-elf/5.3.0\libgcc.a(_fixunsdfdi.o)
                              obj/default/open62541.o (__fixunsdfdi)
c:/altera/18.1/nios2eds/bin/gnu/h-x86_64-mingw32/bin/../lib/gcc/nios2-elf/5.3.0\libgcc.a(_floatdisf.o)
                              obj/default/open62541.o (__floatdisf)
c:/altera/18.1/nios2eds/bin/gnu/h-x86_64-mingw32/bin/../lib/gcc/nios2-elf/5.3.0\libgcc.a(_floatdidf.o)
                              obj/default/open62541.o (__floatdidf)
c:/altera/18.1/nios2eds/bin/gnu/h-x86_64-mingw32/bin/../lib/gcc/nios2-elf/5.3.0\libgcc.a(_floatundidf.o)
                              obj/default/open62541.o (__floatundidf)
c:/altera/18.1/nios2eds/bin/gnu/h-x86_64-mingw32/bin/../lib/gcc/nios2-elf/5.3.0\libgcc.a(_divdi3.o)
                              obj/default/open62541.o (__divdi3)
c:/altera/18.1/nios2eds/bin/gnu/h-x86_64-mingw32/bin/../lib/gcc/nios2-elf/5.3.0\libgcc.a(_moddi3.o)
                              obj/default/open62541.o (__moddi3)
c:/altera/18.1/nios2eds/bin/gnu/h-x86_64-mingw32/bin/../lib/gcc/nios2-elf/5.3.0\libgcc.a(lib2-divmod.o)
                              obj/default/open62541.o (__divsi3)
c:/altera/18.1/nios2eds/bin/gnu/h-x86_64-mingw32/bin/../lib/gcc/nios2-elf/5.3.0\libgcc.a(addsf3.o)
                              obj/default/open62541.o (__addsf3)
c:/altera/18.1/nios2eds/bin/gnu/h-x86_64-mingw32/bin/../lib/gcc/nios2-elf/5.3.0\libgcc.a(divsf3.o)
                              obj/default/open62541.o (__divsf3)
c:/altera/18.1/nios2eds/bin/gnu/h-x86_64-mingw32/bin/../lib/gcc/nios2-elf/5.3.0\libgcc.a(eqsf2.o)
                              obj/default/open62541.o (__eqsf2)
c:/altera/18.1/nios2eds/bin/gnu/h-x86_64-mingw32/bin/../lib/gcc/nios2-elf/5.3.0\libgcc.a(gesf2.o)
                              obj/default/open62541.o (__gtsf2)
c:/altera/18.1/nios2eds/bin/gnu/h-x86_64-mingw32/bin/../lib/gcc/nios2-elf/5.3.0\libgcc.a(adddf3.o)
                              obj/default/open62541.o (__adddf3)
c:/altera/18.1/nios2eds/bin/gnu/h-x86_64-mingw32/bin/../lib/gcc/nios2-elf/5.3.0\libgcc.a(divdf3.o)
                              obj/default/open62541.o (__divdf3)
c:/altera/18.1/nios2eds/bin/gnu/h-x86_64-mingw32/bin/../lib/gcc/nios2-elf/5.3.0\libgcc.a(eqdf2.o)
                              obj/default/open62541.o (__eqdf2)
c:/altera/18.1/nios2eds/bin/gnu/h-x86_64-mingw32/bin/../lib/gcc/nios2-elf/5.3.0\libgcc.a(gedf2.o)
                              obj/default/open62541.o (__gedf2)
c:/altera/18.1/nios2eds/bin/gnu/h-x86_64-mingw32/bin/../lib/gcc/nios2-elf/5.3.0\libgcc.a(ledf2.o)
                              obj/default/open62541.o (__ledf2)
c:/altera/18.1/nios2eds/bin/gnu/h-x86_64-mingw32/bin/../lib/gcc/nios2-elf/5.3.0\libgcc.a(muldf3.o)
                              obj/default/open62541.o (__muldf3)
c:/altera/18.1/nios2eds/bin/gnu/h-x86_64-mingw32/bin/../lib/gcc/nios2-elf/5.3.0\libgcc.a(subdf3.o)
                              obj/default/open62541.o (__subdf3)
c:/altera/18.1/nios2eds/bin/gnu/h-x86_64-mingw32/bin/../lib/gcc/nios2-elf/5.3.0\libgcc.a(fixdfsi.o)
                              obj/default/open62541.o (__fixdfsi)
c:/altera/18.1/nios2eds/bin/gnu/h-x86_64-mingw32/bin/../lib/gcc/nios2-elf/5.3.0\libgcc.a(floatsidf.o)
                              obj/default/open62541.o (__floatsidf)
c:/altera/18.1/nios2eds/bin/gnu/h-x86_64-mingw32/bin/../lib/gcc/nios2-elf/5.3.0\libgcc.a(floatunsidf.o)
                              obj/default/open62541.o (__floatunsidf)
c:/altera/18.1/nios2eds/bin/gnu/h-x86_64-mingw32/bin/../lib/gcc/nios2-elf/5.3.0\libgcc.a(extendsfdf2.o)
                              obj/default/open62541.o (__extendsfdf2)
c:/altera/18.1/nios2eds/bin/gnu/h-x86_64-mingw32/bin/../lib/gcc/nios2-elf/5.3.0\libgcc.a(truncdfsf2.o)
                              obj/default/open62541.o (__truncdfsf2)
c:/altera/18.1/nios2eds/bin/gnu/h-x86_64-mingw32/bin/../lib/gcc/nios2-elf/5.3.0\libgcc.a(_clz.o)
                              c:/altera/18.1/nios2eds/bin/gnu/h-x86_64-mingw32/bin/../lib/gcc/nios2-elf/5.3.0\libgcc.a(_divdi3.o) (__clz_tab)
c:/altera/18.1/nios2eds/bin/gnu/h-x86_64-mingw32/bin/../lib/gcc/nios2-elf/5.3.0\libgcc.a(_clzsi2.o)
[...]
Memory Configuration

Name             Origin             Length             Attributes
reset            0x0000000002000000 0x0000000000000020
sdram_controller_0 0x0000000002000020 0x0000000001ffffe0
tse_descriptor_memory_0 0x0000000004000000 0x0000000000002000
mem_0            0x0000000005020000 0x0000000000020000
*default*        0x0000000000000000 0xffffffffffffffff

Linker script and memory map

LOAD ../FreeRTOS_bsp//obj/HAL/src/crt0.o
LOAD obj/default/iicNs.o
LOAD obj/default/main.o
LOAD obj/default/open62541.o
LOAD c:/altera/18.1/nios2eds/bin/gnu/h-x86_64-mingw32/bin/../lib/gcc/nios2-elf/5.3.0/../../../../../H-x86_64-mingw32/nios2-elf/lib\libstdc++.a
LOAD c:/altera/18.1/nios2eds/bin/gnu/h-x86_64-mingw32/bin/../lib/gcc/nios2-elf/5.3.0/../../../../../H-x86_64-mingw32/nios2-elf/lib\libm.a
LOAD c:/altera/18.1/nios2eds/bin/gnu/h-x86_64-mingw32/bin/../lib/gcc/nios2-elf/5.3.0\libgcc.a
START GROUP
LOAD c:/altera/18.1/nios2eds/bin/gnu/h-x86_64-mingw32/bin/../lib/gcc/nios2-elf/5.3.0/../../../../../H-x86_64-mingw32/nios2-elf/lib\libc.a
LOAD c:/altera/18.1/nios2eds/bin/gnu/h-x86_64-mingw32/bin/../lib/gcc/nios2-elf/5.3.0\libgcc.a
LOAD ../FreeRTOS_bsp/\libfreertos_bsp.a
LOAD c:/altera/18.1/nios2eds/bin/gnu/h-x86_64-mingw32/bin/../lib/gcc/nios2-elf/5.3.0/../../../../../H-x86_64-mingw32/nios2-elf/lib\libm.a
END GROUP
LOAD c:/altera/18.1/nios2eds/bin/gnu/h-x86_64-mingw32/bin/../lib/gcc/nios2-elf/5.3.0\libgcc.a
                0x0000000002000000                __alt_mem_sdram_controller_0 = 0x2000000
                0x0000000004000000                __alt_mem_tse_descriptor_memory_0 = 0x4000000
                0x0000000005020000                __alt_mem_mem_0 = 0x5020000

.entry          0x0000000002000000       0x20
 *(.entry)
 .entry         0x0000000002000000       0x20 ../FreeRTOS_bsp//obj/HAL/src/crt0.o
                0x0000000002000000                __reset

.exceptions     0x0000000002000020      0x228
                0x0000000002000020                PROVIDE (__ram_exceptions_start, ABSOLUTE (.))
                0x0000000002000020                . = ALIGN (0x20)
 *(.irq)
 *(.exceptions.entry.label)
 *(.exceptions.entry.user)
 *(.exceptions.entry.ecc_fatal)
 *(.exceptions.entry)
 .exceptions.entry
                0x0000000002000020       0x8c ../FreeRTOS_bsp/\libfreertos_bsp.a(port_asm.o)
 *(.exceptions.irqtest.user)
 *(.exceptions.irqtest)
 .exceptions.irqtest
                0x00000000020000ac       0x14 ../FreeRTOS_bsp/\libfreertos_bsp.a(port_asm.o)
 *(.exceptions.irqhandler.user)
 *(.exceptions.irqhandler)
 .exceptions.irqhandler
                0x00000000020000c0        0x4 ../FreeRTOS_bsp/\libfreertos_bsp.a(port_asm.o)
 *(.exceptions.irqreturn.user)
 *(.exceptions.irqreturn)
 .exceptions.irqreturn
                0x00000000020000c4       0x8c ../FreeRTOS_bsp/\libfreertos_bsp.a(port_asm.o)
                0x00000000020000c4                restore_sp_from_pxCurrentTCB
 *(.exceptions.notirq.label)
 *(.exceptions.notirq.user)
 *(.exceptions.notirq)
 *(.exceptions.soft.user)
 *(.exceptions.soft)
 .exceptions.soft
                0x0000000002000150       0x2c ../FreeRTOS_bsp/\libfreertos_bsp.a(port_asm.o)
 *(.exceptions.unknown.user)
 *(.exceptions.unknown)
 *(.exceptions.exit.label)
 *(.exceptions.exit.user)
 *(.exceptions.exit)
 *(.exceptions)
 .exceptions    0x000000000200017c       0xcc ../FreeRTOS_bsp/\libfreertos_bsp.a(alt_irq_handler.o)
                0x000000000200017c                alt_irq_handler
                0x0000000002000248                PROVIDE (__ram_exceptions_end, ABSOLUTE (.))
                0x0000000002000020                PROVIDE (__flash_exceptions_start, LOADADDR (.exceptions))

.text           0x0000000002000248    0xebc94
                [!provide]                        PROVIDE (stext, ABSOLUTE (.))
 *(.interp)
 *(.hash)
 *(.dynsym)
 *(.dynstr)
 *(.gnu.version)
 *(.gnu.version_d)
 *(.gnu.version_r)
 *(.rel.init)
 *(.rela.init)
 *(.rel.text .rel.text.* .rel.gnu.linkonce.t.*)
 *(.rela.text .rela.text.* .rela.gnu.linkonce.t.*)
 *(.rel.fini)
 *(.rela.fini)
 *(.rel.rodata .rel.rodata.* .rel.gnu.linkonce.r.*)
 *(.rela.rodata .rela.rodata.* .rela.gnu.linkonce.r.*)
 *(.rel.data .rel.data.* .rel.gnu.linkonce.d.*)
 *(.rela.data .rela.data.* .rela.gnu.linkonce.d.*)
 *(.rel.tdata .rel.tdata.* .rel.gnu.linkonce.td.*)
 *(.rela.tdata .rela.tdata.* .rela.gnu.linkonce.td.*)
 *(.rel.tbss .rel.tbss.* .rel.gnu.linkonce.tb.*)
 *(.rela.tbss .rela.tbss.* .rela.gnu.linkonce.tb.*)
 *(.rel.ctors)
 *(.rela.ctors)
 *(.rel.dtors)
 *(.rela.dtors)
 *(.rel.got)
 *(.rela.got)
 *(.rel.sdata .rel.sdata.* .rel.gnu.linkonce.s.*)
 *(.rela.sdata .rela.sdata.* .rela.gnu.linkonce.s.*)
 *(.rel.sbss .rel.sbss.* .rel.gnu.linkonce.sb.*)
 *(.rela.sbss .rela.sbss.* .rela.gnu.linkonce.sb.*)
 *(.rel.sdata2 .rel.sdata2.* .rel.gnu.linkonce.s2.*)
 *(.rela.sdata2 .rela.sdata2.* .rela.gnu.linkonce.s2.*)
 *(.rel.sbss2 .rel.sbss2.* .rel.gnu.linkonce.sb2.*)
 *(.rela.sbss2 .rela.sbss2.* .rela.gnu.linkonce.sb2.*)
 *(.rel.bss .rel.bss.* .rel.gnu.linkonce.b.*)
 *(.rela.bss .rela.bss.* .rela.gnu.linkonce.b.*)
 *(.rel.plt)
 *(.rela.plt)
 *(.rel.dyn)
 *(.init)
 *(.plt)
 *(.text .stub .text.* .gnu.linkonce.t.*)
 .text          0x0000000002000248       0x3c ../FreeRTOS_bsp//obj/HAL/src/crt0.o
                0x0000000002000248                _start
 .text          0x0000000002000284    0x181d8 obj/default/iicNs.o
                0x0000000002016fc8                iicNs
 .text          0x000000000201845c     0x14d4 obj/default/main.o
                0x000000000201884c                vApplicationMallocFailedHook
                0x0000000002018874                vApplicationStackOverflowHook
                0x0000000002018998                InitNetwork
                0x0000000002018bac                xEthernetRun
                0x0000000002018c20                get_mac_addr
                0x0000000002018d3c                get_ip_addr
                0x0000000002018df4                get_hostname
                0x0000000002018e2c                get_iface_name
                0x0000000002018e74                is_interface_active
                0x0000000002018e98                main
                0x0000000002019868                main_thread
 .text          0x0000000002019930    0x860b4 obj/default/open62541.o
                0x000000000201e590                UA_findDataType
                0x000000000201e658                UA_random_seed
                0x000000000201e6b8                UA_UInt32_random
                0x000000000201e6e8                UA_String_fromChars
                0x000000000201e7a4                UA_String_equal
                0x000000000201e9c0                UA_QualifiedName_hash
                0x000000000201ea14                UA_QualifiedName_equal
                0x000000000201eac4                UA_DateTime_toStruct
                0x000000000201eea4                UA_DateTime_fromStruct
                0x000000000201f0f0                UA_Guid_equal
                0x000000000201f13c                UA_Guid_random
                0x000000000201f238                UA_ByteString_allocBuffer
                0x000000000201f47c                UA_NodeId_isNull
                0x000000000201f550                UA_NodeId_order
                0x000000000201f828                UA_ByteString_hash
                0x000000000201f8a8                UA_NodeId_hash
                0x000000000201fa94                UA_ExpandedNodeId_order
                0x000000000201fb9c                UA_ExpandedNodeId_hash
                0x000000000201ffbc                UA_Variant_setScalar
                0x0000000002020018                UA_Variant_setScalarCopy
                0x00000000020200b0                UA_Variant_setArray
                0x0000000002020114                UA_Variant_setArrayCopy
                0x0000000002020774                UA_Variant_copyRange
                0x0000000002020fc4                UA_Variant_setRange
                0x0000000002021018                UA_Variant_setRangeCopy
                0x00000000020213c8                UA_new
                0x0000000002021814                UA_copy
                0x0000000002021aa0                UA_clear
                0x0000000002021b20                UA_delete
                0x0000000002021b8c                UA_Array_new
                0x0000000002021bf0                UA_Array_copy
                0x0000000002021d98                UA_Array_delete
                0x0000000002021e40                UA_DataType_isNumeric
                0x0000000002021fb8                UA_NumericRange_parse
                0x0000000002024a18                UA_findDataTypeByBinary
                0x0000000002026428                UA_encodeBinary
                0x0000000002026708                UA_decodeBinary
                0x00000000020274d4                UA_calcSizeBinary
                0x0000000002027534                UA_StatusCode_name
                0x00000000020275d4                UA_readNumberWithBase
                0x0000000002027790                UA_readNumber
                0x00000000020277d4                UA_parseEndpointUrl
                0x0000000002027ba0                UA_parseEndpointUrlEthernet
                0x0000000002027e28                UA_ByteString_toBase64
                0x0000000002027ec0                UA_ByteString_fromBase64
                0x0000000002027f50                UA_NodeId_print
                0x000000000202841c                UA_WorkQueue_init
                0x0000000002028454                UA_WorkQueue_cleanup
                0x0000000002028488                UA_WorkQueue_enqueueDelayed
                0x00000000020284e4                UA_WorkQueue_manuallyProcessDelayed
                0x000000000202879c                UA_TimerZip_ZIP_INSERT
                0x0000000002028a40                UA_TimerZip_ZIP_REMOVE
                0x0000000002028b2c                UA_TimerZip_ZIP_FIND
                0x0000000002028b6c                UA_TimerZip_ZIP_MIN
                0x0000000002028bc4                UA_TimerZip_ZIP_MAX
                0x0000000002028c9c                UA_TimerZip_ZIP_ITER
                0x0000000002028eb8                UA_TimerIdZip_ZIP_INSERT
                0x000000000202915c                UA_TimerIdZip_ZIP_REMOVE
                0x0000000002029248                UA_TimerIdZip_ZIP_FIND
                0x0000000002029288                UA_TimerIdZip_ZIP_MIN
                0x00000000020292e0                UA_TimerIdZip_ZIP_MAX
                0x00000000020293b8                UA_TimerIdZip_ZIP_ITER
                0x0000000002029404                UA_Timer_init
                0x00000000020295c8                UA_Timer_addTimedCallback
                0x0000000002029634                UA_Timer_addRepeatedCallback
                0x0000000002029740                UA_Timer_changeRepeatedCallbackInterval
                0x0000000002029884                UA_Timer_removeCallback
                0x000000000202990c                UA_Timer_process
                0x0000000002029b64                UA_Timer_deleteMembers
                0x0000000002029c10                UA_Connection_sendError
                0x0000000002029d00                UA_Connection_detachSecureChannel
                0x0000000002029d6c                UA_Connection_attachSecureChannel
                0x0000000002029dcc                UA_SecureChannel_init
                0x0000000002029e6c                UA_SecureChannel_setSecurityPolicy
                0x000000000202a054                UA_SecureChannel_deleteBuffered
                0x000000000202a0a0                UA_SecureChannel_deleteMembers
                0x000000000202a19c                UA_SecureChannel_close
                0x000000000202a244                UA_SecureChannel_processHELACK
                0x000000000202a34c                UA_SecureChannel_sendAsymmetricOPNMessage
                0x000000000202ab78                UA_MessageContext_begin
                0x000000000202ac84                UA_MessageContext_encode
                0x000000000202ad10                UA_MessageContext_finish
                0x000000000202ad4c                UA_MessageContext_abort
                0x000000000202ada4                UA_SecureChannel_sendSymmetricMessage
                0x000000000202bd20                UA_SecureChannel_processBuffer
                0x000000000202bed4                UA_SecureChannel_receive
                0x000000000202bfa8                UA_SecureChannel_generateLocalNonce
                0x000000000202c674                UA_SecureChannel_generateNewKeys
                0x000000000202c78c                UA_SecureChannel_revolveTokens
                0x000000000202c840                calculateAsymAlgSecurityHeaderLength
                0x000000000202c8d8                prependHeadersAsym
                0x000000000202cb10                hideBytesAsym
                0x000000000202cb8c                setBufPos
                0x000000000202ce9c                decryptAndVerifyChunk
                0x000000000202d068                processSequenceNumberAsym
                0x000000000202d09c                checkAsymHeader
                0x000000000202d11c                checkSymHeader
                0x000000000202d444                UA_SecurityPolicy_getRemoteAsymEncryptionBufferLengthOverhead
                0x000000000202d4e8                UA_Session_init
                0x000000000202d548                UA_Session_deleteMembersCleanup
                0x000000000202d614                UA_Session_attachToSecureChannel
                0x000000000202d664                UA_Session_detachFromSecureChannel
                0x000000000202d6ac                UA_Session_generateNonce
                0x000000000202d768                UA_Session_updateLifetime
                0x000000000202d820                UA_Session_addSubscription
                0x000000000202d8e4                UA_Session_deleteSubscription
                0x000000000202da18                UA_Session_getSubscriptionById
                0x000000000202da7c                UA_Session_dequeuePublishReq
                0x000000000202daf8                UA_Session_queuePublishReq
                0x000000000202dd84                UA_ReferenceTargetIdTree_ZIP_INSERT
                0x000000000202e020                UA_ReferenceTargetIdTree_ZIP_REMOVE
                0x000000000202e108                UA_ReferenceTargetIdTree_ZIP_FIND
                0x000000000202e148                UA_ReferenceTargetIdTree_ZIP_MIN
                0x000000000202e1a0                UA_ReferenceTargetIdTree_ZIP_MAX
                0x000000000202e278                UA_ReferenceTargetIdTree_ZIP_ITER
                0x000000000202e478                UA_ReferenceTargetNameTree_ZIP_INSERT
                0x000000000202e71c                UA_ReferenceTargetNameTree_ZIP_REMOVE
                0x000000000202e808                UA_ReferenceTargetNameTree_ZIP_FIND
                0x000000000202e848                UA_ReferenceTargetNameTree_ZIP_MIN
                0x000000000202e8a0                UA_ReferenceTargetNameTree_ZIP_MAX
                0x000000000202e978                UA_ReferenceTargetNameTree_ZIP_ITER
                0x000000000202e9c4                UA_Node_clear
                0x000000000202ef04                UA_Node_copy
                0x000000000202f4b4                UA_Node_copy_alloc
                0x000000000202fa2c                UA_Node_setAttributes
                0x0000000002030184                UA_Node_addReference
                0x0000000002030304                UA_Node_deleteReference
                0x00000000020306bc                UA_Node_deleteReferencesSubset
                0x0000000002030930                UA_Node_deleteReferences
                0x000000000203096c                setupNs1Uri
                0x00000000020309cc                addNamespace
                0x0000000002030afc                UA_Server_addNamespace
                0x0000000002030b54                UA_Server_getConfig
                0x0000000002030b88                UA_Server_getNamespaceByName
                0x0000000002030c34                UA_Server_forEachChildNodeCall
                0x0000000002030e04                UA_Server_delete
                0x00000000020311e4                UA_Server_newWithConfig
                0x00000000020313a0                UA_Server_addTimedCallback
                0x0000000002031410                addRepeatedCallback
                0x0000000002031478                UA_Server_addRepeatedCallback
                0x00000000020314d8                changeRepeatedCallbackInterval
                0x0000000002031530                UA_Server_changeRepeatedCallbackInterval
                0x0000000002031588                removeCallback
                0x00000000020315d4                UA_Server_removeCallback
                0x0000000002031618                UA_Server_updateCertificate
                0x0000000002031834                UA_SecurityPolicy_getSecurityPolicyByUri
                0x00000000020318c4                UA_Server_getStatistics
                0x0000000002031914                UA_Server_run_startup
                0x0000000002031c34                UA_Server_run_iterate
                0x0000000002031e7c                UA_Server_run_shutdown
                0x0000000002031f80                UA_Server_run
                0x00000000020344fc                writeNs0VariableArray
                0x0000000002034b90                UA_Server_initNS0
                0x00000000020359a8                UA_ServerConfig_clean
                0x0000000002035c08                UA_ServerConfig_setCustomHostname
                0x0000000002035c70                UA_ServerConfig_addPubSubTransportLayer
                0x0000000002036fbc                sendResponse
                0x0000000002037f40                UA_Server_processBinaryMessage
                0x00000000020380a4                UA_Server_removeConnection
                0x00000000020383d0                isNodeInTree
                0x0000000002038438                getNodeType
                0x0000000002038708                UA_Node_hasSubTypeOrInstances
                0x0000000002038834                getParentTypeAndInterfaceHierarchy
                0x0000000002038c00                UA_Server_editNode
                0x0000000002038ca0                UA_Server_processServiceOperations
                0x0000000002038dc8                register_server_with_discovery_server
                0x00000000020391fc                UA_Server_register_discovery
                0x0000000002039248                UA_Server_unregister_discovery
                0x0000000002039290                UA_NetworkMessage_updateBufferedMessage
                0x0000000002039440                UA_NetworkMessage_encodeBinary
                0x000000000203ab8c                UA_NetworkMessage_decodeBinary
                0x000000000203ac68                UA_NetworkMessage_calcSizeBinary
                0x000000000203b46c                UA_NetworkMessage_deleteMembers
                0x000000000203b690                UA_NetworkMessage_delete
                0x000000000203b808                UA_DataSetMessageHeader_encodeBinary
                0x000000000203bb34                UA_DataSetMessageHeader_decodeBinary
                0x000000000203bebc                UA_DataSetMessageHeader_calcSizeBinary
                0x000000000203c044                UA_DataSetMessage_encodeBinary
                0x000000000203c3ac                UA_DataSetMessage_decodeBinary
                0x000000000203c850                UA_DataSetMessage_calcSizeBinary
                0x000000000203cf10                UA_DataSetMessage_free
                0x000000000203d068                UA_PubSubConnectionConfig_copy
                0x000000000203d25c                UA_Server_getPubSubConnectionConfig
                0x000000000203d2f4                UA_PubSubConnection_findConnectionbyId
                0x000000000203d374                UA_PubSubConnectionConfig_clear
                0x000000000203d44c                UA_PubSubConnection_clear
                0x000000000203d594                UA_PubSubConnection_regist
                0x000000000203d658                UA_Server_addWriterGroup
                0x000000000203d8a8                UA_Server_removeWriterGroup
                0x000000000203da1c                UA_Server_freezeWriterGroupConfiguration
                0x000000000203e0f0                UA_Server_unfreezeWriterGroupConfiguration
                0x000000000203e26c                UA_Server_setWriterGroupOperational
                0x000000000203e2f0                UA_Server_setWriterGroupDisabled
                0x000000000203e374                UA_PublishedDataSetConfig_copy
                0x000000000203e4f8                UA_Server_getPublishedDataSetConfig
                0x000000000203e5b0                UA_Server_getPublishedDataSetMetaData
                0x000000000203e648                UA_PublishedDataSet_findPDSbyId
                0x000000000203e6c8                UA_PublishedDataSetConfig_clear
                0x000000000203e78c                UA_PublishedDataSet_clear
                0x000000000203ec40                UA_Server_addDataSetField
                0x000000000203f140                UA_Server_removeDataSetField
                0x000000000203f588                UA_DataSetWriterConfig_copy
                0x000000000203f6ec                UA_Server_getDataSetWriterConfig
                0x000000000203f7b8                UA_DataSetWriter_findDSWbyId
                0x000000000203f880                UA_DataSetWriterConfig_clear
                0x000000000203f994                UA_DataSetWriter_setPubSubState
                0x000000000203fbb4                UA_WriterGroupConfig_copy
                0x000000000203fd18                UA_Server_getWriterGroupConfig
                0x000000000203fde4                UA_Server_updateWriterGroupConfig
                0x000000000203ffd4                UA_WriterGroup_findWGbyId
                0x0000000002040078                UA_WriterGroupConfig_clear
                0x0000000002040238                UA_WriterGroup_setPubSubState
                0x0000000002040500                UA_Server_addDataSetWriter
                0x0000000002040810                UA_Server_removeDataSetWriter
                0x00000000020409d4                UA_DataSetFieldConfig_copy
                0x0000000002040a60                UA_Server_getDataSetFieldConfig
                0x0000000002040b2c                UA_DataSetField_findDSFbyId
                0x0000000002040bd0                UA_DataSetFieldConfig_clear
                0x0000000002041f5c                UA_WriterGroup_publishCallback
                0x00000000020426c8                UA_WriterGroup_addPublishCallback
                0x0000000002042750                UA_Server_addReaderGroup
                0x0000000002042900                UA_Server_removeReaderGroup
                0x0000000002042a20                UA_Server_ReaderGroup_getConfig
                0x0000000002042af8                UA_Server_ReaderGroup_delete
                0x0000000002042be0                UA_ReaderGroupConfig_copy
                0x0000000002043060                UA_ReaderGroup_findRGbyId
                0x0000000002043108                UA_ReaderGroup_findDSRbyId
                0x00000000020431d4                UA_ReaderGroup_subscribeCallback
                0x0000000002043318                UA_ReaderGroup_addSubscribeCallback
                0x00000000020433a8                UA_Server_addDataSetReader
                0x0000000002043518                UA_Server_removeDataSetReader
                0x000000000204359c                UA_Server_DataSetReader_updateConfig
                0x00000000020436c8                UA_Server_DataSetReader_getConfig
                0x0000000002043780                UA_DataSetReaderConfig_copy
                0x0000000002043910                UA_Server_DataSetReader_createTargetVariables
                0x00000000020439dc                UA_Server_DataSetReader_addTargetVariables
                0x0000000002044040                UA_Server_DataSetReader_process
                0x0000000002044350                UA_DataSetReader_delete
                0x0000000002044488                UA_Server_processNetworkMessage
                0x00000000020445a8                UA_Server_addPubSubConnection
                0x0000000002044924                UA_Server_removePubSubConnection
                0x0000000002044a0c                UA_Server_addPublishedDataSet
                0x00000000020450bc                UA_Server_removePublishedDataSet
                0x00000000020452a4                UA_PubSubConfigurationVersionTimeDifference
                0x00000000020452ec                UA_PubSubManager_generateUniqueNodeId
                0x0000000002045384                UA_PubSubManager_delete
                0x0000000002045560                UA_PubSubManager_addRepeatedCallback
                0x00000000020455c8                UA_PubSubManager_changeRepeatedCallbackInterval
                0x0000000002045620                UA_PubSubManager_removeRepeatedPubSubCallback
                0x0000000002045848                RefHead_ZIP_INSERT
                0x0000000002045ae4                RefHead_ZIP_REMOVE
                0x0000000002045bcc                RefHead_ZIP_FIND
                0x0000000002045c0c                RefHead_ZIP_MIN
                0x0000000002045c64                RefHead_ZIP_MAX
                0x0000000002045d3c                RefHead_ZIP_ITER
                0x0000000002046430                browseRecursive
                0x0000000002046680                referenceSubtypes
                0x00000000020468c4                UA_Server_browseRecursive
                0x0000000002046be4                ContinuationPoint_clear
                0x0000000002047508                Operation_Browse
                0x00000000020478e8                Service_Browse
                0x00000000020479d4                UA_Server_browse
                0x0000000002047be0                Service_BrowseNext
                0x0000000002047c78                UA_Server_browseNext
                0x0000000002048664                translateBrowsePathToNodeIds
                0x00000000020486e8                UA_Server_translateBrowsePathToNodeIds
                0x0000000002048748                Service_TranslateBrowsePathsToNodeIds
                0x0000000002048804                browseSimplifiedBrowsePath
                0x0000000002048aa4                UA_Server_browseSimplifiedBrowsePath
                0x0000000002048b3c                Service_RegisterNodes
                0x0000000002048c14                Service_UnregisterNodes
                0x0000000002049668                Service_Call
                0x0000000002049720                UA_Server_call
                0x0000000002049800                UA_Server_removeSession
                0x0000000002049a64                UA_Server_removeSessionByToken
                0x0000000002049af0                UA_Server_cleanupSessions
                0x0000000002049ddc                UA_Server_getSessionById
                0x000000000204a114                UA_Server_createSession
                0x000000000204a378                Service_CreateSession
                0x000000000204ae0c                Service_ActivateSession
                0x000000000204b670                Service_CloseSession
                0x000000000204be40                readValueAttribute
                0x000000000204c2b8                ReadWithNode
                0x000000000204cd08                Service_Read
                0x000000000204ce14                UA_Server_readWithSession
                0x000000000204cfb4                readAttribute
                0x000000000204d014                readWithReadValue
                0x000000000204d168                UA_Server_read
                0x000000000204d220                __UA_Server_read
                0x000000000204d270                readObjectProperty
                0x000000000204d3d0                UA_Server_readObjectProperty
                0x000000000204d4a4                compatibleDataType
                0x000000000204d62c                compatibleValueRankArrayDimensions
                0x000000000204d908                compatibleValueRanks
                0x000000000204dad8                compatibleArrayDimensions
                0x000000000204dbb0                compatibleValueArrayDimensions
                0x000000000204dc74                compatibleValue
                0x000000000204fb08                Service_Write
                0x000000000204fbc0                writeWithSession
                0x000000000204fc14                writeAttribute
                0x000000000204fc6c                UA_Server_write
                0x000000000204fcac                writeWithWriteValue
                0x000000000204fe18                __UA_Server_write
                0x000000000204fe70                UA_Server_writeObjectProperty
                0x000000000204ff20                writeObjectProperty
                0x0000000002050090                UA_Server_writeObjectProperty_scalar
                0x00000000020505a8                Service_FindServers
                0x0000000002050910                Service_GetEndpoints
                0x000000000205132c                Service_RegisterServer
                0x00000000020513a4                Service_RegisterServer2
                0x000000000205144c                UA_Discovery_cleanupTimedOut
                0x00000000020519b4                UA_Server_addPeriodicServerRegisterCallback
                0x0000000002051d00                UA_Server_setRegisterServerCallback
                0x0000000002051f88                Service_CreateSubscription
                0x0000000002052210                Service_ModifySubscription
                0x00000000020523a0                Service_SetPublishingMode
                0x00000000020524c0                Service_Publish
                0x000000000205287c                Service_DeleteSubscriptions
                0x0000000002052924                Service_Republish
                0x0000000002053810                Service_CreateMonitoredItems
                0x0000000002053928                UA_Server_createDataChangeMonitoredItem
                0x0000000002053b98                Service_ModifyMonitoredItems
                0x0000000002053f58                Service_SetMonitoringMode
                0x00000000020540b0                Service_DeleteMonitoredItems
                0x00000000020541a0                UA_Server_deleteMonitoredItem
                0x0000000002054438                UA_Server_deleteSecureChannels
                0x00000000020544a4                UA_Server_cleanupTimedOutSecureChannels
                0x0000000002054710                UA_Server_createSecureChannel
                0x0000000002054884                UA_Server_configSecureChannel
                0x0000000002054e44                UA_Server_closeSecureChannel
                0x0000000002054e90                Service_OpenSecureChannel
                0x00000000020550b4                Service_CloseSecureChannel
                0x0000000002055154                UA_Server_getNodeContext
                0x00000000020551c4                getNodeContext
                0x0000000002055314                UA_Server_setNodeContext
                0x0000000002057318                AddNode_addRefs
                0x000000000205850c                AddNode_raw
                0x00000000020599c8                AddNode_finish
                0x0000000002059ea8                Service_AddNodes
                0x0000000002059f60                addNode
                0x000000000205a128                __UA_Server_addNode
                0x000000000205a1c0                UA_Server_addNode_begin
                0x000000000205a2d8                UA_Server_addNode_finish
                0x000000000205af04                Service_DeleteNodes
                0x000000000205afbc                UA_Server_deleteNode
                0x000000000205b034                deleteNode
                0x000000000205b5f4                Service_AddReferences
                0x000000000205b6ac                UA_Server_addReference
                0x000000000205b9d0                Service_DeleteReferences
                0x000000000205ba88                UA_Server_deleteReference
                0x000000000205bc10                UA_Server_setVariableNode_valueCallback
                0x000000000205bc74                UA_Server_addDataSourceVariableNode
                0x000000000205bf68                setVariableNode_dataSource
                0x000000000205bfc4                UA_Server_setVariableNode_dataSource
                0x000000000205c794                UA_Server_addMethodNode_finish
                0x000000000205c89c                UA_Server_addMethodNodeEx
                0x000000000205caf4                setMethodNode_callback
                0x000000000205cb50                UA_Server_setMethodNode_callback
                0x000000000205cc60                UA_Server_setNodeTypeLifecycle
                0x000000000205cd5c                UA_Client_newWithConfig
                0x000000000205d004                UA_Client_reset
                0x000000000205d040                UA_Client_delete
                0x000000000205d08c                UA_Client_getState
                0x000000000205d0b4                UA_Client_getConfig
                0x000000000205d0ec                setClientState
                0x000000000205d160                getSecurityPolicy
                0x000000000205dbb4                receiveResponse
                0x000000000205dd98                __UA_Client_Service
                0x000000000205de8c                receiveResponseAsync
                0x000000000205df2c                UA_Client_AsyncService_cancel
                0x000000000205e080                UA_Client_AsyncService_removeAll
                0x000000000205e12c                __UA_Client_AsyncServiceEx
                0x000000000205e260                __UA_Client_AsyncService
                0x000000000205e2cc                UA_Client_sendAsyncRequest
                0x000000000205e360                UA_Client_addTimedCallback
                0x000000000205e3c8                UA_Client_addRepeatedCallback
                0x000000000205e430                UA_Client_changeRepeatedCallbackInterval
                0x000000000205e488                UA_Client_removeCallback
                0x000000000205e8b8                UA_Client_run_iterate
                0x000000000205e9f0                processACKResponseAsync
                0x000000000205f088                decodeProcessOPNResponseAsync
                0x000000000205f688                UA_Client_renewSecureChannelAsync
                0x000000000205f844                activateSessionAsync
                0x0000000002060298                createSessionAsync
                0x00000000020604e8                endpointUnconfigured
                0x00000000020605a4                UA_Client_connect_iterate
                0x00000000020607c4                UA_Client_connect_async
                0x0000000002060cc4                UA_Client_connect
                0x0000000002060d04                UA_Client_connect_noSession
                0x0000000002060d48                UA_Client_connect_username
                0x0000000002060fe4                UA_Client_disconnect_async
                0x0000000002061254                UA_Client_disconnect
                0x0000000002061384                UA_Client_getEndpointsInternal
                0x00000000020614a0                UA_Client_getEndpoints
                0x000000000206159c                UA_Client_findServers
                0x0000000002061708                UA_Client_findServersOnNetwork
                0x0000000002061874                UA_Client_NamespaceGetIndex
                0x0000000002061a54                UA_Client_forEachChildNodeCall
                0x0000000002061c34                UA_Client_addReference
                0x0000000002061df8                UA_Client_deleteReference
                0x0000000002061fb4                UA_Client_deleteNode
                0x00000000020620e8                __UA_Client_addNode
                0x000000000206232c                UA_Client_call
                0x00000000020624d0                __UA_Client_writeAttribute
                0x000000000206265c                UA_Client_writeArrayDimensionsAttribute
                0x00000000020627a8                __UA_Client_readAttribute
                0x0000000002062b14                UA_Client_readArrayDimensionsAttribute
                0x0000000002062ee4                __UA_Client_readAttribute_async
                0x00000000020630a8                __UA_Client_writeAttribute_async
                0x00000000020631e8                __UA_Client_addNode_async
                0x000000000206336c                __UA_Client_call_async
                0x0000000002063468                __UA_Client_translateBrowsePathsToNodeIds_async
                0x00000000020637b4                UA_Client_Subscriptions_create
                0x00000000020638c0                UA_Client_Subscriptions_create_async
                0x0000000002063af8                UA_Client_Subscriptions_modify
                0x0000000002063be4                UA_Client_Subscriptions_modify_async
                0x00000000020643e4                UA_Client_Subscriptions_delete_async
                0x000000000206454c                UA_Client_Subscriptions_delete
                0x00000000020646d4                UA_Client_Subscriptions_deleteSingle
                0x00000000020647b4                UA_Client_MonitoredItem_remove
                0x00000000020654d4                UA_Client_MonitoredItems_createDataChanges
                0x0000000002065550                UA_Client_MonitoredItems_createDataChanges_async
                0x00000000020655e0                UA_Client_MonitoredItems_createDataChange
                0x0000000002065764                UA_Client_MonitoredItems_createEvents
                0x00000000020657e0                UA_Client_MonitoredItems_createEvents_async
                0x0000000002065870                UA_Client_MonitoredItems_createEvent
                0x0000000002065c34                UA_Client_MonitoredItems_delete
                0x0000000002065ce4                UA_Client_MonitoredItems_delete_async
                0x0000000002065dcc                UA_Client_MonitoredItems_deleteSingle
                0x0000000002065eb8                UA_Client_MonitoredItems_modify
                0x0000000002066058                UA_Client_preparePublishRequest
                0x0000000002066614                UA_Client_Subscriptions_processPublishResponse
                0x0000000002066b1c                UA_Client_Subscriptions_clean
                0x0000000002066bf8                UA_Client_Subscriptions_backgroundPublishInactivityCheck
                0x0000000002066dfc                UA_Client_Subscriptions_backgroundPublish
                0x0000000002066f2c                __secs_to_tm
                0x00000000020677d8                __tm_to_secs
                0x0000000002067ab8                pcg32_srandom_r
                0x0000000002067b80                pcg32_random_r
                0x0000000002067cd0                UA_base64
                0x0000000002068020                UA_unbase64
                0x000000000208f00c                namespace0_generated
                0x0000000002091be8                UA_Guid_parse
                0x0000000002092230                UA_NodeId_parse
                0x0000000002092b78                UA_ExpandedNodeId_parse
                0x0000000002093874                UA_RelativePath_parse
                0x00000000020938dc                UA_DiscoveryManager_init
                0x000000000209392c                UA_DiscoveryManager_deleteMembers
                0x0000000002093a78                UA_Subscription_new
                0x0000000002093b24                UA_Subscription_deleteMembers
                0x0000000002093ef8                UA_Subscription_getMonitoredItem
                0x0000000002093f5c                UA_Subscription_deleteMonitoredItem
                0x0000000002094198                UA_Subscription_addMonitoredItem
                0x0000000002094574                UA_Subscription_removeRetransmissionMessage
                0x0000000002094a2c                UA_Subscription_publish
                0x000000000209518c                UA_Subscription_reachedPublishReqLimit
                0x0000000002095378                Subscription_registerPublishCallback
                0x0000000002095430                Subscription_unregisterPublishCallback
                0x000000000209549c                UA_Subscription_answerPublishRequestsNoSubscription
                0x0000000002095570                UA_Notification_enqueue
                0x0000000002095678                UA_Notification_dequeue
                0x0000000002095794                UA_Notification_delete
                0x00000000020957d8                UA_MonitoredItem_init
                0x000000000209583c                UA_MonitoredItem_delete
                0x0000000002095a3c                UA_MonitoredItem_ensureQueueSpace
                0x0000000002095d7c                UA_MonitoredItem_registerSampleCallback
                0x0000000002095e28                UA_MonitoredItem_unregisterSampleCallback
                0x0000000002096d64                UA_MonitoredItem_sampleCallback
                0x0000000002096da0                monitoredItem_sampleCallback
                0x00000000020970b8                UA_Log_Stdout_log
                0x0000000002097274                UA_Log_Stdout_clear
                0x00000000020977ac                UA_AccessControl_default
                0x0000000002097c24                UA_CertificateVerification_AcceptAll
                0x0000000002097e54                NodeTree_ZIP_INSERT
                0x00000000020980f0                NodeTree_ZIP_REMOVE
                0x00000000020981d8                NodeTree_ZIP_FIND
                0x0000000002098218                NodeTree_ZIP_MIN
                0x0000000002098270                NodeTree_ZIP_MAX
                0x0000000002098348                NodeTree_ZIP_ITER
                0x0000000002098cec                UA_Nodestore_ZipTree
                0x0000000002099ef4                UA_Nodestore_HashMap
                0x000000000209a128                UA_Server_new
                0x000000000209a638                UA_ServerConfig_setBasics
                0x000000000209a6dc                UA_ServerConfig_addNetworkLayerTCP
                0x000000000209a860                UA_ServerConfig_addSecurityPolicyNone
                0x000000000209a978                UA_ServerConfig_addEndpoint
                0x000000000209aacc                UA_ServerConfig_addAllEndpoints
                0x000000000209acd8                UA_ServerConfig_setMinimalCustomBuffer
                0x000000000209ae50                UA_Client_new
                0x000000000209aea8                UA_ClientConfig_setDefault
                0x000000000209b47c                UA_SecurityPolicy_None
                0x000000000209c8c8                UA_PubSubTransportLayerUDPMP
                0x000000000209c938                UA_DateTime_now
                0x000000000209caa0                UA_DateTime_localTimeUtcOffset
                0x000000000209cad4                UA_DateTime_nowMonotonic
                0x000000000209cb90                UA_socket_set_blocking
                0x000000000209cbe0                UA_socket_set_nonblocking
                0x000000000209cc34                gethostname_lwip
                0x000000000209cc5c                UA_initialize_architecture_network
                0x000000000209cc7c                UA_deinitialize_architecture_network
                0x000000000209e348                UA_ServerNetworkLayerTCP
                0x000000000209e578                UA_ClientConnectionTCP_poll
                0x000000000209eabc                UA_ClientConnectionTCP_init
                0x000000000209ee94                UA_ClientConnectionTCP
 .text          0x000000000209f9e4        0x0 c:/altera/18.1/nios2eds/bin/gnu/h-x86_64-mingw32/bin/../lib/gcc/nios2-elf/5.3.0/../../../../../H-x86_64-mingw32/nios2-elf/lib\libm.a(lib_a-s_signbit.o)
 .text.__signbitf
                0x000000000209f9e4        0x8 c:/altera/18.1/nios2eds/bin/gnu/h-x86_64-mingw32/bin/../lib/gcc/nios2-elf/5.3.0/../../../../../H-x86_64-mingw32/nios2-elf/lib\libm.a(lib_a-s_signbit.o)
                0x000000000209f9e4                __signbitf
 .text.__signbitd
                0x000000000209f9ec        0x8 c:/altera/18.1/nios2eds/bin/gnu/h-x86_64-mingw32/bin/../lib/gcc/nios2-elf/5.3.0/../../../../../H-x86_64-mingw32/nios2-elf/lib\libm.a(lib_a-s_signbit.o)
                0x000000000209f9ec                __signbitd
 .text          0x000000000209f9f4       0x60 c:/altera/18.1/nios2eds/bin/gnu/h-x86_64-mingw32/bin/../lib/gcc/nios2-elf/5.3.0\libgcc.a(_muldi3.o)
                0x000000000209f9f4                __muldi3
 .text          0x000000000209fa54       0x74 c:/altera/18.1/nios2eds/bin/gnu/h-x86_64-mingw32/bin/../lib/gcc/nios2-elf/5.3.0\libgcc.a(_fixunsdfsi.o)
                0x000000000209fa54                __fixunsdfsi
 .text          0x000000000209fac8       0x74 c:/altera/18.1/nios2eds/bin/gnu/h-x86_64-mingw32/bin/../lib/gcc/nios2-elf/5.3.0\libgcc.a(_fixdfdi.o)
                0x000000000209fac8                __fixdfdi
 .text          0x000000000209fb3c       0x90 c:/altera/18.1/nios2eds/bin/gnu/h-x86_64-mingw32/bin/../lib/gcc/nios2-elf/5.3.0\libgcc.a(_fixunsdfdi.o)
                0x000000000209fb3c                __fixunsdfdi
 .text          0x000000000209fbcc       0xc4 c:/altera/18.1/nios2eds/bin/gnu/h-x86_64-mingw32/bin/../lib/gcc/nios2-elf/5.3.0\libgcc.a(_floatdisf.o)
                0x000000000209fbcc                __floatdisf
 .text          0x000000000209fc90       0x70 c:/altera/18.1/nios2eds/bin/gnu/h-x86_64-mingw32/bin/../lib/gcc/nios2-elf/5.3.0\libgcc.a(_floatdidf.o)
                0x000000000209fc90                __floatdidf
 .text          0x000000000209fd00       0x70 c:/altera/18.1/nios2eds/bin/gnu/h-x86_64-mingw32/bin/../lib/gcc/nios2-elf/5.3.0\libgcc.a(_floatundidf.o)
                0x000000000209fd00                __floatundidf
 .text          0x000000000209fd70      0x5c8 c:/altera/18.1/nios2eds/bin/gnu/h-x86_64-mingw32/bin/../lib/gcc/nios2-elf/5.3.0\libgcc.a(_divdi3.o)
                0x000000000209fd70                __divdi3
 .text          0x00000000020a0338      0x590 c:/altera/18.1/nios2eds/bin/gnu/h-x86_64-mingw32/bin/../lib/gcc/nios2-elf/5.3.0\libgcc.a(_moddi3.o)
                0x00000000020a0338                __moddi3
 .text          0x00000000020a08c8      0x1b4 c:/altera/18.1/nios2eds/bin/gnu/h-x86_64-mingw32/bin/../lib/gcc/nios2-elf/5.3.0\libgcc.a(lib2-divmod.o)
                0x00000000020a08c8                __divsi3
                0x00000000020a094c                __modsi3
                0x00000000020a09c0                __udivsi3
                0x00000000020a0a24                __umodsi3
 .text          0x00000000020a0a7c      0x4c8 c:/altera/18.1/nios2eds/bin/gnu/h-x86_64-mingw32/bin/../lib/gcc/nios2-elf/5.3.0\libgcc.a(addsf3.o)
                0x00000000020a0a7c                __addsf3
 .text          0x00000000020a0f44      0x440 c:/altera/18.1/nios2eds/bin/gnu/h-x86_64-mingw32/bin/../lib/gcc/nios2-elf/5.3.0\libgcc.a(divsf3.o)
                0x00000000020a0f44                __divsf3
 .text          0x00000000020a1384       0x78 c:/altera/18.1/nios2eds/bin/gnu/h-x86_64-mingw32/bin/../lib/gcc/nios2-elf/5.3.0\libgcc.a(eqsf2.o)
                0x00000000020a1384                __eqsf2
                0x00000000020a1384                __nesf2
 .text          0x00000000020a13fc       0xbc c:/altera/18.1/nios2eds/bin/gnu/h-x86_64-mingw32/bin/../lib/gcc/nios2-elf/5.3.0\libgcc.a(gesf2.o)
                0x00000000020a13fc                __gesf2
                0x00000000020a13fc                __gtsf2
 .text          0x00000000020a14b8      0x8ac c:/altera/18.1/nios2eds/bin/gnu/h-x86_64-mingw32/bin/../lib/gcc/nios2-elf/5.3.0\libgcc.a(adddf3.o)
                0x00000000020a14b8                __adddf3
 .text          0x00000000020a1d64      0x8e8 c:/altera/18.1/nios2eds/bin/gnu/h-x86_64-mingw32/bin/../lib/gcc/nios2-elf/5.3.0\libgcc.a(divdf3.o)
                0x00000000020a1d64                __divdf3
 .text          0x00000000020a264c       0x88 c:/altera/18.1/nios2eds/bin/gnu/h-x86_64-mingw32/bin/../lib/gcc/nios2-elf/5.3.0\libgcc.a(eqdf2.o)
                0x00000000020a264c                __nedf2
                0x00000000020a264c                __eqdf2
 .text          0x00000000020a26d4       0xdc c:/altera/18.1/nios2eds/bin/gnu/h-x86_64-mingw32/bin/../lib/gcc/nios2-elf/5.3.0\libgcc.a(gedf2.o)
                0x00000000020a26d4                __gedf2
                0x00000000020a26d4                __gtdf2
 .text          0x00000000020a27b0       0xf4 c:/altera/18.1/nios2eds/bin/gnu/h-x86_64-mingw32/bin/../lib/gcc/nios2-elf/5.3.0\libgcc.a(ledf2.o)
                0x00000000020a27b0                __ledf2
                0x00000000020a27b0                __ltdf2
 .text          0x00000000020a28a4      0x718 c:/altera/18.1/nios2eds/bin/gnu/h-x86_64-mingw32/bin/../lib/gcc/nios2-elf/5.3.0\libgcc.a(muldf3.o)
                0x00000000020a28a4                __muldf3
 .text          0x00000000020a2fbc      0x8fc c:/altera/18.1/nios2eds/bin/gnu/h-x86_64-mingw32/bin/../lib/gcc/nios2-elf/5.3.0\libgcc.a(subdf3.o)
                0x00000000020a2fbc                __subdf3
 .text          0x00000000020a38b8       0x80 c:/altera/18.1/nios2eds/bin/gnu/h-x86_64-mingw32/bin/../lib/gcc/nios2-elf/5.3.0\libgcc.a(fixdfsi.o)
                0x00000000020a38b8                __fixdfsi
 .text          0x00000000020a3938       0xdc c:/altera/18.1/nios2eds/bin/gnu/h-x86_64-mingw32/bin/../lib/gcc/nios2-elf/5.3.0\libgcc.a(floatsidf.o)
                0x00000000020a3938                __floatsidf
 .text          0x00000000020a3a14       0xa8 c:/altera/18.1/nios2eds/bin/gnu/h-x86_64-mingw32/bin/../lib/gcc/nios2-elf/5.3.0\libgcc.a(floatunsidf.o)
                0x00000000020a3a14                __floatunsidf
 .text          0x00000000020a3abc      0x110 c:/altera/18.1/nios2eds/bin/gnu/h-x86_64-mingw32/bin/../lib/gcc/nios2-elf/5.3.0\libgcc.a(extendsfdf2.o)
                0x00000000020a3abc                __extendsfdf2
 .text          0x00000000020a3bcc      0x1a8 c:/altera/18.1/nios2eds/bin/gnu/h-x86_64-mingw32/bin/../lib/gcc/nios2-elf/5.3.0\libgcc.a(truncdfsf2.o)
                0x00000000020a3bcc                __truncdfsf2
 .text          0x00000000020a3d74        0x0 c:/altera/18.1/nios2eds/bin/gnu/h-x86_64-mingw32/bin/../lib/gcc/nios2-elf/5.3.0\libgcc.a(_clz.o)
 .text          0x00000000020a3d74       0x64 c:/altera/18.1/nios2eds/bin/gnu/h-x86_64-mingw32/bin/../lib/gcc/nios2-elf/5.3.0\libgcc.a(_clzsi2.o)
                0x00000000020a3d74                __clzsi2
 .text          0x00000000020a3dd8        0x0 c:/altera/18.1/nios2eds/bin/gnu/h-x86_64-mingw32/bin/../lib/gcc/nios2-elf/5.3.0/../../../../../H-x86_64-mingw32/nios2-elf/lib\libc.a(lib_a-assert.o)
 .text.__assert_func
                0x00000000020a3dd8       0x68 c:/altera/18.1/nios2eds/bin/gnu/h-x86_64-mingw32/bin/../lib/gcc/nios2-elf/5.3.0/../../../../../H-x86_64-mingw32/nios2-elf/lib\libc.a(lib_a-assert.o)
                0x00000000020a3dd8                __assert_func
 .text.__assert
                0x00000000020a3e40       0x14 c:/altera/18.1/nios2eds/bin/gnu/h-x86_64-mingw32/bin/../lib/gcc/nios2-elf/5.3.0/../../../../../H-x86_64-mingw32/nios2-elf/lib\libc.a(lib_a-assert.o)
                0x00000000020a3e40                __assert
 .text          0x00000000020a3e54        0x0 c:/altera/18.1/nios2eds/bin/gnu/h-x86_64-mingw32/bin/../lib/gcc/nios2-elf/5.3.0/../../../../../H-x86_64-mingw32/nios2-elf/lib\libc.a(lib_a-calloc.o)
 .text.calloc   0x00000000020a3e54       0x18 c:/altera/18.1/nios2eds/bin/gnu/h-x86_64-mingw32/bin/../lib/gcc/nios2-elf/5.3.0/../../../../../H-x86_64-mingw32/nios2-elf/lib\libc.a(lib_a-calloc.o)
                0x00000000020a3e54                calloc
 .text          0x00000000020a3e6c        0x0 c:/altera/18.1/nios2eds/bin/gnu/h-x86_64-mingw32/bin/../lib/gcc/nios2-elf/5.3.0/../../../../../H-x86_64-mingw32/nios2-elf/lib\libc.a(lib_a-callocr.o)
 .text._calloc_r
                0x00000000020a3e6c       0xc4 c:/altera/18.1/nios2eds/bin/gnu/h-x86_64-mingw32/bin/../lib/gcc/nios2-elf/5.3.0/../../../../../H-x86_64-mingw32/nios2-elf/lib\libc.a(lib_a-callocr.o)
                0x00000000020a3e6c                _calloc_r
 .text          0x00000000020a3f30        0x0 c:/altera/18.1/nios2eds/bin/gnu/h-x86_64-mingw32/bin/../lib/gcc/nios2-elf/5.3.0/../../../../../H-x86_64-mingw32/nios2-elf/lib\libc.a(lib_a-errno.o)
 .text.__errno  0x00000000020a3f30       0x10 c:/altera/18.1/nios2eds/bin/gnu/h-x86_64-mingw32/bin/../lib/gcc/nios2-elf/5.3.0/../../../../../H-x86_64-mingw32/nios2-elf/lib\libc.a(lib_a-errno.o)
                0x00000000020a3f30                __errno
 .text          0x00000000020a3f40        0x0 c:/altera/18.1/nios2eds/bin/gnu/h-x86_64-mingw32/bin/../lib/gcc/nios2-elf/5.3.0/../../../../../H-x86_64-mingw32/nios2-elf/lib\libc.a(lib_a-fflush.o)
 .text.__sflush_r
                0x00000000020a3f40      0x21c c:/altera/18.1/nios2eds/bin/gnu/h-x86_64-mingw32/bin/../lib/gcc/nios2-elf/5.3.0/../../../../../H-x86_64-mingw32/nios2-elf/lib\libc.a(lib_a-fflush.o)
                0x00000000020a3f40                __sflush_r
 .text._fflush_r
                0x00000000020a415c       0x5c c:/altera/18.1/nios2eds/bin/gnu/h-x86_64-mingw32/bin/../lib/gcc/nios2-elf/5.3.0/../../../../../H-x86_64-mingw32/nios2-elf/lib\libc.a(lib_a-fflush.o)
                0x00000000020a415c                _fflush_r
 .text.fflush   0x00000000020a41b8       0x30 c:/altera/18.1/nios2eds/bin/gnu/h-x86_64-mingw32/bin/../lib/gcc/nios2-elf/5.3.0/../../../../../H-x86_64-mingw32/nios2-elf/lib\libc.a(lib_a-fflush.o)
                0x00000000020a41b8                fflush
 .text          0x00000000020a41e8        0x0 c:/altera/18.1/nios2eds/bin/gnu/h-x86_64-mingw32/bin/../lib/gcc/nios2-elf/5.3.0/../../../../../H-x86_64-mingw32/nios2-elf/lib\libc.a(lib_a-findfp.o)
 .text.__fp_unlock
                0x00000000020a41e8        0x8 c:/altera/18.1/nios2eds/bin/gnu/h-x86_64-mingw32/bin/../lib/gcc/nios2-elf/5.3.0/../../../../../H-x86_64-mingw32/nios2-elf/lib\libc.a(lib_a-findfp.o)
 .text._cleanup_r
                0x00000000020a41f0        0xc c:/altera/18.1/nios2eds/bin/gnu/h-x86_64-mingw32/bin/../lib/gcc/nios2-elf/5.3.0/../../../../../H-x86_64-mingw32/nios2-elf/lib\libc.a(lib_a-findfp.o)
                0x00000000020a41f0                _cleanup_r
 .text.__sinit.part.1
                0x00000000020a41fc      0x19c c:/altera/18.1/nios2eds/bin/gnu/h-x86_64-mingw32/bin/../lib/gcc/nios2-elf/5.3.0/../../../../../H-x86_64-mingw32/nios2-elf/lib\libc.a(lib_a-findfp.o)
 .text.__fp_lock
                0x00000000020a4398        0x8 c:/altera/18.1/nios2eds/bin/gnu/h-x86_64-mingw32/bin/../lib/gcc/nios2-elf/5.3.0/../../../../../H-x86_64-mingw32/nios2-elf/lib\libc.a(lib_a-findfp.o)
 .text.__sfmoreglue
                0x00000000020a43a0       0x68 c:/altera/18.1/nios2eds/bin/gnu/h-x86_64-mingw32/bin/../lib/gcc/nios2-elf/5.3.0/../../../../../H-x86_64-mingw32/nios2-elf/lib\libc.a(lib_a-findfp.o)
                0x00000000020a43a0                __sfmoreglue
 .text.__sfp    0x00000000020a4408      0x118 c:/altera/18.1/nios2eds/bin/gnu/h-x86_64-mingw32/bin/../lib/gcc/nios2-elf/5.3.0/../../../../../H-x86_64-mingw32/nios2-elf/lib\libc.a(lib_a-findfp.o)
                0x00000000020a4408                __sfp
 .text._cleanup
                0x00000000020a4520       0x18 c:/altera/18.1/nios2eds/bin/gnu/h-x86_64-mingw32/bin/../lib/gcc/nios2-elf/5.3.0/../../../../../H-x86_64-mingw32/nios2-elf/lib\libc.a(lib_a-findfp.o)
                0x00000000020a4520                _cleanup
 .text.__sinit  0x00000000020a4538       0x10 c:/altera/18.1/nios2eds/bin/gnu/h-x86_64-mingw32/bin/../lib/gcc/nios2-elf/5.3.0/../../../../../H-x86_64-mingw32/nios2-elf/lib\libc.a(lib_a-findfp.o)
                0x00000000020a4538                __sinit
 .text.__sfp_lock_acquire
                0x00000000020a4548        0x4 c:/altera/18.1/nios2eds/bin/gnu/h-x86_64-mingw32/bin/../lib/gcc/nios2-elf/5.3.0/../../../../../H-x86_64-mingw32/nios2-elf/lib\libc.a(lib_a-findfp.o)
                0x00000000020a4548                __sfp_lock_acquire
 .text.__sfp_lock_release
                0x00000000020a454c        0x4 c:/altera/18.1/nios2eds/bin/gnu/h-x86_64-mingw32/bin/../lib/gcc/nios2-elf/5.3.0/../../../../../H-x86_64-mingw32/nios2-elf/lib\libc.a(lib_a-findfp.o)
                0x00000000020a454c                __sfp_lock_release
 .text.__sinit_lock_acquire
                0x00000000020a4550        0x4 c:/altera/18.1/nios2eds/bin/gnu/h-x86_64-mingw32/bin/../lib/gcc/nios2-elf/5.3.0/../../../../../H-x86_64-mingw32/nios2-elf/lib\libc.a(lib_a-findfp.o)
                0x00000000020a4550                __sinit_lock_acquire
 .text.__sinit_lock_release
                0x00000000020a4554        0x4 c:/altera/18.1/nios2eds/bin/gnu/h-x86_64-mingw32/bin/../lib/gcc/nios2-elf/5.3.0/../../../../../H-x86_64-mingw32/nios2-elf/lib\libc.a(lib_a-findfp.o)
                0x00000000020a4554                __sinit_lock_release
 .text.__fp_lock_all
                0x00000000020a4558       0x18 c:/altera/18.1/nios2eds/bin/gnu/h-x86_64-mingw32/bin/../lib/gcc/nios2-elf/5.3.0/../../../../../H-x86_64-mingw32/nios2-elf/lib\libc.a(lib_a-findfp.o)
                0x00000000020a4558                __fp_lock_all
 .text.__fp_unlock_all
                0x00000000020a4570       0x18 c:/altera/18.1/nios2eds/bin/gnu/h-x86_64-mingw32/bin/../lib/gcc/nios2-elf/5.3.0/../../../../../H-x86_64-mingw32/nios2-elf/lib\libc.a(lib_a-findfp.o)
                0x00000000020a4570                __fp_unlock_all
 .text          0x00000000020a4588        0x0 c:/altera/18.1/nios2eds/bin/gnu/h-x86_64-mingw32/bin/../lib/gcc/nios2-elf/5.3.0/../../../../../H-x86_64-mingw32/nios2-elf/lib\libc.a(lib_a-fiprintf.o)
 .text._fiprintf_r
                0x00000000020a4588       0x20 c:/altera/18.1/nios2eds/bin/gnu/h-x86_64-mingw32/bin/../lib/gcc/nios2-elf/5.3.0/../../../../../H-x86_64-mingw32/nios2-elf/lib\libc.a(lib_a-fiprintf.o)
                0x00000000020a4588                _fiprintf_r
 .text.fiprintf
                0x00000000020a45a8       0x3c c:/altera/18.1/nios2eds/bin/gnu/h-x86_64-mingw32/bin/../lib/gcc/nios2-elf/5.3.0/../../../../../H-x86_64-mingw32/nios2-elf/lib\libc.a(lib_a-fiprintf.o)
                0x00000000020a45a8                fiprintf
 .text          0x00000000020a45e4        0x0 c:/altera/18.1/nios2eds/bin/gnu/h-x86_64-mingw32/bin/../lib/gcc/nios2-elf/5.3.0/../../../../../H-x86_64-mingw32/nios2-elf/lib\libc.a(lib_a-freer.o)
 .text._malloc_trim_r
                0x00000000020a45e4      0x124 c:/altera/18.1/nios2eds/bin/gnu/h-x86_64-mingw32/bin/../lib/gcc/nios2-elf/5.3.0/../../../../../H-x86_64-mingw32/nios2-elf/lib\libc.a(lib_a-freer.o)
                0x00000000020a45e4                _malloc_trim_r
 .text._free_r  0x00000000020a4708      0x310 c:/altera/18.1/nios2eds/bin/gnu/h-x86_64-mingw32/bin/../lib/gcc/nios2-elf/5.3.0/../../../../../H-x86_64-mingw32/nios2-elf/lib\libc.a(lib_a-freer.o)
                0x00000000020a4708                _free_r
 .text          0x00000000020a4a18        0x0 c:/altera/18.1/nios2eds/bin/gnu/h-x86_64-mingw32/bin/../lib/gcc/nios2-elf/5.3.0/../../../../../H-x86_64-mingw32/nios2-elf/lib\libc.a(lib_a-fwalk.o)
 .text._fwalk   0x00000000020a4a18       0xc4 c:/altera/18.1/nios2eds/bin/gnu/h-x86_64-mingw32/bin/../lib/gcc/nios2-elf/5.3.0/../../../../../H-x86_64-mingw32/nios2-elf/lib\libc.a(lib_a-fwalk.o)
                0x00000000020a4a18                _fwalk
 .text._fwalk_reent
                0x00000000020a4adc       0xc4 c:/altera/18.1/nios2eds/bin/gnu/h-x86_64-mingw32/bin/../lib/gcc/nios2-elf/5.3.0/../../../../../H-x86_64-mingw32/nios2-elf/lib\libc.a(lib_a-fwalk.o)
                0x00000000020a4adc                _fwalk_reent
 .text          0x00000000020a4ba0        0x0 c:/altera/18.1/nios2eds/bin/gnu/h-x86_64-mingw32/bin/../lib/gcc/nios2-elf/5.3.0/../../../../../H-x86_64-mingw32/nios2-elf/lib\libc.a(lib_a-impure.o)
 .text          0x00000000020a4ba0        0x0 c:/altera/18.1/nios2eds/bin/gnu/h-x86_64-mingw32/bin/../lib/gcc/nios2-elf/5.3.0/../../../../../H-x86_64-mingw32/nios2-elf/lib\libc.a(lib_a-malloc.o)
 .text.malloc   0x00000000020a4ba0       0x14 c:/altera/18.1/nios2eds/bin/gnu/h-x86_64-mingw32/bin/../lib/gcc/nios2-elf/5.3.0/../../../../../H-x86_64-mingw32/nios2-elf/lib\libc.a(lib_a-malloc.o)
                0x00000000020a4ba0                malloc
 .text.free     0x00000000020a4bb4       0x14 c:/altera/18.1/nios2eds/bin/gnu/h-x86_64-mingw32/bin/../lib/gcc/nios2-elf/5.3.0/../../../../../H-x86_64-mingw32/nios2-elf/lib\libc.a(lib_a-malloc.o)
                0x00000000020a4bb4                free
 .text          0x00000000020a4bc8        0x0 c:/altera/18.1/nios2eds/bin/gnu/h-x86_64-mingw32/bin/../lib/gcc/nios2-elf/5.3.0/../../../../../H-x86_64-mingw32/nios2-elf/lib\libc.a(lib_a-mallocr.o)
 .text._malloc_r
                0x00000000020a4bc8      0x80c c:/altera/18.1/nios2eds/bin/gnu/h-x86_64-mingw32/bin/../lib/gcc/nios2-elf/5.3.0/../../../../../H-x86_64-mingw32/nios2-elf/lib\libc.a(lib_a-mallocr.o)
                0x00000000020a4bc8                _malloc_r
 .text          0x00000000020a53d4        0x0 c:/altera/18.1/nios2eds/bin/gnu/h-x86_64-mingw32/bin/../lib/gcc/nios2-elf/5.3.0/../../../../../H-x86_64-mingw32/nios2-elf/lib\libc.a(lib_a-memcmp.o)
 .text.memcmp   0x00000000020a53d4       0x7c c:/altera/18.1/nios2eds/bin/gnu/h-x86_64-mingw32/bin/../lib/gcc/nios2-elf/5.3.0/../../../../../H-x86_64-mingw32/nios2-elf/lib\libc.a(lib_a-memcmp.o)
                0x00000000020a53d4                memcmp
 .text          0x00000000020a5450        0x0 c:/altera/18.1/nios2eds/bin/gnu/h-x86_64-mingw32/bin/../lib/gcc/nios2-elf/5.3.0/../../../../../H-x86_64-mingw32/nios2-elf/lib\libc.a(lib_a-memcpy.o)
 .text.memcpy   0x00000000020a5450      0x148 c:/altera/18.1/nios2eds/bin/gnu/h-x86_64-mingw32/bin/../lib/gcc/nios2-elf/5.3.0/../../../../../H-x86_64-mingw32/nios2-elf/lib\libc.a(lib_a-memcpy.o)
                0x00000000020a5450                memcpy
 .text          0x00000000020a5598        0x0 c:/altera/18.1/nios2eds/bin/gnu/h-x86_64-mingw32/bin/../lib/gcc/nios2-elf/5.3.0/../../../../../H-x86_64-mingw32/nios2-elf/lib\libc.a(lib_a-memmove.o)
 .text.memmove  0x00000000020a5598      0x15c c:/altera/18.1/nios2eds/bin/gnu/h-x86_64-mingw32/bin/../lib/gcc/nios2-elf/5.3.0/../../../../../H-x86_64-mingw32/nios2-elf/lib\libc.a(lib_a-memmove.o)
                0x00000000020a5598                memmove
 .text          0x00000000020a56f4        0x0 c:/altera/18.1/nios2eds/bin/gnu/h-x86_64-mingw32/bin/../lib/gcc/nios2-elf/5.3.0/../../../../../H-x86_64-mingw32/nios2-elf/lib\libc.a(lib_a-memset.o)
 .text.memset   0x00000000020a56f4      0x128 c:/altera/18.1/nios2eds/bin/gnu/h-x86_64-mingw32/bin/../lib/gcc/nios2-elf/5.3.0/../../../../../H-x86_64-mingw32/nios2-elf/lib\libc.a(lib_a-memset.o)
                0x00000000020a56f4                memset
 .text          0x00000000020a581c        0x0 c:/altera/18.1/nios2eds/bin/gnu/h-x86_64-mingw32/bin/../lib/gcc/nios2-elf/5.3.0/../../../../../H-x86_64-mingw32/nios2-elf/lib\libc.a(lib_a-printf.o)
 .text._printf_r
                0x00000000020a581c       0x30 c:/altera/18.1/nios2eds/bin/gnu/h-x86_64-mingw32/bin/../lib/gcc/nios2-elf/5.3.0/../../../../../H-x86_64-mingw32/nios2-elf/lib\libc.a(lib_a-printf.o)
                0x00000000020a581c                _printf_r
 .text.printf   0x00000000020a584c       0x3c c:/altera/18.1/nios2eds/bin/gnu/h-x86_64-mingw32/bin/../lib/gcc/nios2-elf/5.3.0/../../../../../H-x86_64-mingw32/nios2-elf/lib\libc.a(lib_a-printf.o)
                0x00000000020a584c                printf
 .text          0x00000000020a5888        0x0 c:/altera/18.1/nios2eds/bin/gnu/h-x86_64-mingw32/bin/../lib/gcc/nios2-elf/5.3.0/../../../../../H-x86_64-mingw32/nios2-elf/lib\libc.a(lib_a-putchar.o)
 .text._putchar_r
                0x00000000020a5888        0x8 c:/altera/18.1/nios2eds/bin/gnu/h-x86_64-mingw32/bin/../lib/gcc/nios2-elf/5.3.0/../../../../../H-x86_64-mingw32/nios2-elf/lib\libc.a(lib_a-putchar.o)
                0x00000000020a5888                _putchar_r
 .text.putchar  0x00000000020a5890       0x18 c:/altera/18.1/nios2eds/bin/gnu/h-x86_64-mingw32/bin/../lib/gcc/nios2-elf/5.3.0/../../../../../H-x86_64-mingw32/nios2-elf/lib\libc.a(lib_a-putchar.o)
                0x00000000020a5890                putchar
 .text          0x00000000020a58a8        0x0 c:/altera/18.1/nios2eds/bin/gnu/h-x86_64-mingw32/bin/../lib/gcc/nios2-elf/5.3.0/../../../../../H-x86_64-mingw32/nios2-elf/lib\libc.a(lib_a-puts.o)
 .text._puts_r  0x00000000020a58a8       0xc0 c:/altera/18.1/nios2eds/bin/gnu/h-x86_64-mingw32/bin/../lib/gcc/nios2-elf/5.3.0/../../../../../H-x86_64-mingw32/nios2-elf/lib\libc.a(lib_a-puts.o)
                0x00000000020a58a8                _puts_r
 .text.puts     0x00000000020a5968       0x14 c:/altera/18.1/nios2eds/bin/gnu/h-x86_64-mingw32/bin/../lib/gcc/nios2-elf/5.3.0/../../../../../H-x86_64-mingw32/nios2-elf/lib\libc.a(lib_a-puts.o)
                0x00000000020a5968                puts
 .text          0x00000000020a597c        0x0 c:/altera/18.1/nios2eds/bin/gnu/h-x86_64-mingw32/bin/../lib/gcc/nios2-elf/5.3.0/../../../../../H-x86_64-mingw32/nios2-elf/lib\libc.a(lib_a-realloc.o)
 .text.realloc  0x00000000020a597c       0x18 c:/altera/18.1/nios2eds/bin/gnu/h-x86_64-mingw32/bin/../lib/gcc/nios2-elf/5.3.0/../../../../../H-x86_64-mingw32/nios2-elf/lib\libc.a(lib_a-realloc.o)
                0x00000000020a597c                realloc
 .text          0x00000000020a5994        0x0 c:/altera/18.1/nios2eds/bin/gnu/h-x86_64-mingw32/bin/../lib/gcc/nios2-elf/5.3.0/../../../../../H-x86_64-mingw32/nios2-elf/lib\libc.a(lib_a-reallocr.o)
 .text._realloc_r
                0x00000000020a5994      0x564 c:/altera/18.1/nios2eds/bin/gnu/h-x86_64-mingw32/bin/../lib/gcc/nios2-elf/5.3.0/../../../../../H-x86_64-mingw32/nios2-elf/lib\libc.a(lib_a-reallocr.o)
                0x00000000020a5994                _realloc_r
 .text          0x00000000020a5ef8        0x0 c:/altera/18.1/nios2eds/bin/gnu/h-x86_64-mingw32/bin/../lib/gcc/nios2-elf/5.3.0/../../../../../H-x86_64-mingw32/nios2-elf/lib\libc.a(lib_a-sbrkr.o)
 .text._sbrk_r  0x00000000020a5ef8       0x54 c:/altera/18.1/nios2eds/bin/gnu/h-x86_64-mingw32/bin/../lib/gcc/nios2-elf/5.3.0/../../../../../H-x86_64-mingw32/nios2-elf/lib\libc.a(lib_a-sbrkr.o)
                0x00000000020a5ef8                _sbrk_r
 .text          0x00000000020a5f4c        0x0 c:/altera/18.1/nios2eds/bin/gnu/h-x86_64-mingw32/bin/../lib/gcc/nios2-elf/5.3.0/../../../../../H-x86_64-mingw32/nios2-elf/lib\libc.a(lib_a-snprintf.o)
 .text._snprintf_r
                0x00000000020a5f4c       0xd8 c:/altera/18.1/nios2eds/bin/gnu/h-x86_64-mingw32/bin/../lib/gcc/nios2-elf/5.3.0/../../../../../H-x86_64-mingw32/nios2-elf/lib\libc.a(lib_a-snprintf.o)
                0x00000000020a5f4c                _snprintf_r
 .text.snprintf
                0x00000000020a6024       0xe4 c:/altera/18.1/nios2eds/bin/gnu/h-x86_64-mingw32/bin/../lib/gcc/nios2-elf/5.3.0/../../../../../H-x86_64-mingw32/nios2-elf/lib\libc.a(lib_a-snprintf.o)
                0x00000000020a6024                snprintf
 .text          0x00000000020a6108        0x0 c:/altera/18.1/nios2eds/bin/gnu/h-x86_64-mingw32/bin/../lib/gcc/nios2-elf/5.3.0/../../../../../H-x86_64-mingw32/nios2-elf/lib\libc.a(lib_a-sprintf.o)
 .text._sprintf_r
                0x00000000020a6108       0x58 c:/altera/18.1/nios2eds/bin/gnu/h-x86_64-mingw32/bin/../lib/gcc/nios2-elf/5.3.0/../../../../../H-x86_64-mingw32/nios2-elf/lib\libc.a(lib_a-sprintf.o)
                0x00000000020a6108                _sprintf_r
 .text.sprintf  0x00000000020a6160       0x6c c:/altera/18.1/nios2eds/bin/gnu/h-x86_64-mingw32/bin/../lib/gcc/nios2-elf/5.3.0/../../../../../H-x86_64-mingw32/nios2-elf/lib\libc.a(lib_a-sprintf.o)
                0x00000000020a6160                sprintf
 .text          0x00000000020a61cc        0x0 c:/altera/18.1/nios2eds/bin/gnu/h-x86_64-mingw32/bin/../lib/gcc/nios2-elf/5.3.0/../../../../../H-x86_64-mingw32/nios2-elf/lib\libc.a(lib_a-stdio.o)
 .text.__sread  0x00000000020a61cc       0x54 c:/altera/18.1/nios2eds/bin/gnu/h-x86_64-mingw32/bin/../lib/gcc/nios2-elf/5.3.0/../../../../../H-x86_64-mingw32/nios2-elf/lib\libc.a(lib_a-stdio.o)
                0x00000000020a61cc                __sread
 .text.__seofread
                0x00000000020a6220        0x8 c:/altera/18.1/nios2eds/bin/gnu/h-x86_64-mingw32/bin/../lib/gcc/nios2-elf/5.3.0/../../../../../H-x86_64-mingw32/nios2-elf/lib\libc.a(lib_a-stdio.o)
                0x00000000020a6220                __seofread
 .text.__swrite
                0x00000000020a6228       0x7c c:/altera/18.1/nios2eds/bin/gnu/h-x86_64-mingw32/bin/../lib/gcc/nios2-elf/5.3.0/../../../../../H-x86_64-mingw32/nios2-elf/lib\libc.a(lib_a-stdio.o)
                0x00000000020a6228                __swrite
 .text.__sseek  0x00000000020a62a4       0x5c c:/altera/18.1/nios2eds/bin/gnu/h-x86_64-mingw32/bin/../lib/gcc/nios2-elf/5.3.0/../../../../../H-x86_64-mingw32/nios2-elf/lib\libc.a(lib_a-stdio.o)
                0x00000000020a62a4                __sseek
 .text.__sclose
                0x00000000020a6300        0x8 c:/altera/18.1/nios2eds/bin/gnu/h-x86_64-mingw32/bin/../lib/gcc/nios2-elf/5.3.0/../../../../../H-x86_64-mingw32/nios2-elf/lib\libc.a(lib_a-stdio.o)
                0x00000000020a6300                __sclose
 .text          0x00000000020a6308        0x0 c:/altera/18.1/nios2eds/bin/gnu/h-x86_64-mingw32/bin/../lib/gcc/nios2-elf/5.3.0/../../../../../H-x86_64-mingw32/nios2-elf/lib\libc.a(lib_a-strcmp.o)
 .text.strcmp   0x00000000020a6308       0xdc c:/altera/18.1/nios2eds/bin/gnu/h-x86_64-mingw32/bin/../lib/gcc/nios2-elf/5.3.0/../../../../../H-x86_64-mingw32/nios2-elf/lib\libc.a(lib_a-strcmp.o)
                0x00000000020a6308                strcmp
 .text          0x00000000020a63e4        0x0 c:/altera/18.1/nios2eds/bin/gnu/h-x86_64-mingw32/bin/../lib/gcc/nios2-elf/5.3.0/../../../../../H-x86_64-mingw32/nios2-elf/lib\libc.a(lib_a-strerror.o)
 .text._strerror_r
                0x00000000020a63e4      0x65c c:/altera/18.1/nios2eds/bin/gnu/h-x86_64-mingw32/bin/../lib/gcc/nios2-elf/5.3.0/../../../../../H-x86_64-mingw32/nios2-elf/lib\libc.a(lib_a-strerror.o)
                0x00000000020a63e4                _strerror_r
 .text.strerror
                0x00000000020a6a40       0x1c c:/altera/18.1/nios2eds/bin/gnu/h-x86_64-mingw32/bin/../lib/gcc/nios2-elf/5.3.0/../../../../../H-x86_64-mingw32/nios2-elf/lib\libc.a(lib_a-strerror.o)
                0x00000000020a6a40                strerror
 .text          0x00000000020a6a5c        0x0 c:/altera/18.1/nios2eds/bin/gnu/h-x86_64-mingw32/bin/../lib/gcc/nios2-elf/5.3.0/../../../../../H-x86_64-mingw32/nios2-elf/lib\libc.a(lib_a-strlen.o)
 .text.strlen   0x00000000020a6a5c       0x98 c:/altera/18.1/nios2eds/bin/gnu/h-x86_64-mingw32/bin/../lib/gcc/nios2-elf/5.3.0/../../../../../H-x86_64-mingw32/nios2-elf/lib\libc.a(lib_a-strlen.o)
                0x00000000020a6a5c                strlen
 .text          0x00000000020a6af4        0x0 c:/altera/18.1/nios2eds/bin/gnu/h-x86_64-mingw32/bin/../lib/gcc/nios2-elf/5.3.0/../../../../../H-x86_64-mingw32/nios2-elf/lib\libc.a(lib_a-strncmp.o)
 .text.strncmp  0x00000000020a6af4       0xd0 c:/altera/18.1/nios2eds/bin/gnu/h-x86_64-mingw32/bin/../lib/gcc/nios2-elf/5.3.0/../../../../../H-x86_64-mingw32/nios2-elf/lib\libc.a(lib_a-strncmp.o)
                0x00000000020a6af4                strncmp
 .text          0x00000000020a6bc4        0x0 c:/altera/18.1/nios2eds/bin/gnu/h-x86_64-mingw32/bin/../lib/gcc/nios2-elf/5.3.0/../../../../../H-x86_64-mingw32/nios2-elf/lib\libc.a(lib_a-svfprintf.o)
 .text.___svfprintf_internal_r
                0x00000000020a6bc4     0x21d8 c:/altera/18.1/nios2eds/bin/gnu/h-x86_64-mingw32/bin/../lib/gcc/nios2-elf/5.3.0/../../../../../H-x86_64-mingw32/nios2-elf/lib\libc.a(lib_a-svfprintf.o)
                0x00000000020a6bc4                ___svfprintf_internal_r
 .text          0x00000000020a8d9c        0x0 c:/altera/18.1/nios2eds/bin/gnu/h-x86_64-mingw32/bin/../lib/gcc/nios2-elf/5.3.0/../../../../../H-x86_64-mingw32/nios2-elf/lib\libc.a(lib_a-u_strerr.o)
 .text._user_strerror
                0x00000000020a8d9c        0x8 c:/altera/18.1/nios2eds/bin/gnu/h-x86_64-mingw32/bin/../lib/gcc/nios2-elf/5.3.0/../../../../../H-x86_64-mingw32/nios2-elf/lib\libc.a(lib_a-u_strerr.o)
                0x00000000020a8d9c                _user_strerror
 .text          0x00000000020a8da4        0x0 c:/altera/18.1/nios2eds/bin/gnu/h-x86_64-mingw32/bin/../lib/gcc/nios2-elf/5.3.0/../../../../../H-x86_64-mingw32/nios2-elf/lib\libc.a(lib_a-vfiprintfr_1.o)
 .text._vfiprintf_r
                0x00000000020a8da4       0x18 c:/altera/18.1/nios2eds/bin/gnu/h-x86_64-mingw32/bin/../lib/gcc/nios2-elf/5.3.0/../../../../../H-x86_64-mingw32/nios2-elf/lib\libc.a(lib_a-vfiprintfr_1.o)
                0x00000000020a8da4                _vfiprintf_r
 .text          0x00000000020a8dbc        0x0 c:/altera/18.1/nios2eds/bin/gnu/h-x86_64-mingw32/bin/../lib/gcc/nios2-elf/5.3.0/../../../../../H-x86_64-mingw32/nios2-elf/lib\libc.a(lib_a-vfprintf.o)
 .text.___vfprintf_internal_r
                0x00000000020a8dbc     0x21f8 c:/altera/18.1/nios2eds/bin/gnu/h-x86_64-mingw32/bin/../lib/gcc/nios2-elf/5.3.0/../../../../../H-x86_64-mingw32/nios2-elf/lib\libc.a(lib_a-vfprintf.o)
                0x00000000020a8dbc                ___vfprintf_internal_r
 .text.__vfprintf_internal
                0x00000000020aafb4       0x1c c:/altera/18.1/nios2eds/bin/gnu/h-x86_64-mingw32/bin/../lib/gcc/nios2-elf/5.3.0/../../../../../H-x86_64-mingw32/nios2-elf/lib\libc.a(lib_a-vfprintf.o)
                0x00000000020aafb4                __vfprintf_internal
 .text.__sbprintf
                0x00000000020aafd0       0xbc c:/altera/18.1/nios2eds/bin/gnu/h-x86_64-mingw32/bin/../lib/gcc/nios2-elf/5.3.0/../../../../../H-x86_64-mingw32/nios2-elf/lib\libc.a(lib_a-vfprintf.o)
 .text          0x00000000020ab08c        0x0 c:/altera/18.1/nios2eds/bin/gnu/h-x86_64-mingw32/bin/../lib/gcc/nios2-elf/5.3.0/../../../../../H-x86_64-mingw32/nios2-elf/lib\libc.a(lib_a-vprintf.o)
 .text.vprintf  0x00000000020ab08c       0x1c c:/altera/18.1/nios2eds/bin/gnu/h-x86_64-mingw32/bin/../lib/gcc/nios2-elf/5.3.0/../../../../../H-x86_64-mingw32/nios2-elf/lib\libc.a(lib_a-vprintf.o)
                0x00000000020ab08c                vprintf
 .text._vprintf_r
                0x00000000020ab0a8       0x10 c:/altera/18.1/nios2eds/bin/gnu/h-x86_64-mingw32/bin/../lib/gcc/nios2-elf/5.3.0/../../../../../H-x86_64-mingw32/nios2-elf/lib\libc.a(lib_a-vprintf.o)
                0x00000000020ab0a8                _vprintf_r
 .text          0x00000000020ab0b8        0x0 c:/altera/18.1/nios2eds/bin/gnu/h-x86_64-mingw32/bin/../lib/gcc/nios2-elf/5.3.0/../../../../../H-x86_64-mingw32/nios2-elf/lib\libc.a(lib_a-writer.o)
 .text._write_r
                0x00000000020ab0b8       0x60 c:/altera/18.1/nios2eds/bin/gnu/h-x86_64-mingw32/bin/../lib/gcc/nios2-elf/5.3.0/../../../../../H-x86_64-mingw32/nios2-elf/lib\libc.a(lib_a-writer.o)
                0x00000000020ab0b8                _write_r
 .text          0x00000000020ab118        0x0 c:/altera/18.1/nios2eds/bin/gnu/h-x86_64-mingw32/bin/../lib/gcc/nios2-elf/5.3.0/../../../../../H-x86_64-mingw32/nios2-elf/lib\libc.a(lib_a-wsetup.o)
 .text.__swsetup_r
                0x00000000020ab118      0x154 c:/altera/18.1/nios2eds/bin/gnu/h-x86_64-mingw32/bin/../lib/gcc/nios2-elf/5.3.0/../../../../../H-x86_64-mingw32/nios2-elf/lib\libc.a(lib_a-wsetup.o)
                0x00000000020ab118                __swsetup_r
 .text          0x00000000020ab26c        0x0 c:/altera/18.1/nios2eds/bin/gnu/h-x86_64-mingw32/bin/../lib/gcc/nios2-elf/5.3.0/../../../../../H-x86_64-mingw32/nios2-elf/lib\libc.a(closer.o)
 .text._close_r
                0x00000000020ab26c       0x54 c:/altera/18.1/nios2eds/bin/gnu/h-x86_64-mingw32/bin/../lib/gcc/nios2-elf/5.3.0/../../../../../H-x86_64-mingw32/nios2-elf/lib\libc.a(closer.o)
                0x00000000020ab26c                _close_r
 .text          0x00000000020ab2c0        0x0 c:/altera/18.1/nios2eds/bin/gnu/h-x86_64-mingw32/bin/../lib/gcc/nios2-elf/5.3.0/../../../../../H-x86_64-mingw32/nios2-elf/lib\libc.a(lib_a-abort.o)
 .text.abort    0x00000000020ab2c0       0x18 c:/altera/18.1/nios2eds/bin/gnu/h-x86_64-mingw32/bin/../lib/gcc/nios2-elf/5.3.0/../../../../../H-x86_64-mingw32/nios2-elf/lib\libc.a(lib_a-abort.o)
                0x00000000020ab2c0                abort
 .text          0x00000000020ab2d8        0x0 c:/altera/18.1/nios2eds/bin/gnu/h-x86_64-mingw32/bin/../lib/gcc/nios2-elf/5.3.0/../../../../../H-x86_64-mingw32/nios2-elf/lib\libc.a(lib_a-dtoa.o)
 .text.quorem   0x00000000020ab2d8      0x200 c:/altera/18.1/nios2eds/bin/gnu/h-x86_64-mingw32/bin/../lib/gcc/nios2-elf/5.3.0/../../../../../H-x86_64-mingw32/nios2-elf/lib\libc.a(lib_a-dtoa.o)
 .text._dtoa_r  0x00000000020ab4d8     0x1688 c:/altera/18.1/nios2eds/bin/gnu/h-x86_64-mingw32/bin/../lib/gcc/nios2-elf/5.3.0/../../../../../H-x86_64-mingw32/nios2-elf/lib\libc.a(lib_a-dtoa.o)
                0x00000000020ab4d8                _dtoa_r
 .text          0x00000000020acb60        0x0 c:/altera/18.1/nios2eds/bin/gnu/h-x86_64-mingw32/bin/../lib/gcc/nios2-elf/5.3.0/../../../../../H-x86_64-mingw32/nios2-elf/lib\libc.a(lib_a-fclose.o)
 .text._fclose_r
                0x00000000020acb60       0xf0 c:/altera/18.1/nios2eds/bin/gnu/h-x86_64-mingw32/bin/../lib/gcc/nios2-elf/5.3.0/../../../../../H-x86_64-mingw32/nios2-elf/lib\libc.a(lib_a-fclose.o)
                0x00000000020acb60                _fclose_r
 .text.fclose   0x00000000020acc50       0x14 c:/altera/18.1/nios2eds/bin/gnu/h-x86_64-mingw32/bin/../lib/gcc/nios2-elf/5.3.0/../../../../../H-x86_64-mingw32/nios2-elf/lib\libc.a(lib_a-fclose.o)
                0x00000000020acc50                fclose
 .text          0x00000000020acc64        0x0 c:/altera/18.1/nios2eds/bin/gnu/h-x86_64-mingw32/bin/../lib/gcc/nios2-elf/5.3.0/../../../../../H-x86_64-mingw32/nios2-elf/lib\libc.a(lib_a-fvwrite.o)
 .text.__sfvwrite_r
                0x00000000020acc64      0x4bc c:/altera/18.1/nios2eds/bin/gnu/h-x86_64-mingw32/bin/../lib/gcc/nios2-elf/5.3.0/../../../../../H-x86_64-mingw32/nios2-elf/lib\libc.a(lib_a-fvwrite.o)
                0x00000000020acc64                __sfvwrite_r
 .text          0x00000000020ad120        0x0 c:/altera/18.1/nios2eds/bin/gnu/h-x86_64-mingw32/bin/../lib/gcc/nios2-elf/5.3.0/../../../../../H-x86_64-mingw32/nios2-elf/lib\libc.a(lib_a-int_errno.o)
 .text          0x00000000020ad120        0x0 c:/altera/18.1/nios2eds/bin/gnu/h-x86_64-mingw32/bin/../lib/gcc/nios2-elf/5.3.0/../../../../../H-x86_64-mingw32/nios2-elf/lib\libc.a(lib_a-locale.o)
 .text._setlocale_r
                0x00000000020ad120       0x7c c:/altera/18.1/nios2eds/bin/gnu/h-x86_64-mingw32/bin/../lib/gcc/nios2-elf/5.3.0/../../../../../H-x86_64-mingw32/nios2-elf/lib\libc.a(lib_a-locale.o)
                0x00000000020ad120                _setlocale_r
 .text.__locale_charset
                0x00000000020ad19c        0xc c:/altera/18.1/nios2eds/bin/gnu/h-x86_64-mingw32/bin/../lib/gcc/nios2-elf/5.3.0/../../../../../H-x86_64-mingw32/nios2-elf/lib\libc.a(lib_a-locale.o)
                0x00000000020ad19c                __locale_charset
 .text.__locale_mb_cur_max
                0x00000000020ad1a8       0x10 c:/altera/18.1/nios2eds/bin/gnu/h-x86_64-mingw32/bin/../lib/gcc/nios2-elf/5.3.0/../../../../../H-x86_64-mingw32/nios2-elf/lib\libc.a(lib_a-locale.o)
                0x00000000020ad1a8                __locale_mb_cur_max
 .text.__locale_msgcharset
                0x00000000020ad1b8        0xc c:/altera/18.1/nios2eds/bin/gnu/h-x86_64-mingw32/bin/../lib/gcc/nios2-elf/5.3.0/../../../../../H-x86_64-mingw32/nios2-elf/lib\libc.a(lib_a-locale.o)
                0x00000000020ad1b8                __locale_msgcharset
 .text.__locale_cjk_lang
                0x00000000020ad1c4        0x8 c:/altera/18.1/nios2eds/bin/gnu/h-x86_64-mingw32/bin/../lib/gcc/nios2-elf/5.3.0/../../../../../H-x86_64-mingw32/nios2-elf/lib\libc.a(lib_a-locale.o)
                0x00000000020ad1c4                __locale_cjk_lang
 .text._localeconv_r
                0x00000000020ad1cc        0xc c:/altera/18.1/nios2eds/bin/gnu/h-x86_64-mingw32/bin/../lib/gcc/nios2-elf/5.3.0/../../../../../H-x86_64-mingw32/nios2-elf/lib\libc.a(lib_a-locale.o)
                0x00000000020ad1cc                _localeconv_r
 .text.setlocale
                0x00000000020ad1d8       0x18 c:/altera/18.1/nios2eds/bin/gnu/h-x86_64-mingw32/bin/../lib/gcc/nios2-elf/5.3.0/../../../../../H-x86_64-mingw32/nios2-elf/lib\libc.a(lib_a-locale.o)
                0x00000000020ad1d8                setlocale
 .text.localeconv
                0x00000000020ad1f0        0xc c:/altera/18.1/nios2eds/bin/gnu/h-x86_64-mingw32/bin/../lib/gcc/nios2-elf/5.3.0/../../../../../H-x86_64-mingw32/nios2-elf/lib\libc.a(lib_a-locale.o)
                0x00000000020ad1f0                localeconv
 .text          0x00000000020ad1fc        0x0 c:/altera/18.1/nios2eds/bin/gnu/h-x86_64-mingw32/bin/../lib/gcc/nios2-elf/5.3.0/../../../../../H-x86_64-mingw32/nios2-elf/lib\libc.a(lib_a-lseekr.o)
 .text._lseek_r
                0x00000000020ad1fc       0x60 c:/altera/18.1/nios2eds/bin/gnu/h-x86_64-mingw32/bin/../lib/gcc/nios2-elf/5.3.0/../../../../../H-x86_64-mingw32/nios2-elf/lib\libc.a(lib_a-lseekr.o)
                0x00000000020ad1fc                _lseek_r
 .text          0x00000000020ad25c        0x0 c:/altera/18.1/nios2eds/bin/gnu/h-x86_64-mingw32/bin/../lib/gcc/nios2-elf/5.3.0/../../../../../H-x86_64-mingw32/nios2-elf/lib\libc.a(lib_a-makebuf.o)
 .text.__smakebuf_r
                0x00000000020ad25c      0x1bc c:/altera/18.1/nios2eds/bin/gnu/h-x86_64-mingw32/bin/../lib/gcc/nios2-elf/5.3.0/../../../../../H-x86_64-mingw32/nios2-elf/lib\libc.a(lib_a-makebuf.o)
                0x00000000020ad25c                __smakebuf_r
 .text          0x00000000020ad418        0x0 c:/altera/18.1/nios2eds/bin/gnu/h-x86_64-mingw32/bin/../lib/gcc/nios2-elf/5.3.0/../../../../../H-x86_64-mingw32/nios2-elf/lib\libc.a(lib_a-memchr.o)
 .text.memchr   0x00000000020ad418       0xe4 c:/altera/18.1/nios2eds/bin/gnu/h-x86_64-mingw32/bin/../lib/gcc/nios2-elf/5.3.0/../../../../../H-x86_64-mingw32/nios2-elf/lib\libc.a(lib_a-memchr.o)
                0x00000000020ad418                memchr
 .text          0x00000000020ad4fc        0x0 c:/altera/18.1/nios2eds/bin/gnu/h-x86_64-mingw32/bin/../lib/gcc/nios2-elf/5.3.0/../../../../../H-x86_64-mingw32/nios2-elf/lib\libc.a(lib_a-mprec.o)
 .text._Balloc  0x00000000020ad4fc       0xa8 c:/altera/18.1/nios2eds/bin/gnu/h-x86_64-mingw32/bin/../lib/gcc/nios2-elf/5.3.0/../../../../../H-x86_64-mingw32/nios2-elf/lib\libc.a(lib_a-mprec.o)
                0x00000000020ad4fc                _Balloc
 .text._Bfree   0x00000000020ad5a4       0x28 c:/altera/18.1/nios2eds/bin/gnu/h-x86_64-mingw32/bin/../lib/gcc/nios2-elf/5.3.0/../../../../../H-x86_64-mingw32/nios2-elf/lib\libc.a(lib_a-mprec.o)
                0x00000000020ad5a4                _Bfree
 .text.__multadd
                0x00000000020ad5cc      0x120 c:/altera/18.1/nios2eds/bin/gnu/h-x86_64-mingw32/bin/../lib/gcc/nios2-elf/5.3.0/../../../../../H-x86_64-mingw32/nios2-elf/lib\libc.a(lib_a-mprec.o)
                0x00000000020ad5cc                __multadd
 .text.__s2b    0x00000000020ad6ec      0x104 c:/altera/18.1/nios2eds/bin/gnu/h-x86_64-mingw32/bin/../lib/gcc/nios2-elf/5.3.0/../../../../../H-x86_64-mingw32/nios2-elf/lib\libc.a(lib_a-mprec.o)
                0x00000000020ad6ec                __s2b
 .text.__hi0bits
                0x00000000020ad7f0       0x68 c:/altera/18.1/nios2eds/bin/gnu/h-x86_64-mingw32/bin/../lib/gcc/nios2-elf/5.3.0/../../../../../H-x86_64-mingw32/nios2-elf/lib\libc.a(lib_a-mprec.o)
                0x00000000020ad7f0                __hi0bits
 .text.__lo0bits
                0x00000000020ad858       0xb0 c:/altera/18.1/nios2eds/bin/gnu/h-x86_64-mingw32/bin/../lib/gcc/nios2-elf/5.3.0/../../../../../H-x86_64-mingw32/nios2-elf/lib\libc.a(lib_a-mprec.o)
                0x00000000020ad858                __lo0bits
 .text.__i2b    0x00000000020ad908       0x3c c:/altera/18.1/nios2eds/bin/gnu/h-x86_64-mingw32/bin/../lib/gcc/nios2-elf/5.3.0/../../../../../H-x86_64-mingw32/nios2-elf/lib\libc.a(lib_a-mprec.o)
                0x00000000020ad908                __i2b
 .text.__multiply
                0x00000000020ad944      0x1f8 c:/altera/18.1/nios2eds/bin/gnu/h-x86_64-mingw32/bin/../lib/gcc/nios2-elf/5.3.0/../../../../../H-x86_64-mingw32/nios2-elf/lib\libc.a(lib_a-mprec.o)
                0x00000000020ad944                __multiply
 .text.__pow5mult
                0x00000000020adb3c      0x140 c:/altera/18.1/nios2eds/bin/gnu/h-x86_64-mingw32/bin/../lib/gcc/nios2-elf/5.3.0/../../../../../H-x86_64-mingw32/nios2-elf/lib\libc.a(lib_a-mprec.o)
                0x00000000020adb3c                __pow5mult
 .text.__lshift
                0x00000000020adc7c      0x148 c:/altera/18.1/nios2eds/bin/gnu/h-x86_64-mingw32/bin/../lib/gcc/nios2-elf/5.3.0/../../../../../H-x86_64-mingw32/nios2-elf/lib\libc.a(lib_a-mprec.o)
                0x00000000020adc7c                __lshift
 .text.__mcmp   0x00000000020addc4       0x60 c:/altera/18.1/nios2eds/bin/gnu/h-x86_64-mingw32/bin/../lib/gcc/nios2-elf/5.3.0/../../../../../H-x86_64-mingw32/nios2-elf/lib\libc.a(lib_a-mprec.o)
                0x00000000020addc4                __mcmp
 .text.__mdiff  0x00000000020ade24      0x1fc c:/altera/18.1/nios2eds/bin/gnu/h-x86_64-mingw32/bin/../lib/gcc/nios2-elf/5.3.0/../../../../../H-x86_64-mingw32/nios2-elf/lib\libc.a(lib_a-mprec.o)
                0x00000000020ade24                __mdiff
 .text.__ulp    0x00000000020ae020       0x64 c:/altera/18.1/nios2eds/bin/gnu/h-x86_64-mingw32/bin/../lib/gcc/nios2-elf/5.3.0/../../../../../H-x86_64-mingw32/nios2-elf/lib\libc.a(lib_a-mprec.o)
                0x00000000020ae020                __ulp
 .text.__b2d    0x00000000020ae084      0x10c c:/altera/18.1/nios2eds/bin/gnu/h-x86_64-mingw32/bin/../lib/gcc/nios2-elf/5.3.0/../../../../../H-x86_64-mingw32/nios2-elf/lib\libc.a(lib_a-mprec.o)
                0x00000000020ae084                __b2d
 .text.__d2b    0x00000000020ae190      0x14c c:/altera/18.1/nios2eds/bin/gnu/h-x86_64-mingw32/bin/../lib/gcc/nios2-elf/5.3.0/../../../../../H-x86_64-mingw32/nios2-elf/lib\libc.a(lib_a-mprec.o)
                0x00000000020ae190                __d2b
 .text.__ratio  0x00000000020ae2dc       0xa4 c:/altera/18.1/nios2eds/bin/gnu/h-x86_64-mingw32/bin/../lib/gcc/nios2-elf/5.3.0/../../../../../H-x86_64-mingw32/nios2-elf/lib\libc.a(lib_a-mprec.o)
                0x00000000020ae2dc                __ratio
 .text._mprec_log10
                0x00000000020ae380       0x74 c:/altera/18.1/nios2eds/bin/gnu/h-x86_64-mingw32/bin/../lib/gcc/nios2-elf/5.3.0/../../../../../H-x86_64-mingw32/nios2-elf/lib\libc.a(lib_a-mprec.o)
                0x00000000020ae380                _mprec_log10
 .text.__copybits
                0x00000000020ae3f4       0x78 c:/altera/18.1/nios2eds/bin/gnu/h-x86_64-mingw32/bin/../lib/gcc/nios2-elf/5.3.0/../../../../../H-x86_64-mingw32/nios2-elf/lib\libc.a(lib_a-mprec.o)
                0x00000000020ae3f4                __copybits
 .text.__any_on
                0x00000000020ae46c       0x8c c:/altera/18.1/nios2eds/bin/gnu/h-x86_64-mingw32/bin/../lib/gcc/nios2-elf/5.3.0/../../../../../H-x86_64-mingw32/nios2-elf/lib\libc.a(lib_a-mprec.o)
                0x00000000020ae46c                __any_on
 .text          0x00000000020ae4f8        0x0 c:/altera/18.1/nios2eds/bin/gnu/h-x86_64-mingw32/bin/../lib/gcc/nios2-elf/5.3.0/../../../../../H-x86_64-mingw32/nios2-elf/lib\libc.a(lib_a-putc.o)
 .text._putc_r  0x00000000020ae4f8       0xa0 c:/altera/18.1/nios2eds/bin/gnu/h-x86_64-mingw32/bin/../lib/gcc/nios2-elf/5.3.0/../../../../../H-x86_64-mingw32/nios2-elf/lib\libc.a(lib_a-putc.o)
                0x00000000020ae4f8                _putc_r
 .text.putc     0x00000000020ae598       0xc8 c:/altera/18.1/nios2eds/bin/gnu/h-x86_64-mingw32/bin/../lib/gcc/nios2-elf/5.3.0/../../../../../H-x86_64-mingw32/nios2-elf/lib\libc.a(lib_a-putc.o)
                0x00000000020ae598                putc
 .text          0x00000000020ae660        0x0 c:/altera/18.1/nios2eds/bin/gnu/h-x86_64-mingw32/bin/../lib/gcc/nios2-elf/5.3.0/../../../../../H-x86_64-mingw32/nios2-elf/lib\libc.a(lib_a-readr.o)
 .text._read_r  0x00000000020ae660       0x60 c:/altera/18.1/nios2eds/bin/gnu/h-x86_64-mingw32/bin/../lib/gcc/nios2-elf/5.3.0/../../../../../H-x86_64-mingw32/nios2-elf/lib\libc.a(lib_a-readr.o)
                0x00000000020ae660                _read_r
 .text          0x00000000020ae6c0        0x0 c:/altera/18.1/nios2eds/bin/gnu/h-x86_64-mingw32/bin/../lib/gcc/nios2-elf/5.3.0/../../../../../H-x86_64-mingw32/nios2-elf/lib\libc.a(lib_a-s_fpclassify.o)
 .text.__fpclassifyd
                0x00000000020ae6c0       0x74 c:/altera/18.1/nios2eds/bin/gnu/h-x86_64-mingw32/bin/../lib/gcc/nios2-elf/5.3.0/../../../../../H-x86_64-mingw32/nios2-elf/lib\libc.a(lib_a-s_fpclassify.o)
                0x00000000020ae6c0                __fpclassifyd
 .text          0x00000000020ae734        0x0 c:/altera/18.1/nios2eds/bin/gnu/h-x86_64-mingw32/bin/../lib/gcc/nios2-elf/5.3.0/../../../../../H-x86_64-mingw32/nios2-elf/lib\libc.a(lib_a-signal.o)
 .text._init_signal_r
                0x00000000020ae734       0x6c c:/altera/18.1/nios2eds/bin/gnu/h-x86_64-mingw32/bin/../lib/gcc/nios2-elf/5.3.0/../../../../../H-x86_64-mingw32/nios2-elf/lib\libc.a(lib_a-signal.o)
                0x00000000020ae734                _init_signal_r
 .text._signal_r
                0x00000000020ae7a0       0x84 c:/altera/18.1/nios2eds/bin/gnu/h-x86_64-mingw32/bin/../lib/gcc/nios2-elf/5.3.0/../../../../../H-x86_64-mingw32/nios2-elf/lib\libc.a(lib_a-signal.o)
                0x00000000020ae7a0                _signal_r
 .text._raise_r
                0x00000000020ae824       0xbc c:/altera/18.1/nios2eds/bin/gnu/h-x86_64-mingw32/bin/../lib/gcc/nios2-elf/5.3.0/../../../../../H-x86_64-mingw32/nios2-elf/lib\libc.a(lib_a-signal.o)
                0x00000000020ae824                _raise_r
 .text.__sigtramp_r
                0x00000000020ae8e0       0xa8 c:/altera/18.1/nios2eds/bin/gnu/h-x86_64-mingw32/bin/../lib/gcc/nios2-elf/5.3.0/../../../../../H-x86_64-mingw32/nios2-elf/lib\libc.a(lib_a-signal.o)
                0x00000000020ae8e0                __sigtramp_r
 .text.raise    0x00000000020ae988       0x14 c:/altera/18.1/nios2eds/bin/gnu/h-x86_64-mingw32/bin/../lib/gcc/nios2-elf/5.3.0/../../../../../H-x86_64-mingw32/nios2-elf/lib\libc.a(lib_a-signal.o)
                0x00000000020ae988                raise
 .text.signal   0x00000000020ae99c       0x18 c:/altera/18.1/nios2eds/bin/gnu/h-x86_64-mingw32/bin/../lib/gcc/nios2-elf/5.3.0/../../../../../H-x86_64-mingw32/nios2-elf/lib\libc.a(lib_a-signal.o)
                0x00000000020ae99c                signal
 .text._init_signal
                0x00000000020ae9b4       0x10 c:/altera/18.1/nios2eds/bin/gnu/h-x86_64-mingw32/bin/../lib/gcc/nios2-elf/5.3.0/../../../../../H-x86_64-mingw32/nios2-elf/lib\libc.a(lib_a-signal.o)
                0x00000000020ae9b4                _init_signal
 .text.__sigtramp
                0x00000000020ae9c4       0x14 c:/altera/18.1/nios2eds/bin/gnu/h-x86_64-mingw32/bin/../lib/gcc/nios2-elf/5.3.0/../../../../../H-x86_64-mingw32/nios2-elf/lib\libc.a(lib_a-signal.o)
                0x00000000020ae9c4                __sigtramp
 .text          0x00000000020ae9d8        0x0 c:/altera/18.1/nios2eds/bin/gnu/h-x86_64-mingw32/bin/../lib/gcc/nios2-elf/5.3.0/../../../../../H-x86_64-mingw32/nios2-elf/lib\libc.a(lib_a-signalr.o)
 .text._kill_r  0x00000000020ae9d8       0x5c c:/altera/18.1/nios2eds/bin/gnu/h-x86_64-mingw32/bin/../lib/gcc/nios2-elf/5.3.0/../../../../../H-x86_64-mingw32/nios2-elf/lib\libc.a(lib_a-signalr.o)
                0x00000000020ae9d8                _kill_r
 .text._getpid_r
                0x00000000020aea34        0x4 c:/altera/18.1/nios2eds/bin/gnu/h-x86_64-mingw32/bin/../lib/gcc/nios2-elf/5.3.0/../../../../../H-x86_64-mingw32/nios2-elf/lib\libc.a(lib_a-signalr.o)
                0x00000000020aea34                _getpid_r
 .text          0x00000000020aea38        0x0 c:/altera/18.1/nios2eds/bin/gnu/h-x86_64-mingw32/bin/../lib/gcc/nios2-elf/5.3.0/../../../../../H-x86_64-mingw32/nios2-elf/lib\libc.a(lib_a-svfiprintf.o)
 .text.__ssprint_r
                0x00000000020aea38      0x1d0 c:/altera/18.1/nios2eds/bin/gnu/h-x86_64-mingw32/bin/../lib/gcc/nios2-elf/5.3.0/../../../../../H-x86_64-mingw32/nios2-elf/lib\libc.a(lib_a-svfiprintf.o)
                0x00000000020aea38                __ssprint_r
 .text.___svfiprintf_internal_r
                0x00000000020aec08     0x123c c:/altera/18.1/nios2eds/bin/gnu/h-x86_64-mingw32/bin/../lib/gcc/nios2-elf/5.3.0/../../../../../H-x86_64-mingw32/nios2-elf/lib\libc.a(lib_a-svfiprintf.o)
                0x00000000020aec08                ___svfiprintf_internal_r
 .text          0x00000000020afe44        0x0 c:/altera/18.1/nios2eds/bin/gnu/h-x86_64-mingw32/bin/../lib/gcc/nios2-elf/5.3.0/../../../../../H-x86_64-mingw32/nios2-elf/lib\libc.a(lib_a-vfiprintf.o)
 .text.__sprint_r.part.0
                0x00000000020afe44       0xfc c:/altera/18.1/nios2eds/bin/gnu/h-x86_64-mingw32/bin/../lib/gcc/nios2-elf/5.3.0/../../../../../H-x86_64-mingw32/nios2-elf/lib\libc.a(lib_a-vfiprintf.o)
 .text.__sprint_r
                0x00000000020aff40       0x18 c:/altera/18.1/nios2eds/bin/gnu/h-x86_64-mingw32/bin/../lib/gcc/nios2-elf/5.3.0/../../../../../H-x86_64-mingw32/nios2-elf/lib\libc.a(lib_a-vfiprintf.o)
                0x00000000020aff40                __sprint_r
 .text.___vfiprintf_internal_r