Archive member included to satisfy reference by file (symbol)

c:/altera/18.1/nios2eds/bin/gnu/h-x86_64-mingw32/bin/../lib/gcc/nios2-elf/5.3.0/../../../../../H-x86_64-mingw32/nios2-elf/lib\libc.a(lib_a-printf.o)
                              obj/default/main.o (printf)
c:/altera/18.1/nios2eds/bin/gnu/h-x86_64-mingw32/bin/../lib/gcc/nios2-elf/5.3.0/../../../../../H-x86_64-mingw32/nios2-elf/lib\libc.a(lib_a-vfprintf.o)
                              c:/altera/18.1/nios2eds/bin/gnu/h-x86_64-mingw32/bin/../lib/gcc/nios2-elf/5.3.0/../../../../../H-x86_64-mingw32/nios2-elf/lib\libc.a(lib_a-printf.o) (___vfprintf_internal_r)
c:/altera/18.1/nios2eds/bin/gnu/h-x86_64-mingw32/bin/../lib/gcc/nios2-elf/5.3.0/../../../../../H-x86_64-mingw32/nios2-elf/lib\libc.a(lib_a-wsetup.o)
                              c:/altera/18.1/nios2eds/bin/gnu/h-x86_64-mingw32/bin/../lib/gcc/nios2-elf/5.3.0/../../../../../H-x86_64-mingw32/nios2-elf/lib\libc.a(lib_a-vfprintf.o) (__swsetup_r)
c:/altera/18.1/nios2eds/bin/gnu/h-x86_64-mingw32/bin/../lib/gcc/nios2-elf/5.3.0/../../../../../H-x86_64-mingw32/nios2-elf/lib\libc.a(lib_a-dtoa.o)
                              c:/altera/18.1/nios2eds/bin/gnu/h-x86_64-mingw32/bin/../lib/gcc/nios2-elf/5.3.0/../../../../../H-x86_64-mingw32/nios2-elf/lib\libc.a(lib_a-vfprintf.o) (_dtoa_r)
c:/altera/18.1/nios2eds/bin/gnu/h-x86_64-mingw32/bin/../lib/gcc/nios2-elf/5.3.0/../../../../../H-x86_64-mingw32/nios2-elf/lib\libc.a(lib_a-fflush.o)
                              c:/altera/18.1/nios2eds/bin/gnu/h-x86_64-mingw32/bin/../lib/gcc/nios2-elf/5.3.0/../../../../../H-x86_64-mingw32/nios2-elf/lib\libc.a(lib_a-vfprintf.o) (_fflush_r)
c:/altera/18.1/nios2eds/bin/gnu/h-x86_64-mingw32/bin/../lib/gcc/nios2-elf/5.3.0/../../../../../H-x86_64-mingw32/nios2-elf/lib\libc.a(lib_a-findfp.o)
                              c:/altera/18.1/nios2eds/bin/gnu/h-x86_64-mingw32/bin/../lib/gcc/nios2-elf/5.3.0/../../../../../H-x86_64-mingw32/nios2-elf/lib\libc.a(lib_a-vfprintf.o) (__sinit)
c:/altera/18.1/nios2eds/bin/gnu/h-x86_64-mingw32/bin/../lib/gcc/nios2-elf/5.3.0/../../../../../H-x86_64-mingw32/nios2-elf/lib\libc.a(lib_a-freer.o)
                              c:/altera/18.1/nios2eds/bin/gnu/h-x86_64-mingw32/bin/../lib/gcc/nios2-elf/5.3.0/../../../../../H-x86_64-mingw32/nios2-elf/lib\libc.a(lib_a-wsetup.o) (_free_r)
c:/altera/18.1/nios2eds/bin/gnu/h-x86_64-mingw32/bin/../lib/gcc/nios2-elf/5.3.0/../../../../../H-x86_64-mingw32/nios2-elf/lib\libc.a(lib_a-fwalk.o)
                              c:/altera/18.1/nios2eds/bin/gnu/h-x86_64-mingw32/bin/../lib/gcc/nios2-elf/5.3.0/../../../../../H-x86_64-mingw32/nios2-elf/lib\libc.a(lib_a-findfp.o) (_fwalk)
c:/altera/18.1/nios2eds/bin/gnu/h-x86_64-mingw32/bin/../lib/gcc/nios2-elf/5.3.0/../../../../../H-x86_64-mingw32/nios2-elf/lib\libc.a(lib_a-impure.o)
                              c:/altera/18.1/nios2eds/bin/gnu/h-x86_64-mingw32/bin/../lib/gcc/nios2-elf/5.3.0/../../../../../H-x86_64-mingw32/nios2-elf/lib\libc.a(lib_a-fflush.o) (_global_impure_ptr)
c:/altera/18.1/nios2eds/bin/gnu/h-x86_64-mingw32/bin/../lib/gcc/nios2-elf/5.3.0/../../../../../H-x86_64-mingw32/nios2-elf/lib\libc.a(lib_a-locale.o)
                              c:/altera/18.1/nios2eds/bin/gnu/h-x86_64-mingw32/bin/../lib/gcc/nios2-elf/5.3.0/../../../../../H-x86_64-mingw32/nios2-elf/lib\libc.a(lib_a-vfprintf.o) (_localeconv_r)
c:/altera/18.1/nios2eds/bin/gnu/h-x86_64-mingw32/bin/../lib/gcc/nios2-elf/5.3.0/../../../../../H-x86_64-mingw32/nios2-elf/lib\libc.a(lib_a-makebuf.o)
                              c:/altera/18.1/nios2eds/bin/gnu/h-x86_64-mingw32/bin/../lib/gcc/nios2-elf/5.3.0/../../../../../H-x86_64-mingw32/nios2-elf/lib\libc.a(lib_a-wsetup.o) (__smakebuf_r)
c:/altera/18.1/nios2eds/bin/gnu/h-x86_64-mingw32/bin/../lib/gcc/nios2-elf/5.3.0/../../../../../H-x86_64-mingw32/nios2-elf/lib\libc.a(lib_a-mallocr.o)
                              c:/altera/18.1/nios2eds/bin/gnu/h-x86_64-mingw32/bin/../lib/gcc/nios2-elf/5.3.0/../../../../../H-x86_64-mingw32/nios2-elf/lib\libc.a(lib_a-findfp.o) (_malloc_r)
c:/altera/18.1/nios2eds/bin/gnu/h-x86_64-mingw32/bin/../lib/gcc/nios2-elf/5.3.0/../../../../../H-x86_64-mingw32/nios2-elf/lib\libc.a(lib_a-memchr.o)
                              c:/altera/18.1/nios2eds/bin/gnu/h-x86_64-mingw32/bin/../lib/gcc/nios2-elf/5.3.0/../../../../../H-x86_64-mingw32/nios2-elf/lib\libc.a(lib_a-vfprintf.o) (memchr)
c:/altera/18.1/nios2eds/bin/gnu/h-x86_64-mingw32/bin/../lib/gcc/nios2-elf/5.3.0/../../../../../H-x86_64-mingw32/nios2-elf/lib\libc.a(lib_a-memcpy.o)
                              c:/altera/18.1/nios2eds/bin/gnu/h-x86_64-mingw32/bin/../lib/gcc/nios2-elf/5.3.0/../../../../../H-x86_64-mingw32/nios2-elf/lib\libc.a(lib_a-dtoa.o) (memcpy)
c:/altera/18.1/nios2eds/bin/gnu/h-x86_64-mingw32/bin/../lib/gcc/nios2-elf/5.3.0/../../../../../H-x86_64-mingw32/nios2-elf/lib\libc.a(lib_a-memset.o)
[...]
Memory Configuration

Name             Origin             Length             Attributes
tse_descriptor_memory_0 0x0000000000000000 0x0000000000002000
reset            0x0000000001800000 0x0000000000000020
sdram_controller_0 0x0000000001800020 0x00000000007fffe0
mem_0            0x0000000002020000 0x0000000000020000
*default*        0x0000000000000000 0xffffffffffffffff

Linker script and memory map

LOAD ../FreeRTOS_bsp//obj/HAL/src/crt0.o
LOAD obj/default/main.o
LOAD c:/altera/18.1/nios2eds/bin/gnu/h-x86_64-mingw32/bin/../lib/gcc/nios2-elf/5.3.0/../../../../../H-x86_64-mingw32/nios2-elf/lib\libstdc++.a
LOAD c:/altera/18.1/nios2eds/bin/gnu/h-x86_64-mingw32/bin/../lib/gcc/nios2-elf/5.3.0/../../../../../H-x86_64-mingw32/nios2-elf/lib\libm.a
LOAD c:/altera/18.1/nios2eds/bin/gnu/h-x86_64-mingw32/bin/../lib/gcc/nios2-elf/5.3.0\libgcc.a
START GROUP
LOAD c:/altera/18.1/nios2eds/bin/gnu/h-x86_64-mingw32/bin/../lib/gcc/nios2-elf/5.3.0/../../../../../H-x86_64-mingw32/nios2-elf/lib\libc.a
LOAD c:/altera/18.1/nios2eds/bin/gnu/h-x86_64-mingw32/bin/../lib/gcc/nios2-elf/5.3.0\libgcc.a
LOAD ../FreeRTOS_bsp/\libfreertos_bsp.a
LOAD c:/altera/18.1/nios2eds/bin/gnu/h-x86_64-mingw32/bin/../lib/gcc/nios2-elf/5.3.0/../../../../../H-x86_64-mingw32/nios2-elf/lib\libm.a
END GROUP
LOAD c:/altera/18.1/nios2eds/bin/gnu/h-x86_64-mingw32/bin/../lib/gcc/nios2-elf/5.3.0\libgcc.a
                0x0000000000000000                __alt_mem_tse_descriptor_memory_0 = 0x0
                0x0000000001800000                __alt_mem_sdram_controller_0 = 0x1800000
                0x0000000002020000                __alt_mem_mem_0 = 0x2020000

.entry          0x0000000001800000       0x20
 *(.entry)
 .entry         0x0000000001800000       0x20 ../FreeRTOS_bsp//obj/HAL/src/crt0.o
                0x0000000001800000                __reset

.exceptions     0x0000000001800020      0x3f4
                0x0000000001800020                PROVIDE (__ram_exceptions_start, ABSOLUTE (.))
                0x0000000001800020                . = ALIGN (0x20)
 *(.irq)
 *(.exceptions.entry.label)
 *(.exceptions.entry.user)
 *(.exceptions.entry.ecc_fatal)
 *(.exceptions.entry)
 .exceptions.entry
                0x0000000001800020       0x8c ../FreeRTOS_bsp/\libfreertos_bsp.a(port_asm.o)
 *(.exceptions.irqtest.user)
 *(.exceptions.irqtest)
 .exceptions.irqtest
                0x00000000018000ac       0x14 ../FreeRTOS_bsp/\libfreertos_bsp.a(port_asm.o)
 *(.exceptions.irqhandler.user)
 *(.exceptions.irqhandler)
 .exceptions.irqhandler
                0x00000000018000c0        0x4 ../FreeRTOS_bsp/\libfreertos_bsp.a(port_asm.o)
 *(.exceptions.irqreturn.user)
 *(.exceptions.irqreturn)
 .exceptions.irqreturn
                0x00000000018000c4       0x8c ../FreeRTOS_bsp/\libfreertos_bsp.a(port_asm.o)
                0x00000000018000c4                restore_sp_from_pxCurrentTCB
 *(.exceptions.notirq.label)
 *(.exceptions.notirq.user)
 *(.exceptions.notirq)
 *(.exceptions.soft.user)
 *(.exceptions.soft)
 .exceptions.soft
                0x0000000001800150      0x1cc ../FreeRTOS_bsp/\libfreertos_bsp.a(alt_exception_muldiv.o)
 .exceptions.soft
                0x000000000180031c       0x2c ../FreeRTOS_bsp/\libfreertos_bsp.a(port_asm.o)
 *(.exceptions.unknown.user)
 *(.exceptions.unknown)
 *(.exceptions.exit.label)
 .exceptions.exit.label
                0x0000000001800348        0x0 ../FreeRTOS_bsp/\libfreertos_bsp.a(alt_exception_muldiv.o)
 *(.exceptions.exit.user)
 *(.exceptions.exit)
 *(.exceptions)
 .exceptions    0x0000000001800348       0xcc ../FreeRTOS_bsp/\libfreertos_bsp.a(alt_irq_handler.o)
                0x0000000001800348                alt_irq_handler
                0x0000000001800414                PROVIDE (__ram_exceptions_end, ABSOLUTE (.))
                0x0000000001800020                PROVIDE (__flash_exceptions_start, LOADADDR (.exceptions))

.text           0x0000000001800414    0x400e0
                [!provide]                        PROVIDE (stext, ABSOLUTE (.))
 *(.interp)
 *(.hash)
 *(.dynsym)
 *(.dynstr)
 *(.gnu.version)
 *(.gnu.version_d)
 *(.gnu.version_r)
 *(.rel.init)
 *(.rela.init)
 *(.rel.text .rel.text.* .rel.gnu.linkonce.t.*)
 *(.rela.text .rela.text.* .rela.gnu.linkonce.t.*)
 *(.rel.fini)
 *(.rela.fini)
 *(.rel.rodata .rel.rodata.* .rel.gnu.linkonce.r.*)
 *(.rela.rodata .rela.rodata.* .rela.gnu.linkonce.r.*)
 *(.rel.data .rel.data.* .rel.gnu.linkonce.d.*)
 *(.rela.data .rela.data.* .rela.gnu.linkonce.d.*)
 *(.rel.tdata .rel.tdata.* .rel.gnu.linkonce.td.*)
 *(.rela.tdata .rela.tdata.* .rela.gnu.linkonce.td.*)
 *(.rel.tbss .rel.tbss.* .rel.gnu.linkonce.tb.*)
 *(.rela.tbss .rela.tbss.* .rela.gnu.linkonce.tb.*)
 *(.rel.ctors)
 *(.rela.ctors)
 *(.rel.dtors)
 *(.rela.dtors)
 *(.rel.got)
 *(.rela.got)
 *(.rel.sdata .rel.sdata.* .rel.gnu.linkonce.s.*)
 *(.rela.sdata .rela.sdata.* .rela.gnu.linkonce.s.*)
 *(.rel.sbss .rel.sbss.* .rel.gnu.linkonce.sb.*)
 *(.rela.sbss .rela.sbss.* .rela.gnu.linkonce.sb.*)
 *(.rel.sdata2 .rel.sdata2.* .rel.gnu.linkonce.s2.*)
 *(.rela.sdata2 .rela.sdata2.* .rela.gnu.linkonce.s2.*)
 *(.rel.sbss2 .rel.sbss2.* .rel.gnu.linkonce.sb2.*)
 *(.rela.sbss2 .rela.sbss2.* .rela.gnu.linkonce.sb2.*)
 *(.rel.bss .rel.bss.* .rel.gnu.linkonce.b.*)
 *(.rela.bss .rela.bss.* .rela.gnu.linkonce.b.*)
 *(.rel.plt)
 *(.rela.plt)
 *(.rel.dyn)
 *(.init)
 *(.plt)
 *(.text .stub .text.* .gnu.linkonce.t.*)
 .text          0x0000000001800414       0x3c ../FreeRTOS_bsp//obj/HAL/src/crt0.o
                0x0000000001800414                _start
 .text          0x0000000001800450      0x758 obj/default/main.o
                0x0000000001800450                vApplicationMallocFailedHook
                0x0000000001800478                vApplicationStackOverflowHook
                0x000000000180059c                InitNetwork
                0x00000000018007ac                xEthernetRun
                0x0000000001800820                get_mac_addr
                0x000000000180093c                get_ip_addr
                0x00000000018009f4                get_hostname
                0x0000000001800a2c                get_iface_name
                0x0000000001800a74                is_interface_active
                0x0000000001800a98                main
                0x0000000001800ad8                main_thread
 .text          0x0000000001800ba8        0x0 c:/altera/18.1/nios2eds/bin/gnu/h-x86_64-mingw32/bin/../lib/gcc/nios2-elf/5.3.0/../../../../../H-x86_64-mingw32/nios2-elf/lib\libc.a(lib_a-printf.o)
 .text._printf_r
                0x0000000001800ba8       0x30 c:/altera/18.1/nios2eds/bin/gnu/h-x86_64-mingw32/bin/../lib/gcc/nios2-elf/5.3.0/../../../../../H-x86_64-mingw32/nios2-elf/lib\libc.a(lib_a-printf.o)
                0x0000000001800ba8                _printf_r
 .text.printf   0x0000000001800bd8       0x3c c:/altera/18.1/nios2eds/bin/gnu/h-x86_64-mingw32/bin/../lib/gcc/nios2-elf/5.3.0/../../../../../H-x86_64-mingw32/nios2-elf/lib\libc.a(lib_a-printf.o)
                0x0000000001800bd8                printf
 .text          0x0000000001800c14        0x0 c:/altera/18.1/nios2eds/bin/gnu/h-x86_64-mingw32/bin/../lib/gcc/nios2-elf/5.3.0/../../../../../H-x86_64-mingw32/nios2-elf/lib\libc.a(lib_a-vfprintf.o)
 .text.___vfprintf_internal_r
                0x0000000001800c14     0x21f8 c:/altera/18.1/nios2eds/bin/gnu/h-x86_64-mingw32/bin/../lib/gcc/nios2-elf/5.3.0/../../../../../H-x86_64-mingw32/nios2-elf/lib\libc.a(lib_a-vfprintf.o)
                0x0000000001800c14                ___vfprintf_internal_r
 .text.__vfprintf_internal
                0x0000000001802e0c       0x1c c:/altera/18.1/nios2eds/bin/gnu/h-x86_64-mingw32/bin/../lib/gcc/nios2-elf/5.3.0/../../../../../H-x86_64-mingw32/nios2-elf/lib\libc.a(lib_a-vfprintf.o)
                0x0000000001802e0c                __vfprintf_internal
 .text.__sbprintf
                0x0000000001802e28       0xbc c:/altera/18.1/nios2eds/bin/gnu/h-x86_64-mingw32/bin/../lib/gcc/nios2-elf/5.3.0/../../../../../H-x86_64-mingw32/nios2-elf/lib\libc.a(lib_a-vfprintf.o)
 .text          0x0000000001802ee4        0x0 c:/altera/18.1/nios2eds/bin/gnu/h-x86_64-mingw32/bin/../lib/gcc/nios2-elf/5.3.0/../../../../../H-x86_64-mingw32/nios2-elf/lib\libc.a(lib_a-wsetup.o)
 .text.__swsetup_r
                0x0000000001802ee4      0x154 c:/altera/18.1/nios2eds/bin/gnu/h-x86_64-mingw32/bin/../lib/gcc/nios2-elf/5.3.0/../../../../../H-x86_64-mingw32/nios2-elf/lib\libc.a(lib_a-wsetup.o)
                0x0000000001802ee4                __swsetup_r
 .text          0x0000000001803038        0x0 c:/altera/18.1/nios2eds/bin/gnu/h-x86_64-mingw32/bin/../lib/gcc/nios2-elf/5.3.0/../../../../../H-x86_64-mingw32/nios2-elf/lib\libc.a(lib_a-dtoa.o)
 .text.quorem   0x0000000001803038      0x200 c:/altera/18.1/nios2eds/bin/gnu/h-x86_64-mingw32/bin/../lib/gcc/nios2-elf/5.3.0/../../../../../H-x86_64-mingw32/nios2-elf/lib\libc.a(lib_a-dtoa.o)
 .text._dtoa_r  0x0000000001803238     0x1688 c:/altera/18.1/nios2eds/bin/gnu/h-x86_64-mingw32/bin/../lib/gcc/nios2-elf/5.3.0/../../../../../H-x86_64-mingw32/nios2-elf/lib\libc.a(lib_a-dtoa.o)
                0x0000000001803238                _dtoa_r
 .text          0x00000000018048c0        0x0 c:/altera/18.1/nios2eds/bin/gnu/h-x86_64-mingw32/bin/../lib/gcc/nios2-elf/5.3.0/../../../../../H-x86_64-mingw32/nios2-elf/lib\libc.a(lib_a-fflush.o)
 .text.__sflush_r
                0x00000000018048c0      0x21c c:/altera/18.1/nios2eds/bin/gnu/h-x86_64-mingw32/bin/../lib/gcc/nios2-elf/5.3.0/../../../../../H-x86_64-mingw32/nios2-elf/lib\libc.a(lib_a-fflush.o)
                0x00000000018048c0                __sflush_r
 .text._fflush_r
                0x0000000001804adc       0x5c c:/altera/18.1/nios2eds/bin/gnu/h-x86_64-mingw32/bin/../lib/gcc/nios2-elf/5.3.0/../../../../../H-x86_64-mingw32/nios2-elf/lib\libc.a(lib_a-fflush.o)
                0x0000000001804adc                _fflush_r
 .text.fflush   0x0000000001804b38       0x30 c:/altera/18.1/nios2eds/bin/gnu/h-x86_64-mingw32/bin/../lib/gcc/nios2-elf/5.3.0/../../../../../H-x86_64-mingw32/nios2-elf/lib\libc.a(lib_a-fflush.o)
                0x0000000001804b38                fflush
 .text          0x0000000001804b68        0x0 c:/altera/18.1/nios2eds/bin/gnu/h-x86_64-mingw32/bin/../lib/gcc/nios2-elf/5.3.0/../../../../../H-x86_64-mingw32/nios2-elf/lib\libc.a(lib_a-findfp.o)
 .text.__fp_unlock
                0x0000000001804b68        0x8 c:/altera/18.1/nios2eds/bin/gnu/h-x86_64-mingw32/bin/../lib/gcc/nios2-elf/5.3.0/../../../../../H-x86_64-mingw32/nios2-elf/lib\libc.a(lib_a-findfp.o)
 .text._cleanup_r
                0x0000000001804b70        0xc c:/altera/18.1/nios2eds/bin/gnu/h-x86_64-mingw32/bin/../lib/gcc/nios2-elf/5.3.0/../../../../../H-x86_64-mingw32/nios2-elf/lib\libc.a(lib_a-findfp.o)
                0x0000000001804b70                _cleanup_r
 .text.__sinit.part.1
                0x0000000001804b7c      0x19c c:/altera/18.1/nios2eds/bin/gnu/h-x86_64-mingw32/bin/../lib/gcc/nios2-elf/5.3.0/../../../../../H-x86_64-mingw32/nios2-elf/lib\libc.a(lib_a-findfp.o)
 .text.__fp_lock
                0x0000000001804d18        0x8 c:/altera/18.1/nios2eds/bin/gnu/h-x86_64-mingw32/bin/../lib/gcc/nios2-elf/5.3.0/../../../../../H-x86_64-mingw32/nios2-elf/lib\libc.a(lib_a-findfp.o)
 .text.__sfmoreglue
                0x0000000001804d20       0x68 c:/altera/18.1/nios2eds/bin/gnu/h-x86_64-mingw32/bin/../lib/gcc/nios2-elf/5.3.0/../../../../../H-x86_64-mingw32/nios2-elf/lib\libc.a(lib_a-findfp.o)
                0x0000000001804d20                __sfmoreglue
 .text.__sfp    0x0000000001804d88      0x118 c:/altera/18.1/nios2eds/bin/gnu/h-x86_64-mingw32/bin/../lib/gcc/nios2-elf/5.3.0/../../../../../H-x86_64-mingw32/nios2-elf/lib\libc.a(lib_a-findfp.o)
                0x0000000001804d88                __sfp
 .text._cleanup
                0x0000000001804ea0       0x18 c:/altera/18.1/nios2eds/bin/gnu/h-x86_64-mingw32/bin/../lib/gcc/nios2-elf/5.3.0/../../../../../H-x86_64-mingw32/nios2-elf/lib\libc.a(lib_a-findfp.o)
                0x0000000001804ea0                _cleanup
 .text.__sinit  0x0000000001804eb8       0x10 c:/altera/18.1/nios2eds/bin/gnu/h-x86_64-mingw32/bin/../lib/gcc/nios2-elf/5.3.0/../../../../../H-x86_64-mingw32/nios2-elf/lib\libc.a(lib_a-findfp.o)
                0x0000000001804eb8                __sinit
 .text.__sfp_lock_acquire
                0x0000000001804ec8        0x4 c:/altera/18.1/nios2eds/bin/gnu/h-x86_64-mingw32/bin/../lib/gcc/nios2-elf/5.3.0/../../../../../H-x86_64-mingw32/nios2-elf/lib\libc.a(lib_a-findfp.o)
                0x0000000001804ec8                __sfp_lock_acquire
 .text.__sfp_lock_release
                0x0000000001804ecc        0x4 c:/altera/18.1/nios2eds/bin/gnu/h-x86_64-mingw32/bin/../lib/gcc/nios2-elf/5.3.0/../../../../../H-x86_64-mingw32/nios2-elf/lib\libc.a(lib_a-findfp.o)
                0x0000000001804ecc                __sfp_lock_release
 .text.__sinit_lock_acquire
                0x0000000001804ed0        0x4 c:/altera/18.1/nios2eds/bin/gnu/h-x86_64-mingw32/bin/../lib/gcc/nios2-elf/5.3.0/../../../../../H-x86_64-mingw32/nios2-elf/lib\libc.a(lib_a-findfp.o)
                0x0000000001804ed0                __sinit_lock_acquire
 .text.__sinit_lock_release
                0x0000000001804ed4        0x4 c:/altera/18.1/nios2eds/bin/gnu/h-x86_64-mingw32/bin/../lib/gcc/nios2-elf/5.3.0/../../../../../H-x86_64-mingw32/nios2-elf/lib\libc.a(lib_a-findfp.o)
                0x0000000001804ed4                __sinit_lock_release
 .text.__fp_lock_all
                0x0000000001804ed8       0x18 c:/altera/18.1/nios2eds/bin/gnu/h-x86_64-mingw32/bin/../lib/gcc/nios2-elf/5.3.0/../../../../../H-x86_64-mingw32/nios2-elf/lib\libc.a(lib_a-findfp.o)
                0x0000000001804ed8                __fp_lock_all
 .text.__fp_unlock_all
                0x0000000001804ef0       0x18 c:/altera/18.1/nios2eds/bin/gnu/h-x86_64-mingw32/bin/../lib/gcc/nios2-elf/5.3.0/../../../../../H-x86_64-mingw32/nios2-elf/lib\libc.a(lib_a-findfp.o)
                0x0000000001804ef0                __fp_unlock_all
 .text          0x0000000001804f08        0x0 c:/altera/18.1/nios2eds/bin/gnu/h-x86_64-mingw32/bin/../lib/gcc/nios2-elf/5.3.0/../../../../../H-x86_64-mingw32/nios2-elf/lib\libc.a(lib_a-freer.o)
 .text._malloc_trim_r
                0x0000000001804f08      0x124 c:/altera/18.1/nios2eds/bin/gnu/h-x86_64-mingw32/bin/../lib/gcc/nios2-elf/5.3.0/../../../../../H-x86_64-mingw32/nios2-elf/lib\libc.a(lib_a-freer.o)
                0x0000000001804f08                _malloc_trim_r
 .text._free_r  0x000000000180502c      0x310 c:/altera/18.1/nios2eds/bin/gnu/h-x86_64-mingw32/bin/../lib/gcc/nios2-elf/5.3.0/../../../../../H-x86_64-mingw32/nios2-elf/lib\libc.a(lib_a-freer.o)
                0x000000000180502c                _free_r
 .text          0x000000000180533c        0x0 c:/altera/18.1/nios2eds/bin/gnu/h-x86_64-mingw32/bin/../lib/gcc/nios2-elf/5.3.0/../../../../../H-x86_64-mingw32/nios2-elf/lib\libc.a(lib_a-fwalk.o)
 .text._fwalk   0x000000000180533c       0xc4 c:/altera/18.1/nios2eds/bin/gnu/h-x86_64-mingw32/bin/../lib/gcc/nios2-elf/5.3.0/../../../../../H-x86_64-mingw32/nios2-elf/lib\libc.a(lib_a-fwalk.o)
                0x000000000180533c                _fwalk
 .text._fwalk_reent
                0x0000000001805400       0xc4 c:/altera/18.1/nios2eds/bin/gnu/h-x86_64-mingw32/bin/../lib/gcc/nios2-elf/5.3.0/../../../../../H-x86_64-mingw32/nios2-elf/lib\libc.a(lib_a-fwalk.o)
                0x0000000001805400                _fwalk_reent
 .text          0x00000000018054c4        0x0 c:/altera/18.1/nios2eds/bin/gnu/h-x86_64-mingw32/bin/../lib/gcc/nios2-elf/5.3.0/../../../../../H-x86_64-mingw32/nios2-elf/lib\libc.a(lib_a-impure.o)
 .text          0x00000000018054c4        0x0 c:/altera/18.1/nios2eds/bin/gnu/h-x86_64-mingw32/bin/../lib/gcc/nios2-elf/5.3.0/../../../../../H-x86_64-mingw32/nios2-elf/lib\libc.a(lib_a-locale.o)
 .text._setlocale_r
                0x00000000018054c4       0x7c c:/altera/18.1/nios2eds/bin/gnu/h-x86_64-mingw32/bin/../lib/gcc/nios2-elf/5.3.0/../../../../../H-x86_64-mingw32/nios2-elf/lib\libc.a(lib_a-locale.o)
                0x00000000018054c4                _setlocale_r
 .text.__locale_charset
                0x0000000001805540        0xc c:/altera/18.1/nios2eds/bin/gnu/h-x86_64-mingw32/bin/../lib/gcc/nios2-elf/5.3.0/../../../../../H-x86_64-mingw32/nios2-elf/lib\libc.a(lib_a-locale.o)
                0x0000000001805540                __locale_charset
 .text.__locale_mb_cur_max
                0x000000000180554c       0x10 c:/altera/18.1/nios2eds/bin/gnu/h-x86_64-mingw32/bin/../lib/gcc/nios2-elf/5.3.0/../../../../../H-x86_64-mingw32/nios2-elf/lib\libc.a(lib_a-locale.o)
                0x000000000180554c                __locale_mb_cur_max
 .text.__locale_msgcharset
                0x000000000180555c        0xc c:/altera/18.1/nios2eds/bin/gnu/h-x86_64-mingw32/bin/../lib/gcc/nios2-elf/5.3.0/../../../../../H-x86_64-mingw32/nios2-elf/lib\libc.a(lib_a-locale.o)
                0x000000000180555c                __locale_msgcharset
 .text.__locale_cjk_lang
                0x0000000001805568        0x8 c:/altera/18.1/nios2eds/bin/gnu/h-x86_64-mingw32/bin/../lib/gcc/nios2-elf/5.3.0/../../../../../H-x86_64-mingw32/nios2-elf/lib\libc.a(lib_a-locale.o)
                0x0000000001805568                __locale_cjk_lang
 .text._localeconv_r
                0x0000000001805570        0xc c:/altera/18.1/nios2eds/bin/gnu/h-x86_64-mingw32/bin/../lib/gcc/nios2-elf/5.3.0/../../../../../H-x86_64-mingw32/nios2-elf/lib\libc.a(lib_a-locale.o)
                0x0000000001805570                _localeconv_r
 .text.setlocale
                0x000000000180557c       0x18 c:/altera/18.1/nios2eds/bin/gnu/h-x86_64-mingw32/bin/../lib/gcc/nios2-elf/5.3.0/../../../../../H-x86_64-mingw32/nios2-elf/lib\libc.a(lib_a-locale.o)
                0x000000000180557c                setlocale
 .text.localeconv
                0x0000000001805594        0xc c:/altera/18.1/nios2eds/bin/gnu/h-x86_64-mingw32/bin/../lib/gcc/nios2-elf/5.3.0/../../../../../H-x86_64-mingw32/nios2-elf/lib\libc.a(lib_a-locale.o)
                0x0000000001805594                localeconv
 .text          0x00000000018055a0        0x0 c:/altera/18.1/nios2eds/bin/gnu/h-x86_64-mingw32/bin/../lib/gcc/nios2-elf/5.3.0/../../../../../H-x86_64-mingw32/nios2-elf/lib\libc.a(lib_a-makebuf.o)
 .text.__smakebuf_r
                0x00000000018055a0      0x1bc c:/altera/18.1/nios2eds/bin/gnu/h-x86_64-mingw32/bin/../lib/gcc/nios2-elf/5.3.0/../../../../../H-x86_64-mingw32/nios2-elf/lib\libc.a(lib_a-makebuf.o)
                0x00000000018055a0                __smakebuf_r
 .text          0x000000000180575c        0x0 c:/altera/18.1/nios2eds/bin/gnu/h-x86_64-mingw32/bin/../lib/gcc/nios2-elf/5.3.0/../../../../../H-x86_64-mingw32/nios2-elf/lib\libc.a(lib_a-mallocr.o)
 .text._malloc_r
                0x000000000180575c      0x80c c:/altera/18.1/nios2eds/bin/gnu/h-x86_64-mingw32/bin/../lib/gcc/nios2-elf/5.3.0/../../../../../H-x86_64-mingw32/nios2-elf/lib\libc.a(lib_a-mallocr.o)
                0x000000000180575c                _malloc_r
 .text          0x0000000001805f68        0x0 c:/altera/18.1/nios2eds/bin/gnu/h-x86_64-mingw32/bin/../lib/gcc/nios2-elf/5.3.0/../../../../../H-x86_64-mingw32/nios2-elf/lib\libc.a(lib_a-memchr.o)
 .text.memchr   0x0000000001805f68       0xe4 c:/altera/18.1/nios2eds/bin/gnu/h-x86_64-mingw32/bin/../lib/gcc/nios2-elf/5.3.0/../../../../../H-x86_64-mingw32/nios2-elf/lib\libc.a(lib_a-memchr.o)
                0x0000000001805f68                memchr
 .text          0x000000000180604c        0x0 c:/altera/18.1/nios2eds/bin/gnu/h-x86_64-mingw32/bin/../lib/gcc/nios2-elf/5.3.0/../../../../../H-x86_64-mingw32/nios2-elf/lib\libc.a(lib_a-memcpy.o)
 .text.memcpy   0x000000000180604c      0x148 c:/altera/18.1/nios2eds/bin/gnu/h-x86_64-mingw32/bin/../lib/gcc/nios2-elf/5.3.0/../../../../../H-x86_64-mingw32/nios2-elf/lib\libc.a(lib_a-memcpy.o)
                0x000000000180604c                memcpy
 .text          0x0000000001806194        0x0 c:/altera/18.1/nios2eds/bin/gnu/h-x86_64-mingw32/bin/../lib/gcc/nios2-elf/5.3.0/../../../../../H-x86_64-mingw32/nios2-elf/lib\libc.a(lib_a-memset.o)
 .text.memset   0x0000000001806194      0x128 c:/altera/18.1/nios2eds/bin/gnu/h-x86_64-mingw32/bin/../lib/gcc/nios2-elf/5.3.0/../../../../../H-x86_64-mingw32/nios2-elf/lib\libc.a(lib_a-memset.o)
                0x0000000001806194                memset
 .text          0x00000000018062bc        0x0 c:/altera/18.1/nios2eds/bin/gnu/h-x86_64-mingw32/bin/../lib/gcc/nios2-elf/5.3.0/../../../../../H-x86_64-mingw32/nios2-elf/lib\libc.a(lib_a-mprec.o)
 .text._Balloc  0x00000000018062bc       0xa8 c:/altera/18.1/nios2eds/bin/gnu/h-x86_64-mingw32/bin/../lib/gcc/nios2-elf/5.3.0/../../../../../H-x86_64-mingw32/nios2-elf/lib\libc.a(lib_a-mprec.o)
                0x00000000018062bc                _Balloc
 .text._Bfree   0x0000000001806364       0x28 c:/altera/18.1/nios2eds/bin/gnu/h-x86_64-mingw32/bin/../lib/gcc/nios2-elf/5.3.0/../../../../../H-x86_64-mingw32/nios2-elf/lib\libc.a(lib_a-mprec.o)
                0x0000000001806364                _Bfree
 .text.__multadd
                0x000000000180638c      0x120 c:/altera/18.1/nios2eds/bin/gnu/h-x86_64-mingw32/bin/../lib/gcc/nios2-elf/5.3.0/../../../../../H-x86_64-mingw32/nios2-elf/lib\libc.a(lib_a-mprec.o)
                0x000000000180638c                __multadd
 .text.__s2b    0x00000000018064ac      0x104 c:/altera/18.1/nios2eds/bin/gnu/h-x86_64-mingw32/bin/../lib/gcc/nios2-elf/5.3.0/../../../../../H-x86_64-mingw32/nios2-elf/lib\libc.a(lib_a-mprec.o)
                0x00000000018064ac                __s2b
 .text.__hi0bits
                0x00000000018065b0       0x68 c:/altera/18.1/nios2eds/bin/gnu/h-x86_64-mingw32/bin/../lib/gcc/nios2-elf/5.3.0/../../../../../H-x86_64-mingw32/nios2-elf/lib\libc.a(lib_a-mprec.o)
                0x00000000018065b0                __hi0bits
 .text.__lo0bits
                0x0000000001806618       0xb0 c:/altera/18.1/nios2eds/bin/gnu/h-x86_64-mingw32/bin/../lib/gcc/nios2-elf/5.3.0/../../../../../H-x86_64-mingw32/nios2-elf/lib\libc.a(lib_a-mprec.o)
                0x0000000001806618                __lo0bits
 .text.__i2b    0x00000000018066c8       0x3c c:/altera/18.1/nios2eds/bin/gnu/h-x86_64-mingw32/bin/../lib/gcc/nios2-elf/5.3.0/../../../../../H-x86_64-mingw32/nios2-elf/lib\libc.a(lib_a-mprec.o)
                0x00000000018066c8                __i2b
 .text.__multiply
                0x0000000001806704      0x1f8 c:/altera/18.1/nios2eds/bin/gnu/h-x86_64-mingw32/bin/../lib/gcc/nios2-elf/5.3.0/../../../../../H-x86_64-mingw32/nios2-elf/lib\libc.a(lib_a-mprec.o)
                0x0000000001806704                __multiply
 .text.__pow5mult
                0x00000000018068fc      0x140 c:/altera/18.1/nios2eds/bin/gnu/h-x86_64-mingw32/bin/../lib/gcc/nios2-elf/5.3.0/../../../../../H-x86_64-mingw32/nios2-elf/lib\libc.a(lib_a-mprec.o)
                0x00000000018068fc                __pow5mult
 .text.__lshift
                0x0000000001806a3c      0x148 c:/altera/18.1/nios2eds/bin/gnu/h-x86_64-mingw32/bin/../lib/gcc/nios2-elf/5.3.0/../../../../../H-x86_64-mingw32/nios2-elf/lib\libc.a(lib_a-mprec.o)
                0x0000000001806a3c                __lshift
 .text.__mcmp   0x0000000001806b84       0x60 c:/altera/18.1/nios2eds/bin/gnu/h-x86_64-mingw32/bin/../lib/gcc/nios2-elf/5.3.0/../../../../../H-x86_64-mingw32/nios2-elf/lib\libc.a(lib_a-mprec.o)
                0x0000000001806b84                __mcmp
 .text.__mdiff  0x0000000001806be4      0x1fc c:/altera/18.1/nios2eds/bin/gnu/h-x86_64-mingw32/bin/../lib/gcc/nios2-elf/5.3.0/../../../../../H-x86_64-mingw32/nios2-elf/lib\libc.a(lib_a-mprec.o)
                0x0000000001806be4                __mdiff
 .text.__ulp    0x0000000001806de0       0x64 c:/altera/18.1/nios2eds/bin/gnu/h-x86_64-mingw32/bin/../lib/gcc/nios2-elf/5.3.0/../../../../../H-x86_64-mingw32/nios2-elf/lib\libc.a(lib_a-mprec.o)
                0x0000000001806de0                __ulp
 .text.__b2d    0x0000000001806e44      0x10c c:/altera/18.1/nios2eds/bin/gnu/h-x86_64-mingw32/bin/../lib/gcc/nios2-elf/5.3.0/../../../../../H-x86_64-mingw32/nios2-elf/lib\libc.a(lib_a-mprec.o)
                0x0000000001806e44                __b2d
 .text.__d2b    0x0000000001806f50      0x14c c:/altera/18.1/nios2eds/bin/gnu/h-x86_64-mingw32/bin/../lib/gcc/nios2-elf/5.3.0/../../../../../H-x86_64-mingw32/nios2-elf/lib\libc.a(lib_a-mprec.o)
                0x0000000001806f50                __d2b
 .text.__ratio  0x000000000180709c       0xa4 c:/altera/18.1/nios2eds/bin/gnu/h-x86_64-mingw32/bin/../lib/gcc/nios2-elf/5.3.0/../../../../../H-x86_64-mingw32/nios2-elf/lib\libc.a(lib_a-mprec.o)
                0x000000000180709c                __ratio
 .text._mprec_log10
                0x0000000001807140       0x74 c:/altera/18.1/nios2eds/bin/gnu/h-x86_64-mingw32/bin/../lib/gcc/nios2-elf/5.3.0/../../../../../H-x86_64-mingw32/nios2-elf/lib\libc.a(lib_a-mprec.o)
                0x0000000001807140                _mprec_log10
 .text.__copybits
                0x00000000018071b4       0x78 c:/altera/18.1/nios2eds/bin/gnu/h-x86_64-mingw32/bin/../lib/gcc/nios2-elf/5.3.0/../../../../../H-x86_64-mingw32/nios2-elf/lib\libc.a(lib_a-mprec.o)
                0x00000000018071b4                __copybits
 .text.__any_on
                0x000000000180722c       0x8c c:/altera/18.1/nios2eds/bin/gnu/h-x86_64-mingw32/bin/../lib/gcc/nios2-elf/5.3.0/../../../../../H-x86_64-mingw32/nios2-elf/lib\libc.a(lib_a-mprec.o)
                0x000000000180722c                __any_on
 .text          0x00000000018072b8        0x0 c:/altera/18.1/nios2eds/bin/gnu/h-x86_64-mingw32/bin/../lib/gcc/nios2-elf/5.3.0/../../../../../H-x86_64-mingw32/nios2-elf/lib\libc.a(lib_a-s_fpclassify.o)
 .text.__fpclassifyd
                0x00000000018072b8       0x74 c:/altera/18.1/nios2eds/bin/gnu/h-x86_64-mingw32/bin/../lib/gcc/nios2-elf/5.3.0/../../../../../H-x86_64-mingw32/nios2-elf/lib\libc.a(lib_a-s_fpclassify.o)
                0x00000000018072b8                __fpclassifyd
 .text          0x000000000180732c        0x0 c:/altera/18.1/nios2eds/bin/gnu/h-x86_64-mingw32/bin/../lib/gcc/nios2-elf/5.3.0/../../../../../H-x86_64-mingw32/nios2-elf/lib\libc.a(lib_a-sbrkr.o)
 .text._sbrk_r  0x000000000180732c       0x54 c:/altera/18.1/nios2eds/bin/gnu/h-x86_64-mingw32/bin/../lib/gcc/nios2-elf/5.3.0/../../../../../H-x86_64-mingw32/nios2-elf/lib\libc.a(lib_a-sbrkr.o)
                0x000000000180732c                _sbrk_r
 .text          0x0000000001807380        0x0 c:/altera/18.1/nios2eds/bin/gnu/h-x86_64-mingw32/bin/../lib/gcc/nios2-elf/5.3.0/../../../../../H-x86_64-mingw32/nios2-elf/lib\libc.a(lib_a-stdio.o)
 .text.__sread  0x0000000001807380       0x54 c:/altera/18.1/nios2eds/bin/gnu/h-x86_64-mingw32/bin/../lib/gcc/nios2-elf/5.3.0/../../../../../H-x86_64-mingw32/nios2-elf/lib\libc.a(lib_a-stdio.o)
                0x0000000001807380                __sread
 .text.__seofread
                0x00000000018073d4        0x8 c:/altera/18.1/nios2eds/bin/gnu/h-x86_64-mingw32/bin/../lib/gcc/nios2-elf/5.3.0/../../../../../H-x86_64-mingw32/nios2-elf/lib\libc.a(lib_a-stdio.o)
                0x00000000018073d4                __seofread
 .text.__swrite
                0x00000000018073dc       0x7c c:/altera/18.1/nios2eds/bin/gnu/h-x86_64-mingw32/bin/../lib/gcc/nios2-elf/5.3.0/../../../../../H-x86_64-mingw32/nios2-elf/lib\libc.a(lib_a-stdio.o)
                0x00000000018073dc                __swrite
 .text.__sseek  0x0000000001807458       0x5c c:/altera/18.1/nios2eds/bin/gnu/h-x86_64-mingw32/bin/../lib/gcc/nios2-elf/5.3.0/../../../../../H-x86_64-mingw32/nios2-elf/lib\libc.a(lib_a-stdio.o)
                0x0000000001807458                __sseek
 .text.__sclose
                0x00000000018074b4        0x8 c:/altera/18.1/nios2eds/bin/gnu/h-x86_64-mingw32/bin/../lib/gcc/nios2-elf/5.3.0/../../../../../H-x86_64-mingw32/nios2-elf/lib\libc.a(lib_a-stdio.o)
                0x00000000018074b4                __sclose
 .text          0x00000000018074bc        0x0 c:/altera/18.1/nios2eds/bin/gnu/h-x86_64-mingw32/bin/../lib/gcc/nios2-elf/5.3.0/../../../../../H-x86_64-mingw32/nios2-elf/lib\libc.a(lib_a-strcmp.o)
 .text.strcmp   0x00000000018074bc       0xdc c:/altera/18.1/nios2eds/bin/gnu/h-x86_64-mingw32/bin/../lib/gcc/nios2-elf/5.3.0/../../../../../H-x86_64-mingw32/nios2-elf/lib\libc.a(lib_a-strcmp.o)
                0x00000000018074bc                strcmp
 .text          0x0000000001807598        0x0 c:/altera/18.1/nios2eds/bin/gnu/h-x86_64-mingw32/bin/../lib/gcc/nios2-elf/5.3.0/../../../../../H-x86_64-mingw32/nios2-elf/lib\libc.a(lib_a-strlen.o)
 .text.strlen   0x0000000001807598       0x98 c:/altera/18.1/nios2eds/bin/gnu/h-x86_64-mingw32/bin/../lib/gcc/nios2-elf/5.3.0/../../../../../H-x86_64-mingw32/nios2-elf/lib\libc.a(lib_a-strlen.o)
                0x0000000001807598                strlen
 .text          0x0000000001807630        0x0 c:/altera/18.1/nios2eds/bin/gnu/h-x86_64-mingw32/bin/../lib/gcc/nios2-elf/5.3.0/../../../../../H-x86_64-mingw32/nios2-elf/lib\libc.a(lib_a-vfiprintf.o)
 .text.__sprint_r.part.0
                0x0000000001807630       0xfc c:/altera/18.1/nios2eds/bin/gnu/h-x86_64-mingw32/bin/../lib/gcc/nios2-elf/5.3.0/../../../../../H-x86_64-mingw32/nios2-elf/lib\libc.a(lib_a-vfiprintf.o)
 .text.__sprint_r
                0x000000000180772c       0x18 c:/altera/18.1/nios2eds/bin/gnu/h-x86_64-mingw32/bin/../lib/gcc/nios2-elf/5.3.0/../../../../../H-x86_64-mingw32/nios2-elf/lib\libc.a(lib_a-vfiprintf.o)
                0x000000000180772c                __sprint_r
 .text.___vfiprintf_internal_r
                0x0000000001807744     0x145c c:/altera/18.1/nios2eds/bin/gnu/h-x86_64-mingw32/bin/../lib/gcc/nios2-elf/5.3.0/../../../../../H-x86_64-mingw32/nios2-elf/lib\libc.a(lib_a-vfiprintf.o)
                0x0000000001807744                ___vfiprintf_internal_r
 .text.__vfiprintf_internal
                0x0000000001808ba0       0x1c c:/altera/18.1/nios2eds/bin/gnu/h-x86_64-mingw32/bin/../lib/gcc/nios2-elf/5.3.0/../../../../../H-x86_64-mingw32/nios2-elf/lib\libc.a(lib_a-vfiprintf.o)
                0x0000000001808ba0                __vfiprintf_internal
 .text.__sbprintf
                0x0000000001808bbc       0xbc c:/altera/18.1/nios2eds/bin/gnu/h-x86_64-mingw32/bin/../lib/gcc/nios2-elf/5.3.0/../../../../../H-x86_64-mingw32/nios2-elf/lib\libc.a(lib_a-vfiprintf.o)
 .text          0x0000000001808c78        0x0 c:/altera/18.1/nios2eds/bin/gnu/h-x86_64-mingw32/bin/../lib/gcc/nios2-elf/5.3.0/../../../../../H-x86_64-mingw32/nios2-elf/lib\libc.a(lib_a-writer.o)
 .text._write_r
                0x0000000001808c78       0x60 c:/altera/18.1/nios2eds/bin/gnu/h-x86_64-mingw32/bin/../lib/gcc/nios2-elf/5.3.0/../../../../../H-x86_64-mingw32/nios2-elf/lib\libc.a(lib_a-writer.o)
                0x0000000001808c78                _write_r
 .text          0x0000000001808cd8        0x0 c:/altera/18.1/nios2eds/bin/gnu/h-x86_64-mingw32/bin/../lib/gcc/nios2-elf/5.3.0/../../../../../H-x86_64-mingw32/nios2-elf/lib\libc.a(closer.o)
 .text._close_r
                0x0000000001808cd8       0x54 c:/altera/18.1/nios2eds/bin/gnu/h-x86_64-mingw32/bin/../lib/gcc/nios2-elf/5.3.0/../../../../../H-x86_64-mingw32/nios2-elf/lib\libc.a(closer.o)
                0x0000000001808cd8                _close_r
 .text          0x0000000001808d2c        0x0 c:/altera/18.1/nios2eds/bin/gnu/h-x86_64-mingw32/bin/../lib/gcc/nios2-elf/5.3.0/../../../../../H-x86_64-mingw32/nios2-elf/lib\libc.a(lib_a-callocr.o)
 .text._calloc_r
                0x0000000001808d2c       0xc4 c:/altera/18.1/nios2eds/bin/gnu/h-x86_64-mingw32/bin/../lib/gcc/nios2-elf/5.3.0/../../../../../H-x86_64-mingw32/nios2-elf/lib\libc.a(lib_a-callocr.o)
                0x0000000001808d2c                _calloc_r
 .text          0x0000000001808df0        0x0 c:/altera/18.1/nios2eds/bin/gnu/h-x86_64-mingw32/bin/../lib/gcc/nios2-elf/5.3.0/../../../../../H-x86_64-mingw32/nios2-elf/lib\libc.a(lib_a-fclose.o)
 .text._fclose_r
                0x0000000001808df0       0xf0 c:/altera/18.1/nios2eds/bin/gnu/h-x86_64-mingw32/bin/../lib/gcc/nios2-elf/5.3.0/../../../../../H-x86_64-mingw32/nios2-elf/lib\libc.a(lib_a-fclose.o)
                0x0000000001808df0                _fclose_r
 .text.fclose   0x0000000001808ee0       0x14 c:/altera/18.1/nios2eds/bin/gnu/h-x86_64-mingw32/bin/../lib/gcc/nios2-elf/5.3.0/../../../../../H-x86_64-mingw32/nios2-elf/lib\libc.a(lib_a-fclose.o)
                0x0000000001808ee0                fclose
 .text          0x0000000001808ef4        0x0 c:/altera/18.1/nios2eds/bin/gnu/h-x86_64-mingw32/bin/../lib/gcc/nios2-elf/5.3.0/../../../../../H-x86_64-mingw32/nios2-elf/lib\libc.a(lib_a-fputwc.o)
 .text.__fputwc
                0x0000000001808ef4      0x164 c:/altera/18.1/nios2eds/bin/gnu/h-x86_64-mingw32/bin/../lib/gcc/nios2-elf/5.3.0/../../../../../H-x86_64-mingw32/nios2-elf/lib\libc.a(lib_a-fputwc.o)
                0x0000000001808ef4                __fputwc
 .text._fputwc_r
                0x0000000001809058       0x24 c:/altera/18.1/nios2eds/bin/gnu/h-x86_64-mingw32/bin/../lib/gcc/nios2-elf/5.3.0/../../../../../H-x86_64-mingw32/nios2-elf/lib\libc.a(lib_a-fputwc.o)
                0x0000000001809058                _fputwc_r
 .text.fputwc   0x000000000180907c       0x80 c:/altera/18.1/nios2eds/bin/gnu/h-x86_64-mingw32/bin/../lib/gcc/nios2-elf/5.3.0/../../../../../H-x86_64-mingw32/nios2-elf/lib\libc.a(lib_a-fputwc.o)
                0x000000000180907c                fputwc
 .text          0x00000000018090fc        0x0 c:/altera/18.1/nios2eds/bin/gnu/h-x86_64-mingw32/bin/../lib/gcc/nios2-elf/5.3.0/../../../../../H-x86_64-mingw32/nios2-elf/lib\libc.a(lib_a-fstatr.o)
 .text._fstat_r
                0x00000000018090fc       0x5c c:/altera/18.1/nios2eds/bin/gnu/h-x86_64-mingw32/bin/../lib/gcc/nios2-elf/5.3.0/../../../../../H-x86_64-mingw32/nios2-elf/lib\libc.a(lib_a-fstatr.o)
                0x00000000018090fc                _fstat_r
 .text          0x0000000001809158        0x0 c:/altera/18.1/nios2eds/bin/gnu/h-x86_64-mingw32/bin/../lib/gcc/nios2-elf/5.3.0/../../../../../H-x86_64-mingw32/nios2-elf/lib\libc.a(lib_a-fvwrite.o)
 .text.__sfvwrite_r
                0x0000000001809158      0x4bc c:/altera/18.1/nios2eds/bin/gnu/h-x86_64-mingw32/bin/../lib/gcc/nios2-elf/5.3.0/../../../../../H-x86_64-mingw32/nios2-elf/lib\libc.a(lib_a-fvwrite.o)
                0x0000000001809158                __sfvwrite_r
 .text          0x0000000001809614        0x0 c:/altera/18.1/nios2eds/bin/gnu/h-x86_64-mingw32/bin/../lib/gcc/nios2-elf/5.3.0/../../../../../H-x86_64-mingw32/nios2-elf/lib\libc.a(lib_a-int_errno.o)
 .text          0x0000000001809614        0x0 c:/altera/18.1/nios2eds/bin/gnu/h-x86_64-mingw32/bin/../lib/gcc/nios2-elf/5.3.0/../../../../../H-x86_64-mingw32/nios2-elf/lib\libc.a(lib_a-isattyr.o)
 .text._isatty_r
                0x0000000001809614       0x54 c:/altera/18.1/nios2eds/bin/gnu/h-x86_64-mingw32/bin/../lib/gcc/nios2-elf/5.3.0/../../../../../H-x86_64-mingw32/nios2-elf/lib\libc.a(lib_a-isattyr.o)
                0x0000000001809614                _isatty_r
 .text          0x0000000001809668        0x0 c:/altera/18.1/nios2eds/bin/gnu/h-x86_64-mingw32/bin/../lib/gcc/nios2-elf/5.3.0/../../../../../H-x86_64-mingw32/nios2-elf/lib\libc.a(lib_a-lseekr.o)
 .text._lseek_r
                0x0000000001809668       0x60 c:/altera/18.1/nios2eds/bin/gnu/h-x86_64-mingw32/bin/../lib/gcc/nios2-elf/5.3.0/../../../../../H-x86_64-mingw32/nios2-elf/lib\libc.a(lib_a-lseekr.o)
                0x0000000001809668                _lseek_r
 .text          0x00000000018096c8        0x0 c:/altera/18.1/nios2eds/bin/gnu/h-x86_64-mingw32/bin/../lib/gcc/nios2-elf/5.3.0/../../../../../H-x86_64-mingw32/nios2-elf/lib\libc.a(lib_a-memmove.o)
 .text.memmove  0x00000000018096c8      0x15c c:/altera/18.1/nios2eds/bin/gnu/h-x86_64-mingw32/bin/../lib/gcc/nios2-elf/5.3.0/../../../../../H-x86_64-mingw32/nios2-elf/lib\libc.a(lib_a-memmove.o)
                0x00000000018096c8                memmove
 .text          0x0000000001809824        0x0 c:/altera/18.1/nios2eds/bin/gnu/h-x86_64-mingw32/bin/../lib/gcc/nios2-elf/5.3.0/../../../../../H-x86_64-mingw32/nios2-elf/lib\libc.a(lib_a-readr.o)
 .text._read_r  0x0000000001809824       0x60 c:/altera/18.1/nios2eds/bin/gnu/h-x86_64-mingw32/bin/../lib/gcc/nios2-elf/5.3.0/../../../../../H-x86_64-mingw32/nios2-elf/lib\libc.a(lib_a-readr.o)
                0x0000000001809824                _read_r
 .text          0x0000000001809884        0x0 c:/altera/18.1/nios2eds/bin/gnu/h-x86_64-mingw32/bin/../lib/gcc/nios2-elf/5.3.0/../../../../../H-x86_64-mingw32/nios2-elf/lib\libc.a(lib_a-reallocr.o)
 .text._realloc_r
                0x0000000001809884      0x564 c:/altera/18.1/nios2eds/bin/gnu/h-x86_64-mingw32/bin/../lib/gcc/nios2-elf/5.3.0/../../../../../H-x86_64-mingw32/nios2-elf/lib\libc.a(lib_a-reallocr.o)
                0x0000000001809884                _realloc_r
 .text          0x0000000001809de8        0x0 c:/altera/18.1/nios2eds/bin/gnu/h-x86_64-mingw32/bin/../lib/gcc/nios2-elf/5.3.0/../../../../../H-x86_64-mingw32/nios2-elf/lib\libc.a(lib_a-wbuf.o)
 .text.__swbuf_r
                0x0000000001809de8      0x140 c:/altera/18.1/nios2eds/bin/gnu/h-x86_64-mingw32/bin/../lib/gcc/nios2-elf/5.3.0/../../../../../H-x86_64-mingw32/nios2-elf/lib\libc.a(lib_a-wbuf.o)
                0x0000000001809de8                __swbuf_r
 .text.__swbuf  0x0000000001809f28       0x18 c:/altera/18.1/nios2eds/bin/gnu/h-x86_64-mingw32/bin/../lib/gcc/nios2-elf/5.3.0/../../../../../H-x86_64-mingw32/nios2-elf/lib\libc.a(lib_a-wbuf.o)
                0x0000000001809f28                __swbuf
 .text          0x0000000001809f40        0x0 c:/altera/18.1/nios2eds/bin/gnu/h-x86_64-mingw32/bin/../lib/gcc/nios2-elf/5.3.0/../../../../../H-x86_64-mingw32/nios2-elf/lib\libc.a(lib_a-wcrtomb.o)
 .text._wcrtomb_r
                0x0000000001809f40       0x9c c:/altera/18.1/nios2eds/bin/gnu/h-x86_64-mingw32/bin/../lib/gcc/nios2-elf/5.3.0/../../../../../H-x86_64-mingw32/nios2-elf/lib\libc.a(lib_a-wcrtomb.o)
                0x0000000001809f40                _wcrtomb_r
 .text.wcrtomb  0x0000000001809fdc       0xc0 c:/altera/18.1/nios2eds/bin/gnu/h-x86_64-mingw32/bin/../lib/gcc/nios2-elf/5.3.0/../../../../../H-x86_64-mingw32/nios2-elf/lib\libc.a(lib_a-wcrtomb.o)
                0x0000000001809fdc                wcrtomb
 .text          0x000000000180a09c        0x0 c:/altera/18.1/nios2eds/bin/gnu/h-x86_64-mingw32/bin/../lib/gcc/nios2-elf/5.3.0/../../../../../H-x86_64-mingw32/nios2-elf/lib\libc.a(lib_a-wctomb_r.o)
 .text.__ascii_wctomb
                0x000000000180a09c       0x30 c:/altera/18.1/nios2eds/bin/gnu/h-x86_64-mingw32/bin/../lib/gcc/nios2-elf/5.3.0/../../../../../H-x86_64-mingw32/nios2-elf/lib\libc.a(lib_a-wctomb_r.o)
                0x000000000180a09c                __ascii_wctomb
 .text._wctomb_r
                0x000000000180a0cc       0x5c c:/altera/18.1/nios2eds/bin/gnu/h-x86_64-mingw32/bin/../lib/gcc/nios2-elf/5.3.0/../../../../../H-x86_64-mingw32/nios2-elf/lib\libc.a(lib_a-wctomb_r.o)
                0x000000000180a0cc                _wctomb_r
 .text          0x000000000180a128      0x578 c:/altera/18.1/nios2eds/bin/gnu/h-x86_64-mingw32/bin/../lib/gcc/nios2-elf/5.3.0\libgcc.a(_udivdi3.o)
                0x000000000180a128                __udivdi3
 .text          0x000000000180a6a0      0x538 c:/altera/18.1/nios2eds/bin/gnu/h-x86_64-mingw32/bin/../lib/gcc/nios2-elf/5.3.0\libgcc.a(_umoddi3.o)
                0x000000000180a6a0                __umoddi3
 .text          0x000000000180abd8      0x1b4 c:/altera/18.1/nios2eds/bin/gnu/h-x86_64-mingw32/bin/../lib/gcc/nios2-elf/5.3.0\libgcc.a(lib2-divmod.o)
                0x000000000180abd8                __divsi3
                0x000000000180ac5c                __modsi3
                0x000000000180acd0                __udivsi3
                0x000000000180ad34                __umodsi3
 .text          0x000000000180ad8c      0x8ac c:/altera/18.1/nios2eds/bin/gnu/h-x86_64-mingw32/bin/../lib/gcc/nios2-elf/5.3.0\libgcc.a(adddf3.o)
                0x000000000180ad8c                __adddf3
 .text          0x000000000180b638      0x8e8 c:/altera/18.1/nios2eds/bin/gnu/h-x86_64-mingw32/bin/../lib/gcc/nios2-elf/5.3.0\libgcc.a(divdf3.o)
                0x000000000180b638                __divdf3
 .text          0x000000000180bf20       0x88 c:/altera/18.1/nios2eds/bin/gnu/h-x86_64-mingw32/bin/../lib/gcc/nios2-elf/5.3.0\libgcc.a(eqdf2.o)
                0x000000000180bf20                __nedf2
                0x000000000180bf20                __eqdf2
 .text          0x000000000180bfa8       0xdc c:/altera/18.1/nios2eds/bin/gnu/h-x86_64-mingw32/bin/../lib/gcc/nios2-elf/5.3.0\libgcc.a(gedf2.o)
                0x000000000180bfa8                __gedf2
                0x000000000180bfa8                __gtdf2
 .text          0x000000000180c084       0xf4 c:/altera/18.1/nios2eds/bin/gnu/h-x86_64-mingw32/bin/../lib/gcc/nios2-elf/5.3.0\libgcc.a(ledf2.o)
                0x000000000180c084                __ledf2
                0x000000000180c084                __ltdf2
 .text          0x000000000180c178      0x718 c:/altera/18.1/nios2eds/bin/gnu/h-x86_64-mingw32/bin/../lib/gcc/nios2-elf/5.3.0\libgcc.a(muldf3.o)
                0x000000000180c178                __muldf3
 .text          0x000000000180c890      0x8fc c:/altera/18.1/nios2eds/bin/gnu/h-x86_64-mingw32/bin/../lib/gcc/nios2-elf/5.3.0\libgcc.a(subdf3.o)
                0x000000000180c890                __subdf3
 .text          0x000000000180d18c       0x80 c:/altera/18.1/nios2eds/bin/gnu/h-x86_64-mingw32/bin/../lib/gcc/nios2-elf/5.3.0\libgcc.a(fixdfsi.o)
                0x000000000180d18c                __fixdfsi
 .text          0x000000000180d20c       0xdc c:/altera/18.1/nios2eds/bin/gnu/h-x86_64-mingw32/bin/../lib/gcc/nios2-elf/5.3.0\libgcc.a(floatsidf.o)
                0x000000000180d20c                __floatsidf
 .text          0x000000000180d2e8       0xa8 c:/altera/18.1/nios2eds/bin/gnu/h-x86_64-mingw32/bin/../lib/gcc/nios2-elf/5.3.0\libgcc.a(floatunsidf.o)
                0x000000000180d2e8                __floatunsidf
 .text          0x000000000180d390        0x0 c:/altera/18.1/nios2eds/bin/gnu/h-x86_64-mingw32/bin/../lib/gcc/nios2-elf/5.3.0\libgcc.a(_clz.o)
 .text          0x000000000180d390       0x64 c:/altera/18.1/nios2eds/bin/gnu/h-x86_64-mingw32/bin/../lib/gcc/nios2-elf/5.3.0\libgcc.a(_clzsi2.o)
                0x000000000180d390                __clzsi2
 .text          0x000000000180d3f4      0x118 ../FreeRTOS_bsp/\libfreertos_bsp.a(alt_main.o)
                0x000000000180d3f4                pre_constructors
                0x000000000180d414                post_constructors
                0x000000000180d434                alt_main
 .text          0x000000000180d50c       0xa4 ../FreeRTOS_bsp/\libfreertos_bsp.a(alt_malloc_lock.o)
                0x000000000180d50c                __malloc_lock
                0x000000000180d56c                __malloc_unlock
 .text          0x000000000180d5b0     0x15b8 ../FreeRTOS_bsp/\libfreertos_bsp.a(queue.o)
                0x000000000180d5b0                xQueueGenericReset
                0x000000000180d6c4                xQueueGenericCreate
                0x000000000180d84c                xQueueCreateMutex
                0x000000000180d8a8                xQueueGiveMutexRecursive
                0x000000000180d938                xQueueTakeMutexRecursive
                0x000000000180d9d4                xQueueCreateCountingSemaphore
                0x000000000180da2c                xQueueGenericSend
                0x000000000180dbe0                xQueueGenericSendFromISR
                0x000000000180dcd4                xQueueGiveFromISR
                0x000000000180ddb0                xQueueReceive
                0x000000000180df58                xQueueSemaphoreTake
                0x000000000180e168                xQueuePeek
                0x000000000180e318                xQueueReceiveFromISR
                0x000000000180e3fc                xQueuePeekFromISR
                0x000000000180e478                uxQueueMessagesWaiting
                0x000000000180e4b8                uxQueueSpacesAvailable
                0x000000000180e50c                uxQueueMessagesWaitingFromISR
                0x000000000180e544                vQueueDelete
                0x000000000180e580                uxQueueGetQueueNumber
                0x000000000180e5a8                vQueueSetQueueNumber
                0x000000000180e5dc                ucQueueGetQueueType
                0x000000000180e9c0                xQueueIsQueueEmptyFromISR
                0x000000000180ea60                xQueueIsQueueFullFromISR
                0x000000000180eab0                vQueueWaitForMessageRestricted
 .text          0x000000000180eb68     0x2bd8 ../FreeRTOS_bsp/\libfreertos_bsp.a(tasks.o)
                0x000000000180eb68                xTaskCreate
                0x000000000180ef34                vTaskDelete
                0x000000000180f01c                vTaskDelayUntil
                0x000000000180f10c                vTaskDelay
                0x000000000180f168                eTaskGetState
                0x000000000180f278                uxTaskPriorityGet
                0x000000000180f2d0                uxTaskPriorityGetFromISR
                0x000000000180f31c                vTaskPrioritySet
                0x000000000180f4c0                vTaskSuspend
                0x000000000180f628                vTaskResume
                0x000000000180f6f4                xTaskResumeFromISR
                0x000000000180f7d4                vTaskStartScheduler
                0x000000000180f878                vTaskEndScheduler
                0x000000000180f8c0                vTaskSuspendAll
                0x000000000180f8ec                xTaskResumeAll
                0x000000000180fa44                xTaskGetTickCount
                0x000000000180fa6c                xTaskGetTickCountFromISR
                0x000000000180fa98                uxTaskGetNumberOfTasks
                0x000000000180fab8                pcTaskGetName
                0x000000000180faf8                uxTaskGetSystemState
                0x000000000180fc80                xTaskCatchUpTicks
                0x000000000180fccc                xTaskIncrementTick
                0x000000000180fe7c                vTaskSwitchContext
                0x000000000180ffd8                vTaskPlaceOnEventList
                0x0000000001810028                vTaskPlaceOnUnorderedEventList
                0x000000000181008c                vTaskPlaceOnEventListRestricted
                0x00000000018100f0                xTaskRemoveFromEventList
                0x00000000018101e4                vTaskRemoveFromUnorderedEventList
                0x00000000018102ac                vTaskSetTimeOutState
                0x00000000018102f8                vTaskInternalSetTimeOutState
                0x0000000001810334                xTaskCheckForTimeOut
                0x0000000001810414                vTaskMissedYield
                0x000000000181043c                uxTaskGetTaskNumber
                0x0000000001810484                vTaskSetTaskNumber
                0x000000000181061c                vTaskGetInfo
                0x0000000001810900                uxTaskGetStackHighWaterMark
                0x00000000018109f4                xTaskGetCurrentTaskHandle
                0x0000000001810a1c                xTaskGetSchedulerState
                0x0000000001810a68                xTaskPriorityInherit
                0x0000000001810ba8                xTaskPriorityDisinherit
                0x0000000001810ca4                vTaskPriorityDisinheritAfterTimeout
                0x0000000001810de4                vTaskEnterCritical
                0x0000000001810e38                vTaskExitCritical
                0x0000000001810e98                uxTaskResetEventItemValue
                0x0000000001810edc                pvTaskIncrementMutexHeldCount
                0x0000000001810f14                ulTaskNotifyTake
                0x0000000001810fc4                xTaskNotifyWait
                0x00000000018110b8                xTaskGenericNotify
                0x0000000001811264                xTaskGenericNotifyFromISR
                0x0000000001811448                vTaskNotifyGiveFromISR
                0x0000000001811568                xTaskNotifyStateClear
                0x00000000018115e0                ulTaskNotifyValueClear
 .text          0x0000000001811740      0xc74 ../FreeRTOS_bsp/\libfreertos_bsp.a(timers.o)
                0x0000000001811740                xTimerCreateTimerTask
                0x00000000018117a8                xTimerCreate
                0x00000000018118c4                xTimerGenericCommand
                0x00000000018119a0                xTimerGetTimerDaemonTaskHandle
                0x00000000018119c0                xTimerGetPeriod
                0x00000000018119f0                vTimerSetReloadMode
                0x0000000001811a70                uxTimerGetReloadMode
                0x0000000001811ad0                xTimerGetExpiryTime
                0x0000000001811b08                pcTimerGetName
                0x0000000001812264                xTimerIsTimerActive
                0x00000000018122c4                pvTimerGetTimerID
                0x000000000181230c                vTimerSetTimerID
                0x0000000001812358                uxTimerGetTimerNumber
                0x0000000001812380                vTimerSetTimerNumber
 .text          0x00000000018123b4       0x2c ../FreeRTOS_bsp/\libfreertos_bsp.a(alt_dev.o)
 .text          0x00000000018123e0       0x60 ../FreeRTOS_bsp/\libfreertos_bsp.a(alt_do_ctors.o)
                0x00000000018123e0                _do_ctors
 .text          0x0000000001812440       0x60 ../FreeRTOS_bsp/\libfreertos_bsp.a(alt_do_dtors.o)
                0x0000000001812440                _do_dtors
 .text          0x00000000018124a0        0x0 ../FreeRTOS_bsp/\libfreertos_bsp.a(alt_exception_muldiv.o)
 .text          0x00000000018124a0       0xec ../FreeRTOS_bsp/\libfreertos_bsp.a(alt_fstat.o)
                0x00000000018124dc                fstat
 .text          0x000000000181258c      0x140 ../FreeRTOS_bsp/\libfreertos_bsp.a(alt_io_redirect.o)
                0x0000000001812650                alt_io_redirect
 .text          0x00000000018126cc       0xe0 ../FreeRTOS_bsp/\libfreertos_bsp.a(alt_isatty.o)
                0x0000000001812708                isatty
 .text          0x00000000018127ac       0xec ../FreeRTOS_bsp/\libfreertos_bsp.a(alt_load.o)
                0x0000000001812814                alt_load
 .text          0x0000000001812898      0x110 ../FreeRTOS_bsp/\libfreertos_bsp.a(alt_lseek.o)
                0x00000000018128d4                lseek
 .text          0x00000000018129a8      0x254 ../FreeRTOS_bsp/\libfreertos_bsp.a(alt_open.o)
                0x0000000001812aa8                open
 .text          0x0000000001812bfc      0x22c ../FreeRTOS_bsp/\libfreertos_bsp.a(alt_printf.o)
                0x0000000001812bfc                alt_printf
 .text          0x0000000001812e28       0x3c ../FreeRTOS_bsp/\libfreertos_bsp.a(alt_putchar.o)
                0x0000000001812e28                alt_putchar
 .text          0x0000000001812e64       0x64 ../FreeRTOS_bsp/\libfreertos_bsp.a(alt_release_fd.o)
                0x0000000001812e64                alt_release_fd
 .text          0x0000000001812ec8       0xb0 ../FreeRTOS_bsp/\libfreertos_bsp.a(alt_sbrk.o)
                0x0000000001812ec8                sbrk
 .text          0x0000000001812f78       0x48 ../FreeRTOS_bsp/\libfreertos_bsp.a(alt_lwip_close.o)
                0x0000000001812f78                close
 .text          0x0000000001812fc0       0x6c ../FreeRTOS_bsp/\libfreertos_bsp.a(alt_lwip_read.o)
                0x0000000001812fc0                read
 .text          0x000000000181302c       0x64 ../FreeRTOS_bsp/\libfreertos_bsp.a(alt_lwip_write.o)
                0x000000000181302c                write
 .text          0x0000000001813090      0x474 ../FreeRTOS_bsp/\libfreertos_bsp.a(altera_tse_ethernetif.o)
                0x0000000001813258                ethernetif_input
                0x0000000001813354                ethernetif_init
 .text          0x0000000001813504      0x9c4 ../FreeRTOS_bsp/\libfreertos_bsp.a(lwip_main.o)
                0x0000000001813504                lwip_initialize
                0x0000000001813618                lwip_wait_for_an
                0x0000000001813900                get_mac_count
                0x0000000001813920                get_mac_base
                0x000000000181396c                get_netif
                0x00000000018139b4                lwip_set_status_callback
                0x00000000018139e8                lwip_set_link_callback
                0x0000000001813a1c                lwip_is_interface_up
                0x0000000001813be0                print_ipad
                0x0000000001813cd8                lwip_initialize_phys
 .text          0x0000000001813ec8      0xcb4 ../FreeRTOS_bsp/\libfreertos_bsp.a(lwip_tse_mac.o)
                0x0000000001813ec8                tse_mac_init
                0x0000000001814714                tse_sgdma_read_init
                0x00000000018147b8                tse_sgdma_rx_isr
                0x000000000181484c                tse_mac_raw_send
                0x00000000018149ac                tse_mac_rcv
 .text          0x0000000001814b7c      0x854 ../FreeRTOS_bsp/\libfreertos_bsp.a(sys_arch.o)
                0x0000000001814b7c                sys_init
                0x0000000001814b9c                sys_now
                0x0000000001814bf0                sys_sem_new
                0x0000000001814cd4                sys_sem_free
                0x0000000001814d2c                sys_sem_signal
                0x0000000001814d74                sys_arch_sem_wait
                0x0000000001814e50                sys_mutex_new
                0x0000000001814f10                sys_mutex_lock
                0x0000000001814f5c                sys_mutex_unlock
                0x0000000001814fa4                sys_mutex_free
                0x0000000001814ffc                sys_mbox_new
                0x00000000018150cc                sys_mbox_free
                0x000000000181513c                sys_mbox_post
                0x000000000181518c                sys_mbox_trypost
                0x00000000018151ec                sys_arch_mbox_fetch
                0x00000000018152ec                sys_arch_mbox_tryfetch
                0x0000000001815354                sys_thread_new
 .text          0x00000000018153d0     0x3348 ../FreeRTOS_bsp/\libfreertos_bsp.a(dhcp.o)
                0x0000000001815868                dhcp_coarse_tmr
                0x0000000001815910                dhcp_fine_tmr
                0x0000000001815e70                dhcp_set_struct
                0x0000000001815ebc                dhcp_cleanup
                0x0000000001815f0c                dhcp_start
                0x00000000018160f8                dhcp_inform
                0x00000000018162a4                dhcp_network_changed
                0x000000000181634c                dhcp_arp_reply
                0x000000000181697c                dhcp_renew
                0x0000000001816de0                dhcp_release
                0x0000000001816f84                dhcp_stop
 .text          0x0000000001818718      0x79c ../FreeRTOS_bsp/\libfreertos_bsp.a(ip_addr.o)
                0x0000000001818718                ip4_addr_isbroadcast
                0x00000000018187e4                ip4_addr_netmask_valid
                0x00000000018188a8                ipaddr_addr
                0x00000000018188ec                ipaddr_aton
                0x0000000001818ce4                ipaddr_ntoa
                0x0000000001818d20                ipaddr_ntoa_r
 .text          0x0000000001818eb4      0x974 ../FreeRTOS_bsp/\libfreertos_bsp.a(mem.o)
                0x0000000001818fdc                mem_init
                0x0000000001819094                mem_free
                0x0000000001819188                mem_trim
                0x0000000001819480                mem_malloc
                0x00000000018197b0                mem_calloc
 .text          0x0000000001819828      0x800 ../FreeRTOS_bsp/\libfreertos_bsp.a(netif.o)
                0x0000000001819828                netif_init
                0x0000000001819848                netif_add
                0x0000000001819938                netif_set_addr
                0x0000000001819994                netif_remove
                0x0000000001819a6c                netif_find
                0x0000000001819b4c                netif_set_ipaddr
                0x0000000001819c74                netif_set_gw
                0x0000000001819cbc                netif_set_netmask
                0x0000000001819d04                netif_set_default
                0x0000000001819d30                netif_set_up
                0x0000000001819de0                netif_set_down
                0x0000000001819e74                netif_set_status_callback
                0x0000000001819eb0                netif_set_link_up
                0x0000000001819f74                netif_set_link_down
                0x0000000001819fec                netif_set_link_callback
 .text          0x000000000181a028     0x1684 ../FreeRTOS_bsp/\libfreertos_bsp.a(pbuf.o)
                0x000000000181a148                pbuf_alloc
                0x000000000181a4b4                pbuf_alloced_custom
                0x000000000181a5f4                pbuf_realloc
                0x000000000181a754                pbuf_header
                0x000000000181a904                pbuf_free
                0x000000000181aa38                pbuf_clen
                0x000000000181aa84                pbuf_ref
                0x000000000181aad8                pbuf_cat
                0x000000000181abac                pbuf_chain
                0x000000000181abf0                pbuf_dechain
                0x000000000181ac8c                pbuf_copy
                0x000000000181aee8                pbuf_copy_partial
                0x000000000181b084                pbuf_take
                0x000000000181b1d8                pbuf_coalesce
                0x000000000181b264                pbuf_fill_chksum
                0x000000000181b370                pbuf_get_at
                0x000000000181b420                pbuf_memcmp
                0x000000000181b540                pbuf_memfind
                0x000000000181b608                pbuf_strstr
 .text          0x000000000181b6ac       0x20 ../FreeRTOS_bsp/\libfreertos_bsp.a(stats.o)
                0x000000000181b6ac                stats_init
 .text          0x000000000181b6cc     0x24b0 ../FreeRTOS_bsp/\libfreertos_bsp.a(tcp.o)
                0x000000000181b6cc                tcp_init
                0x000000000181b6ec                tcp_tmr
                0x000000000181ba84                tcp_close
                0x000000000181bae0                tcp_shutdown
                0x000000000181bbd0                tcp_abandon
                0x000000000181bd30                tcp_abort
                0x000000000181bd68                tcp_bind
                0x000000000181bf68                tcp_listen_with_backlog
                0x000000000181c1d0                tcp_update_rcv_ann_wnd
                0x000000000181c2c0                tcp_recved
                0x000000000181c440                tcp_connect
                0x000000000181c7d8                tcp_slowtmr
                0x000000000181cf10                tcp_fasttmr
                0x000000000181d008                tcp_process_refused_data
                0x000000000181d158                tcp_segs_free
                0x000000000181d1ac                tcp_seg_free
                0x000000000181d208                tcp_setprio
                0x000000000181d240                tcp_seg_copy
                0x000000000181d2a8                tcp_recv_null
                0x000000000181d490                tcp_alloc
                0x000000000181d690                tcp_new
                0x000000000181d6bc                tcp_arg
                0x000000000181d6f0                tcp_recv
                0x000000000181d724                tcp_sent
                0x000000000181d758                tcp_err
                0x000000000181d78c                tcp_accept
                0x000000000181d7c0                tcp_poll
                0x000000000181d808                tcp_pcb_purge
                0x000000000181d978                tcp_pcb_remove
                0x000000000181da84                tcp_next_iss
                0x000000000181dab4                tcp_eff_send_mss
                0x000000000181db40                tcp_debug_state_str
 .text          0x000000000181db7c     0x36f8 ../FreeRTOS_bsp/\libfreertos_bsp.a(tcp_out.o)
                0x000000000181df64                tcp_send_fin
                0x000000000181e748                tcp_write
                0x000000000181f078                tcp_enqueue_flags
                0x000000000181f360                tcp_send_empty_ack
                0x000000000181f4fc                tcp_output
                0x00000000018205a8                tcp_rst
                0x0000000001820974                tcp_rexmit_rto
                0x0000000001820a28                tcp_rexmit
                0x0000000001820cd0                tcp_rexmit_fast
                0x0000000001820df8                tcp_keepalive
                0x0000000001820f8c                tcp_zero_window_probe
 .text          0x0000000001821274      0x5c4 ../FreeRTOS_bsp/\libfreertos_bsp.a(timers.o)
                0x00000000018212d0                tcp_timer_needed
                0x000000000182143c                sys_timeouts_init
                0x00000000018214b4                sys_timeout
                0x0000000001821630                sys_untimeout
                0x0000000001821724                sys_timeouts_mbox_fetch
 .text          0x0000000001821838     0x10b8 ../FreeRTOS_bsp/\libfreertos_bsp.a(udp.o)
                0x0000000001821838                udp_init
                0x00000000018218f4                udp_input
                0x0000000001821e74                udp_send
                0x0000000001821ec8                udp_send_chksum
                0x0000000001821f3c                udp_sendto
                0x0000000001821f94                udp_sendto_chksum
                0x000000000182204c                udp_sendto_if
                0x00000000018220ac                udp_sendto_if_chksum
                0x0000000001822500                udp_bind
                0x000000000182265c                udp_connect
                0x0000000001822764                udp_disconnect
                0x00000000018227b4                udp_recv
                0x00000000018227f8                udp_remove
                0x0000000001822898                udp_new
 .text          0x00000000018228f0     0x1a90 ../FreeRTOS_bsp/\libfreertos_bsp.a(etharp.o)
                0x00000000018229f4                etharp_tmr
                0x00000000018230f4                etharp_cleanup_netif
                0x0000000001823198                etharp_find_addr
                0x00000000018237d8                etharp_output
                0x0000000001823ac4                etharp_query
                0x00000000018240c4                etharp_request
                0x0000000001824138                ethernet_input
 .text          0x0000000001824380      0x118 ../FreeRTOS_bsp/\libfreertos_bsp.a(alt_sys_init.o)
                0x00000000018243b4                alt_irq_init
                0x00000000018243ec                alt_sys_init
 .text          0x0000000001824498      0x164 ../FreeRTOS_bsp/\libfreertos_bsp.a(altera_avalon_jtag_uart_fd.o)
                0x0000000001824498                altera_avalon_jtag_uart_read_fd
                0x00000000018244f8                altera_avalon_jtag_uart_write_fd
                0x0000000001824558                altera_avalon_jtag_uart_close_fd
                0x00000000018245a8                altera_avalon_jtag_uart_ioctl_fd
 .text          0x00000000018245fc      0x45c ../FreeRTOS_bsp/\libfreertos_bsp.a(altera_avalon_jtag_uart_init.o)
                0x00000000018245fc                altera_avalon_jtag_uart_init
                0x00000000018249f0                altera_avalon_jtag_uart_close
 .text          0x0000000001824a58       0xf0 ../FreeRTOS_bsp/\libfreertos_bsp.a(altera_avalon_jtag_uart_ioctl.o)
                0x0000000001824a58                altera_avalon_jtag_uart_ioctl
 .text          0x0000000001824b48      0x258 ../FreeRTOS_bsp/\libfreertos_bsp.a(altera_avalon_jtag_uart_read.o)
                0x0000000001824b48                altera_avalon_jtag_uart_read
 .text          0x0000000001824da0      0x260 ../FreeRTOS_bsp/\libfreertos_bsp.a(altera_avalon_jtag_uart_write.o)
                0x0000000001824da0                altera_avalon_jtag_uart_write
 .text          0x0000000001825000      0xd94 ../FreeRTOS_bsp/\libfreertos_bsp.a(altera_avalon_sgdma.o)
                0x000000000182503c                alt_avalon_sgdma_do_async_transfer
                0x0000000001825160                alt_avalon_sgdma_do_sync_transfer
                0x0000000001825270                alt_avalon_sgdma_construct_mem_to_mem_desc
                0x00000000018252e4                alt_avalon_sgdma_construct_mem_to_mem_desc_burst
                0x0000000001825368                alt_avalon_sgdma_construct_stream_to_mem_desc
                0x00000000018253c8                alt_avalon_sgdma_construct_stream_to_mem_desc_burst
                0x0000000001825440                alt_avalon_sgdma_construct_mem_to_stream_desc
                0x00000000018254c0                alt_avalon_sgdma_construct_mem_to_stream_desc_burst
                0x000000000182554c                alt_avalon_sgdma_register_callback
                0x00000000018255a0                alt_avalon_sgdma_start
                0x00000000018255f8                alt_avalon_sgdma_stop
                0x0000000001825654                alt_avalon_sgdma_check_descriptor_status
                0x00000000018256b8                alt_avalon_sgdma_open
                0x000000000182570c                alt_avalon_sgdma_construct_descriptor
                0x0000000001825798                alt_avalon_sgdma_enable_desc_poll
                0x0000000001825818                alt_avalon_sgdma_disable_desc_poll
                0x0000000001825878                alt_avalon_sgdma_construct_descriptor_burst
                0x0000000001825cec                alt_avalon_sgdma_init
 .text          0x0000000001825d94       0xf4 ../FreeRTOS_bsp/\libfreertos_bsp.a(altera_avalon_timer_sc.o)
                0x0000000001825e0c                alt_avalon_timer_sc_init
 .text          0x0000000001825e88      0x110 ../FreeRTOS_bsp/\libfreertos_bsp.a(altera_avalon_uart_fd.o)
                0x0000000001825e88                altera_avalon_uart_read_fd
                0x0000000001825ee8                altera_avalon_uart_write_fd
                0x0000000001825f48                altera_avalon_uart_close_fd
 .text          0x0000000001825f98      0x478 ../FreeRTOS_bsp/\libfreertos_bsp.a(altera_avalon_uart_init.o)
                0x0000000001825f98                altera_avalon_uart_init
                0x00000000018263bc                altera_avalon_uart_close
 .text          0x0000000001826410      0x254 ../FreeRTOS_bsp/\libfreertos_bsp.a(altera_avalon_uart_read.o)
                0x000000000182644c                altera_avalon_uart_read
 .text          0x0000000001826664      0x224 ../FreeRTOS_bsp/\libfreertos_bsp.a(altera_avalon_uart_write.o)
                0x00000000018266a0                altera_avalon_uart_write
 .text          0x0000000001826888       0xa4 ../FreeRTOS_bsp/\libfreertos_bsp.a(alt_env_lock.o)
                0x0000000001826888                __env_lock
                0x00000000018268e8                __env_unlock
 .text          0x000000000182692c       0x90 ../FreeRTOS_bsp/\libfreertos_bsp.a(heap_3.o)
                0x000000000182692c                pvPortMalloc
                0x0000000001826978                vPortFree
 .text          0x00000000018269bc      0x290 ../FreeRTOS_bsp/\libfreertos_bsp.a(list.o)
                0x00000000018269bc                vListInitialise
                0x0000000001826a24                vListInitialiseItem
                0x0000000001826a50                vListInsertEnd
                0x0000000001826adc                vListInsert
                0x0000000001826bb4                uxListRemove
 .text          0x0000000001826c4c      0x448 ../FreeRTOS_bsp/\libfreertos_bsp.a(port.o)
                0x0000000001826c78                enh_alt_irq_disable_all
                0x0000000001826cc8                enh_alt_irq_enable_all
                0x0000000001826d04                pxPortInitialiseStack
                0x0000000001826de4                xPortStartScheduler
                0x0000000001826e1c                vPortEndScheduler
                0x0000000001826ed8                vPortSysTickHandler
                0x0000000001826f24                alt_irq_register
 .text          0x0000000001827094        0x0 ../FreeRTOS_bsp/\libfreertos_bsp.a(port_asm.o)
 .text          0x0000000001827094        0x0 ../FreeRTOS_bsp/\libfreertos_bsp.a(tse_ethernet_phys.o)
 .text          0x0000000001827094      0x12c ../FreeRTOS_bsp/\libfreertos_bsp.a(alt_alarm_start.o)
                0x0000000001827094                alt_alarm_start
 .text          0x00000000018271c0      0x10c ../FreeRTOS_bsp/\libfreertos_bsp.a(alt_close.o)
                0x00000000018271fc                alt_close
 .text          0x00000000018272cc       0x28 ../FreeRTOS_bsp/\libfreertos_bsp.a(alt_dcache_flush.o)
                0x00000000018272cc                alt_dcache_flush
 .text          0x00000000018272f4       0x20 ../FreeRTOS_bsp/\libfreertos_bsp.a(alt_dcache_flush_all.o)
                0x00000000018272f4                alt_dcache_flush_all
 .text          0x0000000001827314       0xe0 ../FreeRTOS_bsp/\libfreertos_bsp.a(alt_dev_llist_insert.o)
                0x0000000001827350                alt_dev_llist_insert
 .text          0x00000000018273f4        0x0 ../FreeRTOS_bsp/\libfreertos_bsp.a(alt_errno.o)
 .text          0x00000000018273f4       0x90 ../FreeRTOS_bsp/\libfreertos_bsp.a(alt_find_dev.o)
                0x00000000018273f4                alt_find_dev
 .text          0x0000000001827484      0x108 ../FreeRTOS_bsp/\libfreertos_bsp.a(alt_find_file.o)
                0x0000000001827484                alt_find_file
 .text          0x000000000182758c       0xe0 ../FreeRTOS_bsp/\libfreertos_bsp.a(alt_get_fd.o)
                0x000000000182758c                alt_get_fd
 .text          0x000000000182766c      0x1f4 ../FreeRTOS_bsp/\libfreertos_bsp.a(alt_gettod.o)
                0x000000000182766c                gettimeofday
 .text          0x0000000001827860       0x34 ../FreeRTOS_bsp/\libfreertos_bsp.a(alt_icache_flush_all.o)
                0x0000000001827860                alt_icache_flush_all
 .text          0x0000000001827894      0x1b0 ../FreeRTOS_bsp/\libfreertos_bsp.a(alt_iic.o)
                0x0000000001827894                alt_ic_isr_register
                0x00000000018278e4                alt_ic_irq_enable
                0x000000000182796c                alt_ic_irq_disable
                0x00000000018279f8                alt_ic_irq_enabled
 .text          0x0000000001827a44       0xf0 ../FreeRTOS_bsp/\libfreertos_bsp.a(alt_iic_isr_register.o)
                0x0000000001827a44                alt_iic_isr_register
 .text          0x0000000001827b34        0x0 ../FreeRTOS_bsp/\libfreertos_bsp.a(alt_irq_handler.o)
 .text          0x0000000001827b34        0x0 ../FreeRTOS_bsp/\libfreertos_bsp.a(alt_irq_vars.o)
 .text          0x0000000001827b34      0x138 ../FreeRTOS_bsp/\libfreertos_bsp.a(alt_read.o)
                0x0000000001827b70                alt_read
 .text          0x0000000001827c6c      0x1a4 ../FreeRTOS_bsp/\libfreertos_bsp.a(alt_tick.o)
                0x0000000001827c6c                alt_alarm_stop
                0x0000000001827d08                alt_tick
 .text          0x0000000001827e10       0x30 ../FreeRTOS_bsp/\libfreertos_bsp.a(alt_uncached_malloc.o)
                0x0000000001827e10                alt_uncached_malloc
 .text          0x0000000001827e40       0x30 ../FreeRTOS_bsp/\libfreertos_bsp.a(alt_usleep.o)
                0x0000000001827e40                usleep
 .text          0x0000000001827e70      0x134 ../FreeRTOS_bsp/\libfreertos_bsp.a(alt_write.o)
                0x0000000001827eac                alt_write
 .text          0x0000000001827fa4       0x24 ../FreeRTOS_bsp/\libfreertos_bsp.a(altera_nios2_gen2_irq.o)
                0x0000000001827fa4                altera_nios2_gen2_irq_init
 .text          0x0000000001827fc8     0x31b4 ../FreeRTOS_bsp/\libfreertos_bsp.a(sockets.o)
                0x0000000001827fc8                lwip_socket_init
                0x00000000018282f0                lwip_accept
                0x00000000018285e4                lwip_bind
                0x0000000001828738                lwip_close
                0x00000000018287c4                lwip_connect
                0x0000000001828940                lwip_listen
                0x0000000001828a50                lwip_recvfrom
                0x0000000001828f28                lwip_read
                0x0000000001828f74                lwip_recv
                0x0000000001828fc4                lwip_send
                0x0000000001829108                lwip_sendto
                0x0000000001829300                lwip_socket
                0x0000000001829448                lwip_write
                0x00000000018297fc                lwip_select
                0x0000000001829ff8                lwip_shutdown
                0x000000000182a280                lwip_getpeername
                0x000000000182a2c4                lwip_getsockname
                0x000000000182a308                lwip_getsockopt
                0x000000000182a9c8                lwip_setsockopt
                0x000000000182af94                lwip_ioctl
                0x000000000182b078                lwip_fcntl
 .text          0x000000000182b17c      0x6ec ../FreeRTOS_bsp/\libfreertos_bsp.a(tcpip.o)
                0x000000000182b33c                tcpip_input
                0x000000000182b3ec                tcpip_callback_with_block
                0x000000000182b4bc                tcpip_timeout
                0x000000000182b558                tcpip_untimeout
                0x000000000182b5e4                tcpip_apimsg
                0x000000000182b654                tcpip_callbackmsg_new
                0x000000000182b6c4                tcpip_callbackmsg_delete
                0x000000000182b6fc                tcpip_trycallback
                0x000000000182b740                tcpip_init
                0x000000000182b7f0                pbuf_free_callback
                0x000000000182b82c                mem_free_callback
 .text          0x000000000182b868     0x4fdc ../FreeRTOS_bsp/\libfreertos_bsp.a(altera_avalon_tse.o)
                0x000000000182b868                no_printf
                0x000000000182b898                tse_mac_initTransInfo2
                0x000000000182b8f8                tse_mac_sTxWrite
                0x000000000182b9dc                tse_mac_aRxRead
                0x000000000182ba84                tse_mac_SwReset
                0x000000000182bb0c                tse_mac_setMIImode
                0x000000000182bb60                tse_mac_setGMIImode
                0x000000000182bbb0                alt_tse_phy_add_profile
                0x000000000182bd94                alt_tse_system_add_sys
                0x000000000182c790                alt_tse_sys_enable_mdio_sharing
                0x000000000182c8f8                alt_tse_mac_get_common_speed
                0x000000000182c938                alt_tse_mac_set_common_speed
                0x000000000182c980                alt_tse_get_system_index
                0x000000000182c9ec                alt_tse_get_mac_group_index
                0x000000000182ca60                alt_tse_get_mac_info_index
                0x000000000182cae0                alt_tse_get_mac_info
                0x000000000182cbb8                alt_tse_mac_set_speed
                0x000000000182cc98                alt_tse_mac_set_duplex
                0x000000000182cd24                getPHYSpeed
                0x000000000182d7a0                alt_tse_phy_rd_mdio_addr
                0x000000000182d7e8                alt_tse_phy_wr_mdio_addr
                0x000000000182d840                alt_tse_phy_wr_mdio_reg
                0x000000000182d968                alt_tse_phy_rd_mdio_reg
                0x000000000182da34                alt_tse_phy_add_profile_default
                0x000000000182dcd0                alt_tse_phy_print_profile
                0x000000000182dee0                alt_tse_mac_group_init
                0x000000000182e584                alt_tse_mac_get_phy
                0x000000000182e9a8                alt_tse_mac_associate_phy
                0x000000000182ebf0                alt_tse_phy_cfg_pcs
                0x000000000182ed18                alt_tse_phy_init
                0x000000000182ee30                alt_tse_phy_restart_an
                0x000000000182efec                alt_tse_phy_check_link
                0x000000000182f14c                alt_tse_phy_get_cap
                0x000000000182f6e0                alt_tse_phy_set_adv_1000
                0x000000000182f8a4                alt_tse_phy_set_adv_100
                0x000000000182faf8                alt_tse_phy_set_adv_10
                0x000000000182fca0                alt_tse_phy_get_common_speed
                0x000000000182ffc8                alt_tse_phy_set_common_speed
                0x000000000183047c                marvell_phy_cfg
                0x0000000001830514                marvell_cfg_gmii
                0x00000000018305f8                marvell_cfg_sgmii
                0x00000000018306dc                marvell_cfg_rgmii
                0x00000000018307cc                DP83848C_link_status_read
 .text          0x0000000001830844       0x4c ../FreeRTOS_bsp/\libfreertos_bsp.a(init.o)
                0x0000000001830844                lwip_init
 .text          0x0000000001830890      0x86c ../FreeRTOS_bsp/\libfreertos_bsp.a(icmp.o)
                0x0000000001830890                icmp_input
                0x0000000001830e8c                icmp_dest_unreach
                0x0000000001830ed4                icmp_time_exceeded
 .text          0x00000000018310fc      0x814 ../FreeRTOS_bsp/\libfreertos_bsp.a(inet_chksum.o)
                0x0000000001831330                inet_chksum_pseudo
                0x0000000001831530                inet_chksum_pseudo_partial
                0x0000000001831768                inet_chksum
                0x00000000018317ac                inet_chksum_pbuf
                0x00000000018318b8                lwip_chksum_copy
 .text          0x0000000001831910      0xdfc ../FreeRTOS_bsp/\libfreertos_bsp.a(ip.o)
                0x0000000001831910                ip_route
                0x0000000001831a00                ip_input
                0x0000000001831f3c                ip_output_if
                0x0000000001832588                ip_output
                0x000000000183263c                ip_output_hinted
 .text          0x000000000183270c     0x1758 ../FreeRTOS_bsp/\libfreertos_bsp.a(ip_frag.o)
                0x000000000183270c                ip_reass_tmr
                0x0000000001833310                ip_reass
                0x00000000018339d8                ip_frag
 .text          0x0000000001833e64      0x458 ../FreeRTOS_bsp/\libfreertos_bsp.a(memp.o)
                0x0000000001833e64                memp_init
                0x0000000001834028                memp_malloc
                0x00000000018341e4                memp_free
 .text          0x00000000018342bc      0x4ec ../FreeRTOS_bsp/\libfreertos_bsp.a(raw.o)
                0x00000000018342bc                raw_input
                0x00000000018343e8                raw_bind
                0x0000000001834430                raw_connect
                0x0000000001834478                raw_recv
                0x00000000018344bc                raw_sendto
                0x0000000001834644                raw_send
                0x0000000001834688                raw_remove
                0x0000000001834728                raw_new
 .text          0x00000000018347a8     0x4210 ../FreeRTOS_bsp/\libfreertos_bsp.a(tcp_in.o)
                0x00000000018347a8                tcp_input
 .text          0x00000000018389b8      0x158 ../FreeRTOS_bsp/\libfreertos_bsp.a(alt_busy_sleep.o)
                0x00000000018389b8                alt_busy_sleep
 .text          0x0000000001838b10       0x90 ../FreeRTOS_bsp/\libfreertos_bsp.a(alt_icache_flush.o)
                0x0000000001838b10                alt_icache_flush
 .text          0x0000000001838ba0     0x1040 ../FreeRTOS_bsp/\libfreertos_bsp.a(api_lib.o)
                0x0000000001838ba0                netconn_new_with_proto_and_callback
                0x0000000001838c5c                netconn_delete
                0x0000000001838cbc                netconn_getaddr
                0x0000000001838de8                netconn_bind
                0x0000000001838eb0                netconn_connect
                0x0000000001838f78                netconn_disconnect
                0x0000000001839024                netconn_listen_with_backlog
                0x00000000018390e0                netconn_accept
                0x000000000183952c                netconn_recv_tcp_pbuf
                0x00000000018395a0                netconn_recv
                0x0000000001839738                netconn_recved
                0x00000000018397b8                netconn_sendto
                0x0000000001839838                netconn_send
                0x00000000018398f0                netconn_write_partly
                0x0000000001839b40                netconn_close
                0x0000000001839b74                netconn_shutdown
 .text          0x0000000001839be0     0x24a4 ../FreeRTOS_bsp/\libfreertos_bsp.a(api_msg.o)
                0x000000000183a6dc                do_newconn
                0x000000000183a73c                netconn_alloc
                0x000000000183a868                netconn_free
                0x000000000183acc4                do_delconn
                0x000000000183ae98                do_bind
                0x000000000183b14c                do_connect
                0x000000000183b398                do_disconnect
                0x000000000183b41c                do_listen
                0x000000000183b61c                do_send
                0x000000000183b860                do_recv
                0x000000000183bc68                do_write
                0x000000000183bd7c                do_getaddr
                0x000000000183bf54                do_close
 .text          0x000000000183c084      0x5ec ../FreeRTOS_bsp/\libfreertos_bsp.a(netbuf.o)
                0x000000000183c084                netbuf_new
                0x000000000183c0f8                netbuf_delete
                0x000000000183c16c                netbuf_alloc
                0x000000000183c234                netbuf_free
                0x000000000183c2c0                netbuf_ref
                0x000000000183c3b8                netbuf_chain
                0x000000000183c478                netbuf_data
                0x000000000183c56c                netbuf_next
                0x000000000183c608                netbuf_first
 .text          0x000000000183c670        0x0 c:/altera/18.1/nios2eds/bin/gnu/h-x86_64-mingw32/bin/../lib/gcc/nios2-elf/5.3.0/../../../../../H-x86_64-mingw32/nios2-elf/lib\libc.a(lib_a-atexit.o)
 .text.atexit   0x000000000183c670       0x14 c:/altera/18.1/nios2eds/bin/gnu/h-x86_64-mingw32/bin/../lib/gcc/nios2-elf/5.3.0/../../../../../H-x86_64-mingw32/nios2-elf/lib\libc.a(lib_a-atexit.o)
                0x000000000183c670                atexit
 .text          0x000000000183c684        0x0 c:/altera/18.1/nios2eds/bin/gnu/h-x86_64-mingw32/bin/../lib/gcc/nios2-elf/5.3.0/../../../../../H-x86_64-mingw32/nios2-elf/lib\libc.a(lib_a-exit.o)
 .text.exit     0x000000000183c684       0x38 c:/altera/18.1/nios2eds/bin/gnu/h-x86_64-mingw32/bin/../lib/gcc/nios2-elf/5.3.0/../../../../../H-x86_64-mingw32/nios2-elf/lib\libc.a(lib_a-exit.o)
                0x000000000183c684                exit
 .text          0x000000000183c6bc        0x0 c:/altera/18.1/nios2eds/bin/gnu/h-x86_64-mingw32/bin/../lib/gcc/nios2-elf/5.3.0/../../../../../H-x86_64-mingw32/nios2-elf/lib\libc.a(lib_a-malloc.o)
 .text.malloc   0x000000000183c6bc       0x14 c:/altera/18.1/nios2eds/bin/gnu/h-x86_64-mingw32/bin/../lib/gcc/nios2-elf/5.3.0/../../../../../H-x86_64-mingw32/nios2-elf/lib\libc.a(lib_a-malloc.o)
                0x000000000183c6bc                malloc
 .text.free     0x000000000183c6d0       0x14 c:/altera/18.1/nios2eds/bin/gnu/h-x86_64-mingw32/bin/../lib/gcc/nios2-elf/5.3.0/../../../../../H-x86_64-mingw32/nios2-elf/lib\libc.a(lib_a-malloc.o)
                0x000000000183c6d0                free
 .text          0x000000000183c6e4        0x0 c:/altera/18.1/nios2eds/bin/gnu/h-x86_64-mingw32/bin/../lib/gcc/nios2-elf/5.3.0/../../../../../H-x86_64-mingw32/nios2-elf/lib\libc.a(lib_a-memcmp.o)
 .text.memcmp   0x000000000183c6e4       0x7c c:/altera/18.1/nios2eds/bin/gnu/h-x86_64-mingw32/bin/../lib/gcc/nios2-elf/5.3.0/../../../../../H-x86_64-mingw32/nios2-elf/lib\libc.a(lib_a-memcmp.o)
                0x000000000183c6e4                memcmp
 .text          0x000000000183c760        0x0 c:/altera/18.1/nios2eds/bin/gnu/h-x86_64-mingw32/bin/../lib/gcc/nios2-elf/5.3.0/../../../../../H-x86_64-mingw32/nios2-elf/lib\libc.a(lib_a-putc.o)
 .text._putc_r  0x000000000183c760       0xa0 c:/altera/18.1/nios2eds/bin/gnu/h-x86_64-mingw32/bin/../lib/gcc/nios2-elf/5.3.0/../../../../../H-x86_64-mingw32/nios2-elf/lib\libc.a(lib_a-putc.o)
                0x000000000183c760                _putc_r
 .text.putc     0x000000000183c800       0xc8 c:/altera/18.1/nios2eds/bin/gnu/h-x86_64-mingw32/bin/../lib/gcc/nios2-elf/5.3.0/../../../../../H-x86_64-mingw32/nios2-elf/lib\libc.a(lib_a-putc.o)
                0x000000000183c800                putc
 .text          0x000000000183c8c8        0x0 c:/altera/18.1/nios2eds/bin/gnu/h-x86_64-mingw32/bin/../lib/gcc/nios2-elf/5.3.0/../../../../../H-x86_64-mingw32/nios2-elf/lib\libc.a(lib_a-puts.o)
 .text._puts_r  0x000000000183c8c8       0xc0 c:/altera/18.1/nios2eds/bin/gnu/h-x86_64-mingw32/bin/../lib/gcc/nios2-elf/5.3.0/../../../../../H-x86_64-mingw32/nios2-elf/lib\libc.a(lib_a-puts.o)
                0x000000000183c8c8                _puts_r
 .text.puts     0x000000000183c988       0x14 c:/altera/18.1/nios2eds/bin/gnu/h-x86_64-mingw32/bin/../lib/gcc/nios2-elf/5.3.0/../../../../../H-x86_64-mingw32/nios2-elf/lib\libc.a(lib_a-puts.o)
                0x000000000183c988                puts
 .text          0x000000000183c99c        0x0 c:/altera/18.1/nios2eds/bin/gnu/h-x86_64-mingw32/bin/../lib/gcc/nios2-elf/5.3.0/../../../../../H-x86_64-mingw32/nios2-elf/lib\libc.a(lib_a-snprintf.o)
 .text._snprintf_r
                0x000000000183c99c       0xd8 c:/altera/18.1/nios2eds/bin/gnu/h-x86_64-mingw32/bin/../lib/gcc/nios2-elf/5.3.0/../../../../../H-x86_64-mingw32/nios2-elf/lib\libc.a(lib_a-snprintf.o)
                0x000000000183c99c                _snprintf_r
 .text.snprintf
                0x000000000183ca74       0xe4 c:/altera/18.1/nios2eds/bin/gnu/h-x86_64-mingw32/bin/../lib/gcc/nios2-elf/5.3.0/../../../../../H-x86_64-mingw32/nios2-elf/lib\libc.a(lib_a-snprintf.o)
                0x000000000183ca74                snprintf
 .text          0x000000000183cb58        0x0 c:/altera/18.1/nios2eds/bin/gnu/h-x86_64-mingw32/bin/../lib/gcc/nios2-elf/5.3.0/../../../../../H-x86_64-mingw32/nios2-elf/lib\libc.a(lib_a-strcpy.o)
 .text.strcpy   0x000000000183cb58       0x90 c:/altera/18.1/nios2eds/bin/gnu/h-x86_64-mingw32/bin/../lib/gcc/nios2-elf/5.3.0/../../../../../H-x86_64-mingw32/nios2-elf/lib\libc.a(lib_a-strcpy.o)
                0x000000000183cb58                strcpy
 .text          0x000000000183cbe8        0x0 c:/altera/18.1/nios2eds/bin/gnu/h-x86_64-mingw32/bin/../lib/gcc/nios2-elf/5.3.0/../../../../../H-x86_64-mingw32/nios2-elf/lib\libc.a(lib_a-svfprintf.o)
 .text.___svfprintf_internal_r
                0x000000000183cbe8     0x21d8 c:/altera/18.1/nios2eds/bin/gnu/h-x86_64-mingw32/bin/../lib/gcc/nios2-elf/5.3.0/../../../../../H-x86_64-mingw32/nios2-elf/lib\libc.a(lib_a-svfprintf.o)
                0x000000000183cbe8                ___svfprintf_internal_r
 .text          0x000000000183edc0        0x0 c:/altera/18.1/nios2eds/bin/gnu/h-x86_64-mingw32/bin/../lib/gcc/nios2-elf/5.3.0/../../../../../H-x86_64-mingw32/nios2-elf/lib\libc.a(lib_a-__atexit.o)
 .text.__register_exitproc
                0x000000000183edc0      0x118 c:/altera/18.1/nios2eds/bin/gnu/h-x86_64-mingw32/bin/../lib/gcc/nios2-elf/5.3.0/../../../../../H-x86_64-mingw32/nios2-elf/lib\libc.a(lib_a-__atexit.o)
                0x000000000183edc0                __register_exitproc
 .text          0x000000000183eed8        0x0 c:/altera/18.1/nios2eds/bin/gnu/h-x86_64-mingw32/bin/../lib/gcc/nios2-elf/5.3.0/../../../../../H-x86_64-mingw32/nios2-elf/lib\libc.a(lib_a-__call_atexit.o)
 .text.__call_exitprocs
                0x000000000183eed8      0x180 c:/altera/18.1/nios2eds/bin/gnu/h-x86_64-mingw32/bin/../lib/gcc/nios2-elf/5.3.0/../../../../../H-x86_64-mingw32/nios2-elf/lib\libc.a(lib_a-__call_atexit.o)
                0x000000000183eed8                __call_exitprocs
 .text          0x000000000183f058        0x0 c:/altera/18.1/nios2eds/bin/gnu/h-x86_64-mingw32/bin/../lib/gcc/nios2-elf/5.3.0/../../../../../H-x86_64-mingw32/nios2-elf/lib\libc.a(lib_a-svfiprintf.o)
 .text.__ssprint_r
                0x000000000183f058      0x1d0 c:/altera/18.1/nios2eds/bin/gnu/h-x86_64-mingw32/bin/../lib/gcc/nios2-elf/5.3.0/../../../../../H-x86_64-mingw32/nios2-elf/lib\libc.a(lib_a-svfiprintf.o)
                0x000000000183f058                __ssprint_r
 .text.___svfiprintf_internal_r
                0x000000000183f228     0x123c c:/altera/18.1/nios2eds/bin/gnu/h-x86_64-mingw32/bin/../lib/gcc/nios2-elf/5.3.0/../../../../../H-x86_64-mingw32/nios2-elf/lib\libc.a(lib_a-svfiprintf.o)
                0x000000000183f228                ___svfiprintf_internal_r
 .text          0x0000000001840464       0x60 c:/altera/18.1/nios2eds/bin/gnu/h-x86_64-mingw32/bin/../lib/gcc/nios2-elf/5.3.0\libgcc.a(_muldi3.o)
                0x0000000001840464                __muldi3
 .text          0x00000000018404c4       0x30 ../FreeRTOS_bsp/\libfreertos_bsp.a(alt_exit.o)
                0x00000000018404c4                _exit
 *(.gnu.warning.*)
 *(.fini)
                [!provide]                        PROVIDE (__etext, ABSOLUTE (.))
                [!provide]                        PROVIDE (_etext, ABSOLUTE (.))
                [!provide]                        PROVIDE (etext, ABSOLUTE (.))
 *(.eh_frame_hdr)
                0x00000000018404f4                . = ALIGN (0x4)
                [!provide]                        PROVIDE (__preinit_array_start, ABSOLUTE (.))
 *(.preinit_array)
                [!provide]                        PROVIDE (__preinit_array_end, ABSOLUTE (.))
                [!provide]                        PROVIDE (__init_array_start, ABSOLUTE (.))
 *(.init_array)
                [!provide]                        PROVIDE (__init_array_end, ABSOLUTE (.))
                [!provide]                        PROVIDE (__fini_array_start, ABSOLUTE (.))
 *(.fini_array)
                [!provide]                        PROVIDE (__fini_array_end, ABSOLUTE (.))
 *(.eh_frame)
 *(.gcc_except_table .gcc_except_table.*)
 *(.dynamic)
                0x00000000018404f4                PROVIDE (__CTOR_LIST__, ABSOLUTE (.))
 *(.ctors)
 *(SORT(.ctors.*))
                0x00000000018404f4                PROVIDE (__CTOR_END__, ABSOLUTE (.))
                0x00000000018404f4                PROVIDE (__DTOR_LIST__, ABSOLUTE (.))
 *(.dtors)
 *(SORT(.dtors.*))
                0x00000000018404f4                PROVIDE (__DTOR_END__, ABSOLUTE (.))
 *(.jcr)
                0x00000000018404f4                . = ALIGN (0x4)

.rodata         0x00000000018404f4     0x30b8
                0x00000000018404f4                PROVIDE (__ram_rodata_start, ABSOLUTE (.))
                0x00000000018404f4                . = ALIGN (0x4)
 *(.rodata .rodata.* .gnu.linkonce.r.*)
 .rodata        0x00000000018404f4      0x4fc obj/default/main.o
 .rodata.str1.4
                0x00000000018409f0       0x42 c:/altera/18.1/nios2eds/bin/gnu/h-x86_64-mingw32/bin/../lib/gcc/nios2-elf/5.3.0/../../../../../H-x86_64-mingw32/nios2-elf/lib\libc.a(lib_a-vfprintf.o)
 .rodata.zeroes.4404
                0x0000000001840a32       0x10 c:/altera/18.1/nios2eds/bin/gnu/h-x86_64-mingw32/bin/../lib/gcc/nios2-elf/5.3.0/../../../../../H-x86_64-mingw32/nios2-elf/lib\libc.a(lib_a-vfprintf.o)
 .rodata.blanks.4403
                0x0000000001840a42       0x10 c:/altera/18.1/nios2eds/bin/gnu/h-x86_64-mingw32/bin/../lib/gcc/nios2-elf/5.3.0/../../../../../H-x86_64-mingw32/nios2-elf/lib\libc.a(lib_a-vfprintf.o)
 *fill*         0x0000000001840a52        0x2 
 .rodata.str1.4
                0x0000000001840a54       0x10 c:/altera/18.1/nios2eds/bin/gnu/h-x86_64-mingw32/bin/../lib/gcc/nios2-elf/5.3.0/../../../../../H-x86_64-mingw32/nios2-elf/lib\libc.a(lib_a-dtoa.o)
                                         0x12 (size before relaxing)
 .rodata.str1.4
                0x0000000001840a64        0x2 c:/altera/18.1/nios2eds/bin/gnu/h-x86_64-mingw32/bin/../lib/gcc/nios2-elf/5.3.0/../../../../../H-x86_64-mingw32/nios2-elf/lib\libc.a(lib_a-impure.o)
 *fill*         0x0000000001840a66        0x2 
 .rodata.str1.4
                0x0000000001840a68        0xa c:/altera/18.1/nios2eds/bin/gnu/h-x86_64-mingw32/bin/../lib/gcc/nios2-elf/5.3.0/../../../../../H-x86_64-mingw32/nios2-elf/lib\libc.a(lib_a-locale.o)
                                         0x12 (size before relaxing)
 *fill*         0x0000000001840a72        0x2 
 .rodata.p05.2768