Archive member included to satisfy reference by file (symbol)

c:/altera/18.1/nios2eds/bin/gnu/h-x86_64-mingw32/bin/../lib/gcc/nios2-elf/5.3.0/../../../../../H-x86_64-mingw32/nios2-elf/lib\libm.a(lib_a-s_signbit.o)
                              obj/default/open62541.o (__signbitf)
c:/altera/18.1/nios2eds/bin/gnu/h-x86_64-mingw32/bin/../lib/gcc/nios2-elf/5.3.0\libgcc.a(_muldi3.o)
                              obj/default/open62541.o (__muldi3)
c:/altera/18.1/nios2eds/bin/gnu/h-x86_64-mingw32/bin/../lib/gcc/nios2-elf/5.3.0\libgcc.a(_fixunsdfsi.o)
                              obj/default/open62541.o (__fixunsdfsi)
c:/altera/18.1/nios2eds/bin/gnu/h-x86_64-mingw32/bin/../lib/gcc/nios2-elf/5.3.0\libgcc.a(_fixdfdi.o)
                              obj/default/open62541.o (__fixdfdi)
c:/altera/18.1/nios2eds/bin/gnu/h-x86_64-mingw32/bin/../lib/gcc/nios2-elf/5.3.0\libgcc.a(_fixunsdfdi.o)
                              obj/default/open62541.o (__fixunsdfdi)
c:/altera/18.1/nios2eds/bin/gnu/h-x86_64-mingw32/bin/../lib/gcc/nios2-elf/5.3.0\libgcc.a(_floatdisf.o)
                              obj/default/open62541.o (__floatdisf)
c:/altera/18.1/nios2eds/bin/gnu/h-x86_64-mingw32/bin/../lib/gcc/nios2-elf/5.3.0\libgcc.a(_floatdidf.o)
                              obj/default/open62541.o (__floatdidf)
c:/altera/18.1/nios2eds/bin/gnu/h-x86_64-mingw32/bin/../lib/gcc/nios2-elf/5.3.0\libgcc.a(_floatundidf.o)
                              obj/default/open62541.o (__floatundidf)
c:/altera/18.1/nios2eds/bin/gnu/h-x86_64-mingw32/bin/../lib/gcc/nios2-elf/5.3.0\libgcc.a(_divdi3.o)
                              obj/default/open62541.o (__divdi3)
c:/altera/18.1/nios2eds/bin/gnu/h-x86_64-mingw32/bin/../lib/gcc/nios2-elf/5.3.0\libgcc.a(_moddi3.o)
                              obj/default/open62541.o (__moddi3)
c:/altera/18.1/nios2eds/bin/gnu/h-x86_64-mingw32/bin/../lib/gcc/nios2-elf/5.3.0\libgcc.a(lib2-divmod.o)
                              obj/default/open62541.o (__divsi3)
c:/altera/18.1/nios2eds/bin/gnu/h-x86_64-mingw32/bin/../lib/gcc/nios2-elf/5.3.0\libgcc.a(addsf3.o)
                              obj/default/open62541.o (__addsf3)
c:/altera/18.1/nios2eds/bin/gnu/h-x86_64-mingw32/bin/../lib/gcc/nios2-elf/5.3.0\libgcc.a(divsf3.o)
                              obj/default/open62541.o (__divsf3)
c:/altera/18.1/nios2eds/bin/gnu/h-x86_64-mingw32/bin/../lib/gcc/nios2-elf/5.3.0\libgcc.a(eqsf2.o)
                              obj/default/open62541.o (__eqsf2)
c:/altera/18.1/nios2eds/bin/gnu/h-x86_64-mingw32/bin/../lib/gcc/nios2-elf/5.3.0\libgcc.a(gesf2.o)
                              obj/default/open62541.o (__gtsf2)
c:/altera/18.1/nios2eds/bin/gnu/h-x86_64-mingw32/bin/../lib/gcc/nios2-elf/5.3.0\libgcc.a(adddf3.o)
                              obj/default/open62541.o (__adddf3)
c:/altera/18.1/nios2eds/bin/gnu/h-x86_64-mingw32/bin/../lib/gcc/nios2-elf/5.3.0\libgcc.a(divdf3.o)
                              obj/default/open62541.o (__divdf3)
c:/altera/18.1/nios2eds/bin/gnu/h-x86_64-mingw32/bin/../lib/gcc/nios2-elf/5.3.0\libgcc.a(eqdf2.o)
                              obj/default/open62541.o (__eqdf2)
c:/altera/18.1/nios2eds/bin/gnu/h-x86_64-mingw32/bin/../lib/gcc/nios2-elf/5.3.0\libgcc.a(gedf2.o)
                              obj/default/open62541.o (__gedf2)
c:/altera/18.1/nios2eds/bin/gnu/h-x86_64-mingw32/bin/../lib/gcc/nios2-elf/5.3.0\libgcc.a(ledf2.o)
                              obj/default/open62541.o (__ledf2)
c:/altera/18.1/nios2eds/bin/gnu/h-x86_64-mingw32/bin/../lib/gcc/nios2-elf/5.3.0\libgcc.a(muldf3.o)
                              obj/default/open62541.o (__muldf3)
c:/altera/18.1/nios2eds/bin/gnu/h-x86_64-mingw32/bin/../lib/gcc/nios2-elf/5.3.0\libgcc.a(subdf3.o)
                              obj/default/open62541.o (__subdf3)
c:/altera/18.1/nios2eds/bin/gnu/h-x86_64-mingw32/bin/../lib/gcc/nios2-elf/5.3.0\libgcc.a(fixdfsi.o)
                              obj/default/open62541.o (__fixdfsi)
c:/altera/18.1/nios2eds/bin/gnu/h-x86_64-mingw32/bin/../lib/gcc/nios2-elf/5.3.0\libgcc.a(floatsidf.o)
                              obj/default/open62541.o (__floatsidf)
c:/altera/18.1/nios2eds/bin/gnu/h-x86_64-mingw32/bin/../lib/gcc/nios2-elf/5.3.0\libgcc.a(floatunsidf.o)
                              obj/default/open62541.o (__floatunsidf)
c:/altera/18.1/nios2eds/bin/gnu/h-x86_64-mingw32/bin/../lib/gcc/nios2-elf/5.3.0\libgcc.a(extendsfdf2.o)
                              obj/default/open62541.o (__extendsfdf2)
c:/altera/18.1/nios2eds/bin/gnu/h-x86_64-mingw32/bin/../lib/gcc/nios2-elf/5.3.0\libgcc.a(truncdfsf2.o)
                              obj/default/open62541.o (__truncdfsf2)
c:/altera/18.1/nios2eds/bin/gnu/h-x86_64-mingw32/bin/../lib/gcc/nios2-elf/5.3.0\libgcc.a(_clz.o)
                              c:/altera/18.1/nios2eds/bin/gnu/h-x86_64-mingw32/bin/../lib/gcc/nios2-elf/5.3.0\libgcc.a(_divdi3.o) (__clz_tab)
c:/altera/18.1/nios2eds/bin/gnu/h-x86_64-mingw32/bin/../lib/gcc/nios2-elf/5.3.0\libgcc.a(_clzsi2.o)
[...]
Memory Configuration

Name             Origin             Length             Attributes
reset            0x0000000002000000 0x0000000000000020
sdram_controller_0 0x0000000002000020 0x0000000001ffffe0
tse_descriptor_memory_0 0x0000000004000000 0x0000000000002000
mem_0            0x0000000005020000 0x0000000000020000
*default*        0x0000000000000000 0xffffffffffffffff

Linker script and memory map

LOAD ../FreeRTOS_bsp//obj/HAL/src/crt0.o
LOAD obj/default/iicNs.o
LOAD obj/default/main.o
LOAD obj/default/open62541.o
LOAD c:/altera/18.1/nios2eds/bin/gnu/h-x86_64-mingw32/bin/../lib/gcc/nios2-elf/5.3.0/../../../../../H-x86_64-mingw32/nios2-elf/lib\libstdc++.a
LOAD c:/altera/18.1/nios2eds/bin/gnu/h-x86_64-mingw32/bin/../lib/gcc/nios2-elf/5.3.0/../../../../../H-x86_64-mingw32/nios2-elf/lib\libm.a
LOAD c:/altera/18.1/nios2eds/bin/gnu/h-x86_64-mingw32/bin/../lib/gcc/nios2-elf/5.3.0\libgcc.a
START GROUP
LOAD c:/altera/18.1/nios2eds/bin/gnu/h-x86_64-mingw32/bin/../lib/gcc/nios2-elf/5.3.0/../../../../../H-x86_64-mingw32/nios2-elf/lib\libc.a
LOAD c:/altera/18.1/nios2eds/bin/gnu/h-x86_64-mingw32/bin/../lib/gcc/nios2-elf/5.3.0\libgcc.a
LOAD ../FreeRTOS_bsp/\libfreertos_bsp.a
LOAD c:/altera/18.1/nios2eds/bin/gnu/h-x86_64-mingw32/bin/../lib/gcc/nios2-elf/5.3.0/../../../../../H-x86_64-mingw32/nios2-elf/lib\libm.a
END GROUP
LOAD c:/altera/18.1/nios2eds/bin/gnu/h-x86_64-mingw32/bin/../lib/gcc/nios2-elf/5.3.0\libgcc.a
                0x0000000002000000                __alt_mem_sdram_controller_0 = 0x2000000
                0x0000000004000000                __alt_mem_tse_descriptor_memory_0 = 0x4000000
                0x0000000005020000                __alt_mem_mem_0 = 0x5020000

.entry          0x0000000002000000       0x20
 *(.entry)
 .entry         0x0000000002000000       0x20 ../FreeRTOS_bsp//obj/HAL/src/crt0.o
                0x0000000002000000                __reset

.exceptions     0x0000000002000020      0x228
                0x0000000002000020                PROVIDE (__ram_exceptions_start, ABSOLUTE (.))
                0x0000000002000020                . = ALIGN (0x20)
 *(.irq)
 *(.exceptions.entry.label)
 *(.exceptions.entry.user)
 *(.exceptions.entry.ecc_fatal)
 *(.exceptions.entry)
 .exceptions.entry
                0x0000000002000020       0x8c ../FreeRTOS_bsp/\libfreertos_bsp.a(port_asm.o)
 *(.exceptions.irqtest.user)
 *(.exceptions.irqtest)
 .exceptions.irqtest
                0x00000000020000ac       0x14 ../FreeRTOS_bsp/\libfreertos_bsp.a(port_asm.o)
 *(.exceptions.irqhandler.user)
 *(.exceptions.irqhandler)
 .exceptions.irqhandler
                0x00000000020000c0        0x4 ../FreeRTOS_bsp/\libfreertos_bsp.a(port_asm.o)
 *(.exceptions.irqreturn.user)
 *(.exceptions.irqreturn)
 .exceptions.irqreturn
                0x00000000020000c4       0x8c ../FreeRTOS_bsp/\libfreertos_bsp.a(port_asm.o)
                0x00000000020000c4                restore_sp_from_pxCurrentTCB
 *(.exceptions.notirq.label)
 *(.exceptions.notirq.user)
 *(.exceptions.notirq)
 *(.exceptions.soft.user)
 *(.exceptions.soft)
 .exceptions.soft
                0x0000000002000150       0x2c ../FreeRTOS_bsp/\libfreertos_bsp.a(port_asm.o)
 *(.exceptions.unknown.user)
 *(.exceptions.unknown)
 *(.exceptions.exit.label)
 *(.exceptions.exit.user)
 *(.exceptions.exit)
 *(.exceptions)
 .exceptions    0x000000000200017c       0xcc ../FreeRTOS_bsp/\libfreertos_bsp.a(alt_irq_handler.o)
                0x000000000200017c                alt_irq_handler
                0x0000000002000248                PROVIDE (__ram_exceptions_end, ABSOLUTE (.))
                0x0000000002000020                PROVIDE (__flash_exceptions_start, LOADADDR (.exceptions))

.text           0x0000000002000248   0x14f424
                [!provide]                        PROVIDE (stext, ABSOLUTE (.))
 *(.interp)
 *(.hash)
 *(.dynsym)
 *(.dynstr)
 *(.gnu.version)
 *(.gnu.version_d)
 *(.gnu.version_r)
 *(.rel.init)
 *(.rela.init)
 *(.rel.text .rel.text.* .rel.gnu.linkonce.t.*)
 *(.rela.text .rela.text.* .rela.gnu.linkonce.t.*)
 *(.rel.fini)
 *(.rela.fini)
 *(.rel.rodata .rel.rodata.* .rel.gnu.linkonce.r.*)
 *(.rela.rodata .rela.rodata.* .rela.gnu.linkonce.r.*)
 *(.rel.data .rel.data.* .rel.gnu.linkonce.d.*)
 *(.rela.data .rela.data.* .rela.gnu.linkonce.d.*)
 *(.rel.tdata .rel.tdata.* .rel.gnu.linkonce.td.*)
 *(.rela.tdata .rela.tdata.* .rela.gnu.linkonce.td.*)
 *(.rel.tbss .rel.tbss.* .rel.gnu.linkonce.tb.*)
 *(.rela.tbss .rela.tbss.* .rela.gnu.linkonce.tb.*)
 *(.rel.ctors)
 *(.rela.ctors)
 *(.rel.dtors)
 *(.rela.dtors)
 *(.rel.got)
 *(.rela.got)
 *(.rel.sdata .rel.sdata.* .rel.gnu.linkonce.s.*)
 *(.rela.sdata .rela.sdata.* .rela.gnu.linkonce.s.*)
 *(.rel.sbss .rel.sbss.* .rel.gnu.linkonce.sb.*)
 *(.rela.sbss .rela.sbss.* .rela.gnu.linkonce.sb.*)
 *(.rel.sdata2 .rel.sdata2.* .rel.gnu.linkonce.s2.*)
 *(.rela.sdata2 .rela.sdata2.* .rela.gnu.linkonce.s2.*)
 *(.rel.sbss2 .rel.sbss2.* .rel.gnu.linkonce.sb2.*)
 *(.rela.sbss2 .rela.sbss2.* .rela.gnu.linkonce.sb2.*)
 *(.rel.bss .rel.bss.* .rel.gnu.linkonce.b.*)
 *(.rela.bss .rela.bss.* .rela.gnu.linkonce.b.*)
 *(.rel.plt)
 *(.rela.plt)
 *(.rel.dyn)
 *(.init)
 *(.plt)
 *(.text .stub .text.* .gnu.linkonce.t.*)
 .text          0x0000000002000248       0x3c ../FreeRTOS_bsp//obj/HAL/src/crt0.o
                0x0000000002000248                _start
 .text          0x0000000002000284    0x181d8 obj/default/iicNs.o
                0x0000000002016fc8                iicNs
 .text          0x000000000201845c     0x26c0 obj/default/main.o
                0x00000000020188cc                vApplicationMallocFailedHook
                0x00000000020188f4                vApplicationStackOverflowHook
                0x0000000002018a18                InitNetwork
                0x0000000002018c2c                xEthernetRun
                0x0000000002018ca0                get_mac_addr
                0x0000000002018dbc                get_ip_addr
                0x0000000002018e74                get_hostname
                0x0000000002018eac                get_iface_name
                0x0000000002018ef4                is_interface_active
                0x0000000002018f18                main
                0x000000000201aa54                main_thread
 .text          0x000000000201ab1c    0xe832c obj/default/open62541.o
                0x000000000201f7b8                UA_findDataType
                0x000000000201f880                UA_random_seed
                0x000000000201f8e0                UA_UInt32_random
                0x000000000201f910                UA_String_fromChars
                0x000000000201f9cc                UA_String_equal
                0x000000000201fbe8                UA_QualifiedName_hash
                0x000000000201fc3c                UA_QualifiedName_equal
                0x000000000201fcec                UA_DateTime_toStruct
                0x00000000020200cc                UA_DateTime_fromStruct
                0x0000000002020318                UA_Guid_equal
                0x0000000002020364                UA_Guid_random
                0x0000000002020460                UA_ByteString_allocBuffer
                0x00000000020206a4                UA_NodeId_isNull
                0x0000000002020778                UA_NodeId_order
                0x0000000002020a50                UA_ByteString_hash
                0x0000000002020ad0                UA_NodeId_hash
                0x0000000002020cbc                UA_ExpandedNodeId_order
                0x0000000002020dc4                UA_ExpandedNodeId_hash
                0x00000000020211e4                UA_Variant_setScalar
                0x0000000002021240                UA_Variant_setScalarCopy
                0x00000000020212d8                UA_Variant_setArray
                0x000000000202133c                UA_Variant_setArrayCopy
                0x000000000202199c                UA_Variant_copyRange
                0x00000000020221ec                UA_Variant_setRange
                0x0000000002022240                UA_Variant_setRangeCopy
                0x00000000020225f0                UA_new
                0x0000000002022a3c                UA_copy
                0x0000000002022cc8                UA_clear
                0x0000000002022d48                UA_delete
                0x0000000002022db4                UA_Array_new
                0x0000000002022e18                UA_Array_copy
                0x0000000002022fc0                UA_Array_delete
                0x0000000002023068                UA_DataType_isNumeric
                0x00000000020231e0                UA_NumericRange_parse
                0x0000000002025c40                UA_findDataTypeByBinary
                0x0000000002027650                UA_encodeBinary
                0x0000000002027930                UA_decodeBinary
                0x00000000020286fc                UA_calcSizeBinary
                0x000000000202875c                UA_StatusCode_name
                0x00000000020287fc                UA_readNumberWithBase
                0x00000000020289b8                UA_readNumber
                0x00000000020289fc                UA_parseEndpointUrl
                0x0000000002028dc8                UA_parseEndpointUrlEthernet
                0x0000000002029050                UA_ByteString_toBase64
                0x00000000020290e8                UA_ByteString_fromBase64
                0x0000000002029178                UA_NodeId_print
                0x0000000002029644                UA_WorkQueue_init
                0x000000000202967c                UA_WorkQueue_cleanup
                0x00000000020296b0                UA_WorkQueue_enqueueDelayed
                0x000000000202970c                UA_WorkQueue_manuallyProcessDelayed
                0x00000000020299c4                UA_TimerZip_ZIP_INSERT
                0x0000000002029c68                UA_TimerZip_ZIP_REMOVE
                0x0000000002029d54                UA_TimerZip_ZIP_FIND
                0x0000000002029d94                UA_TimerZip_ZIP_MIN
                0x0000000002029dec                UA_TimerZip_ZIP_MAX
                0x0000000002029ec4                UA_TimerZip_ZIP_ITER
                0x000000000202a0e0                UA_TimerIdZip_ZIP_INSERT
                0x000000000202a384                UA_TimerIdZip_ZIP_REMOVE
                0x000000000202a470                UA_TimerIdZip_ZIP_FIND
                0x000000000202a4b0                UA_TimerIdZip_ZIP_MIN
                0x000000000202a508                UA_TimerIdZip_ZIP_MAX
                0x000000000202a5e0                UA_TimerIdZip_ZIP_ITER
                0x000000000202a62c                UA_Timer_init
                0x000000000202a7f0                UA_Timer_addTimedCallback
                0x000000000202a85c                UA_Timer_addRepeatedCallback
                0x000000000202a968                UA_Timer_changeRepeatedCallbackInterval
                0x000000000202aaac                UA_Timer_removeCallback
                0x000000000202ab34                UA_Timer_process
                0x000000000202ad8c                UA_Timer_deleteMembers
                0x000000000202ae38                UA_Connection_sendError
                0x000000000202af28                UA_Connection_detachSecureChannel
                0x000000000202af94                UA_Connection_attachSecureChannel
                0x000000000202aff4                UA_SecureChannel_init
                0x000000000202b094                UA_SecureChannel_setSecurityPolicy
                0x000000000202b27c                UA_SecureChannel_deleteBuffered
                0x000000000202b2c8                UA_SecureChannel_deleteMembers
                0x000000000202b3c4                UA_SecureChannel_close
                0x000000000202b46c                UA_SecureChannel_processHELACK
                0x000000000202b574                UA_SecureChannel_sendAsymmetricOPNMessage
                0x000000000202bda0                UA_MessageContext_begin
                0x000000000202beac                UA_MessageContext_encode
                0x000000000202bf38                UA_MessageContext_finish
                0x000000000202bf74                UA_MessageContext_abort
                0x000000000202bfcc                UA_SecureChannel_sendSymmetricMessage
                0x000000000202cf48                UA_SecureChannel_processBuffer
                0x000000000202d0fc                UA_SecureChannel_receive
                0x000000000202d1d0                UA_SecureChannel_generateLocalNonce
                0x000000000202d89c                UA_SecureChannel_generateNewKeys
                0x000000000202d9b4                UA_SecureChannel_revolveTokens
                0x000000000202da68                calculateAsymAlgSecurityHeaderLength
                0x000000000202db00                prependHeadersAsym
                0x000000000202dd38                hideBytesAsym
                0x000000000202ddb4                setBufPos
                0x000000000202e0c4                decryptAndVerifyChunk
                0x000000000202e290                processSequenceNumberAsym
                0x000000000202e2c4                checkAsymHeader
                0x000000000202e344                checkSymHeader
                0x000000000202e66c                UA_SecurityPolicy_getRemoteAsymEncryptionBufferLengthOverhead
                0x000000000202e710                UA_Session_init
                0x000000000202e770                UA_Session_deleteMembersCleanup
                0x000000000202e83c                UA_Session_attachToSecureChannel
                0x000000000202e88c                UA_Session_detachFromSecureChannel
                0x000000000202e8d4                UA_Session_generateNonce
                0x000000000202e990                UA_Session_updateLifetime
                0x000000000202ea48                UA_Session_addSubscription
                0x000000000202eb0c                UA_Session_deleteSubscription
                0x000000000202ec40                UA_Session_getSubscriptionById
                0x000000000202eca4                UA_Session_dequeuePublishReq
                0x000000000202ed20                UA_Session_queuePublishReq
                0x000000000202efac                UA_ReferenceTargetIdTree_ZIP_INSERT
                0x000000000202f248                UA_ReferenceTargetIdTree_ZIP_REMOVE
                0x000000000202f330                UA_ReferenceTargetIdTree_ZIP_FIND
                0x000000000202f370                UA_ReferenceTargetIdTree_ZIP_MIN
                0x000000000202f3c8                UA_ReferenceTargetIdTree_ZIP_MAX
                0x000000000202f4a0                UA_ReferenceTargetIdTree_ZIP_ITER
                0x000000000202f6a0                UA_ReferenceTargetNameTree_ZIP_INSERT
                0x000000000202f944                UA_ReferenceTargetNameTree_ZIP_REMOVE
                0x000000000202fa30                UA_ReferenceTargetNameTree_ZIP_FIND
                0x000000000202fa70                UA_ReferenceTargetNameTree_ZIP_MIN
                0x000000000202fac8                UA_ReferenceTargetNameTree_ZIP_MAX
                0x000000000202fba0                UA_ReferenceTargetNameTree_ZIP_ITER
                0x000000000202fbec                UA_Node_clear
                0x000000000203012c                UA_Node_copy
                0x00000000020306dc                UA_Node_copy_alloc
                0x0000000002030c54                UA_Node_setAttributes
                0x00000000020313ac                UA_Node_addReference
                0x000000000203152c                UA_Node_deleteReference
                0x00000000020318e4                UA_Node_deleteReferencesSubset
                0x0000000002031b58                UA_Node_deleteReferences
                0x0000000002031b94                setupNs1Uri
                0x0000000002031bf4                addNamespace
                0x0000000002031d24                UA_Server_addNamespace
                0x0000000002031d7c                UA_Server_getConfig
                0x0000000002031db0                UA_Server_getNamespaceByName
                0x0000000002031e5c                UA_Server_forEachChildNodeCall
                0x000000000203202c                UA_Server_delete
                0x0000000002032414                UA_Server_newWithConfig
                0x00000000020325d0                UA_Server_addTimedCallback
                0x0000000002032640                addRepeatedCallback
                0x00000000020326a8                UA_Server_addRepeatedCallback
                0x0000000002032708                changeRepeatedCallbackInterval
                0x0000000002032760                UA_Server_changeRepeatedCallbackInterval
                0x00000000020327b8                removeCallback
                0x0000000002032804                UA_Server_removeCallback
                0x0000000002032848                UA_Server_updateCertificate
                0x0000000002032a64                UA_SecurityPolicy_getSecurityPolicyByUri
                0x0000000002032af4                UA_Server_getStatistics
                0x0000000002032b44                UA_Server_run_startup
                0x0000000002032e64                UA_Server_run_iterate
                0x00000000020330ac                UA_Server_run_shutdown
                0x00000000020331b0                UA_Server_run
                0x000000000203572c                writeNs0VariableArray
                0x0000000002035dc0                UA_Server_initNS0
                0x0000000002036bd8                UA_ServerConfig_clean
                0x0000000002036e38                UA_ServerConfig_setCustomHostname
                0x0000000002036ea0                UA_ServerConfig_addPubSubTransportLayer
                0x00000000020381ec                sendResponse
                0x0000000002039170                UA_Server_processBinaryMessage
                0x00000000020392d4                UA_Server_removeConnection
                0x0000000002039600                isNodeInTree
                0x0000000002039668                getNodeType
                0x0000000002039938                UA_Node_hasSubTypeOrInstances
                0x0000000002039a64                getParentTypeAndInterfaceHierarchy
                0x0000000002039e30                UA_Server_editNode
                0x0000000002039ed0                UA_Server_processServiceOperations
                0x0000000002039ff8                register_server_with_discovery_server
                0x000000000203a42c                UA_Server_register_discovery
                0x000000000203a478                UA_Server_unregister_discovery
                0x000000000203a4c0                UA_NetworkMessage_updateBufferedMessage
                0x000000000203a670                UA_NetworkMessage_encodeBinary
                0x000000000203bdbc                UA_NetworkMessage_decodeBinary
                0x000000000203be98                UA_NetworkMessage_calcSizeBinary
                0x000000000203c69c                UA_NetworkMessage_deleteMembers
                0x000000000203c8c0                UA_NetworkMessage_delete
                0x000000000203ca38                UA_DataSetMessageHeader_encodeBinary
                0x000000000203cd64                UA_DataSetMessageHeader_decodeBinary
                0x000000000203d0ec                UA_DataSetMessageHeader_calcSizeBinary
                0x000000000203d274                UA_DataSetMessage_encodeBinary
                0x000000000203d5dc                UA_DataSetMessage_decodeBinary
                0x000000000203da80                UA_DataSetMessage_calcSizeBinary
                0x000000000203e140                UA_DataSetMessage_free
                0x000000000203e298                UA_PubSubConnectionConfig_copy
                0x000000000203e48c                UA_Server_getPubSubConnectionConfig
                0x000000000203e524                UA_PubSubConnection_findConnectionbyId
                0x000000000203e5a4                UA_PubSubConnectionConfig_clear
                0x000000000203e67c                UA_PubSubConnection_clear
                0x000000000203e7c4                UA_PubSubConnection_regist
                0x000000000203e888                UA_Server_addWriterGroup
                0x000000000203eae4                UA_Server_removeWriterGroup
                0x000000000203ec64                UA_Server_freezeWriterGroupConfiguration
                0x000000000203f320                UA_Server_unfreezeWriterGroupConfiguration
                0x000000000203f49c                UA_Server_setWriterGroupOperational
                0x000000000203f520                UA_Server_setWriterGroupDisabled
                0x000000000203f5a4                UA_PublishedDataSetConfig_copy
                0x000000000203f728                UA_Server_getPublishedDataSetConfig
                0x000000000203f7e0                UA_Server_getPublishedDataSetMetaData
                0x000000000203f878                UA_PublishedDataSet_findPDSbyId
                0x000000000203f8f8                UA_PublishedDataSetConfig_clear
                0x000000000203f9bc                UA_PublishedDataSet_clear
                0x000000000203fe70                UA_Server_addDataSetField
                0x0000000002040370                UA_Server_removeDataSetField
                0x00000000020407b8                UA_DataSetWriterConfig_copy
                0x000000000204091c                UA_Server_getDataSetWriterConfig
                0x00000000020409e8                UA_DataSetWriter_findDSWbyId
                0x0000000002040ab0                UA_DataSetWriterConfig_clear
                0x0000000002040bc4                UA_DataSetWriter_setPubSubState
                0x0000000002040de4                UA_WriterGroupConfig_copy
                0x0000000002040f48                UA_Server_getWriterGroupConfig
                0x0000000002041014                UA_Server_updateWriterGroupConfig
                0x0000000002041204                UA_WriterGroup_findWGbyId
                0x00000000020412a8                UA_WriterGroupConfig_clear
                0x0000000002041468                UA_WriterGroup_setPubSubState
                0x0000000002041730                UA_Server_addDataSetWriter
                0x0000000002041a4c                UA_Server_removeDataSetWriter
                0x0000000002041c1c                UA_DataSetFieldConfig_copy
                0x0000000002041ca8                UA_Server_getDataSetFieldConfig
                0x0000000002041d74                UA_DataSetField_findDSFbyId
                0x0000000002041e18                UA_DataSetFieldConfig_clear
                0x00000000020431cc                UA_WriterGroup_publishCallback
                0x0000000002043954                UA_WriterGroup_addPublishCallback
                0x00000000020439dc                UA_Server_addReaderGroup
                0x0000000002043b98                UA_Server_removeReaderGroup
                0x0000000002043cb8                UA_Server_ReaderGroup_getConfig
                0x0000000002043d90                UA_Server_ReaderGroup_delete
                0x0000000002043e78                UA_ReaderGroupConfig_copy
                0x00000000020442f8                UA_ReaderGroup_findRGbyId
                0x00000000020443a0                UA_ReaderGroup_findDSRbyId
                0x000000000204446c                UA_ReaderGroup_subscribeCallback
                0x00000000020445b0                UA_ReaderGroup_addSubscribeCallback
                0x0000000002044640                UA_Server_addDataSetReader
                0x00000000020447bc                UA_Server_removeDataSetReader
                0x000000000204484c                UA_Server_DataSetReader_updateConfig
                0x0000000002044978                UA_Server_DataSetReader_getConfig
                0x0000000002044a30                UA_DataSetReaderConfig_copy
                0x0000000002044bc0                UA_Server_DataSetReader_createTargetVariables
                0x0000000002044c8c                UA_Server_DataSetReader_addTargetVariables
                0x00000000020452f0                UA_Server_DataSetReader_process
                0x0000000002045600                UA_DataSetReader_delete
                0x0000000002045738                UA_Server_processNetworkMessage
                0x0000000002045858                UA_Server_addPubSubConnection
                0x0000000002045be0                UA_Server_removePubSubConnection
                0x0000000002045cd4                UA_Server_addPublishedDataSet
                0x0000000002046390                UA_Server_removePublishedDataSet
                0x0000000002046584                UA_PubSubConfigurationVersionTimeDifference
                0x00000000020465cc                UA_PubSubManager_generateUniqueNodeId
                0x0000000002046664                UA_PubSubManager_delete
                0x0000000002046840                UA_PubSubManager_addRepeatedCallback
                0x00000000020468a8                UA_PubSubManager_changeRepeatedCallbackInterval
                0x0000000002046900                UA_PubSubManager_removeRepeatedPubSubCallback
                0x0000000002047474                addPubSubConnectionRepresentation
                0x00000000020480d8                removePubSubConnectionRepresentation
                0x0000000002048154                addDataSetReaderRepresentation
                0x000000000204817c                removeDataSetReaderRepresentation
                0x00000000020481a4                addPublishedDataItemsRepresentation
                0x00000000020487e8                removePublishedDataSetRepresentation
                0x0000000002048a00                addWriterGroupRepresentation
                0x0000000002049474                removeGroupRepresentation
                0x00000000020494ec                addReaderGroupRepresentation
                0x0000000002049514                addDataSetWriterRepresentation
                0x00000000020497ac                removeDataSetWriterRepresentation
                0x000000000204a00c                UA_Server_initPubSubNS0
                0x000000000204a68c                RefHead_ZIP_INSERT
                0x000000000204a928                RefHead_ZIP_REMOVE
                0x000000000204aa10                RefHead_ZIP_FIND
                0x000000000204aa50                RefHead_ZIP_MIN
                0x000000000204aaa8                RefHead_ZIP_MAX
                0x000000000204ab80                RefHead_ZIP_ITER
                0x000000000204b274                browseRecursive
                0x000000000204b4c4                referenceSubtypes
                0x000000000204b708                UA_Server_browseRecursive
                0x000000000204ba28                ContinuationPoint_clear
                0x000000000204c34c                Operation_Browse
                0x000000000204c72c                Service_Browse
                0x000000000204c818                UA_Server_browse
                0x000000000204ca24                Service_BrowseNext
                0x000000000204cabc                UA_Server_browseNext
                0x000000000204d4a8                translateBrowsePathToNodeIds
                0x000000000204d52c                UA_Server_translateBrowsePathToNodeIds
                0x000000000204d58c                Service_TranslateBrowsePathsToNodeIds
                0x000000000204d648                browseSimplifiedBrowsePath
                0x000000000204d8e8                UA_Server_browseSimplifiedBrowsePath
                0x000000000204d980                Service_RegisterNodes
                0x000000000204da58                Service_UnregisterNodes
                0x000000000204e4ac                Service_Call
                0x000000000204e564                UA_Server_call
                0x000000000204e644                UA_Server_removeSession
                0x000000000204e8a8                UA_Server_removeSessionByToken
                0x000000000204e934                UA_Server_cleanupSessions
                0x000000000204ec20                UA_Server_getSessionById
                0x000000000204ef58                UA_Server_createSession
                0x000000000204f1bc                Service_CreateSession
                0x000000000204fc50                Service_ActivateSession
                0x00000000020504b4                Service_CloseSession
                0x0000000002050c84                readValueAttribute
                0x00000000020510fc                ReadWithNode
                0x0000000002051b4c                Service_Read
                0x0000000002051c58                UA_Server_readWithSession
                0x0000000002051df8                readAttribute
                0x0000000002051e58                readWithReadValue
                0x0000000002051fac                UA_Server_read
                0x0000000002052064                __UA_Server_read
                0x00000000020520b4                readObjectProperty
                0x0000000002052214                UA_Server_readObjectProperty
                0x00000000020522e8                compatibleDataType
                0x0000000002052470                compatibleValueRankArrayDimensions
                0x000000000205274c                compatibleValueRanks
                0x000000000205291c                compatibleArrayDimensions
                0x00000000020529f4                compatibleValueArrayDimensions
                0x0000000002052ab8                compatibleValue
                0x000000000205494c                Service_Write
                0x0000000002054a04                writeWithSession
                0x0000000002054a58                writeAttribute
                0x0000000002054ab0                UA_Server_write
                0x0000000002054af0                writeWithWriteValue
                0x0000000002054c5c                __UA_Server_write
                0x0000000002054cb4                UA_Server_writeObjectProperty
                0x0000000002054d64                writeObjectProperty
                0x0000000002054ed4                UA_Server_writeObjectProperty_scalar
                0x00000000020553ec                Service_FindServers
                0x0000000002055754                Service_GetEndpoints
                0x0000000002056170                Service_RegisterServer
                0x00000000020561e8                Service_RegisterServer2
                0x0000000002056290                UA_Discovery_cleanupTimedOut
                0x00000000020567f8                UA_Server_addPeriodicServerRegisterCallback
                0x0000000002056b44                UA_Server_setRegisterServerCallback
                0x0000000002056dcc                Service_CreateSubscription
                0x0000000002057054                Service_ModifySubscription
                0x00000000020571e4                Service_SetPublishingMode
                0x0000000002057304                Service_Publish
                0x00000000020576c0                Service_DeleteSubscriptions
                0x0000000002057768                Service_Republish
                0x0000000002058340                Service_CreateMonitoredItems
                0x0000000002058458                UA_Server_createDataChangeMonitoredItem
                0x00000000020586c8                Service_ModifyMonitoredItems
                0x0000000002058a88                Service_SetMonitoringMode
                0x0000000002058be0                Service_DeleteMonitoredItems
                0x0000000002058cd0                UA_Server_deleteMonitoredItem
                0x0000000002058f68                UA_Server_deleteSecureChannels
                0x0000000002058fd4                UA_Server_cleanupTimedOutSecureChannels
                0x0000000002059240                UA_Server_createSecureChannel
                0x00000000020593b4                UA_Server_configSecureChannel
                0x0000000002059974                UA_Server_closeSecureChannel
                0x00000000020599c0                Service_OpenSecureChannel
                0x0000000002059be4                Service_CloseSecureChannel
                0x0000000002059c84                UA_Server_getNodeContext
                0x0000000002059cf4                getNodeContext
                0x0000000002059e44                UA_Server_setNodeContext
                0x000000000205be48                AddNode_addRefs
                0x000000000205d03c                AddNode_raw
                0x000000000205e4f8                AddNode_finish
                0x000000000205e9d8                Service_AddNodes
                0x000000000205ea90                addNode
                0x000000000205ec58                __UA_Server_addNode
                0x000000000205ecf0                UA_Server_addNode_begin
                0x000000000205ee08                UA_Server_addNode_finish
                0x000000000205fa34                Service_DeleteNodes
                0x000000000205faec                UA_Server_deleteNode
                0x000000000205fb64                deleteNode
                0x0000000002060124                Service_AddReferences
                0x00000000020601dc                UA_Server_addReference
                0x0000000002060500                Service_DeleteReferences
                0x00000000020605b8                UA_Server_deleteReference
                0x0000000002060740                UA_Server_setVariableNode_valueCallback
                0x00000000020607a4                UA_Server_addDataSourceVariableNode
                0x0000000002060a98                setVariableNode_dataSource
                0x0000000002060af4                UA_Server_setVariableNode_dataSource
                0x00000000020612c4                UA_Server_addMethodNode_finish
                0x00000000020613cc                UA_Server_addMethodNodeEx
                0x0000000002061624                setMethodNode_callback
                0x0000000002061680                UA_Server_setMethodNode_callback
                0x0000000002061790                UA_Server_setNodeTypeLifecycle
                0x000000000206188c                UA_Client_newWithConfig
                0x0000000002061b34                UA_Client_reset
                0x0000000002061b70                UA_Client_delete
                0x0000000002061bbc                UA_Client_getState
                0x0000000002061be4                UA_Client_getConfig
                0x0000000002061c1c                setClientState
                0x0000000002061c90                getSecurityPolicy
                0x00000000020626e4                receiveResponse
                0x00000000020628c8                __UA_Client_Service
                0x00000000020629bc                receiveResponseAsync
                0x0000000002062a5c                UA_Client_AsyncService_cancel
                0x0000000002062bb0                UA_Client_AsyncService_removeAll
                0x0000000002062c5c                __UA_Client_AsyncServiceEx
                0x0000000002062d90                __UA_Client_AsyncService
                0x0000000002062dfc                UA_Client_sendAsyncRequest
                0x0000000002062e90                UA_Client_addTimedCallback
                0x0000000002062ef8                UA_Client_addRepeatedCallback
                0x0000000002062f60                UA_Client_changeRepeatedCallbackInterval
                0x0000000002062fb8                UA_Client_removeCallback
                0x00000000020633e8                UA_Client_run_iterate
                0x0000000002063520                processACKResponseAsync
                0x0000000002063bb8                decodeProcessOPNResponseAsync
                0x00000000020641b8                UA_Client_renewSecureChannelAsync
                0x0000000002064374                activateSessionAsync
                0x0000000002064dc8                createSessionAsync
                0x0000000002065018                endpointUnconfigured
                0x00000000020650d4                UA_Client_connect_iterate
                0x00000000020652f4                UA_Client_connect_async
                0x00000000020657f4                UA_Client_connect
                0x0000000002065834                UA_Client_connect_noSession
                0x0000000002065878                UA_Client_connect_username
                0x0000000002065b14                UA_Client_disconnect_async
                0x0000000002065d84                UA_Client_disconnect
                0x0000000002065eb4                UA_Client_getEndpointsInternal
                0x0000000002065fd0                UA_Client_getEndpoints
                0x00000000020660cc                UA_Client_findServers
                0x0000000002066238                UA_Client_findServersOnNetwork
                0x00000000020663a4                UA_Client_NamespaceGetIndex
                0x0000000002066584                UA_Client_forEachChildNodeCall
                0x0000000002066764                UA_Client_addReference
                0x0000000002066928                UA_Client_deleteReference
                0x0000000002066ae4                UA_Client_deleteNode
                0x0000000002066c18                __UA_Client_addNode
                0x0000000002066e5c                UA_Client_call
                0x0000000002067000                __UA_Client_writeAttribute
                0x000000000206718c                UA_Client_writeArrayDimensionsAttribute
                0x00000000020672d8                __UA_Client_readAttribute
                0x0000000002067644                UA_Client_readArrayDimensionsAttribute
                0x0000000002067a14                __UA_Client_readAttribute_async
                0x0000000002067bd8                __UA_Client_writeAttribute_async
                0x0000000002067d18                __UA_Client_addNode_async
                0x0000000002067e9c                __UA_Client_call_async
                0x0000000002067f98                __UA_Client_translateBrowsePathsToNodeIds_async
                0x00000000020682e4                UA_Client_Subscriptions_create
                0x00000000020683f0                UA_Client_Subscriptions_create_async
                0x0000000002068628                UA_Client_Subscriptions_modify
                0x0000000002068714                UA_Client_Subscriptions_modify_async
                0x0000000002068f14                UA_Client_Subscriptions_delete_async
                0x000000000206907c                UA_Client_Subscriptions_delete
                0x0000000002069204                UA_Client_Subscriptions_deleteSingle
                0x00000000020692e4                UA_Client_MonitoredItem_remove
                0x000000000206a004                UA_Client_MonitoredItems_createDataChanges
                0x000000000206a080                UA_Client_MonitoredItems_createDataChanges_async
                0x000000000206a110                UA_Client_MonitoredItems_createDataChange
                0x000000000206a294                UA_Client_MonitoredItems_createEvents
                0x000000000206a310                UA_Client_MonitoredItems_createEvents_async
                0x000000000206a3a0                UA_Client_MonitoredItems_createEvent
                0x000000000206a764                UA_Client_MonitoredItems_delete
                0x000000000206a814                UA_Client_MonitoredItems_delete_async
                0x000000000206a8fc                UA_Client_MonitoredItems_deleteSingle
                0x000000000206a9e8                UA_Client_MonitoredItems_modify
                0x000000000206ab88                UA_Client_preparePublishRequest
                0x000000000206b144                UA_Client_Subscriptions_processPublishResponse
                0x000000000206b64c                UA_Client_Subscriptions_clean
                0x000000000206b728                UA_Client_Subscriptions_backgroundPublishInactivityCheck
                0x000000000206b92c                UA_Client_Subscriptions_backgroundPublish
                0x000000000206ba5c                __secs_to_tm
                0x000000000206c308                __tm_to_secs
                0x000000000206c5e8                pcg32_srandom_r
                0x000000000206c6b0                pcg32_random_r
                0x000000000206c800                UA_base64
                0x000000000206cb50                UA_unbase64
                0x00000000020ed778                namespace0_generated
                0x00000000020f5034                UA_Guid_parse
                0x00000000020f567c                UA_NodeId_parse
                0x00000000020f5fc4                UA_ExpandedNodeId_parse
                0x00000000020f6cc0                UA_RelativePath_parse
                0x00000000020f6d28                UA_DiscoveryManager_init
                0x00000000020f6d78                UA_DiscoveryManager_deleteMembers
                0x00000000020f6ec4                UA_Subscription_new
                0x00000000020f6f70                UA_Subscription_deleteMembers
                0x00000000020f7344                UA_Subscription_getMonitoredItem
                0x00000000020f73a8                UA_Subscription_deleteMonitoredItem
                0x00000000020f75e4                UA_Subscription_addMonitoredItem
                0x00000000020f79c0                UA_Subscription_removeRetransmissionMessage
                0x00000000020f7e78                UA_Subscription_publish
                0x00000000020f85d8                UA_Subscription_reachedPublishReqLimit
                0x00000000020f87c4                Subscription_registerPublishCallback
                0x00000000020f887c                Subscription_unregisterPublishCallback
                0x00000000020f88e8                UA_Subscription_answerPublishRequestsNoSubscription
                0x00000000020f89bc                UA_Notification_enqueue
                0x00000000020f8ac4                UA_Notification_dequeue
                0x00000000020f8be0                UA_Notification_delete
                0x00000000020f8c24                UA_MonitoredItem_init
                0x00000000020f8c88                UA_MonitoredItem_delete
                0x00000000020f8e88                UA_MonitoredItem_ensureQueueSpace
                0x00000000020f91c8                UA_MonitoredItem_registerSampleCallback
                0x00000000020f9274                UA_MonitoredItem_unregisterSampleCallback
                0x00000000020fa1a8                UA_MonitoredItem_sampleCallback
                0x00000000020fa1e4                monitoredItem_sampleCallback
                0x00000000020fa500                UA_Log_Stdout_log
                0x00000000020fa6bc                UA_Log_Stdout_clear
                0x00000000020fabf4                UA_AccessControl_default
                0x00000000020fb06c                UA_CertificateVerification_AcceptAll
                0x00000000020fb29c                NodeTree_ZIP_INSERT
                0x00000000020fb538                NodeTree_ZIP_REMOVE
                0x00000000020fb620                NodeTree_ZIP_FIND
                0x00000000020fb660                NodeTree_ZIP_MIN
                0x00000000020fb6b8                NodeTree_ZIP_MAX
                0x00000000020fb790                NodeTree_ZIP_ITER
                0x00000000020fc138                UA_Nodestore_ZipTree
                0x00000000020fd354                UA_Nodestore_HashMap
                0x00000000020fd588                UA_Server_new
                0x00000000020fda98                UA_ServerConfig_setBasics
                0x00000000020fdb3c                UA_ServerConfig_addNetworkLayerTCP
                0x00000000020fdcc0                UA_ServerConfig_addSecurityPolicyNone
                0x00000000020fddd8                UA_ServerConfig_addEndpoint
                0x00000000020fdf2c                UA_ServerConfig_addAllEndpoints
                0x00000000020fe138                UA_ServerConfig_setMinimalCustomBuffer
                0x00000000020fe2b0                UA_Client_new
                0x00000000020fe308                UA_ClientConfig_setDefault
                0x00000000020fe8dc                UA_SecurityPolicy_None
                0x00000000020ffd2c                UA_PubSubTransportLayerUDPMP
                0x00000000020ffd9c                UA_DateTime_now
                0x00000000020fff04                UA_DateTime_localTimeUtcOffset
                0x00000000020fff38                UA_DateTime_nowMonotonic
                0x00000000020ffff4                UA_socket_set_blocking
                0x0000000002100044                UA_socket_set_nonblocking
                0x0000000002100098                gethostname_lwip
                0x00000000021000c0                UA_initialize_architecture_network
                0x00000000021000e0                UA_deinitialize_architecture_network
                0x00000000021017ac                UA_ServerNetworkLayerTCP
                0x00000000021019dc                UA_ClientConnectionTCP_poll
                0x0000000002101f20                UA_ClientConnectionTCP_init
                0x00000000021022f8                UA_ClientConnectionTCP
 .text          0x0000000002102e48        0x0 c:/altera/18.1/nios2eds/bin/gnu/h-x86_64-mingw32/bin/../lib/gcc/nios2-elf/5.3.0/../../../../../H-x86_64-mingw32/nios2-elf/lib\libm.a(lib_a-s_signbit.o)
 .text.__signbitf
                0x0000000002102e48        0x8 c:/altera/18.1/nios2eds/bin/gnu/h-x86_64-mingw32/bin/../lib/gcc/nios2-elf/5.3.0/../../../../../H-x86_64-mingw32/nios2-elf/lib\libm.a(lib_a-s_signbit.o)
                0x0000000002102e48                __signbitf
 .text.__signbitd
                0x0000000002102e50        0x8 c:/altera/18.1/nios2eds/bin/gnu/h-x86_64-mingw32/bin/../lib/gcc/nios2-elf/5.3.0/../../../../../H-x86_64-mingw32/nios2-elf/lib\libm.a(lib_a-s_signbit.o)
                0x0000000002102e50                __signbitd
 .text          0x0000000002102e58       0x60 c:/altera/18.1/nios2eds/bin/gnu/h-x86_64-mingw32/bin/../lib/gcc/nios2-elf/5.3.0\libgcc.a(_muldi3.o)
                0x0000000002102e58                __muldi3
 .text          0x0000000002102eb8       0x74 c:/altera/18.1/nios2eds/bin/gnu/h-x86_64-mingw32/bin/../lib/gcc/nios2-elf/5.3.0\libgcc.a(_fixunsdfsi.o)
                0x0000000002102eb8                __fixunsdfsi
 .text          0x0000000002102f2c       0x74 c:/altera/18.1/nios2eds/bin/gnu/h-x86_64-mingw32/bin/../lib/gcc/nios2-elf/5.3.0\libgcc.a(_fixdfdi.o)
                0x0000000002102f2c                __fixdfdi
 .text          0x0000000002102fa0       0x90 c:/altera/18.1/nios2eds/bin/gnu/h-x86_64-mingw32/bin/../lib/gcc/nios2-elf/5.3.0\libgcc.a(_fixunsdfdi.o)
                0x0000000002102fa0                __fixunsdfdi
 .text          0x0000000002103030       0xc4 c:/altera/18.1/nios2eds/bin/gnu/h-x86_64-mingw32/bin/../lib/gcc/nios2-elf/5.3.0\libgcc.a(_floatdisf.o)
                0x0000000002103030                __floatdisf
 .text          0x00000000021030f4       0x70 c:/altera/18.1/nios2eds/bin/gnu/h-x86_64-mingw32/bin/../lib/gcc/nios2-elf/5.3.0\libgcc.a(_floatdidf.o)
                0x00000000021030f4                __floatdidf
 .text          0x0000000002103164       0x70 c:/altera/18.1/nios2eds/bin/gnu/h-x86_64-mingw32/bin/../lib/gcc/nios2-elf/5.3.0\libgcc.a(_floatundidf.o)
                0x0000000002103164                __floatundidf
 .text          0x00000000021031d4      0x5c8 c:/altera/18.1/nios2eds/bin/gnu/h-x86_64-mingw32/bin/../lib/gcc/nios2-elf/5.3.0\libgcc.a(_divdi3.o)
                0x00000000021031d4                __divdi3
 .text          0x000000000210379c      0x590 c:/altera/18.1/nios2eds/bin/gnu/h-x86_64-mingw32/bin/../lib/gcc/nios2-elf/5.3.0\libgcc.a(_moddi3.o)
                0x000000000210379c                __moddi3
 .text          0x0000000002103d2c      0x1b4 c:/altera/18.1/nios2eds/bin/gnu/h-x86_64-mingw32/bin/../lib/gcc/nios2-elf/5.3.0\libgcc.a(lib2-divmod.o)
                0x0000000002103d2c                __divsi3
                0x0000000002103db0                __modsi3
                0x0000000002103e24                __udivsi3
                0x0000000002103e88                __umodsi3
 .text          0x0000000002103ee0      0x4c8 c:/altera/18.1/nios2eds/bin/gnu/h-x86_64-mingw32/bin/../lib/gcc/nios2-elf/5.3.0\libgcc.a(addsf3.o)
                0x0000000002103ee0                __addsf3
 .text          0x00000000021043a8      0x440 c:/altera/18.1/nios2eds/bin/gnu/h-x86_64-mingw32/bin/../lib/gcc/nios2-elf/5.3.0\libgcc.a(divsf3.o)
                0x00000000021043a8                __divsf3
 .text          0x00000000021047e8       0x78 c:/altera/18.1/nios2eds/bin/gnu/h-x86_64-mingw32/bin/../lib/gcc/nios2-elf/5.3.0\libgcc.a(eqsf2.o)
                0x00000000021047e8                __eqsf2
                0x00000000021047e8                __nesf2
 .text          0x0000000002104860       0xbc c:/altera/18.1/nios2eds/bin/gnu/h-x86_64-mingw32/bin/../lib/gcc/nios2-elf/5.3.0\libgcc.a(gesf2.o)
                0x0000000002104860                __gesf2
                0x0000000002104860                __gtsf2
 .text          0x000000000210491c      0x8ac c:/altera/18.1/nios2eds/bin/gnu/h-x86_64-mingw32/bin/../lib/gcc/nios2-elf/5.3.0\libgcc.a(adddf3.o)
                0x000000000210491c                __adddf3
 .text          0x00000000021051c8      0x8e8 c:/altera/18.1/nios2eds/bin/gnu/h-x86_64-mingw32/bin/../lib/gcc/nios2-elf/5.3.0\libgcc.a(divdf3.o)
                0x00000000021051c8                __divdf3
 .text          0x0000000002105ab0       0x88 c:/altera/18.1/nios2eds/bin/gnu/h-x86_64-mingw32/bin/../lib/gcc/nios2-elf/5.3.0\libgcc.a(eqdf2.o)
                0x0000000002105ab0                __nedf2
                0x0000000002105ab0                __eqdf2
 .text          0x0000000002105b38       0xdc c:/altera/18.1/nios2eds/bin/gnu/h-x86_64-mingw32/bin/../lib/gcc/nios2-elf/5.3.0\libgcc.a(gedf2.o)
                0x0000000002105b38                __gedf2
                0x0000000002105b38                __gtdf2
 .text          0x0000000002105c14       0xf4 c:/altera/18.1/nios2eds/bin/gnu/h-x86_64-mingw32/bin/../lib/gcc/nios2-elf/5.3.0\libgcc.a(ledf2.o)
                0x0000000002105c14                __ledf2
                0x0000000002105c14                __ltdf2
 .text          0x0000000002105d08      0x718 c:/altera/18.1/nios2eds/bin/gnu/h-x86_64-mingw32/bin/../lib/gcc/nios2-elf/5.3.0\libgcc.a(muldf3.o)
                0x0000000002105d08                __muldf3
 .text          0x0000000002106420      0x8fc c:/altera/18.1/nios2eds/bin/gnu/h-x86_64-mingw32/bin/../lib/gcc/nios2-elf/5.3.0\libgcc.a(subdf3.o)
                0x0000000002106420                __subdf3
 .text          0x0000000002106d1c       0x80 c:/altera/18.1/nios2eds/bin/gnu/h-x86_64-mingw32/bin/../lib/gcc/nios2-elf/5.3.0\libgcc.a(fixdfsi.o)
                0x0000000002106d1c                __fixdfsi
 .text          0x0000000002106d9c       0xdc c:/altera/18.1/nios2eds/bin/gnu/h-x86_64-mingw32/bin/../lib/gcc/nios2-elf/5.3.0\libgcc.a(floatsidf.o)
                0x0000000002106d9c                __floatsidf
 .text          0x0000000002106e78       0xa8 c:/altera/18.1/nios2eds/bin/gnu/h-x86_64-mingw32/bin/../lib/gcc/nios2-elf/5.3.0\libgcc.a(floatunsidf.o)
                0x0000000002106e78                __floatunsidf
 .text          0x0000000002106f20      0x110 c:/altera/18.1/nios2eds/bin/gnu/h-x86_64-mingw32/bin/../lib/gcc/nios2-elf/5.3.0\libgcc.a(extendsfdf2.o)
                0x0000000002106f20                __extendsfdf2
 .text          0x0000000002107030      0x1a8 c:/altera/18.1/nios2eds/bin/gnu/h-x86_64-mingw32/bin/../lib/gcc/nios2-elf/5.3.0\libgcc.a(truncdfsf2.o)
                0x0000000002107030                __truncdfsf2
 .text          0x00000000021071d8        0x0 c:/altera/18.1/nios2eds/bin/gnu/h-x86_64-mingw32/bin/../lib/gcc/nios2-elf/5.3.0\libgcc.a(_clz.o)
 .text          0x00000000021071d8       0x64 c:/altera/18.1/nios2eds/bin/gnu/h-x86_64-mingw32/bin/../lib/gcc/nios2-elf/5.3.0\libgcc.a(_clzsi2.o)
                0x00000000021071d8                __clzsi2
 .text          0x000000000210723c        0x0 c:/altera/18.1/nios2eds/bin/gnu/h-x86_64-mingw32/bin/../lib/gcc/nios2-elf/5.3.0/../../../../../H-x86_64-mingw32/nios2-elf/lib\libc.a(lib_a-assert.o)
 .text.__assert_func
                0x000000000210723c       0x68 c:/altera/18.1/nios2eds/bin/gnu/h-x86_64-mingw32/bin/../lib/gcc/nios2-elf/5.3.0/../../../../../H-x86_64-mingw32/nios2-elf/lib\libc.a(lib_a-assert.o)
                0x000000000210723c                __assert_func
 .text.__assert
                0x00000000021072a4       0x14 c:/altera/18.1/nios2eds/bin/gnu/h-x86_64-mingw32/bin/../lib/gcc/nios2-elf/5.3.0/../../../../../H-x86_64-mingw32/nios2-elf/lib\libc.a(lib_a-assert.o)
                0x00000000021072a4                __assert
 .text          0x00000000021072b8        0x0 c:/altera/18.1/nios2eds/bin/gnu/h-x86_64-mingw32/bin/../lib/gcc/nios2-elf/5.3.0/../../../../../H-x86_64-mingw32/nios2-elf/lib\libc.a(lib_a-calloc.o)
 .text.calloc   0x00000000021072b8       0x18 c:/altera/18.1/nios2eds/bin/gnu/h-x86_64-mingw32/bin/../lib/gcc/nios2-elf/5.3.0/../../../../../H-x86_64-mingw32/nios2-elf/lib\libc.a(lib_a-calloc.o)
                0x00000000021072b8                calloc
 .text          0x00000000021072d0        0x0 c:/altera/18.1/nios2eds/bin/gnu/h-x86_64-mingw32/bin/../lib/gcc/nios2-elf/5.3.0/../../../../../H-x86_64-mingw32/nios2-elf/lib\libc.a(lib_a-callocr.o)
 .text._calloc_r
                0x00000000021072d0       0xc4 c:/altera/18.1/nios2eds/bin/gnu/h-x86_64-mingw32/bin/../lib/gcc/nios2-elf/5.3.0/../../../../../H-x86_64-mingw32/nios2-elf/lib\libc.a(lib_a-callocr.o)
                0x00000000021072d0                _calloc_r
 .text          0x0000000002107394        0x0 c:/altera/18.1/nios2eds/bin/gnu/h-x86_64-mingw32/bin/../lib/gcc/nios2-elf/5.3.0/../../../../../H-x86_64-mingw32/nios2-elf/lib\libc.a(lib_a-errno.o)
 .text.__errno  0x0000000002107394       0x10 c:/altera/18.1/nios2eds/bin/gnu/h-x86_64-mingw32/bin/../lib/gcc/nios2-elf/5.3.0/../../../../../H-x86_64-mingw32/nios2-elf/lib\libc.a(lib_a-errno.o)
                0x0000000002107394                __errno
 .text          0x00000000021073a4        0x0 c:/altera/18.1/nios2eds/bin/gnu/h-x86_64-mingw32/bin/../lib/gcc/nios2-elf/5.3.0/../../../../../H-x86_64-mingw32/nios2-elf/lib\libc.a(lib_a-fflush.o)
 .text.__sflush_r
                0x00000000021073a4      0x21c c:/altera/18.1/nios2eds/bin/gnu/h-x86_64-mingw32/bin/../lib/gcc/nios2-elf/5.3.0/../../../../../H-x86_64-mingw32/nios2-elf/lib\libc.a(lib_a-fflush.o)
                0x00000000021073a4                __sflush_r
 .text._fflush_r
                0x00000000021075c0       0x5c c:/altera/18.1/nios2eds/bin/gnu/h-x86_64-mingw32/bin/../lib/gcc/nios2-elf/5.3.0/../../../../../H-x86_64-mingw32/nios2-elf/lib\libc.a(lib_a-fflush.o)
                0x00000000021075c0                _fflush_r
 .text.fflush   0x000000000210761c       0x30 c:/altera/18.1/nios2eds/bin/gnu/h-x86_64-mingw32/bin/../lib/gcc/nios2-elf/5.3.0/../../../../../H-x86_64-mingw32/nios2-elf/lib\libc.a(lib_a-fflush.o)
                0x000000000210761c                fflush
 .text          0x000000000210764c        0x0 c:/altera/18.1/nios2eds/bin/gnu/h-x86_64-mingw32/bin/../lib/gcc/nios2-elf/5.3.0/../../../../../H-x86_64-mingw32/nios2-elf/lib\libc.a(lib_a-findfp.o)
 .text.__fp_unlock
                0x000000000210764c        0x8 c:/altera/18.1/nios2eds/bin/gnu/h-x86_64-mingw32/bin/../lib/gcc/nios2-elf/5.3.0/../../../../../H-x86_64-mingw32/nios2-elf/lib\libc.a(lib_a-findfp.o)
 .text._cleanup_r
                0x0000000002107654        0xc c:/altera/18.1/nios2eds/bin/gnu/h-x86_64-mingw32/bin/../lib/gcc/nios2-elf/5.3.0/../../../../../H-x86_64-mingw32/nios2-elf/lib\libc.a(lib_a-findfp.o)
                0x0000000002107654                _cleanup_r
 .text.__sinit.part.1
                0x0000000002107660      0x19c c:/altera/18.1/nios2eds/bin/gnu/h-x86_64-mingw32/bin/../lib/gcc/nios2-elf/5.3.0/../../../../../H-x86_64-mingw32/nios2-elf/lib\libc.a(lib_a-findfp.o)
 .text.__fp_lock
                0x00000000021077fc        0x8 c:/altera/18.1/nios2eds/bin/gnu/h-x86_64-mingw32/bin/../lib/gcc/nios2-elf/5.3.0/../../../../../H-x86_64-mingw32/nios2-elf/lib\libc.a(lib_a-findfp.o)
 .text.__sfmoreglue
                0x0000000002107804       0x68 c:/altera/18.1/nios2eds/bin/gnu/h-x86_64-mingw32/bin/../lib/gcc/nios2-elf/5.3.0/../../../../../H-x86_64-mingw32/nios2-elf/lib\libc.a(lib_a-findfp.o)
                0x0000000002107804                __sfmoreglue
 .text.__sfp    0x000000000210786c      0x118 c:/altera/18.1/nios2eds/bin/gnu/h-x86_64-mingw32/bin/../lib/gcc/nios2-elf/5.3.0/../../../../../H-x86_64-mingw32/nios2-elf/lib\libc.a(lib_a-findfp.o)
                0x000000000210786c                __sfp
 .text._cleanup
                0x0000000002107984       0x18 c:/altera/18.1/nios2eds/bin/gnu/h-x86_64-mingw32/bin/../lib/gcc/nios2-elf/5.3.0/../../../../../H-x86_64-mingw32/nios2-elf/lib\libc.a(lib_a-findfp.o)
                0x0000000002107984                _cleanup
 .text.__sinit  0x000000000210799c       0x10 c:/altera/18.1/nios2eds/bin/gnu/h-x86_64-mingw32/bin/../lib/gcc/nios2-elf/5.3.0/../../../../../H-x86_64-mingw32/nios2-elf/lib\libc.a(lib_a-findfp.o)
                0x000000000210799c                __sinit
 .text.__sfp_lock_acquire
                0x00000000021079ac        0x4 c:/altera/18.1/nios2eds/bin/gnu/h-x86_64-mingw32/bin/../lib/gcc/nios2-elf/5.3.0/../../../../../H-x86_64-mingw32/nios2-elf/lib\libc.a(lib_a-findfp.o)
                0x00000000021079ac                __sfp_lock_acquire
 .text.__sfp_lock_release
                0x00000000021079b0        0x4 c:/altera/18.1/nios2eds/bin/gnu/h-x86_64-mingw32/bin/../lib/gcc/nios2-elf/5.3.0/../../../../../H-x86_64-mingw32/nios2-elf/lib\libc.a(lib_a-findfp.o)
                0x00000000021079b0                __sfp_lock_release
 .text.__sinit_lock_acquire
                0x00000000021079b4        0x4 c:/altera/18.1/nios2eds/bin/gnu/h-x86_64-mingw32/bin/../lib/gcc/nios2-elf/5.3.0/../../../../../H-x86_64-mingw32/nios2-elf/lib\libc.a(lib_a-findfp.o)
                0x00000000021079b4                __sinit_lock_acquire
 .text.__sinit_lock_release
                0x00000000021079b8        0x4 c:/altera/18.1/nios2eds/bin/gnu/h-x86_64-mingw32/bin/../lib/gcc/nios2-elf/5.3.0/../../../../../H-x86_64-mingw32/nios2-elf/lib\libc.a(lib_a-findfp.o)
                0x00000000021079b8                __sinit_lock_release
 .text.__fp_lock_all
                0x00000000021079bc       0x18 c:/altera/18.1/nios2eds/bin/gnu/h-x86_64-mingw32/bin/../lib/gcc/nios2-elf/5.3.0/../../../../../H-x86_64-mingw32/nios2-elf/lib\libc.a(lib_a-findfp.o)
                0x00000000021079bc                __fp_lock_all
 .text.__fp_unlock_all
                0x00000000021079d4       0x18 c:/altera/18.1/nios2eds/bin/gnu/h-x86_64-mingw32/bin/../lib/gcc/nios2-elf/5.3.0/../../../../../H-x86_64-mingw32/nios2-elf/lib\libc.a(lib_a-findfp.o)
                0x00000000021079d4                __fp_unlock_all
 .text          0x00000000021079ec        0x0 c:/altera/18.1/nios2eds/bin/gnu/h-x86_64-mingw32/bin/../lib/gcc/nios2-elf/5.3.0/../../../../../H-x86_64-mingw32/nios2-elf/lib\libc.a(lib_a-fiprintf.o)
 .text._fiprintf_r
                0x00000000021079ec       0x20 c:/altera/18.1/nios2eds/bin/gnu/h-x86_64-mingw32/bin/../lib/gcc/nios2-elf/5.3.0/../../../../../H-x86_64-mingw32/nios2-elf/lib\libc.a(lib_a-fiprintf.o)
                0x00000000021079ec                _fiprintf_r
 .text.fiprintf
                0x0000000002107a0c       0x3c c:/altera/18.1/nios2eds/bin/gnu/h-x86_64-mingw32/bin/../lib/gcc/nios2-elf/5.3.0/../../../../../H-x86_64-mingw32/nios2-elf/lib\libc.a(lib_a-fiprintf.o)
                0x0000000002107a0c                fiprintf
 .text          0x0000000002107a48        0x0 c:/altera/18.1/nios2eds/bin/gnu/h-x86_64-mingw32/bin/../lib/gcc/nios2-elf/5.3.0/../../../../../H-x86_64-mingw32/nios2-elf/lib\libc.a(lib_a-freer.o)
 .text._malloc_trim_r
                0x0000000002107a48      0x124 c:/altera/18.1/nios2eds/bin/gnu/h-x86_64-mingw32/bin/../lib/gcc/nios2-elf/5.3.0/../../../../../H-x86_64-mingw32/nios2-elf/lib\libc.a(lib_a-freer.o)
                0x0000000002107a48                _malloc_trim_r
 .text._free_r  0x0000000002107b6c      0x310 c:/altera/18.1/nios2eds/bin/gnu/h-x86_64-mingw32/bin/../lib/gcc/nios2-elf/5.3.0/../../../../../H-x86_64-mingw32/nios2-elf/lib\libc.a(lib_a-freer.o)
                0x0000000002107b6c                _free_r
 .text          0x0000000002107e7c        0x0 c:/altera/18.1/nios2eds/bin/gnu/h-x86_64-mingw32/bin/../lib/gcc/nios2-elf/5.3.0/../../../../../H-x86_64-mingw32/nios2-elf/lib\libc.a(lib_a-fwalk.o)
 .text._fwalk   0x0000000002107e7c       0xc4 c:/altera/18.1/nios2eds/bin/gnu/h-x86_64-mingw32/bin/../lib/gcc/nios2-elf/5.3.0/../../../../../H-x86_64-mingw32/nios2-elf/lib\libc.a(lib_a-fwalk.o)
                0x0000000002107e7c                _fwalk
 .text._fwalk_reent
                0x0000000002107f40       0xc4 c:/altera/18.1/nios2eds/bin/gnu/h-x86_64-mingw32/bin/../lib/gcc/nios2-elf/5.3.0/../../../../../H-x86_64-mingw32/nios2-elf/lib\libc.a(lib_a-fwalk.o)
                0x0000000002107f40                _fwalk_reent
 .text          0x0000000002108004        0x0 c:/altera/18.1/nios2eds/bin/gnu/h-x86_64-mingw32/bin/../lib/gcc/nios2-elf/5.3.0/../../../../../H-x86_64-mingw32/nios2-elf/lib\libc.a(lib_a-impure.o)
 .text          0x0000000002108004        0x0 c:/altera/18.1/nios2eds/bin/gnu/h-x86_64-mingw32/bin/../lib/gcc/nios2-elf/5.3.0/../../../../../H-x86_64-mingw32/nios2-elf/lib\libc.a(lib_a-malloc.o)
 .text.malloc   0x0000000002108004       0x14 c:/altera/18.1/nios2eds/bin/gnu/h-x86_64-mingw32/bin/../lib/gcc/nios2-elf/5.3.0/../../../../../H-x86_64-mingw32/nios2-elf/lib\libc.a(lib_a-malloc.o)
                0x0000000002108004                malloc
 .text.free     0x0000000002108018       0x14 c:/altera/18.1/nios2eds/bin/gnu/h-x86_64-mingw32/bin/../lib/gcc/nios2-elf/5.3.0/../../../../../H-x86_64-mingw32/nios2-elf/lib\libc.a(lib_a-malloc.o)
                0x0000000002108018                free
 .text          0x000000000210802c        0x0 c:/altera/18.1/nios2eds/bin/gnu/h-x86_64-mingw32/bin/../lib/gcc/nios2-elf/5.3.0/../../../../../H-x86_64-mingw32/nios2-elf/lib\libc.a(lib_a-mallocr.o)
 .text._malloc_r
                0x000000000210802c      0x80c c:/altera/18.1/nios2eds/bin/gnu/h-x86_64-mingw32/bin/../lib/gcc/nios2-elf/5.3.0/../../../../../H-x86_64-mingw32/nios2-elf/lib\libc.a(lib_a-mallocr.o)
                0x000000000210802c                _malloc_r
 .text          0x0000000002108838        0x0 c:/altera/18.1/nios2eds/bin/gnu/h-x86_64-mingw32/bin/../lib/gcc/nios2-elf/5.3.0/../../../../../H-x86_64-mingw32/nios2-elf/lib\libc.a(lib_a-memcmp.o)
 .text.memcmp   0x0000000002108838       0x7c c:/altera/18.1/nios2eds/bin/gnu/h-x86_64-mingw32/bin/../lib/gcc/nios2-elf/5.3.0/../../../../../H-x86_64-mingw32/nios2-elf/lib\libc.a(lib_a-memcmp.o)
                0x0000000002108838                memcmp
 .text          0x00000000021088b4        0x0 c:/altera/18.1/nios2eds/bin/gnu/h-x86_64-mingw32/bin/../lib/gcc/nios2-elf/5.3.0/../../../../../H-x86_64-mingw32/nios2-elf/lib\libc.a(lib_a-memcpy.o)
 .text.memcpy   0x00000000021088b4      0x148 c:/altera/18.1/nios2eds/bin/gnu/h-x86_64-mingw32/bin/../lib/gcc/nios2-elf/5.3.0/../../../../../H-x86_64-mingw32/nios2-elf/lib\libc.a(lib_a-memcpy.o)
                0x00000000021088b4                memcpy
 .text          0x00000000021089fc        0x0 c:/altera/18.1/nios2eds/bin/gnu/h-x86_64-mingw32/bin/../lib/gcc/nios2-elf/5.3.0/../../../../../H-x86_64-mingw32/nios2-elf/lib\libc.a(lib_a-memmove.o)
 .text.memmove  0x00000000021089fc      0x15c c:/altera/18.1/nios2eds/bin/gnu/h-x86_64-mingw32/bin/../lib/gcc/nios2-elf/5.3.0/../../../../../H-x86_64-mingw32/nios2-elf/lib\libc.a(lib_a-memmove.o)
                0x00000000021089fc                memmove
 .text          0x0000000002108b58        0x0 c:/altera/18.1/nios2eds/bin/gnu/h-x86_64-mingw32/bin/../lib/gcc/nios2-elf/5.3.0/../../../../../H-x86_64-mingw32/nios2-elf/lib\libc.a(lib_a-memset.o)
 .text.memset   0x0000000002108b58      0x128 c:/altera/18.1/nios2eds/bin/gnu/h-x86_64-mingw32/bin/../lib/gcc/nios2-elf/5.3.0/../../../../../H-x86_64-mingw32/nios2-elf/lib\libc.a(lib_a-memset.o)
                0x0000000002108b58                memset
 .text          0x0000000002108c80        0x0 c:/altera/18.1/nios2eds/bin/gnu/h-x86_64-mingw32/bin/../lib/gcc/nios2-elf/5.3.0/../../../../../H-x86_64-mingw32/nios2-elf/lib\libc.a(lib_a-printf.o)
 .text._printf_r
                0x0000000002108c80       0x30 c:/altera/18.1/nios2eds/bin/gnu/h-x86_64-mingw32/bin/../lib/gcc/nios2-elf/5.3.0/../../../../../H-x86_64-mingw32/nios2-elf/lib\libc.a(lib_a-printf.o)
                0x0000000002108c80                _printf_r
 .text.printf   0x0000000002108cb0       0x3c c:/altera/18.1/nios2eds/bin/gnu/h-x86_64-mingw32/bin/../lib/gcc/nios2-elf/5.3.0/../../../../../H-x86_64-mingw32/nios2-elf/lib\libc.a(lib_a-printf.o)
                0x0000000002108cb0                printf
 .text          0x0000000002108cec        0x0 c:/altera/18.1/nios2eds/bin/gnu/h-x86_64-mingw32/bin/../lib/gcc/nios2-elf/5.3.0/../../../../../H-x86_64-mingw32/nios2-elf/lib\libc.a(lib_a-putchar.o)
 .text._putchar_r
                0x0000000002108cec        0x8 c:/altera/18.1/nios2eds/bin/gnu/h-x86_64-mingw32/bin/../lib/gcc/nios2-elf/5.3.0/../../../../../H-x86_64-mingw32/nios2-elf/lib\libc.a(lib_a-putchar.o)
                0x0000000002108cec                _putchar_r
 .text.putchar  0x0000000002108cf4       0x18 c:/altera/18.1/nios2eds/bin/gnu/h-x86_64-mingw32/bin/../lib/gcc/nios2-elf/5.3.0/../../../../../H-x86_64-mingw32/nios2-elf/lib\libc.a(lib_a-putchar.o)
                0x0000000002108cf4                putchar
 .text          0x0000000002108d0c        0x0 c:/altera/18.1/nios2eds/bin/gnu/h-x86_64-mingw32/bin/../lib/gcc/nios2-elf/5.3.0/../../../../../H-x86_64-mingw32/nios2-elf/lib\libc.a(lib_a-puts.o)
 .text._puts_r  0x0000000002108d0c       0xc0 c:/altera/18.1/nios2eds/bin/gnu/h-x86_64-mingw32/bin/../lib/gcc/nios2-elf/5.3.0/../../../../../H-x86_64-mingw32/nios2-elf/lib\libc.a(lib_a-puts.o)
                0x0000000002108d0c                _puts_r
 .text.puts     0x0000000002108dcc       0x14 c:/altera/18.1/nios2eds/bin/gnu/h-x86_64-mingw32/bin/../lib/gcc/nios2-elf/5.3.0/../../../../../H-x86_64-mingw32/nios2-elf/lib\libc.a(lib_a-puts.o)
                0x0000000002108dcc                puts
 .text          0x0000000002108de0        0x0 c:/altera/18.1/nios2eds/bin/gnu/h-x86_64-mingw32/bin/../lib/gcc/nios2-elf/5.3.0/../../../../../H-x86_64-mingw32/nios2-elf/lib\libc.a(lib_a-realloc.o)
 .text.realloc  0x0000000002108de0       0x18 c:/altera/18.1/nios2eds/bin/gnu/h-x86_64-mingw32/bin/../lib/gcc/nios2-elf/5.3.0/../../../../../H-x86_64-mingw32/nios2-elf/lib\libc.a(lib_a-realloc.o)
                0x0000000002108de0                realloc
 .text          0x0000000002108df8        0x0 c:/altera/18.1/nios2eds/bin/gnu/h-x86_64-mingw32/bin/../lib/gcc/nios2-elf/5.3.0/../../../../../H-x86_64-mingw32/nios2-elf/lib\libc.a(lib_a-reallocr.o)
 .text._realloc_r
                0x0000000002108df8      0x564 c:/altera/18.1/nios2eds/bin/gnu/h-x86_64-mingw32/bin/../lib/gcc/nios2-elf/5.3.0/../../../../../H-x86_64-mingw32/nios2-elf/lib\libc.a(lib_a-reallocr.o)
                0x0000000002108df8                _realloc_r
 .text          0x000000000210935c        0x0 c:/altera/18.1/nios2eds/bin/gnu/h-x86_64-mingw32/bin/../lib/gcc/nios2-elf/5.3.0/../../../../../H-x86_64-mingw32/nios2-elf/lib\libc.a(lib_a-sbrkr.o)
 .text._sbrk_r  0x000000000210935c       0x54 c:/altera/18.1/nios2eds/bin/gnu/h-x86_64-mingw32/bin/../lib/gcc/nios2-elf/5.3.0/../../../../../H-x86_64-mingw32/nios2-elf/lib\libc.a(lib_a-sbrkr.o)
                0x000000000210935c                _sbrk_r
 .text          0x00000000021093b0        0x0 c:/altera/18.1/nios2eds/bin/gnu/h-x86_64-mingw32/bin/../lib/gcc/nios2-elf/5.3.0/../../../../../H-x86_64-mingw32/nios2-elf/lib\libc.a(lib_a-snprintf.o)
 .text._snprintf_r
                0x00000000021093b0       0xd8 c:/altera/18.1/nios2eds/bin/gnu/h-x86_64-mingw32/bin/../lib/gcc/nios2-elf/5.3.0/../../../../../H-x86_64-mingw32/nios2-elf/lib\libc.a(lib_a-snprintf.o)
                0x00000000021093b0                _snprintf_r
 .text.snprintf
                0x0000000002109488       0xe4 c:/altera/18.1/nios2eds/bin/gnu/h-x86_64-mingw32/bin/../lib/gcc/nios2-elf/5.3.0/../../../../../H-x86_64-mingw32/nios2-elf/lib\libc.a(lib_a-snprintf.o)
                0x0000000002109488                snprintf
 .text          0x000000000210956c        0x0 c:/altera/18.1/nios2eds/bin/gnu/h-x86_64-mingw32/bin/../lib/gcc/nios2-elf/5.3.0/../../../../../H-x86_64-mingw32/nios2-elf/lib\libc.a(lib_a-sprintf.o)
 .text._sprintf_r
                0x000000000210956c       0x58 c:/altera/18.1/nios2eds/bin/gnu/h-x86_64-mingw32/bin/../lib/gcc/nios2-elf/5.3.0/../../../../../H-x86_64-mingw32/nios2-elf/lib\libc.a(lib_a-sprintf.o)
                0x000000000210956c                _sprintf_r
 .text.sprintf  0x00000000021095c4       0x6c c:/altera/18.1/nios2eds/bin/gnu/h-x86_64-mingw32/bin/../lib/gcc/nios2-elf/5.3.0/../../../../../H-x86_64-mingw32/nios2-elf/lib\libc.a(lib_a-sprintf.o)
                0x00000000021095c4                sprintf
 .text          0x0000000002109630        0x0 c:/altera/18.1/nios2eds/bin/gnu/h-x86_64-mingw32/bin/../lib/gcc/nios2-elf/5.3.0/../../../../../H-x86_64-mingw32/nios2-elf/lib\libc.a(lib_a-stdio.o)
 .text.__sread  0x0000000002109630       0x54 c:/altera/18.1/nios2eds/bin/gnu/h-x86_64-mingw32/bin/../lib/gcc/nios2-elf/5.3.0/../../../../../H-x86_64-mingw32/nios2-elf/lib\libc.a(lib_a-stdio.o)
                0x0000000002109630                __sread
 .text.__seofread
                0x0000000002109684        0x8 c:/altera/18.1/nios2eds/bin/gnu/h-x86_64-mingw32/bin/../lib/gcc/nios2-elf/5.3.0/../../../../../H-x86_64-mingw32/nios2-elf/lib\libc.a(lib_a-stdio.o)
                0x0000000002109684                __seofread
 .text.__swrite
                0x000000000210968c       0x7c c:/altera/18.1/nios2eds/bin/gnu/h-x86_64-mingw32/bin/../lib/gcc/nios2-elf/5.3.0/../../../../../H-x86_64-mingw32/nios2-elf/lib\libc.a(lib_a-stdio.o)
                0x000000000210968c                __swrite
 .text.__sseek  0x0000000002109708       0x5c c:/altera/18.1/nios2eds/bin/gnu/h-x86_64-mingw32/bin/../lib/gcc/nios2-elf/5.3.0/../../../../../H-x86_64-mingw32/nios2-elf/lib\libc.a(lib_a-stdio.o)
                0x0000000002109708                __sseek
 .text.__sclose
                0x0000000002109764        0x8 c:/altera/18.1/nios2eds/bin/gnu/h-x86_64-mingw32/bin/../lib/gcc/nios2-elf/5.3.0/../../../../../H-x86_64-mingw32/nios2-elf/lib\libc.a(lib_a-stdio.o)
                0x0000000002109764                __sclose
 .text          0x000000000210976c        0x0 c:/altera/18.1/nios2eds/bin/gnu/h-x86_64-mingw32/bin/../lib/gcc/nios2-elf/5.3.0/../../../../../H-x86_64-mingw32/nios2-elf/lib\libc.a(lib_a-strcmp.o)
 .text.strcmp   0x000000000210976c       0xdc c:/altera/18.1/nios2eds/bin/gnu/h-x86_64-mingw32/bin/../lib/gcc/nios2-elf/5.3.0/../../../../../H-x86_64-mingw32/nios2-elf/lib\libc.a(lib_a-strcmp.o)
                0x000000000210976c                strcmp
 .text          0x0000000002109848        0x0 c:/altera/18.1/nios2eds/bin/gnu/h-x86_64-mingw32/bin/../lib/gcc/nios2-elf/5.3.0/../../../../../H-x86_64-mingw32/nios2-elf/lib\libc.a(lib_a-strerror.o)
 .text._strerror_r
                0x0000000002109848      0x65c c:/altera/18.1/nios2eds/bin/gnu/h-x86_64-mingw32/bin/../lib/gcc/nios2-elf/5.3.0/../../../../../H-x86_64-mingw32/nios2-elf/lib\libc.a(lib_a-strerror.o)
                0x0000000002109848                _strerror_r
 .text.strerror
                0x0000000002109ea4       0x1c c:/altera/18.1/nios2eds/bin/gnu/h-x86_64-mingw32/bin/../lib/gcc/nios2-elf/5.3.0/../../../../../H-x86_64-mingw32/nios2-elf/lib\libc.a(lib_a-strerror.o)
                0x0000000002109ea4                strerror
 .text          0x0000000002109ec0        0x0 c:/altera/18.1/nios2eds/bin/gnu/h-x86_64-mingw32/bin/../lib/gcc/nios2-elf/5.3.0/../../../../../H-x86_64-mingw32/nios2-elf/lib\libc.a(lib_a-strlen.o)
 .text.strlen   0x0000000002109ec0       0x98 c:/altera/18.1/nios2eds/bin/gnu/h-x86_64-mingw32/bin/../lib/gcc/nios2-elf/5.3.0/../../../../../H-x86_64-mingw32/nios2-elf/lib\libc.a(lib_a-strlen.o)
                0x0000000002109ec0                strlen
 .text          0x0000000002109f58        0x0 c:/altera/18.1/nios2eds/bin/gnu/h-x86_64-mingw32/bin/../lib/gcc/nios2-elf/5.3.0/../../../../../H-x86_64-mingw32/nios2-elf/lib\libc.a(lib_a-strncmp.o)
 .text.strncmp  0x0000000002109f58       0xd0 c:/altera/18.1/nios2eds/bin/gnu/h-x86_64-mingw32/bin/../lib/gcc/nios2-elf/5.3.0/../../../../../H-x86_64-mingw32/nios2-elf/lib\libc.a(lib_a-strncmp.o)
                0x0000000002109f58                strncmp
 .text          0x000000000210a028        0x0 c:/altera/18.1/nios2eds/bin/gnu/h-x86_64-mingw32/bin/../lib/gcc/nios2-elf/5.3.0/../../../../../H-x86_64-mingw32/nios2-elf/lib\libc.a(lib_a-svfprintf.o)
 .text.___svfprintf_internal_r
                0x000000000210a028     0x21d8 c:/altera/18.1/nios2eds/bin/gnu/h-x86_64-mingw32/bin/../lib/gcc/nios2-elf/5.3.0/../../../../../H-x86_64-mingw32/nios2-elf/lib\libc.a(lib_a-svfprintf.o)
                0x000000000210a028                ___svfprintf_internal_r
 .text          0x000000000210c200        0x0 c:/altera/18.1/nios2eds/bin/gnu/h-x86_64-mingw32/bin/../lib/gcc/nios2-elf/5.3.0/../../../../../H-x86_64-mingw32/nios2-elf/lib\libc.a(lib_a-u_strerr.o)
 .text._user_strerror
                0x000000000210c200        0x8 c:/altera/18.1/nios2eds/bin/gnu/h-x86_64-mingw32/bin/../lib/gcc/nios2-elf/5.3.0/../../../../../H-x86_64-mingw32/nios2-elf/lib\libc.a(lib_a-u_strerr.o)
                0x000000000210c200                _user_strerror
 .text          0x000000000210c208        0x0 c:/altera/18.1/nios2eds/bin/gnu/h-x86_64-mingw32/bin/../lib/gcc/nios2-elf/5.3.0/../../../../../H-x86_64-mingw32/nios2-elf/lib\libc.a(lib_a-vfiprintfr_1.o)
 .text._vfiprintf_r
                0x000000000210c208       0x18 c:/altera/18.1/nios2eds/bin/gnu/h-x86_64-mingw32/bin/../lib/gcc/nios2-elf/5.3.0/../../../../../H-x86_64-mingw32/nios2-elf/lib\libc.a(lib_a-vfiprintfr_1.o)
                0x000000000210c208                _vfiprintf_r
 .text          0x000000000210c220        0x0 c:/altera/18.1/nios2eds/bin/gnu/h-x86_64-mingw32/bin/../lib/gcc/nios2-elf/5.3.0/../../../../../H-x86_64-mingw32/nios2-elf/lib\libc.a(lib_a-vfprintf.o)
 .text.___vfprintf_internal_r
                0x000000000210c220     0x21f8 c:/altera/18.1/nios2eds/bin/gnu/h-x86_64-mingw32/bin/../lib/gcc/nios2-elf/5.3.0/../../../../../H-x86_64-mingw32/nios2-elf/lib\libc.a(lib_a-vfprintf.o)
                0x000000000210c220                ___vfprintf_internal_r
 .text.__vfprintf_internal
                0x000000000210e418       0x1c c:/altera/18.1/nios2eds/bin/gnu/h-x86_64-mingw32/bin/../lib/gcc/nios2-elf/5.3.0/../../../../../H-x86_64-mingw32/nios2-elf/lib\libc.a(lib_a-vfprintf.o)
                0x000000000210e418                __vfprintf_internal
 .text.__sbprintf
                0x000000000210e434       0xbc c:/altera/18.1/nios2eds/bin/gnu/h-x86_64-mingw32/bin/../lib/gcc/nios2-elf/5.3.0/../../../../../H-x86_64-mingw32/nios2-elf/lib\libc.a(lib_a-vfprintf.o)
 .text          0x000000000210e4f0        0x0 c:/altera/18.1/nios2eds/bin/gnu/h-x86_64-mingw32/bin/../lib/gcc/nios2-elf/5.3.0/../../../../../H-x86_64-mingw32/nios2-elf/lib\libc.a(lib_a-vprintf.o)
 .text.vprintf  0x000000000210e4f0       0x1c c:/altera/18.1/nios2eds/bin/gnu/h-x86_64-mingw32/bin/../lib/gcc/nios2-elf/5.3.0/../../../../../H-x86_64-mingw32/nios2-elf/lib\libc.a(lib_a-vprintf.o)
                0x000000000210e4f0                vprintf
 .text._vprintf_r
                0x000000000210e50c       0x10 c:/altera/18.1/nios2eds/bin/gnu/h-x86_64-mingw32/bin/../lib/gcc/nios2-elf/5.3.0/../../../../../H-x86_64-mingw32/nios2-elf/lib\libc.a(lib_a-vprintf.o)
                0x000000000210e50c                _vprintf_r
 .text          0x000000000210e51c        0x0 c:/altera/18.1/nios2eds/bin/gnu/h-x86_64-mingw32/bin/../lib/gcc/nios2-elf/5.3.0/../../../../../H-x86_64-mingw32/nios2-elf/lib\libc.a(lib_a-writer.o)
 .text._write_r
                0x000000000210e51c       0x60 c:/altera/18.1/nios2eds/bin/gnu/h-x86_64-mingw32/bin/../lib/gcc/nios2-elf/5.3.0/../../../../../H-x86_64-mingw32/nios2-elf/lib\libc.a(lib_a-writer.o)
                0x000000000210e51c                _write_r
 .text          0x000000000210e57c        0x0 c:/altera/18.1/nios2eds/bin/gnu/h-x86_64-mingw32/bin/../lib/gcc/nios2-elf/5.3.0/../../../../../H-x86_64-mingw32/nios2-elf/lib\libc.a(lib_a-wsetup.o)
 .text.__swsetup_r
                0x000000000210e57c      0x154 c:/altera/18.1/nios2eds/bin/gnu/h-x86_64-mingw32/bin/../lib/gcc/nios2-elf/5.3.0/../../../../../H-x86_64-mingw32/nios2-elf/lib\libc.a(lib_a-wsetup.o)
                0x000000000210e57c                __swsetup_r
 .text          0x000000000210e6d0        0x0 c:/altera/18.1/nios2eds/bin/gnu/h-x86_64-mingw32/bin/../lib/gcc/nios2-elf/5.3.0/../../../../../H-x86_64-mingw32/nios2-elf/lib\libc.a(closer.o)
 .text._close_r
                0x000000000210e6d0       0x54 c:/altera/18.1/nios2eds/bin/gnu/h-x86_64-mingw32/bin/../lib/gcc/nios2-elf/5.3.0/../../../../../H-x86_64-mingw32/nios2-elf/lib\libc.a(closer.o)
                0x000000000210e6d0                _close_r
 .text          0x000000000210e724        0x0 c:/altera/18.1/nios2eds/bin/gnu/h-x86_64-mingw32/bin/../lib/gcc/nios2-elf/5.3.0/../../../../../H-x86_64-mingw32/nios2-elf/lib\libc.a(lib_a-abort.o)
 .text.abort    0x000000000210e724       0x18 c:/altera/18.1/nios2eds/bin/gnu/h-x86_64-mingw32/bin/../lib/gcc/nios2-elf/5.3.0/../../../../../H-x86_64-mingw32/nios2-elf/lib\libc.a(lib_a-abort.o)
                0x000000000210e724                abort
 .text          0x000000000210e73c        0x0 c:/altera/18.1/nios2eds/bin/gnu/h-x86_64-mingw32/bin/../lib/gcc/nios2-elf/5.3.0/../../../../../H-x86_64-mingw32/nios2-elf/lib\libc.a(lib_a-dtoa.o)
 .text.quorem   0x000000000210e73c      0x200 c:/altera/18.1/nios2eds/bin/gnu/h-x86_64-mingw32/bin/../lib/gcc/nios2-elf/5.3.0/../../../../../H-x86_64-mingw32/nios2-elf/lib\libc.a(lib_a-dtoa.o)
 .text._dtoa_r  0x000000000210e93c     0x1688 c:/altera/18.1/nios2eds/bin/gnu/h-x86_64-mingw32/bin/../lib/gcc/nios2-elf/5.3.0/../../../../../H-x86_64-mingw32/nios2-elf/lib\libc.a(lib_a-dtoa.o)
                0x000000000210e93c                _dtoa_r
 .text          0x000000000210ffc4        0x0 c:/altera/18.1/nios2eds/bin/gnu/h-x86_64-mingw32/bin/../lib/gcc/nios2-elf/5.3.0/../../../../../H-x86_64-mingw32/nios2-elf/lib\libc.a(lib_a-fclose.o)
 .text._fclose_r
                0x000000000210ffc4       0xf0 c:/altera/18.1/nios2eds/bin/gnu/h-x86_64-mingw32/bin/../lib/gcc/nios2-elf/5.3.0/../../../../../H-x86_64-mingw32/nios2-elf/lib\libc.a(lib_a-fclose.o)
                0x000000000210ffc4                _fclose_r
 .text.fclose   0x00000000021100b4       0x14 c:/altera/18.1/nios2eds/bin/gnu/h-x86_64-mingw32/bin/../lib/gcc/nios2-elf/5.3.0/../../../../../H-x86_64-mingw32/nios2-elf/lib\libc.a(lib_a-fclose.o)
                0x00000000021100b4                fclose
 .text          0x00000000021100c8        0x0 c:/altera/18.1/nios2eds/bin/gnu/h-x86_64-mingw32/bin/../lib/gcc/nios2-elf/5.3.0/../../../../../H-x86_64-mingw32/nios2-elf/lib\libc.a(lib_a-fvwrite.o)
 .text.__sfvwrite_r
                0x00000000021100c8      0x4bc c:/altera/18.1/nios2eds/bin/gnu/h-x86_64-mingw32/bin/../lib/gcc/nios2-elf/5.3.0/../../../../../H-x86_64-mingw32/nios2-elf/lib\libc.a(lib_a-fvwrite.o)
                0x00000000021100c8                __sfvwrite_r
 .text          0x0000000002110584        0x0 c:/altera/18.1/nios2eds/bin/gnu/h-x86_64-mingw32/bin/../lib/gcc/nios2-elf/5.3.0/../../../../../H-x86_64-mingw32/nios2-elf/lib\libc.a(lib_a-int_errno.o)
 .text          0x0000000002110584        0x0 c:/altera/18.1/nios2eds/bin/gnu/h-x86_64-mingw32/bin/../lib/gcc/nios2-elf/5.3.0/../../../../../H-x86_64-mingw32/nios2-elf/lib\libc.a(lib_a-locale.o)
 .text._setlocale_r
                0x0000000002110584       0x7c c:/altera/18.1/nios2eds/bin/gnu/h-x86_64-mingw32/bin/../lib/gcc/nios2-elf/5.3.0/../../../../../H-x86_64-mingw32/nios2-elf/lib\libc.a(lib_a-locale.o)
                0x0000000002110584                _setlocale_r
 .text.__locale_charset
                0x0000000002110600        0xc c:/altera/18.1/nios2eds/bin/gnu/h-x86_64-mingw32/bin/../lib/gcc/nios2-elf/5.3.0/../../../../../H-x86_64-mingw32/nios2-elf/lib\libc.a(lib_a-locale.o)
                0x0000000002110600                __locale_charset
 .text.__locale_mb_cur_max
                0x000000000211060c       0x10 c:/altera/18.1/nios2eds/bin/gnu/h-x86_64-mingw32/bin/../lib/gcc/nios2-elf/5.3.0/../../../../../H-x86_64-mingw32/nios2-elf/lib\libc.a(lib_a-locale.o)
                0x000000000211060c                __locale_mb_cur_max
 .text.__locale_msgcharset
                0x000000000211061c        0xc c:/altera/18.1/nios2eds/bin/gnu/h-x86_64-mingw32/bin/../lib/gcc/nios2-elf/5.3.0/../../../../../H-x86_64-mingw32/nios2-elf/lib\libc.a(lib_a-locale.o)
                0x000000000211061c                __locale_msgcharset
 .text.__locale_cjk_lang
                0x0000000002110628        0x8 c:/altera/18.1/nios2eds/bin/gnu/h-x86_64-mingw32/bin/../lib/gcc/nios2-elf/5.3.0/../../../../../H-x86_64-mingw32/nios2-elf/lib\libc.a(lib_a-locale.o)
                0x0000000002110628                __locale_cjk_lang
 .text._localeconv_r
                0x0000000002110630        0xc c:/altera/18.1/nios2eds/bin/gnu/h-x86_64-mingw32/bin/../lib/gcc/nios2-elf/5.3.0/../../../../../H-x86_64-mingw32/nios2-elf/lib\libc.a(lib_a-locale.o)
                0x0000000002110630                _localeconv_r
 .text.setlocale
                0x000000000211063c       0x18 c:/altera/18.1/nios2eds/bin/gnu/h-x86_64-mingw32/bin/../lib/gcc/nios2-elf/5.3.0/../../../../../H-x86_64-mingw32/nios2-elf/lib\libc.a(lib_a-locale.o)
                0x000000000211063c                setlocale
 .text.localeconv
                0x0000000002110654        0xc c:/altera/18.1/nios2eds/bin/gnu/h-x86_64-mingw32/bin/../lib/gcc/nios2-elf/5.3.0/../../../../../H-x86_64-mingw32/nios2-elf/lib\libc.a(lib_a-locale.o)
                0x0000000002110654                localeconv
 .text          0x0000000002110660        0x0 c:/altera/18.1/nios2eds/bin/gnu/h-x86_64-mingw32/bin/../lib/gcc/nios2-elf/5.3.0/../../../../../H-x86_64-mingw32/nios2-elf/lib\libc.a(lib_a-lseekr.o)
 .text._lseek_r
                0x0000000002110660       0x60 c:/altera/18.1/nios2eds/bin/gnu/h-x86_64-mingw32/bin/../lib/gcc/nios2-elf/5.3.0/../../../../../H-x86_64-mingw32/nios2-elf/lib\libc.a(lib_a-lseekr.o)
                0x0000000002110660                _lseek_r
 .text          0x00000000021106c0        0x0 c:/altera/18.1/nios2eds/bin/gnu/h-x86_64-mingw32/bin/../lib/gcc/nios2-elf/5.3.0/../../../../../H-x86_64-mingw32/nios2-elf/lib\libc.a(lib_a-makebuf.o)
 .text.__smakebuf_r
                0x00000000021106c0      0x1bc c:/altera/18.1/nios2eds/bin/gnu/h-x86_64-mingw32/bin/../lib/gcc/nios2-elf/5.3.0/../../../../../H-x86_64-mingw32/nios2-elf/lib\libc.a(lib_a-makebuf.o)
                0x00000000021106c0                __smakebuf_r
 .text          0x000000000211087c        0x0 c:/altera/18.1/nios2eds/bin/gnu/h-x86_64-mingw32/bin/../lib/gcc/nios2-elf/5.3.0/../../../../../H-x86_64-mingw32/nios2-elf/lib\libc.a(lib_a-memchr.o)
 .text.memchr   0x000000000211087c       0xe4 c:/altera/18.1/nios2eds/bin/gnu/h-x86_64-mingw32/bin/../lib/gcc/nios2-elf/5.3.0/../../../../../H-x86_64-mingw32/nios2-elf/lib\libc.a(lib_a-memchr.o)
                0x000000000211087c                memchr
 .text          0x0000000002110960        0x0 c:/altera/18.1/nios2eds/bin/gnu/h-x86_64-mingw32/bin/../lib/gcc/nios2-elf/5.3.0/../../../../../H-x86_64-mingw32/nios2-elf/lib\libc.a(lib_a-mprec.o)
 .text._Balloc  0x0000000002110960       0xa8 c:/altera/18.1/nios2eds/bin/gnu/h-x86_64-mingw32/bin/../lib/gcc/nios2-elf/5.3.0/../../../../../H-x86_64-mingw32/nios2-elf/lib\libc.a(lib_a-mprec.o)
                0x0000000002110960                _Balloc
 .text._Bfree   0x0000000002110a08       0x28 c:/altera/18.1/nios2eds/bin/gnu/h-x86_64-mingw32/bin/../lib/gcc/nios2-elf/5.3.0/../../../../../H-x86_64-mingw32/nios2-elf/lib\libc.a(lib_a-mprec.o)
                0x0000000002110a08                _Bfree
 .text.__multadd
                0x0000000002110a30      0x120 c:/altera/18.1/nios2eds/bin/gnu/h-x86_64-mingw32/bin/../lib/gcc/nios2-elf/5.3.0/../../../../../H-x86_64-mingw32/nios2-elf/lib\libc.a(lib_a-mprec.o)
                0x0000000002110a30                __multadd
 .text.__s2b    0x0000000002110b50      0x104 c:/altera/18.1/nios2eds/bin/gnu/h-x86_64-mingw32/bin/../lib/gcc/nios2-elf/5.3.0/../../../../../H-x86_64-mingw32/nios2-elf/lib\libc.a(lib_a-mprec.o)
                0x0000000002110b50                __s2b
 .text.__hi0bits
                0x0000000002110c54       0x68 c:/altera/18.1/nios2eds/bin/gnu/h-x86_64-mingw32/bin/../lib/gcc/nios2-elf/5.3.0/../../../../../H-x86_64-mingw32/nios2-elf/lib\libc.a(lib_a-mprec.o)
                0x0000000002110c54                __hi0bits
 .text.__lo0bits
                0x0000000002110cbc       0xb0 c:/altera/18.1/nios2eds/bin/gnu/h-x86_64-mingw32/bin/../lib/gcc/nios2-elf/5.3.0/../../../../../H-x86_64-mingw32/nios2-elf/lib\libc.a(lib_a-mprec.o)
                0x0000000002110cbc                __lo0bits
 .text.__i2b    0x0000000002110d6c       0x3c c:/altera/18.1/nios2eds/bin/gnu/h-x86_64-mingw32/bin/../lib/gcc/nios2-elf/5.3.0/../../../../../H-x86_64-mingw32/nios2-elf/lib\libc.a(lib_a-mprec.o)
                0x0000000002110d6c                __i2b
 .text.__multiply
                0x0000000002110da8      0x1f8 c:/altera/18.1/nios2eds/bin/gnu/h-x86_64-mingw32/bin/../lib/gcc/nios2-elf/5.3.0/../../../../../H-x86_64-mingw32/nios2-elf/lib\libc.a(lib_a-mprec.o)
                0x0000000002110da8                __multiply
 .text.__pow5mult
                0x0000000002110fa0      0x140 c:/altera/18.1/nios2eds/bin/gnu/h-x86_64-mingw32/bin/../lib/gcc/nios2-elf/5.3.0/../../../../../H-x86_64-mingw32/nios2-elf/lib\libc.a(lib_a-mprec.o)
                0x0000000002110fa0                __pow5mult
 .text.__lshift
                0x00000000021110e0      0x148 c:/altera/18.1/nios2eds/bin/gnu/h-x86_64-mingw32/bin/../lib/gcc/nios2-elf/5.3.0/../../../../../H-x86_64-mingw32/nios2-elf/lib\libc.a(lib_a-mprec.o)
                0x00000000021110e0                __lshift
 .text.__mcmp   0x0000000002111228       0x60 c:/altera/18.1/nios2eds/bin/gnu/h-x86_64-mingw32/bin/../lib/gcc/nios2-elf/5.3.0/../../../../../H-x86_64-mingw32/nios2-elf/lib\libc.a(lib_a-mprec.o)
                0x0000000002111228                __mcmp
 .text.__mdiff  0x0000000002111288      0x1fc c:/altera/18.1/nios2eds/bin/gnu/h-x86_64-mingw32/bin/../lib/gcc/nios2-elf/5.3.0/../../../../../H-x86_64-mingw32/nios2-elf/lib\libc.a(lib_a-mprec.o)
                0x0000000002111288                __mdiff
 .text.__ulp    0x0000000002111484       0x64 c:/altera/18.1/nios2eds/bin/gnu/h-x86_64-mingw32/bin/../lib/gcc/nios2-elf/5.3.0/../../../../../H-x86_64-mingw32/nios2-elf/lib\libc.a(lib_a-mprec.o)
                0x0000000002111484                __ulp
 .text.__b2d    0x00000000021114e8      0x10c c:/altera/18.1/nios2eds/bin/gnu/h-x86_64-mingw32/bin/../lib/gcc/nios2-elf/5.3.0/../../../../../H-x86_64-mingw32/nios2-elf/lib\libc.a(lib_a-mprec.o)
                0x00000000021114e8                __b2d
 .text.__d2b    0x00000000021115f4      0x14c c:/altera/18.1/nios2eds/bin/gnu/h-x86_64-mingw32/bin/../lib/gcc/nios2-elf/5.3.0/../../../../../H-x86_64-mingw32/nios2-elf/lib\libc.a(lib_a-mprec.o)
                0x00000000021115f4                __d2b
 .text.__ratio  0x0000000002111740       0xa4 c:/altera/18.1/nios2eds/bin/gnu/h-x86_64-mingw32/bin/../lib/gcc/nios2-elf/5.3.0/../../../../../H-x86_64-mingw32/nios2-elf/lib\libc.a(lib_a-mprec.o)
                0x0000000002111740                __ratio
 .text._mprec_log10
                0x00000000021117e4       0x74 c:/altera/18.1/nios2eds/bin/gnu/h-x86_64-mingw32/bin/../lib/gcc/nios2-elf/5.3.0/../../../../../H-x86_64-mingw32/nios2-elf/lib\libc.a(lib_a-mprec.o)
                0x00000000021117e4                _mprec_log10
 .text.__copybits
                0x0000000002111858       0x78 c:/altera/18.1/nios2eds/bin/gnu/h-x86_64-mingw32/bin/../lib/gcc/nios2-elf/5.3.0/../../../../../H-x86_64-mingw32/nios2-elf/lib\libc.a(lib_a-mprec.o)
                0x0000000002111858                __copybits
 .text.__any_on
                0x00000000021118d0       0x8c c:/altera/18.1/nios2eds/bin/gnu/h-x86_64-mingw32/bin/../lib/gcc/nios2-elf/5.3.0/../../../../../H-x86_64-mingw32/nios2-elf/lib\libc.a(lib_a-mprec.o)
                0x00000000021118d0                __any_on
 .text          0x000000000211195c        0x0 c:/altera/18.1/nios2eds/bin/gnu/h-x86_64-mingw32/bin/../lib/gcc/nios2-elf/5.3.0/../../../../../H-x86_64-mingw32/nios2-elf/lib\libc.a(lib_a-putc.o)
 .text._putc_r  0x000000000211195c       0xa0 c:/altera/18.1/nios2eds/bin/gnu/h-x86_64-mingw32/bin/../lib/gcc/nios2-elf/5.3.0/../../../../../H-x86_64-mingw32/nios2-elf/lib\libc.a(lib_a-putc.o)
                0x000000000211195c                _putc_r
 .text.putc     0x00000000021119fc       0xc8 c:/altera/18.1/nios2eds/bin/gnu/h-x86_64-mingw32/bin/../lib/gcc/nios2-elf/5.3.0/../../../../../H-x86_64-mingw32/nios2-elf/lib\libc.a(lib_a-putc.o)
                0x00000000021119fc                putc
 .text          0x0000000002111ac4        0x0 c:/altera/18.1/nios2eds/bin/gnu/h-x86_64-mingw32/bin/../lib/gcc/nios2-elf/5.3.0/../../../../../H-x86_64-mingw32/nios2-elf/lib\libc.a(lib_a-readr.o)
 .text._read_r  0x0000000002111ac4       0x60 c:/altera/18.1/nios2eds/bin/gnu/h-x86_64-mingw32/bin/../lib/gcc/nios2-elf/5.3.0/../../../../../H-x86_64-mingw32/nios2-elf/lib\libc.a(lib_a-readr.o)
                0x0000000002111ac4                _read_r
 .text          0x0000000002111b24        0x0 c:/altera/18.1/nios2eds/bin/gnu/h-x86_64-mingw32/bin/../lib/gcc/nios2-elf/5.3.0/../../../../../H-x86_64-mingw32/nios2-elf/lib\libc.a(lib_a-s_fpclassify.o)
 .text.__fpclassifyd
                0x0000000002111b24       0x74 c:/altera/18.1/nios2eds/bin/gnu/h-x86_64-mingw32/bin/../lib/gcc/nios2-elf/5.3.0/../../../../../H-x86_64-mingw32/nios2-elf/lib\libc.a(lib_a-s_fpclassify.o)
                0x0000000002111b24                __fpclassifyd
 .text          0x0000000002111b98        0x0 c:/altera/18.1/nios2eds/bin/gnu/h-x86_64-mingw32/bin/../lib/gcc/nios2-elf/5.3.0/../../../../../H-x86_64-mingw32/nios2-elf/lib\libc.a(lib_a-signal.o)
 .text._init_signal_r
                0x0000000002111b98       0x6c c:/altera/18.1/nios2eds/bin/gnu/h-x86_64-mingw32/bin/../lib/gcc/nios2-elf/5.3.0/../../../../../H-x86_64-mingw32/nios2-elf/lib\libc.a(lib_a-signal.o)
                0x0000000002111b98                _init_signal_r
 .text._signal_r
                0x0000000002111c04       0x84 c:/altera/18.1/nios2eds/bin/gnu/h-x86_64-mingw32/bin/../lib/gcc/nios2-elf/5.3.0/../../../../../H-x86_64-mingw32/nios2-elf/lib\libc.a(lib_a-signal.o)
                0x0000000002111c04                _signal_r
 .text._raise_r
                0x0000000002111c88       0xbc c:/altera/18.1/nios2eds/bin/gnu/h-x86_64-mingw32/bin/../lib/gcc/nios2-elf/5.3.0/../../../../../H-x86_64-mingw32/nios2-elf/lib\libc.a(lib_a-signal.o)
                0x0000000002111c88                _raise_r
 .text.__sigtramp_r
                0x0000000002111d44       0xa8 c:/altera/18.1/nios2eds/bin/gnu/h-x86_64-mingw32/bin/../lib/gcc/nios2-elf/5.3.0/../../../../../H-x86_64-mingw32/nios2-elf/lib\libc.a(lib_a-signal.o)
                0x0000000002111d44                __sigtramp_r
 .text.raise    0x0000000002111dec       0x14 c:/altera/18.1/nios2eds/bin/gnu/h-x86_64-mingw32/bin/../lib/gcc/nios2-elf/5.3.0/../../../../../H-x86_64-mingw32/nios2-elf/lib\libc.a(lib_a-signal.o)
                0x0000000002111dec                raise
 .text.signal   0x0000000002111e00       0x18 c:/altera/18.1/nios2eds/bin/gnu/h-x86_64-mingw32/bin/../lib/gcc/nios2-elf/5.3.0/../../../../../H-x86_64-mingw32/nios2-elf/lib\libc.a(lib_a-signal.o)
                0x0000000002111e00                signal
 .text._init_signal
                0x0000000002111e18       0x10 c:/altera/18.1/nios2eds/bin/gnu/h-x86_64-mingw32/bin/../lib/gcc/nios2-elf/5.3.0/../../../../../H-x86_64-mingw32/nios2-elf/lib\libc.a(lib_a-signal.o)
                0x0000000002111e18                _init_signal
 .text.__sigtramp
                0x0000000002111e28       0x14 c:/altera/18.1/nios2eds/bin/gnu/h-x86_64-mingw32/bin/../lib/gcc/nios2-elf/5.3.0/../../../../../H-x86_64-mingw32/nios2-elf/lib\libc.a(lib_a-signal.o)
                0x0000000002111e28                __sigtramp
 .text          0x0000000002111e3c        0x0 c:/altera/18.1/nios2eds/bin/gnu/h-x86_64-mingw32/bin/../lib/gcc/nios2-elf/5.3.0/../../../../../H-x86_64-mingw32/nios2-elf/lib\libc.a(lib_a-signalr.o)
 .text._kill_r  0x0000000002111e3c       0x5c c:/altera/18.1/nios2eds/bin/gnu/h-x86_64-mingw32/bin/../lib/gcc/nios2-elf/5.3.0/../../../../../H-x86_64-mingw32/nios2-elf/lib\libc.a(lib_a-signalr.o)
                0x0000000002111e3c                _kill_r
 .text._getpid_r
                0x0000000002111e98        0x4 c:/altera/18.1/nios2eds/bin/gnu/h-x86_64-mingw32/bin/../lib/gcc/nios2-elf/5.3.0/../../../../../H-x86_64-mingw32/nios2-elf/lib\libc.a(lib_a-signalr.o)
                0x0000000002111e98                _getpid_r
 .text          0x0000000002111e9c        0x0 c:/altera/18.1/nios2eds/bin/gnu/h-x86_64-mingw32/bin/../lib/gcc/nios2-elf/5.3.0/../../../../../H-x86_64-mingw32/nios2-elf/lib\libc.a(lib_a-svfiprintf.o)
 .text.__ssprint_r
                0x0000000002111e9c      0x1d0 c:/altera/18.1/nios2eds/bin/gnu/h-x86_64-mingw32/bin/../lib/gcc/nios2-elf/5.3.0/../../../../../H-x86_64-mingw32/nios2-elf/lib\libc.a(lib_a-svfiprintf.o)
                0x0000000002111e9c                __ssprint_r
 .text.___svfiprintf_internal_r