Archive member included to satisfy reference by file (symbol)

c:/altera/18.1/nios2eds/bin/gnu/h-x86_64-mingw32/bin/../lib/gcc/nios2-elf/5.3.0/../../../../../H-x86_64-mingw32/nios2-elf/lib\libm.a(lib_a-s_signbit.o)
                              obj/default/open62541.o (__signbitf)
c:/altera/18.1/nios2eds/bin/gnu/h-x86_64-mingw32/bin/../lib/gcc/nios2-elf/5.3.0\libgcc.a(_muldi3.o)
                              obj/default/open62541.o (__muldi3)
c:/altera/18.1/nios2eds/bin/gnu/h-x86_64-mingw32/bin/../lib/gcc/nios2-elf/5.3.0\libgcc.a(_fixunsdfsi.o)
                              obj/default/open62541.o (__fixunsdfsi)
c:/altera/18.1/nios2eds/bin/gnu/h-x86_64-mingw32/bin/../lib/gcc/nios2-elf/5.3.0\libgcc.a(_fixdfdi.o)
                              obj/default/open62541.o (__fixdfdi)
c:/altera/18.1/nios2eds/bin/gnu/h-x86_64-mingw32/bin/../lib/gcc/nios2-elf/5.3.0\libgcc.a(_fixunsdfdi.o)
                              obj/default/open62541.o (__fixunsdfdi)
c:/altera/18.1/nios2eds/bin/gnu/h-x86_64-mingw32/bin/../lib/gcc/nios2-elf/5.3.0\libgcc.a(_floatdisf.o)
                              obj/default/open62541.o (__floatdisf)
c:/altera/18.1/nios2eds/bin/gnu/h-x86_64-mingw32/bin/../lib/gcc/nios2-elf/5.3.0\libgcc.a(_floatdidf.o)
                              obj/default/open62541.o (__floatdidf)
c:/altera/18.1/nios2eds/bin/gnu/h-x86_64-mingw32/bin/../lib/gcc/nios2-elf/5.3.0\libgcc.a(_floatundidf.o)
                              obj/default/open62541.o (__floatundidf)
c:/altera/18.1/nios2eds/bin/gnu/h-x86_64-mingw32/bin/../lib/gcc/nios2-elf/5.3.0\libgcc.a(_divdi3.o)
                              obj/default/open62541.o (__divdi3)
c:/altera/18.1/nios2eds/bin/gnu/h-x86_64-mingw32/bin/../lib/gcc/nios2-elf/5.3.0\libgcc.a(_moddi3.o)
                              obj/default/open62541.o (__moddi3)
c:/altera/18.1/nios2eds/bin/gnu/h-x86_64-mingw32/bin/../lib/gcc/nios2-elf/5.3.0\libgcc.a(lib2-divmod.o)
                              obj/default/open62541.o (__divsi3)
c:/altera/18.1/nios2eds/bin/gnu/h-x86_64-mingw32/bin/../lib/gcc/nios2-elf/5.3.0\libgcc.a(addsf3.o)
                              obj/default/open62541.o (__addsf3)
c:/altera/18.1/nios2eds/bin/gnu/h-x86_64-mingw32/bin/../lib/gcc/nios2-elf/5.3.0\libgcc.a(divsf3.o)
                              obj/default/open62541.o (__divsf3)
c:/altera/18.1/nios2eds/bin/gnu/h-x86_64-mingw32/bin/../lib/gcc/nios2-elf/5.3.0\libgcc.a(eqsf2.o)
                              obj/default/open62541.o (__eqsf2)
c:/altera/18.1/nios2eds/bin/gnu/h-x86_64-mingw32/bin/../lib/gcc/nios2-elf/5.3.0\libgcc.a(gesf2.o)
                              obj/default/open62541.o (__gtsf2)
c:/altera/18.1/nios2eds/bin/gnu/h-x86_64-mingw32/bin/../lib/gcc/nios2-elf/5.3.0\libgcc.a(adddf3.o)
                              obj/default/open62541.o (__adddf3)
c:/altera/18.1/nios2eds/bin/gnu/h-x86_64-mingw32/bin/../lib/gcc/nios2-elf/5.3.0\libgcc.a(divdf3.o)
                              obj/default/open62541.o (__divdf3)
c:/altera/18.1/nios2eds/bin/gnu/h-x86_64-mingw32/bin/../lib/gcc/nios2-elf/5.3.0\libgcc.a(eqdf2.o)
                              obj/default/open62541.o (__eqdf2)
c:/altera/18.1/nios2eds/bin/gnu/h-x86_64-mingw32/bin/../lib/gcc/nios2-elf/5.3.0\libgcc.a(gedf2.o)
                              obj/default/open62541.o (__gedf2)
c:/altera/18.1/nios2eds/bin/gnu/h-x86_64-mingw32/bin/../lib/gcc/nios2-elf/5.3.0\libgcc.a(ledf2.o)
                              obj/default/open62541.o (__ledf2)
c:/altera/18.1/nios2eds/bin/gnu/h-x86_64-mingw32/bin/../lib/gcc/nios2-elf/5.3.0\libgcc.a(muldf3.o)
                              obj/default/open62541.o (__muldf3)
c:/altera/18.1/nios2eds/bin/gnu/h-x86_64-mingw32/bin/../lib/gcc/nios2-elf/5.3.0\libgcc.a(subdf3.o)
                              obj/default/open62541.o (__subdf3)
c:/altera/18.1/nios2eds/bin/gnu/h-x86_64-mingw32/bin/../lib/gcc/nios2-elf/5.3.0\libgcc.a(fixdfsi.o)
                              obj/default/open62541.o (__fixdfsi)
c:/altera/18.1/nios2eds/bin/gnu/h-x86_64-mingw32/bin/../lib/gcc/nios2-elf/5.3.0\libgcc.a(floatsidf.o)
                              obj/default/open62541.o (__floatsidf)
c:/altera/18.1/nios2eds/bin/gnu/h-x86_64-mingw32/bin/../lib/gcc/nios2-elf/5.3.0\libgcc.a(floatunsidf.o)
                              obj/default/open62541.o (__floatunsidf)
c:/altera/18.1/nios2eds/bin/gnu/h-x86_64-mingw32/bin/../lib/gcc/nios2-elf/5.3.0\libgcc.a(extendsfdf2.o)
                              obj/default/open62541.o (__extendsfdf2)
c:/altera/18.1/nios2eds/bin/gnu/h-x86_64-mingw32/bin/../lib/gcc/nios2-elf/5.3.0\libgcc.a(truncdfsf2.o)
                              obj/default/open62541.o (__truncdfsf2)
c:/altera/18.1/nios2eds/bin/gnu/h-x86_64-mingw32/bin/../lib/gcc/nios2-elf/5.3.0\libgcc.a(_clz.o)
                              c:/altera/18.1/nios2eds/bin/gnu/h-x86_64-mingw32/bin/../lib/gcc/nios2-elf/5.3.0\libgcc.a(_divdi3.o) (__clz_tab)
c:/altera/18.1/nios2eds/bin/gnu/h-x86_64-mingw32/bin/../lib/gcc/nios2-elf/5.3.0\libgcc.a(_clzsi2.o)
[...]
Memory Configuration

Name             Origin             Length             Attributes
reset            0x0000000002000000 0x0000000000000020
sdram_controller_0 0x0000000002000020 0x0000000001ffffe0
tse_descriptor_memory_0 0x0000000004000000 0x0000000000002000
mem_0            0x0000000005020000 0x0000000000020000
*default*        0x0000000000000000 0xffffffffffffffff

Linker script and memory map

LOAD ../FreeRTOS_bsp//obj/HAL/src/crt0.o
LOAD obj/default/iicNs.o
LOAD obj/default/main.o
LOAD obj/default/open62541.o
LOAD c:/altera/18.1/nios2eds/bin/gnu/h-x86_64-mingw32/bin/../lib/gcc/nios2-elf/5.3.0/../../../../../H-x86_64-mingw32/nios2-elf/lib\libstdc++.a
LOAD c:/altera/18.1/nios2eds/bin/gnu/h-x86_64-mingw32/bin/../lib/gcc/nios2-elf/5.3.0/../../../../../H-x86_64-mingw32/nios2-elf/lib\libm.a
LOAD c:/altera/18.1/nios2eds/bin/gnu/h-x86_64-mingw32/bin/../lib/gcc/nios2-elf/5.3.0\libgcc.a
START GROUP
LOAD c:/altera/18.1/nios2eds/bin/gnu/h-x86_64-mingw32/bin/../lib/gcc/nios2-elf/5.3.0/../../../../../H-x86_64-mingw32/nios2-elf/lib\libc.a
LOAD c:/altera/18.1/nios2eds/bin/gnu/h-x86_64-mingw32/bin/../lib/gcc/nios2-elf/5.3.0\libgcc.a
LOAD ../FreeRTOS_bsp/\libfreertos_bsp.a
LOAD c:/altera/18.1/nios2eds/bin/gnu/h-x86_64-mingw32/bin/../lib/gcc/nios2-elf/5.3.0/../../../../../H-x86_64-mingw32/nios2-elf/lib\libm.a
END GROUP
LOAD c:/altera/18.1/nios2eds/bin/gnu/h-x86_64-mingw32/bin/../lib/gcc/nios2-elf/5.3.0\libgcc.a
                0x0000000002000000                __alt_mem_sdram_controller_0 = 0x2000000
                0x0000000004000000                __alt_mem_tse_descriptor_memory_0 = 0x4000000
                0x0000000005020000                __alt_mem_mem_0 = 0x5020000

.entry          0x0000000002000000       0x20
 *(.entry)
 .entry         0x0000000002000000       0x20 ../FreeRTOS_bsp//obj/HAL/src/crt0.o
                0x0000000002000000                __reset

.exceptions     0x0000000002000020      0x228
                0x0000000002000020                PROVIDE (__ram_exceptions_start, ABSOLUTE (.))
                0x0000000002000020                . = ALIGN (0x20)
 *(.irq)
 *(.exceptions.entry.label)
 *(.exceptions.entry.user)
 *(.exceptions.entry.ecc_fatal)
 *(.exceptions.entry)
 .exceptions.entry
                0x0000000002000020       0x8c ../FreeRTOS_bsp/\libfreertos_bsp.a(port_asm.o)
 *(.exceptions.irqtest.user)
 *(.exceptions.irqtest)
 .exceptions.irqtest
                0x00000000020000ac       0x14 ../FreeRTOS_bsp/\libfreertos_bsp.a(port_asm.o)
 *(.exceptions.irqhandler.user)
 *(.exceptions.irqhandler)
 .exceptions.irqhandler
                0x00000000020000c0        0x4 ../FreeRTOS_bsp/\libfreertos_bsp.a(port_asm.o)
 *(.exceptions.irqreturn.user)
 *(.exceptions.irqreturn)
 .exceptions.irqreturn
                0x00000000020000c4       0x8c ../FreeRTOS_bsp/\libfreertos_bsp.a(port_asm.o)
                0x00000000020000c4                restore_sp_from_pxCurrentTCB
 *(.exceptions.notirq.label)
 *(.exceptions.notirq.user)
 *(.exceptions.notirq)
 *(.exceptions.soft.user)
 *(.exceptions.soft)
 .exceptions.soft
                0x0000000002000150       0x2c ../FreeRTOS_bsp/\libfreertos_bsp.a(port_asm.o)
 *(.exceptions.unknown.user)
 *(.exceptions.unknown)
 *(.exceptions.exit.label)
 *(.exceptions.exit.user)
 *(.exceptions.exit)
 *(.exceptions)
 .exceptions    0x000000000200017c       0xcc ../FreeRTOS_bsp/\libfreertos_bsp.a(alt_irq_handler.o)
                0x000000000200017c                alt_irq_handler
                0x0000000002000248                PROVIDE (__ram_exceptions_end, ABSOLUTE (.))
                0x0000000002000020                PROVIDE (__flash_exceptions_start, LOADADDR (.exceptions))

.text           0x0000000002000248   0x14f3f8
                [!provide]                        PROVIDE (stext, ABSOLUTE (.))
 *(.interp)
 *(.hash)
 *(.dynsym)
 *(.dynstr)
 *(.gnu.version)
 *(.gnu.version_d)
 *(.gnu.version_r)
 *(.rel.init)
 *(.rela.init)
 *(.rel.text .rel.text.* .rel.gnu.linkonce.t.*)
 *(.rela.text .rela.text.* .rela.gnu.linkonce.t.*)
 *(.rel.fini)
 *(.rela.fini)
 *(.rel.rodata .rel.rodata.* .rel.gnu.linkonce.r.*)
 *(.rela.rodata .rela.rodata.* .rela.gnu.linkonce.r.*)
 *(.rel.data .rel.data.* .rel.gnu.linkonce.d.*)
 *(.rela.data .rela.data.* .rela.gnu.linkonce.d.*)
 *(.rel.tdata .rel.tdata.* .rel.gnu.linkonce.td.*)
 *(.rela.tdata .rela.tdata.* .rela.gnu.linkonce.td.*)
 *(.rel.tbss .rel.tbss.* .rel.gnu.linkonce.tb.*)
 *(.rela.tbss .rela.tbss.* .rela.gnu.linkonce.tb.*)
 *(.rel.ctors)
 *(.rela.ctors)
 *(.rel.dtors)
 *(.rela.dtors)
 *(.rel.got)
 *(.rela.got)
 *(.rel.sdata .rel.sdata.* .rel.gnu.linkonce.s.*)
 *(.rela.sdata .rela.sdata.* .rela.gnu.linkonce.s.*)
 *(.rel.sbss .rel.sbss.* .rel.gnu.linkonce.sb.*)
 *(.rela.sbss .rela.sbss.* .rela.gnu.linkonce.sb.*)
 *(.rel.sdata2 .rel.sdata2.* .rel.gnu.linkonce.s2.*)
 *(.rela.sdata2 .rela.sdata2.* .rela.gnu.linkonce.s2.*)
 *(.rel.sbss2 .rel.sbss2.* .rel.gnu.linkonce.sb2.*)
 *(.rela.sbss2 .rela.sbss2.* .rela.gnu.linkonce.sb2.*)
 *(.rel.bss .rel.bss.* .rel.gnu.linkonce.b.*)
 *(.rela.bss .rela.bss.* .rela.gnu.linkonce.b.*)
 *(.rel.plt)
 *(.rela.plt)
 *(.rel.dyn)
 *(.init)
 *(.plt)
 *(.text .stub .text.* .gnu.linkonce.t.*)
 .text          0x0000000002000248       0x3c ../FreeRTOS_bsp//obj/HAL/src/crt0.o
                0x0000000002000248                _start
 .text          0x0000000002000284    0x181d8 obj/default/iicNs.o
                0x0000000002016fc8                iicNs
 .text          0x000000000201845c     0x26c0 obj/default/main.o
                0x00000000020188cc                vApplicationMallocFailedHook
                0x00000000020188f4                vApplicationStackOverflowHook
                0x0000000002018a18                InitNetwork
                0x0000000002018c2c                xEthernetRun
                0x0000000002018ca0                get_mac_addr
                0x0000000002018dbc                get_ip_addr
                0x0000000002018e74                get_hostname
                0x0000000002018eac                get_iface_name
                0x0000000002018ef4                is_interface_active
                0x0000000002018f18                main
                0x000000000201aa54                main_thread
 .text          0x000000000201ab1c    0xe8300 obj/default/open62541.o
                0x000000000201f7b8                UA_findDataType
                0x000000000201f880                UA_random_seed
                0x000000000201f8e0                UA_UInt32_random
                0x000000000201f910                UA_String_fromChars
                0x000000000201f9cc                UA_String_equal
                0x000000000201fbe8                UA_QualifiedName_hash
                0x000000000201fc3c                UA_QualifiedName_equal
                0x000000000201fcec                UA_DateTime_toStruct
                0x00000000020200cc                UA_DateTime_fromStruct
                0x0000000002020318                UA_Guid_equal
                0x0000000002020364                UA_Guid_random
                0x0000000002020460                UA_ByteString_allocBuffer
                0x00000000020206a4                UA_NodeId_isNull
                0x0000000002020778                UA_NodeId_order
                0x0000000002020a50                UA_ByteString_hash
                0x0000000002020ad0                UA_NodeId_hash
                0x0000000002020cbc                UA_ExpandedNodeId_order
                0x0000000002020dc4                UA_ExpandedNodeId_hash
                0x00000000020211e4                UA_Variant_setScalar
                0x0000000002021240                UA_Variant_setScalarCopy
                0x00000000020212d8                UA_Variant_setArray
                0x000000000202133c                UA_Variant_setArrayCopy
                0x000000000202199c                UA_Variant_copyRange
                0x00000000020221ec                UA_Variant_setRange
                0x0000000002022240                UA_Variant_setRangeCopy
                0x00000000020225f0                UA_new
                0x0000000002022a3c                UA_copy
                0x0000000002022cc8                UA_clear
                0x0000000002022d48                UA_delete
                0x0000000002022db4                UA_Array_new
                0x0000000002022e18                UA_Array_copy
                0x0000000002022fc0                UA_Array_delete
                0x0000000002023068                UA_DataType_isNumeric
                0x00000000020231e0                UA_NumericRange_parse
                0x0000000002025c40                UA_findDataTypeByBinary
                0x0000000002027650                UA_encodeBinary
                0x0000000002027930                UA_decodeBinary
                0x00000000020286fc                UA_calcSizeBinary
                0x000000000202875c                UA_StatusCode_name
                0x00000000020287fc                UA_readNumberWithBase
                0x00000000020289b8                UA_readNumber
                0x00000000020289fc                UA_parseEndpointUrl
                0x0000000002028dc8                UA_parseEndpointUrlEthernet
                0x0000000002029050                UA_ByteString_toBase64
                0x00000000020290e8                UA_ByteString_fromBase64
                0x0000000002029178                UA_NodeId_print
                0x0000000002029644                UA_WorkQueue_init
                0x000000000202967c                UA_WorkQueue_cleanup
                0x00000000020296b0                UA_WorkQueue_enqueueDelayed
                0x000000000202970c                UA_WorkQueue_manuallyProcessDelayed
                0x00000000020299c4                UA_TimerZip_ZIP_INSERT
                0x0000000002029c68                UA_TimerZip_ZIP_REMOVE
                0x0000000002029d54                UA_TimerZip_ZIP_FIND
                0x0000000002029d94                UA_TimerZip_ZIP_MIN
                0x0000000002029dec                UA_TimerZip_ZIP_MAX
                0x0000000002029ec4                UA_TimerZip_ZIP_ITER
                0x000000000202a0e0                UA_TimerIdZip_ZIP_INSERT
                0x000000000202a384                UA_TimerIdZip_ZIP_REMOVE
                0x000000000202a470                UA_TimerIdZip_ZIP_FIND
                0x000000000202a4b0                UA_TimerIdZip_ZIP_MIN
                0x000000000202a508                UA_TimerIdZip_ZIP_MAX
                0x000000000202a5e0                UA_TimerIdZip_ZIP_ITER
                0x000000000202a62c                UA_Timer_init
                0x000000000202a7f0                UA_Timer_addTimedCallback
                0x000000000202a85c                UA_Timer_addRepeatedCallback
                0x000000000202a968                UA_Timer_changeRepeatedCallbackInterval
                0x000000000202aaac                UA_Timer_removeCallback
                0x000000000202ab34                UA_Timer_process
                0x000000000202ad8c                UA_Timer_deleteMembers
                0x000000000202ae38                UA_Connection_sendError
                0x000000000202af28                UA_Connection_detachSecureChannel
                0x000000000202af94                UA_Connection_attachSecureChannel
                0x000000000202aff4                UA_SecureChannel_init
                0x000000000202b094                UA_SecureChannel_setSecurityPolicy
                0x000000000202b27c                UA_SecureChannel_deleteBuffered
                0x000000000202b2c8                UA_SecureChannel_deleteMembers
                0x000000000202b3c4                UA_SecureChannel_close
                0x000000000202b46c                UA_SecureChannel_processHELACK
                0x000000000202b574                UA_SecureChannel_sendAsymmetricOPNMessage
                0x000000000202bda0                UA_MessageContext_begin
                0x000000000202beac                UA_MessageContext_encode
                0x000000000202bf38                UA_MessageContext_finish
                0x000000000202bf74                UA_MessageContext_abort
                0x000000000202bfcc                UA_SecureChannel_sendSymmetricMessage
                0x000000000202cf48                UA_SecureChannel_processBuffer
                0x000000000202d0fc                UA_SecureChannel_receive
                0x000000000202d1d0                UA_SecureChannel_generateLocalNonce
                0x000000000202d89c                UA_SecureChannel_generateNewKeys
                0x000000000202d9b4                UA_SecureChannel_revolveTokens
                0x000000000202da68                calculateAsymAlgSecurityHeaderLength
                0x000000000202db00                prependHeadersAsym
                0x000000000202dd38                hideBytesAsym
                0x000000000202ddb4                setBufPos
                0x000000000202e0c4                decryptAndVerifyChunk
                0x000000000202e290                processSequenceNumberAsym
                0x000000000202e2c4                checkAsymHeader
                0x000000000202e344                checkSymHeader
                0x000000000202e66c                UA_SecurityPolicy_getRemoteAsymEncryptionBufferLengthOverhead
                0x000000000202e710                UA_Session_init
                0x000000000202e770                UA_Session_deleteMembersCleanup
                0x000000000202e83c                UA_Session_attachToSecureChannel
                0x000000000202e88c                UA_Session_detachFromSecureChannel
                0x000000000202e8d4                UA_Session_generateNonce
                0x000000000202e990                UA_Session_updateLifetime
                0x000000000202ea48                UA_Session_addSubscription
                0x000000000202eb0c                UA_Session_deleteSubscription
                0x000000000202ec40                UA_Session_getSubscriptionById
                0x000000000202eca4                UA_Session_dequeuePublishReq
                0x000000000202ed20                UA_Session_queuePublishReq
                0x000000000202efac                UA_ReferenceTargetIdTree_ZIP_INSERT
                0x000000000202f248                UA_ReferenceTargetIdTree_ZIP_REMOVE
                0x000000000202f330                UA_ReferenceTargetIdTree_ZIP_FIND
                0x000000000202f370                UA_ReferenceTargetIdTree_ZIP_MIN
                0x000000000202f3c8                UA_ReferenceTargetIdTree_ZIP_MAX
                0x000000000202f4a0                UA_ReferenceTargetIdTree_ZIP_ITER
                0x000000000202f6a0                UA_ReferenceTargetNameTree_ZIP_INSERT
                0x000000000202f944                UA_ReferenceTargetNameTree_ZIP_REMOVE
                0x000000000202fa30                UA_ReferenceTargetNameTree_ZIP_FIND
                0x000000000202fa70                UA_ReferenceTargetNameTree_ZIP_MIN
                0x000000000202fac8                UA_ReferenceTargetNameTree_ZIP_MAX
                0x000000000202fba0                UA_ReferenceTargetNameTree_ZIP_ITER
                0x000000000202fbec                UA_Node_clear
                0x000000000203012c                UA_Node_copy
                0x00000000020306dc                UA_Node_copy_alloc
                0x0000000002030c54                UA_Node_setAttributes
                0x00000000020313ac                UA_Node_addReference
                0x000000000203152c                UA_Node_deleteReference
                0x00000000020318e4                UA_Node_deleteReferencesSubset
                0x0000000002031b58                UA_Node_deleteReferences
                0x0000000002031b94                setupNs1Uri
                0x0000000002031bf4                addNamespace
                0x0000000002031d24                UA_Server_addNamespace
                0x0000000002031d7c                UA_Server_getConfig
                0x0000000002031db0                UA_Server_getNamespaceByName
                0x0000000002031e5c                UA_Server_forEachChildNodeCall
                0x000000000203202c                UA_Server_delete
                0x0000000002032414                UA_Server_newWithConfig
                0x00000000020325d0                UA_Server_addTimedCallback
                0x0000000002032640                addRepeatedCallback
                0x00000000020326a8                UA_Server_addRepeatedCallback
                0x0000000002032708                changeRepeatedCallbackInterval
                0x0000000002032760                UA_Server_changeRepeatedCallbackInterval
                0x00000000020327b8                removeCallback
                0x0000000002032804                UA_Server_removeCallback
                0x0000000002032848                UA_Server_updateCertificate
                0x0000000002032a64                UA_SecurityPolicy_getSecurityPolicyByUri
                0x0000000002032af4                UA_Server_getStatistics
                0x0000000002032b44                UA_Server_run_startup
                0x0000000002032e64                UA_Server_run_iterate
                0x00000000020330ac                UA_Server_run_shutdown
                0x00000000020331b0                UA_Server_run
                0x000000000203572c                writeNs0VariableArray
                0x0000000002035dc0                UA_Server_initNS0
                0x0000000002036bd8                UA_ServerConfig_clean
                0x0000000002036e38                UA_ServerConfig_setCustomHostname
                0x0000000002036ea0                UA_ServerConfig_addPubSubTransportLayer
                0x00000000020381ec                sendResponse
                0x0000000002039170                UA_Server_processBinaryMessage
                0x00000000020392d4                UA_Server_removeConnection
                0x0000000002039600                isNodeInTree
                0x0000000002039668                getNodeType
                0x0000000002039938                UA_Node_hasSubTypeOrInstances
                0x0000000002039a64                getParentTypeAndInterfaceHierarchy
                0x0000000002039e30                UA_Server_editNode
                0x0000000002039ed0                UA_Server_processServiceOperations
                0x0000000002039ff8                register_server_with_discovery_server
                0x000000000203a42c                UA_Server_register_discovery
                0x000000000203a478                UA_Server_unregister_discovery
                0x000000000203a4c0                UA_NetworkMessage_updateBufferedMessage
                0x000000000203a670                UA_NetworkMessage_encodeBinary
                0x000000000203bdbc                UA_NetworkMessage_decodeBinary
                0x000000000203be98                UA_NetworkMessage_calcSizeBinary
                0x000000000203c69c                UA_NetworkMessage_deleteMembers
                0x000000000203c8c0                UA_NetworkMessage_delete
                0x000000000203ca38                UA_DataSetMessageHeader_encodeBinary
                0x000000000203cd64                UA_DataSetMessageHeader_decodeBinary
                0x000000000203d0ec                UA_DataSetMessageHeader_calcSizeBinary
                0x000000000203d274                UA_DataSetMessage_encodeBinary
                0x000000000203d5dc                UA_DataSetMessage_decodeBinary
                0x000000000203da80                UA_DataSetMessage_calcSizeBinary
                0x000000000203e140                UA_DataSetMessage_free
                0x000000000203e298                UA_PubSubConnectionConfig_copy
                0x000000000203e48c                UA_Server_getPubSubConnectionConfig
                0x000000000203e524                UA_PubSubConnection_findConnectionbyId
                0x000000000203e5a4                UA_PubSubConnectionConfig_clear
                0x000000000203e67c                UA_PubSubConnection_clear
                0x000000000203e7c4                UA_PubSubConnection_regist
                0x000000000203e888                UA_Server_addWriterGroup
                0x000000000203eae4                UA_Server_removeWriterGroup
                0x000000000203ec64                UA_Server_freezeWriterGroupConfiguration
                0x000000000203f338                UA_Server_unfreezeWriterGroupConfiguration
                0x000000000203f4b4                UA_Server_setWriterGroupOperational
                0x000000000203f538                UA_Server_setWriterGroupDisabled
                0x000000000203f5bc                UA_PublishedDataSetConfig_copy
                0x000000000203f740                UA_Server_getPublishedDataSetConfig
                0x000000000203f7f8                UA_Server_getPublishedDataSetMetaData
                0x000000000203f890                UA_PublishedDataSet_findPDSbyId
                0x000000000203f910                UA_PublishedDataSetConfig_clear
                0x000000000203f9d4                UA_PublishedDataSet_clear
                0x000000000203fe88                UA_Server_addDataSetField
                0x0000000002040388                UA_Server_removeDataSetField
                0x00000000020407d0                UA_DataSetWriterConfig_copy
                0x0000000002040934                UA_Server_getDataSetWriterConfig
                0x0000000002040a00                UA_DataSetWriter_findDSWbyId
                0x0000000002040ac8                UA_DataSetWriterConfig_clear
                0x0000000002040bdc                UA_DataSetWriter_setPubSubState
                0x0000000002040dfc                UA_WriterGroupConfig_copy
                0x0000000002040f60                UA_Server_getWriterGroupConfig
                0x000000000204102c                UA_Server_updateWriterGroupConfig
                0x000000000204121c                UA_WriterGroup_findWGbyId
                0x00000000020412c0                UA_WriterGroupConfig_clear
                0x0000000002041480                UA_WriterGroup_setPubSubState
                0x0000000002041748                UA_Server_addDataSetWriter
                0x0000000002041a64                UA_Server_removeDataSetWriter
                0x0000000002041c34                UA_DataSetFieldConfig_copy
                0x0000000002041cc0                UA_Server_getDataSetFieldConfig
                0x0000000002041d8c                UA_DataSetField_findDSFbyId
                0x0000000002041e30                UA_DataSetFieldConfig_clear
                0x00000000020431bc                UA_WriterGroup_publishCallback
                0x0000000002043928                UA_WriterGroup_addPublishCallback
                0x00000000020439b0                UA_Server_addReaderGroup
                0x0000000002043b6c                UA_Server_removeReaderGroup
                0x0000000002043c8c                UA_Server_ReaderGroup_getConfig
                0x0000000002043d64                UA_Server_ReaderGroup_delete
                0x0000000002043e4c                UA_ReaderGroupConfig_copy
                0x00000000020442cc                UA_ReaderGroup_findRGbyId
                0x0000000002044374                UA_ReaderGroup_findDSRbyId
                0x0000000002044440                UA_ReaderGroup_subscribeCallback
                0x0000000002044584                UA_ReaderGroup_addSubscribeCallback
                0x0000000002044614                UA_Server_addDataSetReader
                0x0000000002044790                UA_Server_removeDataSetReader
                0x0000000002044820                UA_Server_DataSetReader_updateConfig
                0x000000000204494c                UA_Server_DataSetReader_getConfig
                0x0000000002044a04                UA_DataSetReaderConfig_copy
                0x0000000002044b94                UA_Server_DataSetReader_createTargetVariables
                0x0000000002044c60                UA_Server_DataSetReader_addTargetVariables
                0x00000000020452c4                UA_Server_DataSetReader_process
                0x00000000020455d4                UA_DataSetReader_delete
                0x000000000204570c                UA_Server_processNetworkMessage
                0x000000000204582c                UA_Server_addPubSubConnection
                0x0000000002045bb4                UA_Server_removePubSubConnection
                0x0000000002045ca8                UA_Server_addPublishedDataSet
                0x0000000002046364                UA_Server_removePublishedDataSet
                0x0000000002046558                UA_PubSubConfigurationVersionTimeDifference
                0x00000000020465a0                UA_PubSubManager_generateUniqueNodeId
                0x0000000002046638                UA_PubSubManager_delete
                0x0000000002046814                UA_PubSubManager_addRepeatedCallback
                0x000000000204687c                UA_PubSubManager_changeRepeatedCallbackInterval
                0x00000000020468d4                UA_PubSubManager_removeRepeatedPubSubCallback
                0x0000000002047448                addPubSubConnectionRepresentation
                0x00000000020480ac                removePubSubConnectionRepresentation
                0x0000000002048128                addDataSetReaderRepresentation
                0x0000000002048150                removeDataSetReaderRepresentation
                0x0000000002048178                addPublishedDataItemsRepresentation
                0x00000000020487bc                removePublishedDataSetRepresentation
                0x00000000020489d4                addWriterGroupRepresentation
                0x0000000002049448                removeGroupRepresentation
                0x00000000020494c0                addReaderGroupRepresentation
                0x00000000020494e8                addDataSetWriterRepresentation
                0x0000000002049780                removeDataSetWriterRepresentation
                0x0000000002049fe0                UA_Server_initPubSubNS0
                0x000000000204a660                RefHead_ZIP_INSERT
                0x000000000204a8fc                RefHead_ZIP_REMOVE
                0x000000000204a9e4                RefHead_ZIP_FIND
                0x000000000204aa24                RefHead_ZIP_MIN
                0x000000000204aa7c                RefHead_ZIP_MAX
                0x000000000204ab54                RefHead_ZIP_ITER
                0x000000000204b248                browseRecursive
                0x000000000204b498                referenceSubtypes
                0x000000000204b6dc                UA_Server_browseRecursive
                0x000000000204b9fc                ContinuationPoint_clear
                0x000000000204c320                Operation_Browse
                0x000000000204c700                Service_Browse
                0x000000000204c7ec                UA_Server_browse
                0x000000000204c9f8                Service_BrowseNext
                0x000000000204ca90                UA_Server_browseNext
                0x000000000204d47c                translateBrowsePathToNodeIds
                0x000000000204d500                UA_Server_translateBrowsePathToNodeIds
                0x000000000204d560                Service_TranslateBrowsePathsToNodeIds
                0x000000000204d61c                browseSimplifiedBrowsePath
                0x000000000204d8bc                UA_Server_browseSimplifiedBrowsePath
                0x000000000204d954                Service_RegisterNodes
                0x000000000204da2c                Service_UnregisterNodes
                0x000000000204e480                Service_Call
                0x000000000204e538                UA_Server_call
                0x000000000204e618                UA_Server_removeSession
                0x000000000204e87c                UA_Server_removeSessionByToken
                0x000000000204e908                UA_Server_cleanupSessions
                0x000000000204ebf4                UA_Server_getSessionById
                0x000000000204ef2c                UA_Server_createSession
                0x000000000204f190                Service_CreateSession
                0x000000000204fc24                Service_ActivateSession
                0x0000000002050488                Service_CloseSession
                0x0000000002050c58                readValueAttribute
                0x00000000020510d0                ReadWithNode
                0x0000000002051b20                Service_Read
                0x0000000002051c2c                UA_Server_readWithSession
                0x0000000002051dcc                readAttribute
                0x0000000002051e2c                readWithReadValue
                0x0000000002051f80                UA_Server_read
                0x0000000002052038                __UA_Server_read
                0x0000000002052088                readObjectProperty
                0x00000000020521e8                UA_Server_readObjectProperty
                0x00000000020522bc                compatibleDataType
                0x0000000002052444                compatibleValueRankArrayDimensions
                0x0000000002052720                compatibleValueRanks
                0x00000000020528f0                compatibleArrayDimensions
                0x00000000020529c8                compatibleValueArrayDimensions
                0x0000000002052a8c                compatibleValue
                0x0000000002054920                Service_Write
                0x00000000020549d8                writeWithSession
                0x0000000002054a2c                writeAttribute
                0x0000000002054a84                UA_Server_write
                0x0000000002054ac4                writeWithWriteValue
                0x0000000002054c30                __UA_Server_write
                0x0000000002054c88                UA_Server_writeObjectProperty
                0x0000000002054d38                writeObjectProperty
                0x0000000002054ea8                UA_Server_writeObjectProperty_scalar
                0x00000000020553c0                Service_FindServers
                0x0000000002055728                Service_GetEndpoints
                0x0000000002056144                Service_RegisterServer
                0x00000000020561bc                Service_RegisterServer2
                0x0000000002056264                UA_Discovery_cleanupTimedOut
                0x00000000020567cc                UA_Server_addPeriodicServerRegisterCallback
                0x0000000002056b18                UA_Server_setRegisterServerCallback
                0x0000000002056da0                Service_CreateSubscription
                0x0000000002057028                Service_ModifySubscription
                0x00000000020571b8                Service_SetPublishingMode
                0x00000000020572d8                Service_Publish
                0x0000000002057694                Service_DeleteSubscriptions
                0x000000000205773c                Service_Republish
                0x0000000002058314                Service_CreateMonitoredItems
                0x000000000205842c                UA_Server_createDataChangeMonitoredItem
                0x000000000205869c                Service_ModifyMonitoredItems
                0x0000000002058a5c                Service_SetMonitoringMode
                0x0000000002058bb4                Service_DeleteMonitoredItems
                0x0000000002058ca4                UA_Server_deleteMonitoredItem
                0x0000000002058f3c                UA_Server_deleteSecureChannels
                0x0000000002058fa8                UA_Server_cleanupTimedOutSecureChannels
                0x0000000002059214                UA_Server_createSecureChannel
                0x0000000002059388                UA_Server_configSecureChannel
                0x0000000002059948                UA_Server_closeSecureChannel
                0x0000000002059994                Service_OpenSecureChannel
                0x0000000002059bb8                Service_CloseSecureChannel
                0x0000000002059c58                UA_Server_getNodeContext
                0x0000000002059cc8                getNodeContext
                0x0000000002059e18                UA_Server_setNodeContext
                0x000000000205be1c                AddNode_addRefs
                0x000000000205d010                AddNode_raw
                0x000000000205e4cc                AddNode_finish
                0x000000000205e9ac                Service_AddNodes
                0x000000000205ea64                addNode
                0x000000000205ec2c                __UA_Server_addNode
                0x000000000205ecc4                UA_Server_addNode_begin
                0x000000000205eddc                UA_Server_addNode_finish
                0x000000000205fa08                Service_DeleteNodes
                0x000000000205fac0                UA_Server_deleteNode
                0x000000000205fb38                deleteNode
                0x00000000020600f8                Service_AddReferences
                0x00000000020601b0                UA_Server_addReference
                0x00000000020604d4                Service_DeleteReferences
                0x000000000206058c                UA_Server_deleteReference
                0x0000000002060714                UA_Server_setVariableNode_valueCallback
                0x0000000002060778                UA_Server_addDataSourceVariableNode
                0x0000000002060a6c                setVariableNode_dataSource
                0x0000000002060ac8                UA_Server_setVariableNode_dataSource
                0x0000000002061298                UA_Server_addMethodNode_finish
                0x00000000020613a0                UA_Server_addMethodNodeEx
                0x00000000020615f8                setMethodNode_callback
                0x0000000002061654                UA_Server_setMethodNode_callback
                0x0000000002061764                UA_Server_setNodeTypeLifecycle
                0x0000000002061860                UA_Client_newWithConfig
                0x0000000002061b08                UA_Client_reset
                0x0000000002061b44                UA_Client_delete
                0x0000000002061b90                UA_Client_getState
                0x0000000002061bb8                UA_Client_getConfig
                0x0000000002061bf0                setClientState
                0x0000000002061c64                getSecurityPolicy
                0x00000000020626b8                receiveResponse
                0x000000000206289c                __UA_Client_Service
                0x0000000002062990                receiveResponseAsync
                0x0000000002062a30                UA_Client_AsyncService_cancel
                0x0000000002062b84                UA_Client_AsyncService_removeAll
                0x0000000002062c30                __UA_Client_AsyncServiceEx
                0x0000000002062d64                __UA_Client_AsyncService
                0x0000000002062dd0                UA_Client_sendAsyncRequest
                0x0000000002062e64                UA_Client_addTimedCallback
                0x0000000002062ecc                UA_Client_addRepeatedCallback
                0x0000000002062f34                UA_Client_changeRepeatedCallbackInterval
                0x0000000002062f8c                UA_Client_removeCallback
                0x00000000020633bc                UA_Client_run_iterate
                0x00000000020634f4                processACKResponseAsync
                0x0000000002063b8c                decodeProcessOPNResponseAsync
                0x000000000206418c                UA_Client_renewSecureChannelAsync
                0x0000000002064348                activateSessionAsync
                0x0000000002064d9c                createSessionAsync
                0x0000000002064fec                endpointUnconfigured
                0x00000000020650a8                UA_Client_connect_iterate
                0x00000000020652c8                UA_Client_connect_async
                0x00000000020657c8                UA_Client_connect
                0x0000000002065808                UA_Client_connect_noSession
                0x000000000206584c                UA_Client_connect_username
                0x0000000002065ae8                UA_Client_disconnect_async
                0x0000000002065d58                UA_Client_disconnect
                0x0000000002065e88                UA_Client_getEndpointsInternal
                0x0000000002065fa4                UA_Client_getEndpoints
                0x00000000020660a0                UA_Client_findServers
                0x000000000206620c                UA_Client_findServersOnNetwork
                0x0000000002066378                UA_Client_NamespaceGetIndex
                0x0000000002066558                UA_Client_forEachChildNodeCall
                0x0000000002066738                UA_Client_addReference
                0x00000000020668fc                UA_Client_deleteReference
                0x0000000002066ab8                UA_Client_deleteNode
                0x0000000002066bec                __UA_Client_addNode
                0x0000000002066e30                UA_Client_call
                0x0000000002066fd4                __UA_Client_writeAttribute
                0x0000000002067160                UA_Client_writeArrayDimensionsAttribute
                0x00000000020672ac                __UA_Client_readAttribute
                0x0000000002067618                UA_Client_readArrayDimensionsAttribute
                0x00000000020679e8                __UA_Client_readAttribute_async
                0x0000000002067bac                __UA_Client_writeAttribute_async
                0x0000000002067cec                __UA_Client_addNode_async
                0x0000000002067e70                __UA_Client_call_async
                0x0000000002067f6c                __UA_Client_translateBrowsePathsToNodeIds_async
                0x00000000020682b8                UA_Client_Subscriptions_create
                0x00000000020683c4                UA_Client_Subscriptions_create_async
                0x00000000020685fc                UA_Client_Subscriptions_modify
                0x00000000020686e8                UA_Client_Subscriptions_modify_async
                0x0000000002068ee8                UA_Client_Subscriptions_delete_async
                0x0000000002069050                UA_Client_Subscriptions_delete
                0x00000000020691d8                UA_Client_Subscriptions_deleteSingle
                0x00000000020692b8                UA_Client_MonitoredItem_remove
                0x0000000002069fd8                UA_Client_MonitoredItems_createDataChanges
                0x000000000206a054                UA_Client_MonitoredItems_createDataChanges_async
                0x000000000206a0e4                UA_Client_MonitoredItems_createDataChange
                0x000000000206a268                UA_Client_MonitoredItems_createEvents
                0x000000000206a2e4                UA_Client_MonitoredItems_createEvents_async
                0x000000000206a374                UA_Client_MonitoredItems_createEvent
                0x000000000206a738                UA_Client_MonitoredItems_delete
                0x000000000206a7e8                UA_Client_MonitoredItems_delete_async
                0x000000000206a8d0                UA_Client_MonitoredItems_deleteSingle
                0x000000000206a9bc                UA_Client_MonitoredItems_modify
                0x000000000206ab5c                UA_Client_preparePublishRequest
                0x000000000206b118                UA_Client_Subscriptions_processPublishResponse
                0x000000000206b620                UA_Client_Subscriptions_clean
                0x000000000206b6fc                UA_Client_Subscriptions_backgroundPublishInactivityCheck
                0x000000000206b900                UA_Client_Subscriptions_backgroundPublish
                0x000000000206ba30                __secs_to_tm
                0x000000000206c2dc                __tm_to_secs
                0x000000000206c5bc                pcg32_srandom_r
                0x000000000206c684                pcg32_random_r
                0x000000000206c7d4                UA_base64
                0x000000000206cb24                UA_unbase64
                0x00000000020ed74c                namespace0_generated
                0x00000000020f5008                UA_Guid_parse
                0x00000000020f5650                UA_NodeId_parse
                0x00000000020f5f98                UA_ExpandedNodeId_parse
                0x00000000020f6c94                UA_RelativePath_parse
                0x00000000020f6cfc                UA_DiscoveryManager_init
                0x00000000020f6d4c                UA_DiscoveryManager_deleteMembers
                0x00000000020f6e98                UA_Subscription_new
                0x00000000020f6f44                UA_Subscription_deleteMembers
                0x00000000020f7318                UA_Subscription_getMonitoredItem
                0x00000000020f737c                UA_Subscription_deleteMonitoredItem
                0x00000000020f75b8                UA_Subscription_addMonitoredItem
                0x00000000020f7994                UA_Subscription_removeRetransmissionMessage
                0x00000000020f7e4c                UA_Subscription_publish
                0x00000000020f85ac                UA_Subscription_reachedPublishReqLimit
                0x00000000020f8798                Subscription_registerPublishCallback
                0x00000000020f8850                Subscription_unregisterPublishCallback
                0x00000000020f88bc                UA_Subscription_answerPublishRequestsNoSubscription
                0x00000000020f8990                UA_Notification_enqueue
                0x00000000020f8a98                UA_Notification_dequeue
                0x00000000020f8bb4                UA_Notification_delete
                0x00000000020f8bf8                UA_MonitoredItem_init
                0x00000000020f8c5c                UA_MonitoredItem_delete
                0x00000000020f8e5c                UA_MonitoredItem_ensureQueueSpace
                0x00000000020f919c                UA_MonitoredItem_registerSampleCallback
                0x00000000020f9248                UA_MonitoredItem_unregisterSampleCallback
                0x00000000020fa17c                UA_MonitoredItem_sampleCallback
                0x00000000020fa1b8                monitoredItem_sampleCallback
                0x00000000020fa4d4                UA_Log_Stdout_log
                0x00000000020fa690                UA_Log_Stdout_clear
                0x00000000020fabc8                UA_AccessControl_default
                0x00000000020fb040                UA_CertificateVerification_AcceptAll
                0x00000000020fb270                NodeTree_ZIP_INSERT
                0x00000000020fb50c                NodeTree_ZIP_REMOVE
                0x00000000020fb5f4                NodeTree_ZIP_FIND
                0x00000000020fb634                NodeTree_ZIP_MIN
                0x00000000020fb68c                NodeTree_ZIP_MAX
                0x00000000020fb764                NodeTree_ZIP_ITER
                0x00000000020fc10c                UA_Nodestore_ZipTree
                0x00000000020fd328                UA_Nodestore_HashMap
                0x00000000020fd55c                UA_Server_new
                0x00000000020fda6c                UA_ServerConfig_setBasics
                0x00000000020fdb10                UA_ServerConfig_addNetworkLayerTCP
                0x00000000020fdc94                UA_ServerConfig_addSecurityPolicyNone
                0x00000000020fddac                UA_ServerConfig_addEndpoint
                0x00000000020fdf00                UA_ServerConfig_addAllEndpoints
                0x00000000020fe10c                UA_ServerConfig_setMinimalCustomBuffer
                0x00000000020fe284                UA_Client_new
                0x00000000020fe2dc                UA_ClientConfig_setDefault
                0x00000000020fe8b0                UA_SecurityPolicy_None
                0x00000000020ffd00                UA_PubSubTransportLayerUDPMP
                0x00000000020ffd70                UA_DateTime_now
                0x00000000020ffed8                UA_DateTime_localTimeUtcOffset
                0x00000000020fff0c                UA_DateTime_nowMonotonic
                0x00000000020fffc8                UA_socket_set_blocking
                0x0000000002100018                UA_socket_set_nonblocking
                0x000000000210006c                gethostname_lwip
                0x0000000002100094                UA_initialize_architecture_network
                0x00000000021000b4                UA_deinitialize_architecture_network
                0x0000000002101780                UA_ServerNetworkLayerTCP
                0x00000000021019b0                UA_ClientConnectionTCP_poll
                0x0000000002101ef4                UA_ClientConnectionTCP_init
                0x00000000021022cc                UA_ClientConnectionTCP
 .text          0x0000000002102e1c        0x0 c:/altera/18.1/nios2eds/bin/gnu/h-x86_64-mingw32/bin/../lib/gcc/nios2-elf/5.3.0/../../../../../H-x86_64-mingw32/nios2-elf/lib\libm.a(lib_a-s_signbit.o)
 .text.__signbitf
                0x0000000002102e1c        0x8 c:/altera/18.1/nios2eds/bin/gnu/h-x86_64-mingw32/bin/../lib/gcc/nios2-elf/5.3.0/../../../../../H-x86_64-mingw32/nios2-elf/lib\libm.a(lib_a-s_signbit.o)
                0x0000000002102e1c                __signbitf
 .text.__signbitd
                0x0000000002102e24        0x8 c:/altera/18.1/nios2eds/bin/gnu/h-x86_64-mingw32/bin/../lib/gcc/nios2-elf/5.3.0/../../../../../H-x86_64-mingw32/nios2-elf/lib\libm.a(lib_a-s_signbit.o)
                0x0000000002102e24                __signbitd
 .text          0x0000000002102e2c       0x60 c:/altera/18.1/nios2eds/bin/gnu/h-x86_64-mingw32/bin/../lib/gcc/nios2-elf/5.3.0\libgcc.a(_muldi3.o)
                0x0000000002102e2c                __muldi3
 .text          0x0000000002102e8c       0x74 c:/altera/18.1/nios2eds/bin/gnu/h-x86_64-mingw32/bin/../lib/gcc/nios2-elf/5.3.0\libgcc.a(_fixunsdfsi.o)
                0x0000000002102e8c                __fixunsdfsi
 .text          0x0000000002102f00       0x74 c:/altera/18.1/nios2eds/bin/gnu/h-x86_64-mingw32/bin/../lib/gcc/nios2-elf/5.3.0\libgcc.a(_fixdfdi.o)
                0x0000000002102f00                __fixdfdi
 .text          0x0000000002102f74       0x90 c:/altera/18.1/nios2eds/bin/gnu/h-x86_64-mingw32/bin/../lib/gcc/nios2-elf/5.3.0\libgcc.a(_fixunsdfdi.o)
                0x0000000002102f74                __fixunsdfdi
 .text          0x0000000002103004       0xc4 c:/altera/18.1/nios2eds/bin/gnu/h-x86_64-mingw32/bin/../lib/gcc/nios2-elf/5.3.0\libgcc.a(_floatdisf.o)
                0x0000000002103004                __floatdisf
 .text          0x00000000021030c8       0x70 c:/altera/18.1/nios2eds/bin/gnu/h-x86_64-mingw32/bin/../lib/gcc/nios2-elf/5.3.0\libgcc.a(_floatdidf.o)
                0x00000000021030c8                __floatdidf
 .text          0x0000000002103138       0x70 c:/altera/18.1/nios2eds/bin/gnu/h-x86_64-mingw32/bin/../lib/gcc/nios2-elf/5.3.0\libgcc.a(_floatundidf.o)
                0x0000000002103138                __floatundidf
 .text          0x00000000021031a8      0x5c8 c:/altera/18.1/nios2eds/bin/gnu/h-x86_64-mingw32/bin/../lib/gcc/nios2-elf/5.3.0\libgcc.a(_divdi3.o)
                0x00000000021031a8                __divdi3
 .text          0x0000000002103770      0x590 c:/altera/18.1/nios2eds/bin/gnu/h-x86_64-mingw32/bin/../lib/gcc/nios2-elf/5.3.0\libgcc.a(_moddi3.o)
                0x0000000002103770                __moddi3
 .text          0x0000000002103d00      0x1b4 c:/altera/18.1/nios2eds/bin/gnu/h-x86_64-mingw32/bin/../lib/gcc/nios2-elf/5.3.0\libgcc.a(lib2-divmod.o)
                0x0000000002103d00                __divsi3
                0x0000000002103d84                __modsi3
                0x0000000002103df8                __udivsi3
                0x0000000002103e5c                __umodsi3
 .text          0x0000000002103eb4      0x4c8 c:/altera/18.1/nios2eds/bin/gnu/h-x86_64-mingw32/bin/../lib/gcc/nios2-elf/5.3.0\libgcc.a(addsf3.o)
                0x0000000002103eb4                __addsf3
 .text          0x000000000210437c      0x440 c:/altera/18.1/nios2eds/bin/gnu/h-x86_64-mingw32/bin/../lib/gcc/nios2-elf/5.3.0\libgcc.a(divsf3.o)
                0x000000000210437c                __divsf3
 .text          0x00000000021047bc       0x78 c:/altera/18.1/nios2eds/bin/gnu/h-x86_64-mingw32/bin/../lib/gcc/nios2-elf/5.3.0\libgcc.a(eqsf2.o)
                0x00000000021047bc                __eqsf2
                0x00000000021047bc                __nesf2
 .text          0x0000000002104834       0xbc c:/altera/18.1/nios2eds/bin/gnu/h-x86_64-mingw32/bin/../lib/gcc/nios2-elf/5.3.0\libgcc.a(gesf2.o)
                0x0000000002104834                __gesf2
                0x0000000002104834                __gtsf2
 .text          0x00000000021048f0      0x8ac c:/altera/18.1/nios2eds/bin/gnu/h-x86_64-mingw32/bin/../lib/gcc/nios2-elf/5.3.0\libgcc.a(adddf3.o)
                0x00000000021048f0                __adddf3
 .text          0x000000000210519c      0x8e8 c:/altera/18.1/nios2eds/bin/gnu/h-x86_64-mingw32/bin/../lib/gcc/nios2-elf/5.3.0\libgcc.a(divdf3.o)
                0x000000000210519c                __divdf3
 .text          0x0000000002105a84       0x88 c:/altera/18.1/nios2eds/bin/gnu/h-x86_64-mingw32/bin/../lib/gcc/nios2-elf/5.3.0\libgcc.a(eqdf2.o)
                0x0000000002105a84                __nedf2
                0x0000000002105a84                __eqdf2
 .text          0x0000000002105b0c       0xdc c:/altera/18.1/nios2eds/bin/gnu/h-x86_64-mingw32/bin/../lib/gcc/nios2-elf/5.3.0\libgcc.a(gedf2.o)
                0x0000000002105b0c                __gedf2
                0x0000000002105b0c                __gtdf2
 .text          0x0000000002105be8       0xf4 c:/altera/18.1/nios2eds/bin/gnu/h-x86_64-mingw32/bin/../lib/gcc/nios2-elf/5.3.0\libgcc.a(ledf2.o)
                0x0000000002105be8                __ledf2
                0x0000000002105be8                __ltdf2
 .text          0x0000000002105cdc      0x718 c:/altera/18.1/nios2eds/bin/gnu/h-x86_64-mingw32/bin/../lib/gcc/nios2-elf/5.3.0\libgcc.a(muldf3.o)
                0x0000000002105cdc                __muldf3
 .text          0x00000000021063f4      0x8fc c:/altera/18.1/nios2eds/bin/gnu/h-x86_64-mingw32/bin/../lib/gcc/nios2-elf/5.3.0\libgcc.a(subdf3.o)
                0x00000000021063f4                __subdf3
 .text          0x0000000002106cf0       0x80 c:/altera/18.1/nios2eds/bin/gnu/h-x86_64-mingw32/bin/../lib/gcc/nios2-elf/5.3.0\libgcc.a(fixdfsi.o)
                0x0000000002106cf0                __fixdfsi
 .text          0x0000000002106d70       0xdc c:/altera/18.1/nios2eds/bin/gnu/h-x86_64-mingw32/bin/../lib/gcc/nios2-elf/5.3.0\libgcc.a(floatsidf.o)
                0x0000000002106d70                __floatsidf
 .text          0x0000000002106e4c       0xa8 c:/altera/18.1/nios2eds/bin/gnu/h-x86_64-mingw32/bin/../lib/gcc/nios2-elf/5.3.0\libgcc.a(floatunsidf.o)
                0x0000000002106e4c                __floatunsidf
 .text          0x0000000002106ef4      0x110 c:/altera/18.1/nios2eds/bin/gnu/h-x86_64-mingw32/bin/../lib/gcc/nios2-elf/5.3.0\libgcc.a(extendsfdf2.o)
                0x0000000002106ef4                __extendsfdf2
 .text          0x0000000002107004      0x1a8 c:/altera/18.1/nios2eds/bin/gnu/h-x86_64-mingw32/bin/../lib/gcc/nios2-elf/5.3.0\libgcc.a(truncdfsf2.o)
                0x0000000002107004                __truncdfsf2
 .text          0x00000000021071ac        0x0 c:/altera/18.1/nios2eds/bin/gnu/h-x86_64-mingw32/bin/../lib/gcc/nios2-elf/5.3.0\libgcc.a(_clz.o)
 .text          0x00000000021071ac       0x64 c:/altera/18.1/nios2eds/bin/gnu/h-x86_64-mingw32/bin/../lib/gcc/nios2-elf/5.3.0\libgcc.a(_clzsi2.o)
                0x00000000021071ac                __clzsi2
 .text          0x0000000002107210        0x0 c:/altera/18.1/nios2eds/bin/gnu/h-x86_64-mingw32/bin/../lib/gcc/nios2-elf/5.3.0/../../../../../H-x86_64-mingw32/nios2-elf/lib\libc.a(lib_a-assert.o)
 .text.__assert_func
                0x0000000002107210       0x68 c:/altera/18.1/nios2eds/bin/gnu/h-x86_64-mingw32/bin/../lib/gcc/nios2-elf/5.3.0/../../../../../H-x86_64-mingw32/nios2-elf/lib\libc.a(lib_a-assert.o)
                0x0000000002107210                __assert_func
 .text.__assert
                0x0000000002107278       0x14 c:/altera/18.1/nios2eds/bin/gnu/h-x86_64-mingw32/bin/../lib/gcc/nios2-elf/5.3.0/../../../../../H-x86_64-mingw32/nios2-elf/lib\libc.a(lib_a-assert.o)
                0x0000000002107278                __assert
 .text          0x000000000210728c        0x0 c:/altera/18.1/nios2eds/bin/gnu/h-x86_64-mingw32/bin/../lib/gcc/nios2-elf/5.3.0/../../../../../H-x86_64-mingw32/nios2-elf/lib\libc.a(lib_a-calloc.o)
 .text.calloc   0x000000000210728c       0x18 c:/altera/18.1/nios2eds/bin/gnu/h-x86_64-mingw32/bin/../lib/gcc/nios2-elf/5.3.0/../../../../../H-x86_64-mingw32/nios2-elf/lib\libc.a(lib_a-calloc.o)
                0x000000000210728c                calloc
 .text          0x00000000021072a4        0x0 c:/altera/18.1/nios2eds/bin/gnu/h-x86_64-mingw32/bin/../lib/gcc/nios2-elf/5.3.0/../../../../../H-x86_64-mingw32/nios2-elf/lib\libc.a(lib_a-callocr.o)
 .text._calloc_r
                0x00000000021072a4       0xc4 c:/altera/18.1/nios2eds/bin/gnu/h-x86_64-mingw32/bin/../lib/gcc/nios2-elf/5.3.0/../../../../../H-x86_64-mingw32/nios2-elf/lib\libc.a(lib_a-callocr.o)
                0x00000000021072a4                _calloc_r
 .text          0x0000000002107368        0x0 c:/altera/18.1/nios2eds/bin/gnu/h-x86_64-mingw32/bin/../lib/gcc/nios2-elf/5.3.0/../../../../../H-x86_64-mingw32/nios2-elf/lib\libc.a(lib_a-errno.o)
 .text.__errno  0x0000000002107368       0x10 c:/altera/18.1/nios2eds/bin/gnu/h-x86_64-mingw32/bin/../lib/gcc/nios2-elf/5.3.0/../../../../../H-x86_64-mingw32/nios2-elf/lib\libc.a(lib_a-errno.o)
                0x0000000002107368                __errno
 .text          0x0000000002107378        0x0 c:/altera/18.1/nios2eds/bin/gnu/h-x86_64-mingw32/bin/../lib/gcc/nios2-elf/5.3.0/../../../../../H-x86_64-mingw32/nios2-elf/lib\libc.a(lib_a-fflush.o)
 .text.__sflush_r
                0x0000000002107378      0x21c c:/altera/18.1/nios2eds/bin/gnu/h-x86_64-mingw32/bin/../lib/gcc/nios2-elf/5.3.0/../../../../../H-x86_64-mingw32/nios2-elf/lib\libc.a(lib_a-fflush.o)
                0x0000000002107378                __sflush_r
 .text._fflush_r
                0x0000000002107594       0x5c c:/altera/18.1/nios2eds/bin/gnu/h-x86_64-mingw32/bin/../lib/gcc/nios2-elf/5.3.0/../../../../../H-x86_64-mingw32/nios2-elf/lib\libc.a(lib_a-fflush.o)
                0x0000000002107594                _fflush_r
 .text.fflush   0x00000000021075f0       0x30 c:/altera/18.1/nios2eds/bin/gnu/h-x86_64-mingw32/bin/../lib/gcc/nios2-elf/5.3.0/../../../../../H-x86_64-mingw32/nios2-elf/lib\libc.a(lib_a-fflush.o)
                0x00000000021075f0                fflush
 .text          0x0000000002107620        0x0 c:/altera/18.1/nios2eds/bin/gnu/h-x86_64-mingw32/bin/../lib/gcc/nios2-elf/5.3.0/../../../../../H-x86_64-mingw32/nios2-elf/lib\libc.a(lib_a-findfp.o)
 .text.__fp_unlock
                0x0000000002107620        0x8 c:/altera/18.1/nios2eds/bin/gnu/h-x86_64-mingw32/bin/../lib/gcc/nios2-elf/5.3.0/../../../../../H-x86_64-mingw32/nios2-elf/lib\libc.a(lib_a-findfp.o)
 .text._cleanup_r
                0x0000000002107628        0xc c:/altera/18.1/nios2eds/bin/gnu/h-x86_64-mingw32/bin/../lib/gcc/nios2-elf/5.3.0/../../../../../H-x86_64-mingw32/nios2-elf/lib\libc.a(lib_a-findfp.o)
                0x0000000002107628                _cleanup_r
 .text.__sinit.part.1
                0x0000000002107634      0x19c c:/altera/18.1/nios2eds/bin/gnu/h-x86_64-mingw32/bin/../lib/gcc/nios2-elf/5.3.0/../../../../../H-x86_64-mingw32/nios2-elf/lib\libc.a(lib_a-findfp.o)
 .text.__fp_lock
                0x00000000021077d0        0x8 c:/altera/18.1/nios2eds/bin/gnu/h-x86_64-mingw32/bin/../lib/gcc/nios2-elf/5.3.0/../../../../../H-x86_64-mingw32/nios2-elf/lib\libc.a(lib_a-findfp.o)
 .text.__sfmoreglue
                0x00000000021077d8       0x68 c:/altera/18.1/nios2eds/bin/gnu/h-x86_64-mingw32/bin/../lib/gcc/nios2-elf/5.3.0/../../../../../H-x86_64-mingw32/nios2-elf/lib\libc.a(lib_a-findfp.o)
                0x00000000021077d8                __sfmoreglue
 .text.__sfp    0x0000000002107840      0x118 c:/altera/18.1/nios2eds/bin/gnu/h-x86_64-mingw32/bin/../lib/gcc/nios2-elf/5.3.0/../../../../../H-x86_64-mingw32/nios2-elf/lib\libc.a(lib_a-findfp.o)
                0x0000000002107840                __sfp
 .text._cleanup
                0x0000000002107958       0x18 c:/altera/18.1/nios2eds/bin/gnu/h-x86_64-mingw32/bin/../lib/gcc/nios2-elf/5.3.0/../../../../../H-x86_64-mingw32/nios2-elf/lib\libc.a(lib_a-findfp.o)
                0x0000000002107958                _cleanup
 .text.__sinit  0x0000000002107970       0x10 c:/altera/18.1/nios2eds/bin/gnu/h-x86_64-mingw32/bin/../lib/gcc/nios2-elf/5.3.0/../../../../../H-x86_64-mingw32/nios2-elf/lib\libc.a(lib_a-findfp.o)
                0x0000000002107970                __sinit
 .text.__sfp_lock_acquire
                0x0000000002107980        0x4 c:/altera/18.1/nios2eds/bin/gnu/h-x86_64-mingw32/bin/../lib/gcc/nios2-elf/5.3.0/../../../../../H-x86_64-mingw32/nios2-elf/lib\libc.a(lib_a-findfp.o)
                0x0000000002107980                __sfp_lock_acquire
 .text.__sfp_lock_release
                0x0000000002107984        0x4 c:/altera/18.1/nios2eds/bin/gnu/h-x86_64-mingw32/bin/../lib/gcc/nios2-elf/5.3.0/../../../../../H-x86_64-mingw32/nios2-elf/lib\libc.a(lib_a-findfp.o)
                0x0000000002107984                __sfp_lock_release
 .text.__sinit_lock_acquire
                0x0000000002107988        0x4 c:/altera/18.1/nios2eds/bin/gnu/h-x86_64-mingw32/bin/../lib/gcc/nios2-elf/5.3.0/../../../../../H-x86_64-mingw32/nios2-elf/lib\libc.a(lib_a-findfp.o)
                0x0000000002107988                __sinit_lock_acquire
 .text.__sinit_lock_release
                0x000000000210798c        0x4 c:/altera/18.1/nios2eds/bin/gnu/h-x86_64-mingw32/bin/../lib/gcc/nios2-elf/5.3.0/../../../../../H-x86_64-mingw32/nios2-elf/lib\libc.a(lib_a-findfp.o)
                0x000000000210798c                __sinit_lock_release
 .text.__fp_lock_all
                0x0000000002107990       0x18 c:/altera/18.1/nios2eds/bin/gnu/h-x86_64-mingw32/bin/../lib/gcc/nios2-elf/5.3.0/../../../../../H-x86_64-mingw32/nios2-elf/lib\libc.a(lib_a-findfp.o)
                0x0000000002107990                __fp_lock_all
 .text.__fp_unlock_all
                0x00000000021079a8       0x18 c:/altera/18.1/nios2eds/bin/gnu/h-x86_64-mingw32/bin/../lib/gcc/nios2-elf/5.3.0/../../../../../H-x86_64-mingw32/nios2-elf/lib\libc.a(lib_a-findfp.o)
                0x00000000021079a8                __fp_unlock_all
 .text          0x00000000021079c0        0x0 c:/altera/18.1/nios2eds/bin/gnu/h-x86_64-mingw32/bin/../lib/gcc/nios2-elf/5.3.0/../../../../../H-x86_64-mingw32/nios2-elf/lib\libc.a(lib_a-fiprintf.o)
 .text._fiprintf_r
                0x00000000021079c0       0x20 c:/altera/18.1/nios2eds/bin/gnu/h-x86_64-mingw32/bin/../lib/gcc/nios2-elf/5.3.0/../../../../../H-x86_64-mingw32/nios2-elf/lib\libc.a(lib_a-fiprintf.o)
                0x00000000021079c0                _fiprintf_r
 .text.fiprintf
                0x00000000021079e0       0x3c c:/altera/18.1/nios2eds/bin/gnu/h-x86_64-mingw32/bin/../lib/gcc/nios2-elf/5.3.0/../../../../../H-x86_64-mingw32/nios2-elf/lib\libc.a(lib_a-fiprintf.o)
                0x00000000021079e0                fiprintf
 .text          0x0000000002107a1c        0x0 c:/altera/18.1/nios2eds/bin/gnu/h-x86_64-mingw32/bin/../lib/gcc/nios2-elf/5.3.0/../../../../../H-x86_64-mingw32/nios2-elf/lib\libc.a(lib_a-freer.o)
 .text._malloc_trim_r
                0x0000000002107a1c      0x124 c:/altera/18.1/nios2eds/bin/gnu/h-x86_64-mingw32/bin/../lib/gcc/nios2-elf/5.3.0/../../../../../H-x86_64-mingw32/nios2-elf/lib\libc.a(lib_a-freer.o)
                0x0000000002107a1c                _malloc_trim_r
 .text._free_r  0x0000000002107b40      0x310 c:/altera/18.1/nios2eds/bin/gnu/h-x86_64-mingw32/bin/../lib/gcc/nios2-elf/5.3.0/../../../../../H-x86_64-mingw32/nios2-elf/lib\libc.a(lib_a-freer.o)
                0x0000000002107b40                _free_r
 .text          0x0000000002107e50        0x0 c:/altera/18.1/nios2eds/bin/gnu/h-x86_64-mingw32/bin/../lib/gcc/nios2-elf/5.3.0/../../../../../H-x86_64-mingw32/nios2-elf/lib\libc.a(lib_a-fwalk.o)
 .text._fwalk   0x0000000002107e50       0xc4 c:/altera/18.1/nios2eds/bin/gnu/h-x86_64-mingw32/bin/../lib/gcc/nios2-elf/5.3.0/../../../../../H-x86_64-mingw32/nios2-elf/lib\libc.a(lib_a-fwalk.o)
                0x0000000002107e50                _fwalk
 .text._fwalk_reent
                0x0000000002107f14       0xc4 c:/altera/18.1/nios2eds/bin/gnu/h-x86_64-mingw32/bin/../lib/gcc/nios2-elf/5.3.0/../../../../../H-x86_64-mingw32/nios2-elf/lib\libc.a(lib_a-fwalk.o)
                0x0000000002107f14                _fwalk_reent
 .text          0x0000000002107fd8        0x0 c:/altera/18.1/nios2eds/bin/gnu/h-x86_64-mingw32/bin/../lib/gcc/nios2-elf/5.3.0/../../../../../H-x86_64-mingw32/nios2-elf/lib\libc.a(lib_a-impure.o)
 .text          0x0000000002107fd8        0x0 c:/altera/18.1/nios2eds/bin/gnu/h-x86_64-mingw32/bin/../lib/gcc/nios2-elf/5.3.0/../../../../../H-x86_64-mingw32/nios2-elf/lib\libc.a(lib_a-malloc.o)
 .text.malloc   0x0000000002107fd8       0x14 c:/altera/18.1/nios2eds/bin/gnu/h-x86_64-mingw32/bin/../lib/gcc/nios2-elf/5.3.0/../../../../../H-x86_64-mingw32/nios2-elf/lib\libc.a(lib_a-malloc.o)
                0x0000000002107fd8                malloc
 .text.free     0x0000000002107fec       0x14 c:/altera/18.1/nios2eds/bin/gnu/h-x86_64-mingw32/bin/../lib/gcc/nios2-elf/5.3.0/../../../../../H-x86_64-mingw32/nios2-elf/lib\libc.a(lib_a-malloc.o)
                0x0000000002107fec                free
 .text          0x0000000002108000        0x0 c:/altera/18.1/nios2eds/bin/gnu/h-x86_64-mingw32/bin/../lib/gcc/nios2-elf/5.3.0/../../../../../H-x86_64-mingw32/nios2-elf/lib\libc.a(lib_a-mallocr.o)
 .text._malloc_r
                0x0000000002108000      0x80c c:/altera/18.1/nios2eds/bin/gnu/h-x86_64-mingw32/bin/../lib/gcc/nios2-elf/5.3.0/../../../../../H-x86_64-mingw32/nios2-elf/lib\libc.a(lib_a-mallocr.o)
                0x0000000002108000                _malloc_r
 .text          0x000000000210880c        0x0 c:/altera/18.1/nios2eds/bin/gnu/h-x86_64-mingw32/bin/../lib/gcc/nios2-elf/5.3.0/../../../../../H-x86_64-mingw32/nios2-elf/lib\libc.a(lib_a-memcmp.o)
 .text.memcmp   0x000000000210880c       0x7c c:/altera/18.1/nios2eds/bin/gnu/h-x86_64-mingw32/bin/../lib/gcc/nios2-elf/5.3.0/../../../../../H-x86_64-mingw32/nios2-elf/lib\libc.a(lib_a-memcmp.o)
                0x000000000210880c                memcmp
 .text          0x0000000002108888        0x0 c:/altera/18.1/nios2eds/bin/gnu/h-x86_64-mingw32/bin/../lib/gcc/nios2-elf/5.3.0/../../../../../H-x86_64-mingw32/nios2-elf/lib\libc.a(lib_a-memcpy.o)
 .text.memcpy   0x0000000002108888      0x148 c:/altera/18.1/nios2eds/bin/gnu/h-x86_64-mingw32/bin/../lib/gcc/nios2-elf/5.3.0/../../../../../H-x86_64-mingw32/nios2-elf/lib\libc.a(lib_a-memcpy.o)
                0x0000000002108888                memcpy
 .text          0x00000000021089d0        0x0 c:/altera/18.1/nios2eds/bin/gnu/h-x86_64-mingw32/bin/../lib/gcc/nios2-elf/5.3.0/../../../../../H-x86_64-mingw32/nios2-elf/lib\libc.a(lib_a-memmove.o)
 .text.memmove  0x00000000021089d0      0x15c c:/altera/18.1/nios2eds/bin/gnu/h-x86_64-mingw32/bin/../lib/gcc/nios2-elf/5.3.0/../../../../../H-x86_64-mingw32/nios2-elf/lib\libc.a(lib_a-memmove.o)
                0x00000000021089d0                memmove
 .text          0x0000000002108b2c        0x0 c:/altera/18.1/nios2eds/bin/gnu/h-x86_64-mingw32/bin/../lib/gcc/nios2-elf/5.3.0/../../../../../H-x86_64-mingw32/nios2-elf/lib\libc.a(lib_a-memset.o)
 .text.memset   0x0000000002108b2c      0x128 c:/altera/18.1/nios2eds/bin/gnu/h-x86_64-mingw32/bin/../lib/gcc/nios2-elf/5.3.0/../../../../../H-x86_64-mingw32/nios2-elf/lib\libc.a(lib_a-memset.o)
                0x0000000002108b2c                memset
 .text          0x0000000002108c54        0x0 c:/altera/18.1/nios2eds/bin/gnu/h-x86_64-mingw32/bin/../lib/gcc/nios2-elf/5.3.0/../../../../../H-x86_64-mingw32/nios2-elf/lib\libc.a(lib_a-printf.o)
 .text._printf_r
                0x0000000002108c54       0x30 c:/altera/18.1/nios2eds/bin/gnu/h-x86_64-mingw32/bin/../lib/gcc/nios2-elf/5.3.0/../../../../../H-x86_64-mingw32/nios2-elf/lib\libc.a(lib_a-printf.o)
                0x0000000002108c54                _printf_r
 .text.printf   0x0000000002108c84       0x3c c:/altera/18.1/nios2eds/bin/gnu/h-x86_64-mingw32/bin/../lib/gcc/nios2-elf/5.3.0/../../../../../H-x86_64-mingw32/nios2-elf/lib\libc.a(lib_a-printf.o)
                0x0000000002108c84                printf
 .text          0x0000000002108cc0        0x0 c:/altera/18.1/nios2eds/bin/gnu/h-x86_64-mingw32/bin/../lib/gcc/nios2-elf/5.3.0/../../../../../H-x86_64-mingw32/nios2-elf/lib\libc.a(lib_a-putchar.o)
 .text._putchar_r
                0x0000000002108cc0        0x8 c:/altera/18.1/nios2eds/bin/gnu/h-x86_64-mingw32/bin/../lib/gcc/nios2-elf/5.3.0/../../../../../H-x86_64-mingw32/nios2-elf/lib\libc.a(lib_a-putchar.o)
                0x0000000002108cc0                _putchar_r
 .text.putchar  0x0000000002108cc8       0x18 c:/altera/18.1/nios2eds/bin/gnu/h-x86_64-mingw32/bin/../lib/gcc/nios2-elf/5.3.0/../../../../../H-x86_64-mingw32/nios2-elf/lib\libc.a(lib_a-putchar.o)
                0x0000000002108cc8                putchar
 .text          0x0000000002108ce0        0x0 c:/altera/18.1/nios2eds/bin/gnu/h-x86_64-mingw32/bin/../lib/gcc/nios2-elf/5.3.0/../../../../../H-x86_64-mingw32/nios2-elf/lib\libc.a(lib_a-puts.o)
 .text._puts_r  0x0000000002108ce0       0xc0 c:/altera/18.1/nios2eds/bin/gnu/h-x86_64-mingw32/bin/../lib/gcc/nios2-elf/5.3.0/../../../../../H-x86_64-mingw32/nios2-elf/lib\libc.a(lib_a-puts.o)
                0x0000000002108ce0                _puts_r
 .text.puts     0x0000000002108da0       0x14 c:/altera/18.1/nios2eds/bin/gnu/h-x86_64-mingw32/bin/../lib/gcc/nios2-elf/5.3.0/../../../../../H-x86_64-mingw32/nios2-elf/lib\libc.a(lib_a-puts.o)
                0x0000000002108da0                puts
 .text          0x0000000002108db4        0x0 c:/altera/18.1/nios2eds/bin/gnu/h-x86_64-mingw32/bin/../lib/gcc/nios2-elf/5.3.0/../../../../../H-x86_64-mingw32/nios2-elf/lib\libc.a(lib_a-realloc.o)
 .text.realloc  0x0000000002108db4       0x18 c:/altera/18.1/nios2eds/bin/gnu/h-x86_64-mingw32/bin/../lib/gcc/nios2-elf/5.3.0/../../../../../H-x86_64-mingw32/nios2-elf/lib\libc.a(lib_a-realloc.o)
                0x0000000002108db4                realloc
 .text          0x0000000002108dcc        0x0 c:/altera/18.1/nios2eds/bin/gnu/h-x86_64-mingw32/bin/../lib/gcc/nios2-elf/5.3.0/../../../../../H-x86_64-mingw32/nios2-elf/lib\libc.a(lib_a-reallocr.o)
 .text._realloc_r
                0x0000000002108dcc      0x564 c:/altera/18.1/nios2eds/bin/gnu/h-x86_64-mingw32/bin/../lib/gcc/nios2-elf/5.3.0/../../../../../H-x86_64-mingw32/nios2-elf/lib\libc.a(lib_a-reallocr.o)
                0x0000000002108dcc                _realloc_r
 .text          0x0000000002109330        0x0 c:/altera/18.1/nios2eds/bin/gnu/h-x86_64-mingw32/bin/../lib/gcc/nios2-elf/5.3.0/../../../../../H-x86_64-mingw32/nios2-elf/lib\libc.a(lib_a-sbrkr.o)
 .text._sbrk_r  0x0000000002109330       0x54 c:/altera/18.1/nios2eds/bin/gnu/h-x86_64-mingw32/bin/../lib/gcc/nios2-elf/5.3.0/../../../../../H-x86_64-mingw32/nios2-elf/lib\libc.a(lib_a-sbrkr.o)
                0x0000000002109330                _sbrk_r
 .text          0x0000000002109384        0x0 c:/altera/18.1/nios2eds/bin/gnu/h-x86_64-mingw32/bin/../lib/gcc/nios2-elf/5.3.0/../../../../../H-x86_64-mingw32/nios2-elf/lib\libc.a(lib_a-snprintf.o)
 .text._snprintf_r
                0x0000000002109384       0xd8 c:/altera/18.1/nios2eds/bin/gnu/h-x86_64-mingw32/bin/../lib/gcc/nios2-elf/5.3.0/../../../../../H-x86_64-mingw32/nios2-elf/lib\libc.a(lib_a-snprintf.o)
                0x0000000002109384                _snprintf_r
 .text.snprintf
                0x000000000210945c       0xe4 c:/altera/18.1/nios2eds/bin/gnu/h-x86_64-mingw32/bin/../lib/gcc/nios2-elf/5.3.0/../../../../../H-x86_64-mingw32/nios2-elf/lib\libc.a(lib_a-snprintf.o)
                0x000000000210945c                snprintf
 .text          0x0000000002109540        0x0 c:/altera/18.1/nios2eds/bin/gnu/h-x86_64-mingw32/bin/../lib/gcc/nios2-elf/5.3.0/../../../../../H-x86_64-mingw32/nios2-elf/lib\libc.a(lib_a-sprintf.o)
 .text._sprintf_r
                0x0000000002109540       0x58 c:/altera/18.1/nios2eds/bin/gnu/h-x86_64-mingw32/bin/../lib/gcc/nios2-elf/5.3.0/../../../../../H-x86_64-mingw32/nios2-elf/lib\libc.a(lib_a-sprintf.o)
                0x0000000002109540                _sprintf_r
 .text.sprintf  0x0000000002109598       0x6c c:/altera/18.1/nios2eds/bin/gnu/h-x86_64-mingw32/bin/../lib/gcc/nios2-elf/5.3.0/../../../../../H-x86_64-mingw32/nios2-elf/lib\libc.a(lib_a-sprintf.o)
                0x0000000002109598                sprintf
 .text          0x0000000002109604        0x0 c:/altera/18.1/nios2eds/bin/gnu/h-x86_64-mingw32/bin/../lib/gcc/nios2-elf/5.3.0/../../../../../H-x86_64-mingw32/nios2-elf/lib\libc.a(lib_a-stdio.o)
 .text.__sread  0x0000000002109604       0x54 c:/altera/18.1/nios2eds/bin/gnu/h-x86_64-mingw32/bin/../lib/gcc/nios2-elf/5.3.0/../../../../../H-x86_64-mingw32/nios2-elf/lib\libc.a(lib_a-stdio.o)
                0x0000000002109604                __sread
 .text.__seofread
                0x0000000002109658        0x8 c:/altera/18.1/nios2eds/bin/gnu/h-x86_64-mingw32/bin/../lib/gcc/nios2-elf/5.3.0/../../../../../H-x86_64-mingw32/nios2-elf/lib\libc.a(lib_a-stdio.o)
                0x0000000002109658                __seofread
 .text.__swrite
                0x0000000002109660       0x7c c:/altera/18.1/nios2eds/bin/gnu/h-x86_64-mingw32/bin/../lib/gcc/nios2-elf/5.3.0/../../../../../H-x86_64-mingw32/nios2-elf/lib\libc.a(lib_a-stdio.o)
                0x0000000002109660                __swrite
 .text.__sseek  0x00000000021096dc       0x5c c:/altera/18.1/nios2eds/bin/gnu/h-x86_64-mingw32/bin/../lib/gcc/nios2-elf/5.3.0/../../../../../H-x86_64-mingw32/nios2-elf/lib\libc.a(lib_a-stdio.o)
                0x00000000021096dc                __sseek
 .text.__sclose
                0x0000000002109738        0x8 c:/altera/18.1/nios2eds/bin/gnu/h-x86_64-mingw32/bin/../lib/gcc/nios2-elf/5.3.0/../../../../../H-x86_64-mingw32/nios2-elf/lib\libc.a(lib_a-stdio.o)
                0x0000000002109738                __sclose
 .text          0x0000000002109740        0x0 c:/altera/18.1/nios2eds/bin/gnu/h-x86_64-mingw32/bin/../lib/gcc/nios2-elf/5.3.0/../../../../../H-x86_64-mingw32/nios2-elf/lib\libc.a(lib_a-strcmp.o)
 .text.strcmp   0x0000000002109740       0xdc c:/altera/18.1/nios2eds/bin/gnu/h-x86_64-mingw32/bin/../lib/gcc/nios2-elf/5.3.0/../../../../../H-x86_64-mingw32/nios2-elf/lib\libc.a(lib_a-strcmp.o)
                0x0000000002109740                strcmp
 .text          0x000000000210981c        0x0 c:/altera/18.1/nios2eds/bin/gnu/h-x86_64-mingw32/bin/../lib/gcc/nios2-elf/5.3.0/../../../../../H-x86_64-mingw32/nios2-elf/lib\libc.a(lib_a-strerror.o)
 .text._strerror_r
                0x000000000210981c      0x65c c:/altera/18.1/nios2eds/bin/gnu/h-x86_64-mingw32/bin/../lib/gcc/nios2-elf/5.3.0/../../../../../H-x86_64-mingw32/nios2-elf/lib\libc.a(lib_a-strerror.o)
                0x000000000210981c                _strerror_r
 .text.strerror
                0x0000000002109e78       0x1c c:/altera/18.1/nios2eds/bin/gnu/h-x86_64-mingw32/bin/../lib/gcc/nios2-elf/5.3.0/../../../../../H-x86_64-mingw32/nios2-elf/lib\libc.a(lib_a-strerror.o)
                0x0000000002109e78                strerror
 .text          0x0000000002109e94        0x0 c:/altera/18.1/nios2eds/bin/gnu/h-x86_64-mingw32/bin/../lib/gcc/nios2-elf/5.3.0/../../../../../H-x86_64-mingw32/nios2-elf/lib\libc.a(lib_a-strlen.o)
 .text.strlen   0x0000000002109e94       0x98 c:/altera/18.1/nios2eds/bin/gnu/h-x86_64-mingw32/bin/../lib/gcc/nios2-elf/5.3.0/../../../../../H-x86_64-mingw32/nios2-elf/lib\libc.a(lib_a-strlen.o)
                0x0000000002109e94                strlen
 .text          0x0000000002109f2c        0x0 c:/altera/18.1/nios2eds/bin/gnu/h-x86_64-mingw32/bin/../lib/gcc/nios2-elf/5.3.0/../../../../../H-x86_64-mingw32/nios2-elf/lib\libc.a(lib_a-strncmp.o)
 .text.strncmp  0x0000000002109f2c       0xd0 c:/altera/18.1/nios2eds/bin/gnu/h-x86_64-mingw32/bin/../lib/gcc/nios2-elf/5.3.0/../../../../../H-x86_64-mingw32/nios2-elf/lib\libc.a(lib_a-strncmp.o)
                0x0000000002109f2c                strncmp
 .text          0x0000000002109ffc        0x0 c:/altera/18.1/nios2eds/bin/gnu/h-x86_64-mingw32/bin/../lib/gcc/nios2-elf/5.3.0/../../../../../H-x86_64-mingw32/nios2-elf/lib\libc.a(lib_a-svfprintf.o)
 .text.___svfprintf_internal_r
                0x0000000002109ffc     0x21d8 c:/altera/18.1/nios2eds/bin/gnu/h-x86_64-mingw32/bin/../lib/gcc/nios2-elf/5.3.0/../../../../../H-x86_64-mingw32/nios2-elf/lib\libc.a(lib_a-svfprintf.o)
                0x0000000002109ffc                ___svfprintf_internal_r
 .text          0x000000000210c1d4        0x0 c:/altera/18.1/nios2eds/bin/gnu/h-x86_64-mingw32/bin/../lib/gcc/nios2-elf/5.3.0/../../../../../H-x86_64-mingw32/nios2-elf/lib\libc.a(lib_a-u_strerr.o)
 .text._user_strerror
                0x000000000210c1d4        0x8 c:/altera/18.1/nios2eds/bin/gnu/h-x86_64-mingw32/bin/../lib/gcc/nios2-elf/5.3.0/../../../../../H-x86_64-mingw32/nios2-elf/lib\libc.a(lib_a-u_strerr.o)
                0x000000000210c1d4                _user_strerror
 .text          0x000000000210c1dc        0x0 c:/altera/18.1/nios2eds/bin/gnu/h-x86_64-mingw32/bin/../lib/gcc/nios2-elf/5.3.0/../../../../../H-x86_64-mingw32/nios2-elf/lib\libc.a(lib_a-vfiprintfr_1.o)
 .text._vfiprintf_r
                0x000000000210c1dc       0x18 c:/altera/18.1/nios2eds/bin/gnu/h-x86_64-mingw32/bin/../lib/gcc/nios2-elf/5.3.0/../../../../../H-x86_64-mingw32/nios2-elf/lib\libc.a(lib_a-vfiprintfr_1.o)
                0x000000000210c1dc                _vfiprintf_r
 .text          0x000000000210c1f4        0x0 c:/altera/18.1/nios2eds/bin/gnu/h-x86_64-mingw32/bin/../lib/gcc/nios2-elf/5.3.0/../../../../../H-x86_64-mingw32/nios2-elf/lib\libc.a(lib_a-vfprintf.o)
 .text.___vfprintf_internal_r
                0x000000000210c1f4     0x21f8 c:/altera/18.1/nios2eds/bin/gnu/h-x86_64-mingw32/bin/../lib/gcc/nios2-elf/5.3.0/../../../../../H-x86_64-mingw32/nios2-elf/lib\libc.a(lib_a-vfprintf.o)
                0x000000000210c1f4                ___vfprintf_internal_r
 .text.__vfprintf_internal
                0x000000000210e3ec       0x1c c:/altera/18.1/nios2eds/bin/gnu/h-x86_64-mingw32/bin/../lib/gcc/nios2-elf/5.3.0/../../../../../H-x86_64-mingw32/nios2-elf/lib\libc.a(lib_a-vfprintf.o)
                0x000000000210e3ec                __vfprintf_internal
 .text.__sbprintf
                0x000000000210e408       0xbc c:/altera/18.1/nios2eds/bin/gnu/h-x86_64-mingw32/bin/../lib/gcc/nios2-elf/5.3.0/../../../../../H-x86_64-mingw32/nios2-elf/lib\libc.a(lib_a-vfprintf.o)
 .text          0x000000000210e4c4        0x0 c:/altera/18.1/nios2eds/bin/gnu/h-x86_64-mingw32/bin/../lib/gcc/nios2-elf/5.3.0/../../../../../H-x86_64-mingw32/nios2-elf/lib\libc.a(lib_a-vprintf.o)
 .text.vprintf  0x000000000210e4c4       0x1c c:/altera/18.1/nios2eds/bin/gnu/h-x86_64-mingw32/bin/../lib/gcc/nios2-elf/5.3.0/../../../../../H-x86_64-mingw32/nios2-elf/lib\libc.a(lib_a-vprintf.o)
                0x000000000210e4c4                vprintf
 .text._vprintf_r
                0x000000000210e4e0       0x10 c:/altera/18.1/nios2eds/bin/gnu/h-x86_64-mingw32/bin/../lib/gcc/nios2-elf/5.3.0/../../../../../H-x86_64-mingw32/nios2-elf/lib\libc.a(lib_a-vprintf.o)
                0x000000000210e4e0                _vprintf_r
 .text          0x000000000210e4f0        0x0 c:/altera/18.1/nios2eds/bin/gnu/h-x86_64-mingw32/bin/../lib/gcc/nios2-elf/5.3.0/../../../../../H-x86_64-mingw32/nios2-elf/lib\libc.a(lib_a-writer.o)
 .text._write_r
                0x000000000210e4f0       0x60 c:/altera/18.1/nios2eds/bin/gnu/h-x86_64-mingw32/bin/../lib/gcc/nios2-elf/5.3.0/../../../../../H-x86_64-mingw32/nios2-elf/lib\libc.a(lib_a-writer.o)
                0x000000000210e4f0                _write_r
 .text          0x000000000210e550        0x0 c:/altera/18.1/nios2eds/bin/gnu/h-x86_64-mingw32/bin/../lib/gcc/nios2-elf/5.3.0/../../../../../H-x86_64-mingw32/nios2-elf/lib\libc.a(lib_a-wsetup.o)
 .text.__swsetup_r
                0x000000000210e550      0x154 c:/altera/18.1/nios2eds/bin/gnu/h-x86_64-mingw32/bin/../lib/gcc/nios2-elf/5.3.0/../../../../../H-x86_64-mingw32/nios2-elf/lib\libc.a(lib_a-wsetup.o)
                0x000000000210e550                __swsetup_r
 .text          0x000000000210e6a4        0x0 c:/altera/18.1/nios2eds/bin/gnu/h-x86_64-mingw32/bin/../lib/gcc/nios2-elf/5.3.0/../../../../../H-x86_64-mingw32/nios2-elf/lib\libc.a(closer.o)
 .text._close_r
                0x000000000210e6a4       0x54 c:/altera/18.1/nios2eds/bin/gnu/h-x86_64-mingw32/bin/../lib/gcc/nios2-elf/5.3.0/../../../../../H-x86_64-mingw32/nios2-elf/lib\libc.a(closer.o)
                0x000000000210e6a4                _close_r
 .text          0x000000000210e6f8        0x0 c:/altera/18.1/nios2eds/bin/gnu/h-x86_64-mingw32/bin/../lib/gcc/nios2-elf/5.3.0/../../../../../H-x86_64-mingw32/nios2-elf/lib\libc.a(lib_a-abort.o)
 .text.abort    0x000000000210e6f8       0x18 c:/altera/18.1/nios2eds/bin/gnu/h-x86_64-mingw32/bin/../lib/gcc/nios2-elf/5.3.0/../../../../../H-x86_64-mingw32/nios2-elf/lib\libc.a(lib_a-abort.o)
                0x000000000210e6f8                abort
 .text          0x000000000210e710        0x0 c:/altera/18.1/nios2eds/bin/gnu/h-x86_64-mingw32/bin/../lib/gcc/nios2-elf/5.3.0/../../../../../H-x86_64-mingw32/nios2-elf/lib\libc.a(lib_a-dtoa.o)
 .text.quorem   0x000000000210e710      0x200 c:/altera/18.1/nios2eds/bin/gnu/h-x86_64-mingw32/bin/../lib/gcc/nios2-elf/5.3.0/../../../../../H-x86_64-mingw32/nios2-elf/lib\libc.a(lib_a-dtoa.o)
 .text._dtoa_r  0x000000000210e910     0x1688 c:/altera/18.1/nios2eds/bin/gnu/h-x86_64-mingw32/bin/../lib/gcc/nios2-elf/5.3.0/../../../../../H-x86_64-mingw32/nios2-elf/lib\libc.a(lib_a-dtoa.o)
                0x000000000210e910                _dtoa_r
 .text          0x000000000210ff98        0x0 c:/altera/18.1/nios2eds/bin/gnu/h-x86_64-mingw32/bin/../lib/gcc/nios2-elf/5.3.0/../../../../../H-x86_64-mingw32/nios2-elf/lib\libc.a(lib_a-fclose.o)
 .text._fclose_r
                0x000000000210ff98       0xf0 c:/altera/18.1/nios2eds/bin/gnu/h-x86_64-mingw32/bin/../lib/gcc/nios2-elf/5.3.0/../../../../../H-x86_64-mingw32/nios2-elf/lib\libc.a(lib_a-fclose.o)
                0x000000000210ff98                _fclose_r
 .text.fclose   0x0000000002110088       0x14 c:/altera/18.1/nios2eds/bin/gnu/h-x86_64-mingw32/bin/../lib/gcc/nios2-elf/5.3.0/../../../../../H-x86_64-mingw32/nios2-elf/lib\libc.a(lib_a-fclose.o)
                0x0000000002110088                fclose
 .text          0x000000000211009c        0x0 c:/altera/18.1/nios2eds/bin/gnu/h-x86_64-mingw32/bin/../lib/gcc/nios2-elf/5.3.0/../../../../../H-x86_64-mingw32/nios2-elf/lib\libc.a(lib_a-fvwrite.o)
 .text.__sfvwrite_r
                0x000000000211009c      0x4bc c:/altera/18.1/nios2eds/bin/gnu/h-x86_64-mingw32/bin/../lib/gcc/nios2-elf/5.3.0/../../../../../H-x86_64-mingw32/nios2-elf/lib\libc.a(lib_a-fvwrite.o)
                0x000000000211009c                __sfvwrite_r
 .text          0x0000000002110558        0x0 c:/altera/18.1/nios2eds/bin/gnu/h-x86_64-mingw32/bin/../lib/gcc/nios2-elf/5.3.0/../../../../../H-x86_64-mingw32/nios2-elf/lib\libc.a(lib_a-int_errno.o)
 .text          0x0000000002110558        0x0 c:/altera/18.1/nios2eds/bin/gnu/h-x86_64-mingw32/bin/../lib/gcc/nios2-elf/5.3.0/../../../../../H-x86_64-mingw32/nios2-elf/lib\libc.a(lib_a-locale.o)
 .text._setlocale_r
                0x0000000002110558       0x7c c:/altera/18.1/nios2eds/bin/gnu/h-x86_64-mingw32/bin/../lib/gcc/nios2-elf/5.3.0/../../../../../H-x86_64-mingw32/nios2-elf/lib\libc.a(lib_a-locale.o)
                0x0000000002110558                _setlocale_r
 .text.__locale_charset
                0x00000000021105d4        0xc c:/altera/18.1/nios2eds/bin/gnu/h-x86_64-mingw32/bin/../lib/gcc/nios2-elf/5.3.0/../../../../../H-x86_64-mingw32/nios2-elf/lib\libc.a(lib_a-locale.o)
                0x00000000021105d4                __locale_charset
 .text.__locale_mb_cur_max
                0x00000000021105e0       0x10 c:/altera/18.1/nios2eds/bin/gnu/h-x86_64-mingw32/bin/../lib/gcc/nios2-elf/5.3.0/../../../../../H-x86_64-mingw32/nios2-elf/lib\libc.a(lib_a-locale.o)
                0x00000000021105e0                __locale_mb_cur_max
 .text.__locale_msgcharset
                0x00000000021105f0        0xc c:/altera/18.1/nios2eds/bin/gnu/h-x86_64-mingw32/bin/../lib/gcc/nios2-elf/5.3.0/../../../../../H-x86_64-mingw32/nios2-elf/lib\libc.a(lib_a-locale.o)
                0x00000000021105f0                __locale_msgcharset
 .text.__locale_cjk_lang
                0x00000000021105fc        0x8 c:/altera/18.1/nios2eds/bin/gnu/h-x86_64-mingw32/bin/../lib/gcc/nios2-elf/5.3.0/../../../../../H-x86_64-mingw32/nios2-elf/lib\libc.a(lib_a-locale.o)
                0x00000000021105fc                __locale_cjk_lang
 .text._localeconv_r
                0x0000000002110604        0xc c:/altera/18.1/nios2eds/bin/gnu/h-x86_64-mingw32/bin/../lib/gcc/nios2-elf/5.3.0/../../../../../H-x86_64-mingw32/nios2-elf/lib\libc.a(lib_a-locale.o)
                0x0000000002110604                _localeconv_r
 .text.setlocale
                0x0000000002110610       0x18 c:/altera/18.1/nios2eds/bin/gnu/h-x86_64-mingw32/bin/../lib/gcc/nios2-elf/5.3.0/../../../../../H-x86_64-mingw32/nios2-elf/lib\libc.a(lib_a-locale.o)
                0x0000000002110610                setlocale
 .text.localeconv
                0x0000000002110628        0xc c:/altera/18.1/nios2eds/bin/gnu/h-x86_64-mingw32/bin/../lib/gcc/nios2-elf/5.3.0/../../../../../H-x86_64-mingw32/nios2-elf/lib\libc.a(lib_a-locale.o)
                0x0000000002110628                localeconv
 .text          0x0000000002110634        0x0 c:/altera/18.1/nios2eds/bin/gnu/h-x86_64-mingw32/bin/../lib/gcc/nios2-elf/5.3.0/../../../../../H-x86_64-mingw32/nios2-elf/lib\libc.a(lib_a-lseekr.o)
 .text._lseek_r
                0x0000000002110634       0x60 c:/altera/18.1/nios2eds/bin/gnu/h-x86_64-mingw32/bin/../lib/gcc/nios2-elf/5.3.0/../../../../../H-x86_64-mingw32/nios2-elf/lib\libc.a(lib_a-lseekr.o)
                0x0000000002110634                _lseek_r
 .text          0x0000000002110694        0x0 c:/altera/18.1/nios2eds/bin/gnu/h-x86_64-mingw32/bin/../lib/gcc/nios2-elf/5.3.0/../../../../../H-x86_64-mingw32/nios2-elf/lib\libc.a(lib_a-makebuf.o)
 .text.__smakebuf_r
                0x0000000002110694      0x1bc c:/altera/18.1/nios2eds/bin/gnu/h-x86_64-mingw32/bin/../lib/gcc/nios2-elf/5.3.0/../../../../../H-x86_64-mingw32/nios2-elf/lib\libc.a(lib_a-makebuf.o)
                0x0000000002110694                __smakebuf_r
 .text          0x0000000002110850        0x0 c:/altera/18.1/nios2eds/bin/gnu/h-x86_64-mingw32/bin/../lib/gcc/nios2-elf/5.3.0/../../../../../H-x86_64-mingw32/nios2-elf/lib\libc.a(lib_a-memchr.o)
 .text.memchr   0x0000000002110850       0xe4 c:/altera/18.1/nios2eds/bin/gnu/h-x86_64-mingw32/bin/../lib/gcc/nios2-elf/5.3.0/../../../../../H-x86_64-mingw32/nios2-elf/lib\libc.a(lib_a-memchr.o)
                0x0000000002110850                memchr
 .text          0x0000000002110934        0x0 c:/altera/18.1/nios2eds/bin/gnu/h-x86_64-mingw32/bin/../lib/gcc/nios2-elf/5.3.0/../../../../../H-x86_64-mingw32/nios2-elf/lib\libc.a(lib_a-mprec.o)
 .text._Balloc  0x0000000002110934       0xa8 c:/altera/18.1/nios2eds/bin/gnu/h-x86_64-mingw32/bin/../lib/gcc/nios2-elf/5.3.0/../../../../../H-x86_64-mingw32/nios2-elf/lib\libc.a(lib_a-mprec.o)
                0x0000000002110934                _Balloc
 .text._Bfree   0x00000000021109dc       0x28 c:/altera/18.1/nios2eds/bin/gnu/h-x86_64-mingw32/bin/../lib/gcc/nios2-elf/5.3.0/../../../../../H-x86_64-mingw32/nios2-elf/lib\libc.a(lib_a-mprec.o)
                0x00000000021109dc                _Bfree
 .text.__multadd
                0x0000000002110a04      0x120 c:/altera/18.1/nios2eds/bin/gnu/h-x86_64-mingw32/bin/../lib/gcc/nios2-elf/5.3.0/../../../../../H-x86_64-mingw32/nios2-elf/lib\libc.a(lib_a-mprec.o)
                0x0000000002110a04                __multadd
 .text.__s2b    0x0000000002110b24      0x104 c:/altera/18.1/nios2eds/bin/gnu/h-x86_64-mingw32/bin/../lib/gcc/nios2-elf/5.3.0/../../../../../H-x86_64-mingw32/nios2-elf/lib\libc.a(lib_a-mprec.o)
                0x0000000002110b24                __s2b
 .text.__hi0bits
                0x0000000002110c28       0x68 c:/altera/18.1/nios2eds/bin/gnu/h-x86_64-mingw32/bin/../lib/gcc/nios2-elf/5.3.0/../../../../../H-x86_64-mingw32/nios2-elf/lib\libc.a(lib_a-mprec.o)
                0x0000000002110c28                __hi0bits
 .text.__lo0bits
                0x0000000002110c90       0xb0 c:/altera/18.1/nios2eds/bin/gnu/h-x86_64-mingw32/bin/../lib/gcc/nios2-elf/5.3.0/../../../../../H-x86_64-mingw32/nios2-elf/lib\libc.a(lib_a-mprec.o)
                0x0000000002110c90                __lo0bits
 .text.__i2b    0x0000000002110d40       0x3c c:/altera/18.1/nios2eds/bin/gnu/h-x86_64-mingw32/bin/../lib/gcc/nios2-elf/5.3.0/../../../../../H-x86_64-mingw32/nios2-elf/lib\libc.a(lib_a-mprec.o)
                0x0000000002110d40                __i2b
 .text.__multiply
                0x0000000002110d7c      0x1f8 c:/altera/18.1/nios2eds/bin/gnu/h-x86_64-mingw32/bin/../lib/gcc/nios2-elf/5.3.0/../../../../../H-x86_64-mingw32/nios2-elf/lib\libc.a(lib_a-mprec.o)
                0x0000000002110d7c                __multiply
 .text.__pow5mult
                0x0000000002110f74      0x140 c:/altera/18.1/nios2eds/bin/gnu/h-x86_64-mingw32/bin/../lib/gcc/nios2-elf/5.3.0/../../../../../H-x86_64-mingw32/nios2-elf/lib\libc.a(lib_a-mprec.o)
                0x0000000002110f74                __pow5mult
 .text.__lshift
                0x00000000021110b4      0x148 c:/altera/18.1/nios2eds/bin/gnu/h-x86_64-mingw32/bin/../lib/gcc/nios2-elf/5.3.0/../../../../../H-x86_64-mingw32/nios2-elf/lib\libc.a(lib_a-mprec.o)
                0x00000000021110b4                __lshift
 .text.__mcmp   0x00000000021111fc       0x60 c:/altera/18.1/nios2eds/bin/gnu/h-x86_64-mingw32/bin/../lib/gcc/nios2-elf/5.3.0/../../../../../H-x86_64-mingw32/nios2-elf/lib\libc.a(lib_a-mprec.o)
                0x00000000021111fc                __mcmp
 .text.__mdiff  0x000000000211125c      0x1fc c:/altera/18.1/nios2eds/bin/gnu/h-x86_64-mingw32/bin/../lib/gcc/nios2-elf/5.3.0/../../../../../H-x86_64-mingw32/nios2-elf/lib\libc.a(lib_a-mprec.o)
                0x000000000211125c                __mdiff
 .text.__ulp    0x0000000002111458       0x64 c:/altera/18.1/nios2eds/bin/gnu/h-x86_64-mingw32/bin/../lib/gcc/nios2-elf/5.3.0/../../../../../H-x86_64-mingw32/nios2-elf/lib\libc.a(lib_a-mprec.o)
                0x0000000002111458                __ulp
 .text.__b2d    0x00000000021114bc      0x10c c:/altera/18.1/nios2eds/bin/gnu/h-x86_64-mingw32/bin/../lib/gcc/nios2-elf/5.3.0/../../../../../H-x86_64-mingw32/nios2-elf/lib\libc.a(lib_a-mprec.o)
                0x00000000021114bc                __b2d
 .text.__d2b    0x00000000021115c8      0x14c c:/altera/18.1/nios2eds/bin/gnu/h-x86_64-mingw32/bin/../lib/gcc/nios2-elf/5.3.0/../../../../../H-x86_64-mingw32/nios2-elf/lib\libc.a(lib_a-mprec.o)
                0x00000000021115c8                __d2b
 .text.__ratio  0x0000000002111714       0xa4 c:/altera/18.1/nios2eds/bin/gnu/h-x86_64-mingw32/bin/../lib/gcc/nios2-elf/5.3.0/../../../../../H-x86_64-mingw32/nios2-elf/lib\libc.a(lib_a-mprec.o)
                0x0000000002111714                __ratio
 .text._mprec_log10
                0x00000000021117b8       0x74 c:/altera/18.1/nios2eds/bin/gnu/h-x86_64-mingw32/bin/../lib/gcc/nios2-elf/5.3.0/../../../../../H-x86_64-mingw32/nios2-elf/lib\libc.a(lib_a-mprec.o)
                0x00000000021117b8                _mprec_log10
 .text.__copybits
                0x000000000211182c       0x78 c:/altera/18.1/nios2eds/bin/gnu/h-x86_64-mingw32/bin/../lib/gcc/nios2-elf/5.3.0/../../../../../H-x86_64-mingw32/nios2-elf/lib\libc.a(lib_a-mprec.o)
                0x000000000211182c                __copybits
 .text.__any_on
                0x00000000021118a4       0x8c c:/altera/18.1/nios2eds/bin/gnu/h-x86_64-mingw32/bin/../lib/gcc/nios2-elf/5.3.0/../../../../../H-x86_64-mingw32/nios2-elf/lib\libc.a(lib_a-mprec.o)
                0x00000000021118a4                __any_on
 .text          0x0000000002111930        0x0 c:/altera/18.1/nios2eds/bin/gnu/h-x86_64-mingw32/bin/../lib/gcc/nios2-elf/5.3.0/../../../../../H-x86_64-mingw32/nios2-elf/lib\libc.a(lib_a-putc.o)
 .text._putc_r  0x0000000002111930       0xa0 c:/altera/18.1/nios2eds/bin/gnu/h-x86_64-mingw32/bin/../lib/gcc/nios2-elf/5.3.0/../../../../../H-x86_64-mingw32/nios2-elf/lib\libc.a(lib_a-putc.o)
                0x0000000002111930                _putc_r
 .text.putc     0x00000000021119d0       0xc8 c:/altera/18.1/nios2eds/bin/gnu/h-x86_64-mingw32/bin/../lib/gcc/nios2-elf/5.3.0/../../../../../H-x86_64-mingw32/nios2-elf/lib\libc.a(lib_a-putc.o)
                0x00000000021119d0                putc
 .text          0x0000000002111a98        0x0 c:/altera/18.1/nios2eds/bin/gnu/h-x86_64-mingw32/bin/../lib/gcc/nios2-elf/5.3.0/../../../../../H-x86_64-mingw32/nios2-elf/lib\libc.a(lib_a-readr.o)
 .text._read_r  0x0000000002111a98       0x60 c:/altera/18.1/nios2eds/bin/gnu/h-x86_64-mingw32/bin/../lib/gcc/nios2-elf/5.3.0/../../../../../H-x86_64-mingw32/nios2-elf/lib\libc.a(lib_a-readr.o)
                0x0000000002111a98                _read_r
 .text          0x0000000002111af8        0x0 c:/altera/18.1/nios2eds/bin/gnu/h-x86_64-mingw32/bin/../lib/gcc/nios2-elf/5.3.0/../../../../../H-x86_64-mingw32/nios2-elf/lib\libc.a(lib_a-s_fpclassify.o)
 .text.__fpclassifyd
                0x0000000002111af8       0x74 c:/altera/18.1/nios2eds/bin/gnu/h-x86_64-mingw32/bin/../lib/gcc/nios2-elf/5.3.0/../../../../../H-x86_64-mingw32/nios2-elf/lib\libc.a(lib_a-s_fpclassify.o)
                0x0000000002111af8                __fpclassifyd
 .text          0x0000000002111b6c        0x0 c:/altera/18.1/nios2eds/bin/gnu/h-x86_64-mingw32/bin/../lib/gcc/nios2-elf/5.3.0/../../../../../H-x86_64-mingw32/nios2-elf/lib\libc.a(lib_a-signal.o)
 .text._init_signal_r
                0x0000000002111b6c       0x6c c:/altera/18.1/nios2eds/bin/gnu/h-x86_64-mingw32/bin/../lib/gcc/nios2-elf/5.3.0/../../../../../H-x86_64-mingw32/nios2-elf/lib\libc.a(lib_a-signal.o)
                0x0000000002111b6c                _init_signal_r
 .text._signal_r
                0x0000000002111bd8       0x84 c:/altera/18.1/nios2eds/bin/gnu/h-x86_64-mingw32/bin/../lib/gcc/nios2-elf/5.3.0/../../../../../H-x86_64-mingw32/nios2-elf/lib\libc.a(lib_a-signal.o)
                0x0000000002111bd8                _signal_r
 .text._raise_r
                0x0000000002111c5c       0xbc c:/altera/18.1/nios2eds/bin/gnu/h-x86_64-mingw32/bin/../lib/gcc/nios2-elf/5.3.0/../../../../../H-x86_64-mingw32/nios2-elf/lib\libc.a(lib_a-signal.o)
                0x0000000002111c5c                _raise_r
 .text.__sigtramp_r
                0x0000000002111d18       0xa8 c:/altera/18.1/nios2eds/bin/gnu/h-x86_64-mingw32/bin/../lib/gcc/nios2-elf/5.3.0/../../../../../H-x86_64-mingw32/nios2-elf/lib\libc.a(lib_a-signal.o)
                0x0000000002111d18                __sigtramp_r
 .text.raise    0x0000000002111dc0       0x14 c:/altera/18.1/nios2eds/bin/gnu/h-x86_64-mingw32/bin/../lib/gcc/nios2-elf/5.3.0/../../../../../H-x86_64-mingw32/nios2-elf/lib\libc.a(lib_a-signal.o)
                0x0000000002111dc0                raise
 .text.signal   0x0000000002111dd4       0x18 c:/altera/18.1/nios2eds/bin/gnu/h-x86_64-mingw32/bin/../lib/gcc/nios2-elf/5.3.0/../../../../../H-x86_64-mingw32/nios2-elf/lib\libc.a(lib_a-signal.o)
                0x0000000002111dd4                signal
 .text._init_signal
                0x0000000002111dec       0x10 c:/altera/18.1/nios2eds/bin/gnu/h-x86_64-mingw32/bin/../lib/gcc/nios2-elf/5.3.0/../../../../../H-x86_64-mingw32/nios2-elf/lib\libc.a(lib_a-signal.o)
                0x0000000002111dec                _init_signal
 .text.__sigtramp
                0x0000000002111dfc       0x14 c:/altera/18.1/nios2eds/bin/gnu/h-x86_64-mingw32/bin/../lib/gcc/nios2-elf/5.3.0/../../../../../H-x86_64-mingw32/nios2-elf/lib\libc.a(lib_a-signal.o)
                0x0000000002111dfc                __sigtramp
 .text          0x0000000002111e10        0x0 c:/altera/18.1/nios2eds/bin/gnu/h-x86_64-mingw32/bin/../lib/gcc/nios2-elf/5.3.0/../../../../../H-x86_64-mingw32/nios2-elf/lib\libc.a(lib_a-signalr.o)
 .text._kill_r  0x0000000002111e10       0x5c c:/altera/18.1/nios2eds/bin/gnu/h-x86_64-mingw32/bin/../lib/gcc/nios2-elf/5.3.0/../../../../../H-x86_64-mingw32/nios2-elf/lib\libc.a(lib_a-signalr.o)
                0x0000000002111e10                _kill_r
 .text._getpid_r
                0x0000000002111e6c        0x4 c:/altera/18.1/nios2eds/bin/gnu/h-x86_64-mingw32/bin/../lib/gcc/nios2-elf/5.3.0/../../../../../H-x86_64-mingw32/nios2-elf/lib\libc.a(lib_a-signalr.o)
                0x0000000002111e6c                _getpid_r
 .text          0x0000000002111e70        0x0 c:/altera/18.1/nios2eds/bin/gnu/h-x86_64-mingw32/bin/../lib/gcc/nios2-elf/5.3.0/../../../../../H-x86_64-mingw32/nios2-elf/lib\libc.a(lib_a-svfiprintf.o)
 .text.__ssprint_r
                0x0000000002111e70      0x1d0 c:/altera/18.1/nios2eds/bin/gnu/h-x86_64-mingw32/bin/../lib/gcc/nios2-elf/5.3.0/../../../../../H-x86_64-mingw32/nios2-elf/lib\libc.a(lib_a-svfiprintf.o)
                0x0000000002111e70                __ssprint_r
 .text.___svfiprintf_internal_r