Archive member included to satisfy reference by file (symbol)

c:/altera/18.1/nios2eds/bin/gnu/h-x86_64-mingw32/bin/../lib/gcc/nios2-elf/5.3.0/../../../../../H-x86_64-mingw32/nios2-elf/lib\libm.a(lib_a-s_signbit.o)
                              obj/default/open62541.o (__signbitf)
c:/altera/18.1/nios2eds/bin/gnu/h-x86_64-mingw32/bin/../lib/gcc/nios2-elf/5.3.0\libgcc.a(_muldi3.o)
                              obj/default/open62541.o (__muldi3)
c:/altera/18.1/nios2eds/bin/gnu/h-x86_64-mingw32/bin/../lib/gcc/nios2-elf/5.3.0\libgcc.a(_fixdfdi.o)
                              obj/default/open62541.o (__fixdfdi)
c:/altera/18.1/nios2eds/bin/gnu/h-x86_64-mingw32/bin/../lib/gcc/nios2-elf/5.3.0\libgcc.a(_fixunsdfdi.o)
                              obj/default/open62541.o (__fixunsdfdi)
c:/altera/18.1/nios2eds/bin/gnu/h-x86_64-mingw32/bin/../lib/gcc/nios2-elf/5.3.0\libgcc.a(_floatdisf.o)
                              obj/default/open62541.o (__floatdisf)
c:/altera/18.1/nios2eds/bin/gnu/h-x86_64-mingw32/bin/../lib/gcc/nios2-elf/5.3.0\libgcc.a(_floatdidf.o)
                              obj/default/open62541.o (__floatdidf)
c:/altera/18.1/nios2eds/bin/gnu/h-x86_64-mingw32/bin/../lib/gcc/nios2-elf/5.3.0\libgcc.a(_floatundidf.o)
                              obj/default/open62541.o (__floatundidf)
c:/altera/18.1/nios2eds/bin/gnu/h-x86_64-mingw32/bin/../lib/gcc/nios2-elf/5.3.0\libgcc.a(_divdi3.o)
                              obj/default/open62541.o (__divdi3)
c:/altera/18.1/nios2eds/bin/gnu/h-x86_64-mingw32/bin/../lib/gcc/nios2-elf/5.3.0\libgcc.a(_moddi3.o)
                              obj/default/open62541.o (__moddi3)
c:/altera/18.1/nios2eds/bin/gnu/h-x86_64-mingw32/bin/../lib/gcc/nios2-elf/5.3.0\libgcc.a(lib2-divmod.o)
                              obj/default/open62541.o (__divsi3)
c:/altera/18.1/nios2eds/bin/gnu/h-x86_64-mingw32/bin/../lib/gcc/nios2-elf/5.3.0\libgcc.a(addsf3.o)
                              obj/default/open62541.o (__addsf3)
c:/altera/18.1/nios2eds/bin/gnu/h-x86_64-mingw32/bin/../lib/gcc/nios2-elf/5.3.0\libgcc.a(divsf3.o)
                              obj/default/open62541.o (__divsf3)
c:/altera/18.1/nios2eds/bin/gnu/h-x86_64-mingw32/bin/../lib/gcc/nios2-elf/5.3.0\libgcc.a(eqsf2.o)
                              obj/default/open62541.o (__eqsf2)
c:/altera/18.1/nios2eds/bin/gnu/h-x86_64-mingw32/bin/../lib/gcc/nios2-elf/5.3.0\libgcc.a(gesf2.o)
                              obj/default/open62541.o (__gtsf2)
c:/altera/18.1/nios2eds/bin/gnu/h-x86_64-mingw32/bin/../lib/gcc/nios2-elf/5.3.0\libgcc.a(floatunsisf.o)
                              obj/default/open62541.o (__floatunsisf)
c:/altera/18.1/nios2eds/bin/gnu/h-x86_64-mingw32/bin/../lib/gcc/nios2-elf/5.3.0\libgcc.a(adddf3.o)
                              obj/default/open62541.o (__adddf3)
c:/altera/18.1/nios2eds/bin/gnu/h-x86_64-mingw32/bin/../lib/gcc/nios2-elf/5.3.0\libgcc.a(divdf3.o)
                              obj/default/open62541.o (__divdf3)
c:/altera/18.1/nios2eds/bin/gnu/h-x86_64-mingw32/bin/../lib/gcc/nios2-elf/5.3.0\libgcc.a(eqdf2.o)
                              obj/default/open62541.o (__eqdf2)
c:/altera/18.1/nios2eds/bin/gnu/h-x86_64-mingw32/bin/../lib/gcc/nios2-elf/5.3.0\libgcc.a(gedf2.o)
                              obj/default/open62541.o (__gedf2)
c:/altera/18.1/nios2eds/bin/gnu/h-x86_64-mingw32/bin/../lib/gcc/nios2-elf/5.3.0\libgcc.a(ledf2.o)
                              obj/default/open62541.o (__ledf2)
c:/altera/18.1/nios2eds/bin/gnu/h-x86_64-mingw32/bin/../lib/gcc/nios2-elf/5.3.0\libgcc.a(muldf3.o)
                              obj/default/open62541.o (__muldf3)
c:/altera/18.1/nios2eds/bin/gnu/h-x86_64-mingw32/bin/../lib/gcc/nios2-elf/5.3.0\libgcc.a(subdf3.o)
                              obj/default/open62541.o (__subdf3)
c:/altera/18.1/nios2eds/bin/gnu/h-x86_64-mingw32/bin/../lib/gcc/nios2-elf/5.3.0\libgcc.a(fixdfsi.o)
                              obj/default/open62541.o (__fixdfsi)
c:/altera/18.1/nios2eds/bin/gnu/h-x86_64-mingw32/bin/../lib/gcc/nios2-elf/5.3.0\libgcc.a(floatsidf.o)
                              obj/default/open62541.o (__floatsidf)
c:/altera/18.1/nios2eds/bin/gnu/h-x86_64-mingw32/bin/../lib/gcc/nios2-elf/5.3.0\libgcc.a(floatunsidf.o)
                              obj/default/open62541.o (__floatunsidf)
c:/altera/18.1/nios2eds/bin/gnu/h-x86_64-mingw32/bin/../lib/gcc/nios2-elf/5.3.0\libgcc.a(extendsfdf2.o)
                              obj/default/open62541.o (__extendsfdf2)
c:/altera/18.1/nios2eds/bin/gnu/h-x86_64-mingw32/bin/../lib/gcc/nios2-elf/5.3.0\libgcc.a(truncdfsf2.o)
                              obj/default/open62541.o (__truncdfsf2)
c:/altera/18.1/nios2eds/bin/gnu/h-x86_64-mingw32/bin/../lib/gcc/nios2-elf/5.3.0\libgcc.a(_clz.o)
                              c:/altera/18.1/nios2eds/bin/gnu/h-x86_64-mingw32/bin/../lib/gcc/nios2-elf/5.3.0\libgcc.a(_divdi3.o) (__clz_tab)
c:/altera/18.1/nios2eds/bin/gnu/h-x86_64-mingw32/bin/../lib/gcc/nios2-elf/5.3.0\libgcc.a(_clzsi2.o)
[...]
Memory Configuration

Name             Origin             Length             Attributes
reset            0x0000000002000000 0x0000000000000020
sdram_controller_0 0x0000000002000020 0x0000000001ffffe0
tse_descriptor_memory_0 0x0000000004000000 0x0000000000002000
mem_0            0x0000000005020000 0x0000000000020000
*default*        0x0000000000000000 0xffffffffffffffff

Linker script and memory map

LOAD ../FreeRTOS_bsp//obj/HAL/src/crt0.o
LOAD obj/default/iicNs.o
LOAD obj/default/main.o
LOAD obj/default/open62541.o
LOAD c:/altera/18.1/nios2eds/bin/gnu/h-x86_64-mingw32/bin/../lib/gcc/nios2-elf/5.3.0/../../../../../H-x86_64-mingw32/nios2-elf/lib\libstdc++.a
LOAD c:/altera/18.1/nios2eds/bin/gnu/h-x86_64-mingw32/bin/../lib/gcc/nios2-elf/5.3.0/../../../../../H-x86_64-mingw32/nios2-elf/lib\libm.a
LOAD c:/altera/18.1/nios2eds/bin/gnu/h-x86_64-mingw32/bin/../lib/gcc/nios2-elf/5.3.0\libgcc.a
START GROUP
LOAD c:/altera/18.1/nios2eds/bin/gnu/h-x86_64-mingw32/bin/../lib/gcc/nios2-elf/5.3.0/../../../../../H-x86_64-mingw32/nios2-elf/lib\libc.a
LOAD c:/altera/18.1/nios2eds/bin/gnu/h-x86_64-mingw32/bin/../lib/gcc/nios2-elf/5.3.0\libgcc.a
LOAD ../FreeRTOS_bsp/\libfreertos_bsp.a
LOAD c:/altera/18.1/nios2eds/bin/gnu/h-x86_64-mingw32/bin/../lib/gcc/nios2-elf/5.3.0/../../../../../H-x86_64-mingw32/nios2-elf/lib\libm.a
END GROUP
LOAD c:/altera/18.1/nios2eds/bin/gnu/h-x86_64-mingw32/bin/../lib/gcc/nios2-elf/5.3.0\libgcc.a
                0x0000000002000000                __alt_mem_sdram_controller_0 = 0x2000000
                0x0000000004000000                __alt_mem_tse_descriptor_memory_0 = 0x4000000
                0x0000000005020000                __alt_mem_mem_0 = 0x5020000

.entry          0x0000000002000000       0x20
 *(.entry)
 .entry         0x0000000002000000       0x20 ../FreeRTOS_bsp//obj/HAL/src/crt0.o
                0x0000000002000000                __reset

.exceptions     0x0000000002000020      0x228
                0x0000000002000020                PROVIDE (__ram_exceptions_start, ABSOLUTE (.))
                0x0000000002000020                . = ALIGN (0x20)
 *(.irq)
 *(.exceptions.entry.label)
 *(.exceptions.entry.user)
 *(.exceptions.entry.ecc_fatal)
 *(.exceptions.entry)
 .exceptions.entry
                0x0000000002000020       0x8c ../FreeRTOS_bsp/\libfreertos_bsp.a(port_asm.o)
 *(.exceptions.irqtest.user)
 *(.exceptions.irqtest)
 .exceptions.irqtest
                0x00000000020000ac       0x14 ../FreeRTOS_bsp/\libfreertos_bsp.a(port_asm.o)
 *(.exceptions.irqhandler.user)
 *(.exceptions.irqhandler)
 .exceptions.irqhandler
                0x00000000020000c0        0x4 ../FreeRTOS_bsp/\libfreertos_bsp.a(port_asm.o)
 *(.exceptions.irqreturn.user)
 *(.exceptions.irqreturn)
 .exceptions.irqreturn
                0x00000000020000c4       0x8c ../FreeRTOS_bsp/\libfreertos_bsp.a(port_asm.o)
                0x00000000020000c4                restore_sp_from_pxCurrentTCB
 *(.exceptions.notirq.label)
 *(.exceptions.notirq.user)
 *(.exceptions.notirq)
 *(.exceptions.soft.user)
 *(.exceptions.soft)
 .exceptions.soft
                0x0000000002000150       0x2c ../FreeRTOS_bsp/\libfreertos_bsp.a(port_asm.o)
 *(.exceptions.unknown.user)
 *(.exceptions.unknown)
 *(.exceptions.exit.label)
 *(.exceptions.exit.user)
 *(.exceptions.exit)
 *(.exceptions)
 .exceptions    0x000000000200017c       0xcc ../FreeRTOS_bsp/\libfreertos_bsp.a(alt_irq_handler.o)
                0x000000000200017c                alt_irq_handler
                0x0000000002000248                PROVIDE (__ram_exceptions_end, ABSOLUTE (.))
                0x0000000002000020                PROVIDE (__flash_exceptions_start, LOADADDR (.exceptions))

.text           0x0000000002000248   0x159abc
                [!provide]                        PROVIDE (stext, ABSOLUTE (.))
 *(.interp)
 *(.hash)
 *(.dynsym)
 *(.dynstr)
 *(.gnu.version)
 *(.gnu.version_d)
 *(.gnu.version_r)
 *(.rel.init)
 *(.rela.init)
 *(.rel.text .rel.text.* .rel.gnu.linkonce.t.*)
 *(.rela.text .rela.text.* .rela.gnu.linkonce.t.*)
 *(.rel.fini)
 *(.rela.fini)
 *(.rel.rodata .rel.rodata.* .rel.gnu.linkonce.r.*)
 *(.rela.rodata .rela.rodata.* .rela.gnu.linkonce.r.*)
 *(.rel.data .rel.data.* .rel.gnu.linkonce.d.*)
 *(.rela.data .rela.data.* .rela.gnu.linkonce.d.*)
 *(.rel.tdata .rel.tdata.* .rel.gnu.linkonce.td.*)
 *(.rela.tdata .rela.tdata.* .rela.gnu.linkonce.td.*)
 *(.rel.tbss .rel.tbss.* .rel.gnu.linkonce.tb.*)
 *(.rela.tbss .rela.tbss.* .rela.gnu.linkonce.tb.*)
 *(.rel.ctors)
 *(.rela.ctors)
 *(.rel.dtors)
 *(.rela.dtors)
 *(.rel.got)
 *(.rela.got)
 *(.rel.sdata .rel.sdata.* .rel.gnu.linkonce.s.*)
 *(.rela.sdata .rela.sdata.* .rela.gnu.linkonce.s.*)
 *(.rel.sbss .rel.sbss.* .rel.gnu.linkonce.sb.*)
 *(.rela.sbss .rela.sbss.* .rela.gnu.linkonce.sb.*)
 *(.rel.sdata2 .rel.sdata2.* .rel.gnu.linkonce.s2.*)
 *(.rela.sdata2 .rela.sdata2.* .rela.gnu.linkonce.s2.*)
 *(.rel.sbss2 .rel.sbss2.* .rel.gnu.linkonce.sb2.*)
 *(.rela.sbss2 .rela.sbss2.* .rela.gnu.linkonce.sb2.*)
 *(.rel.bss .rel.bss.* .rel.gnu.linkonce.b.*)
 *(.rela.bss .rela.bss.* .rela.gnu.linkonce.b.*)
 *(.rel.plt)
 *(.rela.plt)
 *(.rel.dyn)
 *(.init)
 *(.plt)
 *(.text .stub .text.* .gnu.linkonce.t.*)
 .text          0x0000000002000248       0x3c ../FreeRTOS_bsp//obj/HAL/src/crt0.o
                0x0000000002000248                _start
 .text          0x0000000002000284    0x181d8 obj/default/iicNs.o
                0x0000000002016fc8                iicNs
 .text          0x000000000201845c     0x2794 obj/default/main.o
                0x00000000020189a4                vApplicationMallocFailedHook
                0x00000000020189cc                vApplicationStackOverflowHook
                0x0000000002018af0                InitNetwork
                0x0000000002018d04                xEthernetRun
                0x0000000002018d78                get_mac_addr
                0x0000000002018e94                get_ip_addr
                0x0000000002018f4c                get_hostname
                0x0000000002018f84                get_iface_name
                0x0000000002018fc8                is_interface_active
                0x0000000002018fec                main
                0x000000000201ab28                main_thread
 .text          0x000000000201abf0    0xf2800 obj/default/open62541.o
                0x000000000201fa00                UA_findDataType
                0x000000000201fac4                UA_random_seed
                0x000000000201fb24                UA_UInt32_random
                0x000000000201fb54                UA_String_fromChars
                0x000000000201fc10                UA_String_equal
                0x000000000201fcb4                UA_String_equal_ignorecase
                0x000000000201febc                UA_QualifiedName_hash
                0x000000000201ff10                UA_QualifiedName_equal
                0x000000000201ffc0                UA_DateTime_toStruct
                0x00000000020203a0                UA_DateTime_fromStruct
                0x00000000020205ec                UA_Guid_equal
                0x0000000002020638                UA_Guid_random
                0x0000000002020734                UA_ByteString_allocBuffer
                0x0000000002020978                UA_NodeId_isNull
                0x0000000002020a4c                UA_NodeId_order
                0x0000000002020d24                UA_ByteString_hash
                0x0000000002020da4                UA_NodeId_hash
                0x0000000002020f48                UA_ExpandedNodeId_order
                0x0000000002021050                UA_ExpandedNodeId_hash
                0x0000000002021490                UA_Variant_setScalar
                0x00000000020214ec                UA_Variant_setScalarCopy
                0x0000000002021584                UA_Variant_setArray
                0x00000000020215e8                UA_Variant_setArrayCopy
                0x0000000002021be8                UA_Variant_copyRange
                0x0000000002022438                UA_Variant_setRange
                0x000000000202248c                UA_Variant_setRangeCopy
                0x000000000202283c                UA_new
                0x0000000002022f18                UA_copy
                0x000000000202338c                UA_clear
                0x000000000202340c                UA_delete
                0x0000000002023478                UA_Array_new
                0x00000000020234dc                UA_Array_copy
                0x0000000002023684                UA_Array_delete
                0x000000000202372c                UA_DataType_isNumeric
                0x00000000020238a4                UA_NumericRange_parse
                0x00000000020263fc                UA_findDataTypeByBinary
                0x000000000202856c                UA_encodeBinary
                0x0000000002028df0                UA_decodeBinary
                0x0000000002029fac                UA_calcSizeBinary
                0x000000000202a00c                UA_StatusCode_name
                0x000000000202a0ac                UA_readNumberWithBase
                0x000000000202a268                UA_readNumber
                0x000000000202a2ac                UA_parseEndpointUrl
                0x000000000202a678                UA_parseEndpointUrlEthernet
                0x000000000202a900                UA_ByteString_toBase64
                0x000000000202a998                UA_ByteString_fromBase64
                0x000000000202aa28                UA_NodeId_print
                0x000000000202aef4                UA_WorkQueue_init
                0x000000000202af2c                UA_WorkQueue_cleanup
                0x000000000202af60                UA_WorkQueue_enqueueDelayed
                0x000000000202afbc                UA_WorkQueue_manuallyProcessDelayed
                0x000000000202b274                UA_TimerZip_ZIP_INSERT
                0x000000000202b518                UA_TimerZip_ZIP_REMOVE
                0x000000000202b604                UA_TimerZip_ZIP_FIND
                0x000000000202b644                UA_TimerZip_ZIP_MIN
                0x000000000202b69c                UA_TimerZip_ZIP_MAX
                0x000000000202b774                UA_TimerZip_ZIP_ITER
                0x000000000202b990                UA_TimerIdZip_ZIP_INSERT
                0x000000000202bc34                UA_TimerIdZip_ZIP_REMOVE
                0x000000000202bd20                UA_TimerIdZip_ZIP_FIND
                0x000000000202bd60                UA_TimerIdZip_ZIP_MIN
                0x000000000202bdb8                UA_TimerIdZip_ZIP_MAX
                0x000000000202be90                UA_TimerIdZip_ZIP_ITER
                0x000000000202bedc                UA_Timer_init
                0x000000000202c08c                UA_Timer_addTimedCallback
                0x000000000202c0f4                UA_Timer_addRepeatedCallback
                0x000000000202c210                UA_Timer_changeRepeatedCallbackInterval
                0x000000000202c354                UA_Timer_removeCallback
                0x000000000202c3dc                UA_Timer_process
                0x000000000202c638                UA_Timer_deleteMembers
                0x000000000202c6e4                UA_Connection_sendError
                0x000000000202c7d4                UA_Connection_detachSecureChannel
                0x000000000202c840                UA_Connection_attachSecureChannel
                0x000000000202c8a0                UA_SecureChannel_init
                0x000000000202c960                UA_SecureChannel_setSecurityPolicy
                0x000000000202cb7c                UA_SecureChannel_deleteBuffered
                0x000000000202cbd8                UA_SecureChannel_close
                0x000000000202cd18                UA_SecureChannel_processHELACK
                0x000000000202ce20                UA_SecureChannel_sendAsymmetricOPNMessage
                0x000000000202d61c                UA_MessageContext_begin
                0x000000000202d728                UA_MessageContext_encode
                0x000000000202d7b4                UA_MessageContext_finish
                0x000000000202d7f0                UA_MessageContext_abort
                0x000000000202d848                UA_SecureChannel_sendSymmetricMessage
                0x000000000202e744                UA_SecureChannel_processBuffer
                0x000000000202e928                UA_SecureChannel_receive
                0x000000000202e9e8                UA_SecureChannel_generateLocalNonce
                0x000000000202eaf4                UA_SecureChannel_generateLocalKeys
                0x000000000202ed70                generateRemoteKeys
                0x000000000202efec                calculateAsymAlgSecurityHeaderLength
                0x000000000202f084                prependHeadersAsym
                0x000000000202f2bc                hideBytesAsym
                0x000000000202f338                setBufPos
                0x000000000202f648                decryptAndVerifyChunk
                0x000000000202f814                processSequenceNumberAsym
                0x000000000202f848                checkAsymHeader
                0x000000000202f8c8                checkSymHeader
                0x000000000202fc14                UA_SecurityPolicy_getRemoteAsymEncryptionBufferLengthOverhead
                0x000000000202fcb8                UA_Session_init
                0x000000000202fd18                UA_Session_deleteMembersCleanup
                0x000000000202fde8                UA_Session_attachToSecureChannel
                0x000000000202fe48                UA_Session_detachFromSecureChannel
                0x000000000202ff2c                UA_Session_generateNonce
                0x000000000202ffe8                UA_Session_updateLifetime
                0x00000000020300a0                UA_Session_addSubscription
                0x0000000002030170                UA_Session_deleteSubscription
                0x0000000002030368                UA_Session_getSubscriptionById
                0x00000000020303e0                UA_Session_dequeuePublishReq
                0x000000000203045c                UA_Session_queuePublishReq
                0x00000000020306e8                UA_ReferenceTargetIdTree_ZIP_INSERT
                0x0000000002030984                UA_ReferenceTargetIdTree_ZIP_REMOVE
                0x0000000002030a6c                UA_ReferenceTargetIdTree_ZIP_FIND
                0x0000000002030aac                UA_ReferenceTargetIdTree_ZIP_MIN
                0x0000000002030b04                UA_ReferenceTargetIdTree_ZIP_MAX
                0x0000000002030bdc                UA_ReferenceTargetIdTree_ZIP_ITER
                0x0000000002030ddc                UA_ReferenceTargetNameTree_ZIP_INSERT
                0x0000000002031080                UA_ReferenceTargetNameTree_ZIP_REMOVE
                0x000000000203116c                UA_ReferenceTargetNameTree_ZIP_FIND
                0x00000000020311ac                UA_ReferenceTargetNameTree_ZIP_MIN
                0x0000000002031204                UA_ReferenceTargetNameTree_ZIP_MAX
                0x00000000020312dc                UA_ReferenceTargetNameTree_ZIP_ITER
                0x0000000002031328                UA_Node_clear
                0x0000000002031890                UA_Node_copy
                0x0000000002031cac                UA_Node_copy_alloc
                0x0000000002032230                UA_Node_setAttributes
                0x0000000002032760                UA_Node_addReference
                0x00000000020328d8                UA_Node_deleteReference
                0x0000000002032bec                UA_Node_deleteReferencesSubset
                0x0000000002032e4c                UA_Node_deleteReferences
                0x0000000002032e8c                setupNs1Uri
                0x0000000002032eec                addNamespace
                0x000000000203301c                UA_Server_addNamespace
                0x0000000002033074                UA_Server_getConfig
                0x00000000020330a8                getNamespaceByName
                0x0000000002033154                UA_Server_getNamespaceByName
                0x00000000020331a4                UA_Server_forEachChildNodeCall
                0x00000000020333b4                UA_Server_delete
                0x0000000002033798                UA_Server_newWithConfig
                0x0000000002033950                UA_Server_addTimedCallback
                0x00000000020339c0                addRepeatedCallback
                0x0000000002033a28                UA_Server_addRepeatedCallback
                0x0000000002033a88                changeRepeatedCallbackInterval
                0x0000000002033ae0                UA_Server_changeRepeatedCallbackInterval
                0x0000000002033b38                removeCallback
                0x0000000002033b84                UA_Server_removeCallback
                0x0000000002033bc8                UA_Server_updateCertificate
                0x0000000002033de4                UA_SecurityPolicy_getSecurityPolicyByUri
                0x0000000002033e74                UA_Server_getStatistics
                0x0000000002033ec4                UA_Server_run_startup
                0x00000000020341e0                UA_Server_run_iterate
                0x0000000002034428                UA_Server_run_shutdown
                0x000000000203452c                UA_Server_run
                0x0000000002036bc0                writeNs0VariableArray
                0x0000000002037254                UA_Server_initNS0
                0x0000000002038064                UA_ServerConfig_clean
                0x00000000020382d4                UA_ServerConfig_addPubSubTransportLayer
                0x00000000020383a8                sendServiceFault
                0x00000000020391fc                sendResponse
                0x00000000020393b4                getBoundSession
                0x000000000203a1d8                UA_Server_processBinaryMessage
                0x000000000203a334                UA_Server_removeConnection
                0x000000000203a5ec                isNodeInTree
                0x000000000203a64c                isNodeInTree_singleRef
                0x000000000203a6a8                getNodeType
                0x000000000203a8b4                UA_Node_hasSubTypeOrInstances
                0x000000000203a998                getParentTypeAndInterfaceHierarchy
                0x000000000203ad74                getInterfaceHierarchy
                0x000000000203af60                UA_Server_editNode
                0x000000000203b000                UA_Server_processServiceOperations
                0x000000000203b128                register_server_with_discovery_server
                0x000000000203b558                UA_Server_register_discovery
                0x000000000203b5a4                UA_Server_unregister_discovery
                0x000000000203b5ec                UA_NetworkMessage_updateBufferedMessage
                0x000000000203b79c                UA_NetworkMessage_updateBufferedNwMessage
                0x000000000203bad4                UA_NetworkMessage_encodeBinary
                0x000000000203d220                UA_NetworkMessage_decodeBinary
                0x000000000203d2fc                UA_NetworkMessage_calcSizeBinary
                0x000000000203dc68                UA_NetworkMessage_deleteMembers
                0x000000000203de8c                UA_NetworkMessage_delete
                0x000000000203e004                UA_DataSetMessageHeader_encodeBinary
                0x000000000203e330                UA_DataSetMessageHeader_decodeBinary
                0x000000000203e6b8                UA_DataSetMessageHeader_calcSizeBinary
                0x000000000203e840                UA_DataSetMessage_encodeBinary
                0x000000000203eba8                UA_DataSetMessage_decodeBinary
                0x000000000203f04c                UA_DataSetMessage_calcSizeBinary
                0x000000000203f72c                UA_DataSetMessage_free
                0x000000000203f884                UA_PubSubConnectionConfig_copy
                0x000000000203fa78                UA_Server_getPubSubConnectionConfig
                0x000000000203fb10                UA_PubSubConnection_findConnectionbyId
                0x000000000203fb90                UA_PubSubConnectionConfig_clear
                0x000000000203fc68                UA_PubSubConnection_clear
                0x000000000203fdb0                UA_PubSubConnection_regist
                0x000000000203fe70                UA_Server_addWriterGroup
                0x00000000020400c4                UA_Server_removeWriterGroup
                0x0000000002040238                UA_Server_freezeWriterGroupConfiguration
                0x0000000002040964                UA_Server_unfreezeWriterGroupConfiguration
                0x0000000002040afc                UA_Server_setWriterGroupOperational
                0x0000000002040b80                UA_Server_setWriterGroupDisabled
                0x0000000002040c04                UA_PublishedDataSetConfig_copy
                0x0000000002040d88                UA_Server_getPublishedDataSetConfig
                0x0000000002040e40                UA_Server_getPublishedDataSetMetaData
                0x0000000002040ed8                UA_PublishedDataSet_findPDSbyId
                0x0000000002040f58                UA_PublishedDataSetConfig_clear
                0x000000000204101c                UA_PublishedDataSet_clear
                0x0000000002041510                UA_Server_addDataSetField
                0x0000000002041a0c                UA_Server_removeDataSetField
                0x0000000002041e48                UA_DataSetWriterConfig_copy
                0x0000000002041fac                UA_Server_getDataSetWriterConfig
                0x0000000002042078                UA_DataSetWriter_findDSWbyId
                0x0000000002042140                UA_DataSetWriterConfig_clear
                0x0000000002042254                UA_DataSetWriter_setPubSubState
                0x0000000002042460                UA_WriterGroupConfig_copy
                0x00000000020425c4                UA_Server_getWriterGroupConfig
                0x0000000002042690                UA_Server_updateWriterGroupConfig
                0x0000000002042874                UA_WriterGroup_findWGbyId
                0x0000000002042918                UA_WriterGroupConfig_clear
                0x0000000002042ad8                UA_WriterGroup_setPubSubState
                0x0000000002042d8c                UA_Server_addDataSetWriter
                0x00000000020430b0                UA_Server_removeDataSetWriter
                0x0000000002043278                UA_DataSetFieldConfig_copy
                0x0000000002043304                UA_Server_getDataSetFieldConfig
                0x00000000020433d0                UA_DataSetField_findDSFbyId
                0x0000000002043474                UA_DataSetFieldConfig_clear
                0x0000000002044884                UA_WriterGroup_publishCallback
                0x0000000002044fec                UA_WriterGroup_addPublishCallback
                0x0000000002045c28                UA_Server_addReaderGroup
                0x0000000002045df8                UA_Server_removeReaderGroup
                0x0000000002045f58                UA_Server_ReaderGroup_getConfig
                0x0000000002046120                UA_ReaderGroupConfig_copy
                0x0000000002046194                UA_ReaderGroup_setPubSubState
                0x0000000002046448                UA_Server_freezeReaderGroupConfiguration
                0x00000000020468ac                UA_Server_unfreezeReaderGroupConfiguration
                0x0000000002046ac4                UA_Server_setReaderGroupOperational
                0x0000000002046b48                UA_Server_setReaderGroupDisabled
                0x0000000002046fd8                UA_ReaderGroup_findRGbyId
                0x0000000002047080                UA_ReaderGroup_findDSRbyId
                0x000000000204714c                UA_ReaderGroup_subscribeCallback
                0x000000000204743c                UA_ReaderGroup_addSubscribeCallback
                0x00000000020474cc                UA_Server_addDataSetReader
                0x0000000002047678                UA_Server_removeDataSetReader
                0x0000000002047738                UA_Server_DataSetReader_updateConfig
                0x00000000020478c0                UA_Server_DataSetReader_getConfig
                0x0000000002047978                UA_DataSetReaderConfig_copy
                0x0000000002047b08                UA_DataSetReader_setPubSubState
                0x0000000002047d14                UA_Server_DataSetReader_createTargetVariables
                0x0000000002047e10                UA_Server_DataSetReader_addTargetVariables
                0x000000000204849c                UA_Server_DataSetReader_process
                0x00000000020488d8                UA_Server_processNetworkMessage
                0x00000000020489f0                UA_Server_addPubSubConnection
                0x0000000002048d64                UA_Server_removePubSubConnection
                0x0000000002048e58                UA_Server_addPublishedDataSet
                0x0000000002049504                UA_Server_removePublishedDataSet
                0x00000000020496f4                UA_PubSubConfigurationVersionTimeDifference
                0x000000000204973c                UA_PubSubManager_generateUniqueNodeId
                0x00000000020497d4                UA_PubSubManager_delete
                0x00000000020499ac                UA_PubSubManager_addRepeatedCallback
                0x0000000002049a14                UA_PubSubManager_changeRepeatedCallbackInterval
                0x0000000002049a6c                UA_PubSubManager_removeRepeatedPubSubCallback
                0x000000000204a5c8                addPubSubConnectionRepresentation
                0x000000000204b22c                removePubSubConnectionRepresentation
                0x000000000204b2a8                addDataSetReaderRepresentation
                0x000000000204b2d0                removeDataSetReaderRepresentation
                0x000000000204b2f8                addPublishedDataItemsRepresentation
                0x000000000204b93c                removePublishedDataSetRepresentation
                0x000000000204bb54                addWriterGroupRepresentation
                0x000000000204c5c8                removeGroupRepresentation
                0x000000000204c640                addReaderGroupRepresentation
                0x000000000204c668                addDataSetWriterRepresentation
                0x000000000204c900                removeDataSetWriterRepresentation
                0x000000000204d148                UA_Server_initPubSubNS0
                0x000000000204d7c8                RefHead_ZIP_INSERT
                0x000000000204da64                RefHead_ZIP_REMOVE
                0x000000000204db4c                RefHead_ZIP_FIND
                0x000000000204db8c                RefHead_ZIP_MIN
                0x000000000204dbe4                RefHead_ZIP_MAX
                0x000000000204dcbc                RefHead_ZIP_ITER
                0x000000000204e330                browseRecursive
                0x000000000204e570                referenceTypeIndices
                0x000000000204e6b8                UA_Server_browseRecursive
                0x000000000204e97c                ContinuationPoint_clear
                0x000000000204f294                Operation_Browse
                0x000000000204f5dc                Service_Browse
                0x000000000204f6c8                UA_Server_browse
                0x000000000204f8d4                Service_BrowseNext
                0x000000000204f96c                UA_Server_browseNext
                0x0000000002050444                translateBrowsePathToNodeIds
                0x00000000020504c8                UA_Server_translateBrowsePathToNodeIds
                0x0000000002050528                Service_TranslateBrowsePathsToNodeIds
                0x00000000020505e4                browseSimplifiedBrowsePath
                0x0000000002050884                UA_Server_browseSimplifiedBrowsePath
                0x000000000205091c                Service_RegisterNodes
                0x00000000020509f4                Service_UnregisterNodes
                0x00000000020516f0                Service_Call
                0x00000000020517a8                UA_Server_call
                0x0000000002051888                UA_Server_removeSession
                0x0000000002051ae4                UA_Server_removeSessionByToken
                0x0000000002051b70                UA_Server_cleanupSessions
                0x0000000002051cd8                getSessionByToken
                0x0000000002051e54                UA_Server_getSessionById
                0x0000000002052188                UA_Server_createSession
                0x0000000002052408                Service_CreateSession
                0x0000000002053030                Service_ActivateSession
                0x0000000002053938                Service_CloseSession
                0x00000000020542d0                readValueAttribute
                0x0000000002054324                ReadWithNode
                0x0000000002054ce0                Service_Read
                0x0000000002054dec                UA_Server_readWithSession
                0x0000000002054f8c                readAttribute
                0x0000000002054fec                readWithReadValue
                0x0000000002055140                UA_Server_read
                0x00000000020551f8                __UA_Server_read
                0x0000000002055248                readObjectProperty
                0x00000000020553a8                UA_Server_readObjectProperty
                0x000000000205547c                compatibleDataType
                0x00000000020555e0                compatibleValueRankArrayDimensions
                0x00000000020558b0                compatibleValueRanks
                0x0000000002055a98                compatibleArrayDimensions
                0x0000000002055b70                compatibleValueArrayDimensions
                0x0000000002055c34                compatibleValue
                0x0000000002057b84                Service_Write
                0x0000000002057c3c                writeWithSession
                0x0000000002057c90                writeAttribute
                0x0000000002057ce8                UA_Server_write
                0x0000000002057d28                writeWithWriteValue
                0x0000000002057e94                __UA_Server_write
                0x0000000002057eec                UA_Server_writeObjectProperty
                0x0000000002057f9c                writeObjectProperty
                0x000000000205810c                UA_Server_writeObjectProperty_scalar
                0x0000000002058624                Service_FindServers
                0x000000000205898c                Service_GetEndpoints
                0x00000000020593a0                Service_RegisterServer
                0x0000000002059418                Service_RegisterServer2
                0x00000000020594c0                UA_Discovery_cleanupTimedOut
                0x0000000002059a14                UA_Server_addPeriodicServerRegisterCallback
                0x0000000002059d54                UA_Server_setRegisterServerCallback
                0x0000000002059fdc                Service_CreateSubscription
                0x000000000205a250                Service_ModifySubscription
                0x000000000205a3e0                Service_SetPublishingMode
                0x000000000205a478                Service_Publish
                0x000000000205a88c                Service_DeleteSubscriptions
                0x000000000205a930                Service_Republish
                0x000000000205b814                Service_CreateMonitoredItems
                0x000000000205b92c                UA_Server_createDataChangeMonitoredItem
                0x000000000205bb9c                Service_ModifyMonitoredItems
                0x000000000205bf5c                Service_SetMonitoringMode
                0x000000000205c0b4                Service_DeleteMonitoredItems
                0x000000000205c1a4                UA_Server_deleteMonitoredItem
                0x000000000205c494                UA_Server_deleteSecureChannels
                0x000000000205c500                UA_Server_cleanupTimedOutSecureChannels
                0x000000000205c868                UA_Server_createSecureChannel
                0x000000000205c9b0                UA_Server_configSecureChannel
                0x000000000205d04c                UA_Server_closeSecureChannel
                0x000000000205d098                Service_OpenSecureChannel
                0x000000000205d378                Service_CloseSecureChannel
                0x000000000205d414                UA_Server_getNodeContext
                0x000000000205d484                getNodeContext
                0x000000000205d5d4                UA_Server_setNodeContext
                0x000000000205f694                AddNode_addRefs
                0x0000000002060834                AddNode_raw
                0x0000000002062050                AddNode_finish
                0x0000000002062564                Service_AddNodes
                0x000000000206261c                addNode
                0x00000000020627e4                __UA_Server_addNode
                0x000000000206287c                UA_Server_addNode_begin
                0x0000000002062994                UA_Server_addNode_finish
                0x0000000002063460                Service_DeleteNodes
                0x0000000002063518                UA_Server_deleteNode
                0x0000000002063590                deleteNode
                0x0000000002063c34                Service_AddReferences
                0x0000000002063cec                UA_Server_addReference
                0x0000000002064010                Service_DeleteReferences
                0x00000000020640c8                UA_Server_deleteReference
                0x0000000002064250                UA_Server_setVariableNode_valueCallback
                0x00000000020642b4                UA_Server_addDataSourceVariableNode
                0x00000000020645a8                setVariableNode_dataSource
                0x0000000002064604                UA_Server_setVariableNode_dataSource
                0x0000000002064700                UA_Server_setVariableNode_valueBackend
                0x0000000002064f28                UA_Server_addMethodNode_finish
                0x0000000002065030                UA_Server_addMethodNodeEx
                0x0000000002065280                setMethodNode_callback
                0x00000000020652dc                UA_Server_setMethodNode_callback
                0x000000000206534c                UA_Server_setAdminSessionContext
                0x0000000002065410                UA_Server_setNodeTypeLifecycle
                0x00000000020654dc                UA_Client_newWithConfig
                0x0000000002065748                UA_Client_delete
                0x0000000002065790                UA_Client_getState
                0x0000000002065808                UA_Client_getConfig
                0x000000000206583c                notifyClientState
                0x0000000002066530                receiveResponseAsync
                0x0000000002066590                __UA_Client_Service
                0x00000000020666d0                UA_Client_AsyncService_cancel
                0x000000000206676c                UA_Client_AsyncService_removeAll
                0x0000000002066818                __UA_Client_AsyncServiceEx
                0x0000000002066998                __UA_Client_AsyncService
                0x0000000002066a04                UA_Client_sendAsyncRequest
                0x0000000002066a64                UA_Client_addTimedCallback
                0x0000000002066acc                UA_Client_addRepeatedCallback
                0x0000000002066b34                UA_Client_changeRepeatedCallbackInterval
                0x0000000002066b8c                UA_Client_removeCallback
                0x0000000002066fc0                UA_Client_run_iterate
                0x00000000020672d4                processERRResponse
                0x000000000206745c                processACKResponse
                0x00000000020677cc                processOPNResponse
                0x0000000002067f04                UA_Client_renewSecureChannel
                0x0000000002068d88                connectIterate
                0x000000000206950c                UA_Client_connectAsync
                0x000000000206954c                UA_Client_connectSecureChannelAsync
                0x0000000002069734                UA_Client_connect
                0x0000000002069774                UA_Client_connectSecureChannel
                0x00000000020697b8                closeSecureChannel
                0x0000000002069a80                UA_Client_disconnectAsync
                0x0000000002069b28                UA_Client_disconnectSecureChannel
                0x0000000002069b64                UA_Client_disconnect
                0x0000000002069cc4                UA_Client_getEndpoints
                0x0000000002069dc0                UA_Client_findServers
                0x0000000002069f2c                UA_Client_findServersOnNetwork
                0x000000000206a098                UA_Client_NamespaceGetIndex
                0x000000000206a278                UA_Client_forEachChildNodeCall
                0x000000000206a458                UA_Client_addReference
                0x000000000206a61c                UA_Client_deleteReference
                0x000000000206a7d8                UA_Client_deleteNode
                0x000000000206a90c                __UA_Client_addNode
                0x000000000206ab50                UA_Client_call
                0x000000000206acf4                __UA_Client_writeAttribute
                0x000000000206ae80                UA_Client_writeArrayDimensionsAttribute
                0x000000000206afcc                __UA_Client_readAttribute
                0x000000000206b330                UA_Client_readArrayDimensionsAttribute
                0x000000000206b764                __UA_Client_readAttribute_async
                0x000000000206b934                __UA_Client_writeAttribute_async
                0x000000000206ba74                __UA_Client_addNode_async
                0x000000000206bbf8                __UA_Client_call_async
                0x000000000206bcf4                __UA_Client_translateBrowsePathsToNodeIds_async
                0x000000000206bd24                UA_Cient_translateBrowsePathsToNodeIds_async
                0x000000000206bed0                UA_Client_Subscriptions_create
                0x000000000206bff0                UA_Client_Subscriptions_create_async
                0x000000000206c220                UA_Client_Subscriptions_modify
                0x000000000206c30c                UA_Client_Subscriptions_modify_async
                0x000000000206cb0c                UA_Client_Subscriptions_delete_async
                0x000000000206cc74                UA_Client_Subscriptions_delete
                0x000000000206cdfc                UA_Client_Subscriptions_deleteSingle
                0x000000000206dcec                UA_Client_MonitoredItems_createDataChanges
                0x000000000206dd68                UA_Client_MonitoredItems_createDataChanges_async
                0x000000000206ddf8                UA_Client_MonitoredItems_createDataChange
                0x000000000206df7c                UA_Client_MonitoredItems_createEvents
                0x000000000206dff8                UA_Client_MonitoredItems_createEvents_async
                0x000000000206e088                UA_Client_MonitoredItems_createEvent
                0x000000000206e450                UA_Client_MonitoredItems_delete
                0x000000000206e500                UA_Client_MonitoredItems_delete_async
                0x000000000206e5e8                UA_Client_MonitoredItems_deleteSingle
                0x000000000206e6d4                UA_Client_MonitoredItems_modify
                0x000000000206e874                UA_Client_preparePublishRequest
                0x000000000206f338                UA_Client_Subscriptions_clean
                0x000000000206f414                UA_Client_Subscriptions_backgroundPublishInactivityCheck
                0x000000000206f618                UA_Client_Subscriptions_backgroundPublish
                0x000000000206f744                __secs_to_tm
                0x000000000206fff0                __tm_to_secs
                0x00000000020702d0                pcg32_srandom_r
                0x0000000002070398                pcg32_random_r
                0x00000000020704e8                UA_base64
                0x0000000002070838                UA_unbase64
                0x00000000020f6730                namespace0_generated
                0x00000000020fe56c                UA_Guid_parse
                0x00000000020febc0                UA_NodeId_parse
                0x00000000020ff514                UA_ExpandedNodeId_parse
                0x0000000002100228                UA_RelativePath_parse
                0x0000000002100290                UA_DiscoveryManager_init
                0x00000000021002e0                UA_DiscoveryManager_deleteMembers
                0x000000000210042c                UA_Subscription_new
                0x00000000021004b8                UA_Subscription_clear
                0x00000000021007a0                UA_Subscription_getMonitoredItem
                0x0000000002100804                UA_Subscription_deleteMonitoredItem
                0x0000000002100a44                UA_Subscription_addMonitoredItem
                0x0000000002100e24                UA_Subscription_removeRetransmissionMessage
                0x00000000021012d0                UA_Subscription_publish
                0x0000000002101c70                UA_Subscription_reachedPublishReqLimit
                0x0000000002101e5c                Subscription_registerPublishCallback
                0x0000000002101ef8                Subscription_unregisterPublishCallback
                0x0000000002101f64                UA_Subscription_answerPublishRequestsNoSubscription
                0x000000000210203c                UA_Notification_enqueue
                0x0000000002102178                UA_Notification_dequeue
                0x00000000021022f8                UA_Notification_delete
                0x0000000002102340                UA_MonitoredItem_init
                0x00000000021023a4                UA_MonitoredItem_delete
                0x00000000021025a4                UA_MonitoredItem_ensureQueueSpace
                0x00000000021028fc                UA_MonitoredItem_registerSampleCallback
                0x00000000021029a8                UA_MonitoredItem_unregisterSampleCallback
                0x00000000021038f8                UA_MonitoredItem_sampleCallback
                0x0000000002103934                monitoredItem_sampleCallback
                0x0000000002103c4c                UA_Log_Stdout_log
                0x0000000002103e20                UA_Log_Stdout_clear
                0x0000000002103e44                UA_Log_Stdout_withLevel
                0x00000000021043bc                UA_AccessControl_default
                0x00000000021049cc                NodeTree_ZIP_INSERT
                0x0000000002104c68                NodeTree_ZIP_REMOVE
                0x0000000002104d50                NodeTree_ZIP_FIND
                0x0000000002104d90                NodeTree_ZIP_MIN
                0x0000000002104de8                NodeTree_ZIP_MAX
                0x0000000002104ec0                NodeTree_ZIP_ITER
                0x00000000021059f8                UA_Nodestore_ZipTree
                0x0000000002106dcc                UA_Nodestore_HashMap
                0x0000000002107018                UA_Server_new
                0x000000000210751c                UA_ServerConfig_setBasics
                0x00000000021075bc                UA_ServerConfig_addNetworkLayerTCP
                0x000000000210773c                UA_ServerConfig_addSecurityPolicyNone
                0x0000000002107850                UA_ServerConfig_addEndpoint
                0x00000000021079a4                UA_ServerConfig_addAllEndpoints
                0x0000000002107bb0                UA_ServerConfig_setMinimalCustomBuffer
                0x0000000002107d24                UA_Client_new
                0x0000000002107d7c                UA_ClientConfig_setDefault
                0x0000000002108030                UA_CertificateVerification_AcceptAll
                0x000000000210840c                UA_SecurityPolicy_None
                0x000000000210985c                UA_PubSubTransportLayerUDPMP
                0x000000000210a1f8                UA_PubSubTransportLayerEthernet
                0x000000000210a268                UA_DateTime_now
                0x000000000210a3d0                UA_DateTime_localTimeUtcOffset
                0x000000000210a404                UA_DateTime_nowMonotonic
                0x000000000210a4c0                UA_socket_set_blocking
                0x000000000210a510                UA_socket_set_nonblocking
                0x000000000210a564                gethostname_lwip
                0x000000000210a58c                UA_initialize_architecture_network
                0x000000000210a5ac                UA_deinitialize_architecture_network
                0x000000000210bd80                UA_ServerNetworkLayerTCP
                0x000000000210bfc4                UA_ClientConnectionTCP_poll
                0x000000000210c4ac                UA_ClientConnectionTCP_init
                0x000000000210c8a0                UA_ClientConnectionTCP
 .text          0x000000000210d3f0        0x0 c:/altera/18.1/nios2eds/bin/gnu/h-x86_64-mingw32/bin/../lib/gcc/nios2-elf/5.3.0/../../../../../H-x86_64-mingw32/nios2-elf/lib\libm.a(lib_a-s_signbit.o)
 .text.__signbitf
                0x000000000210d3f0        0x8 c:/altera/18.1/nios2eds/bin/gnu/h-x86_64-mingw32/bin/../lib/gcc/nios2-elf/5.3.0/../../../../../H-x86_64-mingw32/nios2-elf/lib\libm.a(lib_a-s_signbit.o)
                0x000000000210d3f0                __signbitf
 .text.__signbitd
                0x000000000210d3f8        0x8 c:/altera/18.1/nios2eds/bin/gnu/h-x86_64-mingw32/bin/../lib/gcc/nios2-elf/5.3.0/../../../../../H-x86_64-mingw32/nios2-elf/lib\libm.a(lib_a-s_signbit.o)
                0x000000000210d3f8                __signbitd
 .text          0x000000000210d400       0x60 c:/altera/18.1/nios2eds/bin/gnu/h-x86_64-mingw32/bin/../lib/gcc/nios2-elf/5.3.0\libgcc.a(_muldi3.o)
                0x000000000210d400                __muldi3
 .text          0x000000000210d460       0x74 c:/altera/18.1/nios2eds/bin/gnu/h-x86_64-mingw32/bin/../lib/gcc/nios2-elf/5.3.0\libgcc.a(_fixdfdi.o)
                0x000000000210d460                __fixdfdi
 .text          0x000000000210d4d4       0x90 c:/altera/18.1/nios2eds/bin/gnu/h-x86_64-mingw32/bin/../lib/gcc/nios2-elf/5.3.0\libgcc.a(_fixunsdfdi.o)
                0x000000000210d4d4                __fixunsdfdi
 .text          0x000000000210d564       0xc4 c:/altera/18.1/nios2eds/bin/gnu/h-x86_64-mingw32/bin/../lib/gcc/nios2-elf/5.3.0\libgcc.a(_floatdisf.o)
                0x000000000210d564                __floatdisf
 .text          0x000000000210d628       0x70 c:/altera/18.1/nios2eds/bin/gnu/h-x86_64-mingw32/bin/../lib/gcc/nios2-elf/5.3.0\libgcc.a(_floatdidf.o)
                0x000000000210d628                __floatdidf
 .text          0x000000000210d698       0x70 c:/altera/18.1/nios2eds/bin/gnu/h-x86_64-mingw32/bin/../lib/gcc/nios2-elf/5.3.0\libgcc.a(_floatundidf.o)
                0x000000000210d698                __floatundidf
 .text          0x000000000210d708      0x5c8 c:/altera/18.1/nios2eds/bin/gnu/h-x86_64-mingw32/bin/../lib/gcc/nios2-elf/5.3.0\libgcc.a(_divdi3.o)
                0x000000000210d708                __divdi3
 .text          0x000000000210dcd0      0x590 c:/altera/18.1/nios2eds/bin/gnu/h-x86_64-mingw32/bin/../lib/gcc/nios2-elf/5.3.0\libgcc.a(_moddi3.o)
                0x000000000210dcd0                __moddi3
 .text          0x000000000210e260      0x1b4 c:/altera/18.1/nios2eds/bin/gnu/h-x86_64-mingw32/bin/../lib/gcc/nios2-elf/5.3.0\libgcc.a(lib2-divmod.o)
                0x000000000210e260                __divsi3
                0x000000000210e2e4                __modsi3
                0x000000000210e358                __udivsi3
                0x000000000210e3bc                __umodsi3
 .text          0x000000000210e414      0x4c8 c:/altera/18.1/nios2eds/bin/gnu/h-x86_64-mingw32/bin/../lib/gcc/nios2-elf/5.3.0\libgcc.a(addsf3.o)
                0x000000000210e414                __addsf3
 .text          0x000000000210e8dc      0x440 c:/altera/18.1/nios2eds/bin/gnu/h-x86_64-mingw32/bin/../lib/gcc/nios2-elf/5.3.0\libgcc.a(divsf3.o)
                0x000000000210e8dc                __divsf3
 .text          0x000000000210ed1c       0x78 c:/altera/18.1/nios2eds/bin/gnu/h-x86_64-mingw32/bin/../lib/gcc/nios2-elf/5.3.0\libgcc.a(eqsf2.o)
                0x000000000210ed1c                __eqsf2
                0x000000000210ed1c                __nesf2
 .text          0x000000000210ed94       0xbc c:/altera/18.1/nios2eds/bin/gnu/h-x86_64-mingw32/bin/../lib/gcc/nios2-elf/5.3.0\libgcc.a(gesf2.o)
                0x000000000210ed94                __gesf2
                0x000000000210ed94                __gtsf2
 .text          0x000000000210ee50       0xf0 c:/altera/18.1/nios2eds/bin/gnu/h-x86_64-mingw32/bin/../lib/gcc/nios2-elf/5.3.0\libgcc.a(floatunsisf.o)
                0x000000000210ee50                __floatunsisf
 .text          0x000000000210ef40      0x8ac c:/altera/18.1/nios2eds/bin/gnu/h-x86_64-mingw32/bin/../lib/gcc/nios2-elf/5.3.0\libgcc.a(adddf3.o)
                0x000000000210ef40                __adddf3
 .text          0x000000000210f7ec      0x8e8 c:/altera/18.1/nios2eds/bin/gnu/h-x86_64-mingw32/bin/../lib/gcc/nios2-elf/5.3.0\libgcc.a(divdf3.o)
                0x000000000210f7ec                __divdf3
 .text          0x00000000021100d4       0x88 c:/altera/18.1/nios2eds/bin/gnu/h-x86_64-mingw32/bin/../lib/gcc/nios2-elf/5.3.0\libgcc.a(eqdf2.o)
                0x00000000021100d4                __nedf2
                0x00000000021100d4                __eqdf2
 .text          0x000000000211015c       0xdc c:/altera/18.1/nios2eds/bin/gnu/h-x86_64-mingw32/bin/../lib/gcc/nios2-elf/5.3.0\libgcc.a(gedf2.o)
                0x000000000211015c                __gedf2
                0x000000000211015c                __gtdf2
 .text          0x0000000002110238       0xf4 c:/altera/18.1/nios2eds/bin/gnu/h-x86_64-mingw32/bin/../lib/gcc/nios2-elf/5.3.0\libgcc.a(ledf2.o)
                0x0000000002110238                __ledf2
                0x0000000002110238                __ltdf2
 .text          0x000000000211032c      0x718 c:/altera/18.1/nios2eds/bin/gnu/h-x86_64-mingw32/bin/../lib/gcc/nios2-elf/5.3.0\libgcc.a(muldf3.o)
                0x000000000211032c                __muldf3
 .text          0x0000000002110a44      0x8fc c:/altera/18.1/nios2eds/bin/gnu/h-x86_64-mingw32/bin/../lib/gcc/nios2-elf/5.3.0\libgcc.a(subdf3.o)
                0x0000000002110a44                __subdf3
 .text          0x0000000002111340       0x80 c:/altera/18.1/nios2eds/bin/gnu/h-x86_64-mingw32/bin/../lib/gcc/nios2-elf/5.3.0\libgcc.a(fixdfsi.o)
                0x0000000002111340                __fixdfsi
 .text          0x00000000021113c0       0xdc c:/altera/18.1/nios2eds/bin/gnu/h-x86_64-mingw32/bin/../lib/gcc/nios2-elf/5.3.0\libgcc.a(floatsidf.o)
                0x00000000021113c0                __floatsidf
 .text          0x000000000211149c       0xa8 c:/altera/18.1/nios2eds/bin/gnu/h-x86_64-mingw32/bin/../lib/gcc/nios2-elf/5.3.0\libgcc.a(floatunsidf.o)
                0x000000000211149c                __floatunsidf
 .text          0x0000000002111544      0x110 c:/altera/18.1/nios2eds/bin/gnu/h-x86_64-mingw32/bin/../lib/gcc/nios2-elf/5.3.0\libgcc.a(extendsfdf2.o)
                0x0000000002111544                __extendsfdf2
 .text          0x0000000002111654      0x1a8 c:/altera/18.1/nios2eds/bin/gnu/h-x86_64-mingw32/bin/../lib/gcc/nios2-elf/5.3.0\libgcc.a(truncdfsf2.o)
                0x0000000002111654                __truncdfsf2
 .text          0x00000000021117fc        0x0 c:/altera/18.1/nios2eds/bin/gnu/h-x86_64-mingw32/bin/../lib/gcc/nios2-elf/5.3.0\libgcc.a(_clz.o)
 .text          0x00000000021117fc       0x64 c:/altera/18.1/nios2eds/bin/gnu/h-x86_64-mingw32/bin/../lib/gcc/nios2-elf/5.3.0\libgcc.a(_clzsi2.o)
                0x00000000021117fc                __clzsi2
 .text          0x0000000002111860       0x74 c:/altera/18.1/nios2eds/bin/gnu/h-x86_64-mingw32/bin/../lib/gcc/nios2-elf/5.3.0\libgcc.a(_fixunsdfsi.o)
                0x0000000002111860                __fixunsdfsi
 .text          0x00000000021118d4        0x0 c:/altera/18.1/nios2eds/bin/gnu/h-x86_64-mingw32/bin/../lib/gcc/nios2-elf/5.3.0/../../../../../H-x86_64-mingw32/nios2-elf/lib\libc.a(lib_a-assert.o)
 .text.__assert_func
                0x00000000021118d4       0x68 c:/altera/18.1/nios2eds/bin/gnu/h-x86_64-mingw32/bin/../lib/gcc/nios2-elf/5.3.0/../../../../../H-x86_64-mingw32/nios2-elf/lib\libc.a(lib_a-assert.o)
                0x00000000021118d4                __assert_func
 .text.__assert
                0x000000000211193c       0x14 c:/altera/18.1/nios2eds/bin/gnu/h-x86_64-mingw32/bin/../lib/gcc/nios2-elf/5.3.0/../../../../../H-x86_64-mingw32/nios2-elf/lib\libc.a(lib_a-assert.o)
                0x000000000211193c                __assert
 .text          0x0000000002111950        0x0 c:/altera/18.1/nios2eds/bin/gnu/h-x86_64-mingw32/bin/../lib/gcc/nios2-elf/5.3.0/../../../../../H-x86_64-mingw32/nios2-elf/lib\libc.a(lib_a-calloc.o)
 .text.calloc   0x0000000002111950       0x18 c:/altera/18.1/nios2eds/bin/gnu/h-x86_64-mingw32/bin/../lib/gcc/nios2-elf/5.3.0/../../../../../H-x86_64-mingw32/nios2-elf/lib\libc.a(lib_a-calloc.o)
                0x0000000002111950                calloc
 .text          0x0000000002111968        0x0 c:/altera/18.1/nios2eds/bin/gnu/h-x86_64-mingw32/bin/../lib/gcc/nios2-elf/5.3.0/../../../../../H-x86_64-mingw32/nios2-elf/lib\libc.a(lib_a-callocr.o)
 .text._calloc_r
                0x0000000002111968       0xc4 c:/altera/18.1/nios2eds/bin/gnu/h-x86_64-mingw32/bin/../lib/gcc/nios2-elf/5.3.0/../../../../../H-x86_64-mingw32/nios2-elf/lib\libc.a(lib_a-callocr.o)
                0x0000000002111968                _calloc_r
 .text          0x0000000002111a2c        0x0 c:/altera/18.1/nios2eds/bin/gnu/h-x86_64-mingw32/bin/../lib/gcc/nios2-elf/5.3.0/../../../../../H-x86_64-mingw32/nios2-elf/lib\libc.a(lib_a-errno.o)
 .text.__errno  0x0000000002111a2c       0x10 c:/altera/18.1/nios2eds/bin/gnu/h-x86_64-mingw32/bin/../lib/gcc/nios2-elf/5.3.0/../../../../../H-x86_64-mingw32/nios2-elf/lib\libc.a(lib_a-errno.o)
                0x0000000002111a2c                __errno
 .text          0x0000000002111a3c        0x0 c:/altera/18.1/nios2eds/bin/gnu/h-x86_64-mingw32/bin/../lib/gcc/nios2-elf/5.3.0/../../../../../H-x86_64-mingw32/nios2-elf/lib\libc.a(lib_a-fflush.o)
 .text.__sflush_r
                0x0000000002111a3c      0x21c c:/altera/18.1/nios2eds/bin/gnu/h-x86_64-mingw32/bin/../lib/gcc/nios2-elf/5.3.0/../../../../../H-x86_64-mingw32/nios2-elf/lib\libc.a(lib_a-fflush.o)
                0x0000000002111a3c                __sflush_r
 .text._fflush_r
                0x0000000002111c58       0x5c c:/altera/18.1/nios2eds/bin/gnu/h-x86_64-mingw32/bin/../lib/gcc/nios2-elf/5.3.0/../../../../../H-x86_64-mingw32/nios2-elf/lib\libc.a(lib_a-fflush.o)
                0x0000000002111c58                _fflush_r
 .text.fflush   0x0000000002111cb4       0x30 c:/altera/18.1/nios2eds/bin/gnu/h-x86_64-mingw32/bin/../lib/gcc/nios2-elf/5.3.0/../../../../../H-x86_64-mingw32/nios2-elf/lib\libc.a(lib_a-fflush.o)
                0x0000000002111cb4                fflush
 .text          0x0000000002111ce4        0x0 c:/altera/18.1/nios2eds/bin/gnu/h-x86_64-mingw32/bin/../lib/gcc/nios2-elf/5.3.0/../../../../../H-x86_64-mingw32/nios2-elf/lib\libc.a(lib_a-findfp.o)
 .text.__fp_unlock
                0x0000000002111ce4        0x8 c:/altera/18.1/nios2eds/bin/gnu/h-x86_64-mingw32/bin/../lib/gcc/nios2-elf/5.3.0/../../../../../H-x86_64-mingw32/nios2-elf/lib\libc.a(lib_a-findfp.o)
 .text._cleanup_r
                0x0000000002111cec        0xc c:/altera/18.1/nios2eds/bin/gnu/h-x86_64-mingw32/bin/../lib/gcc/nios2-elf/5.3.0/../../../../../H-x86_64-mingw32/nios2-elf/lib\libc.a(lib_a-findfp.o)
                0x0000000002111cec                _cleanup_r
 .text.__sinit.part.1
                0x0000000002111cf8      0x19c c:/altera/18.1/nios2eds/bin/gnu/h-x86_64-mingw32/bin/../lib/gcc/nios2-elf/5.3.0/../../../../../H-x86_64-mingw32/nios2-elf/lib\libc.a(lib_a-findfp.o)
 .text.__fp_lock
                0x0000000002111e94        0x8 c:/altera/18.1/nios2eds/bin/gnu/h-x86_64-mingw32/bin/../lib/gcc/nios2-elf/5.3.0/../../../../../H-x86_64-mingw32/nios2-elf/lib\libc.a(lib_a-findfp.o)
 .text.__sfmoreglue
                0x0000000002111e9c       0x68 c:/altera/18.1/nios2eds/bin/gnu/h-x86_64-mingw32/bin/../lib/gcc/nios2-elf/5.3.0/../../../../../H-x86_64-mingw32/nios2-elf/lib\libc.a(lib_a-findfp.o)
                0x0000000002111e9c                __sfmoreglue
 .text.__sfp    0x0000000002111f04      0x118 c:/altera/18.1/nios2eds/bin/gnu/h-x86_64-mingw32/bin/../lib/gcc/nios2-elf/5.3.0/../../../../../H-x86_64-mingw32/nios2-elf/lib\libc.a(lib_a-findfp.o)
                0x0000000002111f04                __sfp
 .text._cleanup
                0x000000000211201c       0x18 c:/altera/18.1/nios2eds/bin/gnu/h-x86_64-mingw32/bin/../lib/gcc/nios2-elf/5.3.0/../../../../../H-x86_64-mingw32/nios2-elf/lib\libc.a(lib_a-findfp.o)
                0x000000000211201c                _cleanup
 .text.__sinit  0x0000000002112034       0x10 c:/altera/18.1/nios2eds/bin/gnu/h-x86_64-mingw32/bin/../lib/gcc/nios2-elf/5.3.0/../../../../../H-x86_64-mingw32/nios2-elf/lib\libc.a(lib_a-findfp.o)
                0x0000000002112034                __sinit
 .text.__sfp_lock_acquire
                0x0000000002112044        0x4 c:/altera/18.1/nios2eds/bin/gnu/h-x86_64-mingw32/bin/../lib/gcc/nios2-elf/5.3.0/../../../../../H-x86_64-mingw32/nios2-elf/lib\libc.a(lib_a-findfp.o)
                0x0000000002112044                __sfp_lock_acquire
 .text.__sfp_lock_release
                0x0000000002112048        0x4 c:/altera/18.1/nios2eds/bin/gnu/h-x86_64-mingw32/bin/../lib/gcc/nios2-elf/5.3.0/../../../../../H-x86_64-mingw32/nios2-elf/lib\libc.a(lib_a-findfp.o)
                0x0000000002112048                __sfp_lock_release
 .text.__sinit_lock_acquire
                0x000000000211204c        0x4 c:/altera/18.1/nios2eds/bin/gnu/h-x86_64-mingw32/bin/../lib/gcc/nios2-elf/5.3.0/../../../../../H-x86_64-mingw32/nios2-elf/lib\libc.a(lib_a-findfp.o)
                0x000000000211204c                __sinit_lock_acquire
 .text.__sinit_lock_release
                0x0000000002112050        0x4 c:/altera/18.1/nios2eds/bin/gnu/h-x86_64-mingw32/bin/../lib/gcc/nios2-elf/5.3.0/../../../../../H-x86_64-mingw32/nios2-elf/lib\libc.a(lib_a-findfp.o)
                0x0000000002112050                __sinit_lock_release
 .text.__fp_lock_all
                0x0000000002112054       0x18 c:/altera/18.1/nios2eds/bin/gnu/h-x86_64-mingw32/bin/../lib/gcc/nios2-elf/5.3.0/../../../../../H-x86_64-mingw32/nios2-elf/lib\libc.a(lib_a-findfp.o)
                0x0000000002112054                __fp_lock_all
 .text.__fp_unlock_all
                0x000000000211206c       0x18 c:/altera/18.1/nios2eds/bin/gnu/h-x86_64-mingw32/bin/../lib/gcc/nios2-elf/5.3.0/../../../../../H-x86_64-mingw32/nios2-elf/lib\libc.a(lib_a-findfp.o)
                0x000000000211206c                __fp_unlock_all
 .text          0x0000000002112084        0x0 c:/altera/18.1/nios2eds/bin/gnu/h-x86_64-mingw32/bin/../lib/gcc/nios2-elf/5.3.0/../../../../../H-x86_64-mingw32/nios2-elf/lib\libc.a(lib_a-fiprintf.o)
 .text._fiprintf_r
                0x0000000002112084       0x20 c:/altera/18.1/nios2eds/bin/gnu/h-x86_64-mingw32/bin/../lib/gcc/nios2-elf/5.3.0/../../../../../H-x86_64-mingw32/nios2-elf/lib\libc.a(lib_a-fiprintf.o)
                0x0000000002112084                _fiprintf_r
 .text.fiprintf
                0x00000000021120a4       0x3c c:/altera/18.1/nios2eds/bin/gnu/h-x86_64-mingw32/bin/../lib/gcc/nios2-elf/5.3.0/../../../../../H-x86_64-mingw32/nios2-elf/lib\libc.a(lib_a-fiprintf.o)
                0x00000000021120a4                fiprintf
 .text          0x00000000021120e0        0x0 c:/altera/18.1/nios2eds/bin/gnu/h-x86_64-mingw32/bin/../lib/gcc/nios2-elf/5.3.0/../../../../../H-x86_64-mingw32/nios2-elf/lib\libc.a(lib_a-freer.o)
 .text._malloc_trim_r
                0x00000000021120e0      0x124 c:/altera/18.1/nios2eds/bin/gnu/h-x86_64-mingw32/bin/../lib/gcc/nios2-elf/5.3.0/../../../../../H-x86_64-mingw32/nios2-elf/lib\libc.a(lib_a-freer.o)
                0x00000000021120e0                _malloc_trim_r
 .text._free_r  0x0000000002112204      0x310 c:/altera/18.1/nios2eds/bin/gnu/h-x86_64-mingw32/bin/../lib/gcc/nios2-elf/5.3.0/../../../../../H-x86_64-mingw32/nios2-elf/lib\libc.a(lib_a-freer.o)
                0x0000000002112204                _free_r
 .text          0x0000000002112514        0x0 c:/altera/18.1/nios2eds/bin/gnu/h-x86_64-mingw32/bin/../lib/gcc/nios2-elf/5.3.0/../../../../../H-x86_64-mingw32/nios2-elf/lib\libc.a(lib_a-fwalk.o)
 .text._fwalk   0x0000000002112514       0xc4 c:/altera/18.1/nios2eds/bin/gnu/h-x86_64-mingw32/bin/../lib/gcc/nios2-elf/5.3.0/../../../../../H-x86_64-mingw32/nios2-elf/lib\libc.a(lib_a-fwalk.o)
                0x0000000002112514                _fwalk
 .text._fwalk_reent
                0x00000000021125d8       0xc4 c:/altera/18.1/nios2eds/bin/gnu/h-x86_64-mingw32/bin/../lib/gcc/nios2-elf/5.3.0/../../../../../H-x86_64-mingw32/nios2-elf/lib\libc.a(lib_a-fwalk.o)
                0x00000000021125d8                _fwalk_reent
 .text          0x000000000211269c        0x0 c:/altera/18.1/nios2eds/bin/gnu/h-x86_64-mingw32/bin/../lib/gcc/nios2-elf/5.3.0/../../../../../H-x86_64-mingw32/nios2-elf/lib\libc.a(lib_a-impure.o)
 .text          0x000000000211269c        0x0 c:/altera/18.1/nios2eds/bin/gnu/h-x86_64-mingw32/bin/../lib/gcc/nios2-elf/5.3.0/../../../../../H-x86_64-mingw32/nios2-elf/lib\libc.a(lib_a-malloc.o)
 .text.malloc   0x000000000211269c       0x14 c:/altera/18.1/nios2eds/bin/gnu/h-x86_64-mingw32/bin/../lib/gcc/nios2-elf/5.3.0/../../../../../H-x86_64-mingw32/nios2-elf/lib\libc.a(lib_a-malloc.o)
                0x000000000211269c                malloc
 .text.free     0x00000000021126b0       0x14 c:/altera/18.1/nios2eds/bin/gnu/h-x86_64-mingw32/bin/../lib/gcc/nios2-elf/5.3.0/../../../../../H-x86_64-mingw32/nios2-elf/lib\libc.a(lib_a-malloc.o)
                0x00000000021126b0                free
 .text          0x00000000021126c4        0x0 c:/altera/18.1/nios2eds/bin/gnu/h-x86_64-mingw32/bin/../lib/gcc/nios2-elf/5.3.0/../../../../../H-x86_64-mingw32/nios2-elf/lib\libc.a(lib_a-mallocr.o)
 .text._malloc_r
                0x00000000021126c4      0x80c c:/altera/18.1/nios2eds/bin/gnu/h-x86_64-mingw32/bin/../lib/gcc/nios2-elf/5.3.0/../../../../../H-x86_64-mingw32/nios2-elf/lib\libc.a(lib_a-mallocr.o)
                0x00000000021126c4                _malloc_r
 .text          0x0000000002112ed0        0x0 c:/altera/18.1/nios2eds/bin/gnu/h-x86_64-mingw32/bin/../lib/gcc/nios2-elf/5.3.0/../../../../../H-x86_64-mingw32/nios2-elf/lib\libc.a(lib_a-memcmp.o)
 .text.memcmp   0x0000000002112ed0       0x7c c:/altera/18.1/nios2eds/bin/gnu/h-x86_64-mingw32/bin/../lib/gcc/nios2-elf/5.3.0/../../../../../H-x86_64-mingw32/nios2-elf/lib\libc.a(lib_a-memcmp.o)
                0x0000000002112ed0                memcmp
 .text          0x0000000002112f4c        0x0 c:/altera/18.1/nios2eds/bin/gnu/h-x86_64-mingw32/bin/../lib/gcc/nios2-elf/5.3.0/../../../../../H-x86_64-mingw32/nios2-elf/lib\libc.a(lib_a-memcpy.o)
 .text.memcpy   0x0000000002112f4c      0x148 c:/altera/18.1/nios2eds/bin/gnu/h-x86_64-mingw32/bin/../lib/gcc/nios2-elf/5.3.0/../../../../../H-x86_64-mingw32/nios2-elf/lib\libc.a(lib_a-memcpy.o)
                0x0000000002112f4c                memcpy
 .text          0x0000000002113094        0x0 c:/altera/18.1/nios2eds/bin/gnu/h-x86_64-mingw32/bin/../lib/gcc/nios2-elf/5.3.0/../../../../../H-x86_64-mingw32/nios2-elf/lib\libc.a(lib_a-memmove.o)
 .text.memmove  0x0000000002113094      0x15c c:/altera/18.1/nios2eds/bin/gnu/h-x86_64-mingw32/bin/../lib/gcc/nios2-elf/5.3.0/../../../../../H-x86_64-mingw32/nios2-elf/lib\libc.a(lib_a-memmove.o)
                0x0000000002113094                memmove
 .text          0x00000000021131f0        0x0 c:/altera/18.1/nios2eds/bin/gnu/h-x86_64-mingw32/bin/../lib/gcc/nios2-elf/5.3.0/../../../../../H-x86_64-mingw32/nios2-elf/lib\libc.a(lib_a-memset.o)
 .text.memset   0x00000000021131f0      0x128 c:/altera/18.1/nios2eds/bin/gnu/h-x86_64-mingw32/bin/../lib/gcc/nios2-elf/5.3.0/../../../../../H-x86_64-mingw32/nios2-elf/lib\libc.a(lib_a-memset.o)
                0x00000000021131f0                memset
 .text          0x0000000002113318        0x0 c:/altera/18.1/nios2eds/bin/gnu/h-x86_64-mingw32/bin/../lib/gcc/nios2-elf/5.3.0/../../../../../H-x86_64-mingw32/nios2-elf/lib\libc.a(lib_a-printf.o)
 .text._printf_r
                0x0000000002113318       0x30 c:/altera/18.1/nios2eds/bin/gnu/h-x86_64-mingw32/bin/../lib/gcc/nios2-elf/5.3.0/../../../../../H-x86_64-mingw32/nios2-elf/lib\libc.a(lib_a-printf.o)
                0x0000000002113318                _printf_r
 .text.printf   0x0000000002113348       0x3c c:/altera/18.1/nios2eds/bin/gnu/h-x86_64-mingw32/bin/../lib/gcc/nios2-elf/5.3.0/../../../../../H-x86_64-mingw32/nios2-elf/lib\libc.a(lib_a-printf.o)
                0x0000000002113348                printf
 .text          0x0000000002113384        0x0 c:/altera/18.1/nios2eds/bin/gnu/h-x86_64-mingw32/bin/../lib/gcc/nios2-elf/5.3.0/../../../../../H-x86_64-mingw32/nios2-elf/lib\libc.a(lib_a-putchar.o)
 .text._putchar_r
                0x0000000002113384        0x8 c:/altera/18.1/nios2eds/bin/gnu/h-x86_64-mingw32/bin/../lib/gcc/nios2-elf/5.3.0/../../../../../H-x86_64-mingw32/nios2-elf/lib\libc.a(lib_a-putchar.o)
                0x0000000002113384                _putchar_r
 .text.putchar  0x000000000211338c       0x18 c:/altera/18.1/nios2eds/bin/gnu/h-x86_64-mingw32/bin/../lib/gcc/nios2-elf/5.3.0/../../../../../H-x86_64-mingw32/nios2-elf/lib\libc.a(lib_a-putchar.o)
                0x000000000211338c                putchar
 .text          0x00000000021133a4        0x0 c:/altera/18.1/nios2eds/bin/gnu/h-x86_64-mingw32/bin/../lib/gcc/nios2-elf/5.3.0/../../../../../H-x86_64-mingw32/nios2-elf/lib\libc.a(lib_a-puts.o)
 .text._puts_r  0x00000000021133a4       0xc0 c:/altera/18.1/nios2eds/bin/gnu/h-x86_64-mingw32/bin/../lib/gcc/nios2-elf/5.3.0/../../../../../H-x86_64-mingw32/nios2-elf/lib\libc.a(lib_a-puts.o)
                0x00000000021133a4                _puts_r
 .text.puts     0x0000000002113464       0x14 c:/altera/18.1/nios2eds/bin/gnu/h-x86_64-mingw32/bin/../lib/gcc/nios2-elf/5.3.0/../../../../../H-x86_64-mingw32/nios2-elf/lib\libc.a(lib_a-puts.o)
                0x0000000002113464                puts
 .text          0x0000000002113478        0x0 c:/altera/18.1/nios2eds/bin/gnu/h-x86_64-mingw32/bin/../lib/gcc/nios2-elf/5.3.0/../../../../../H-x86_64-mingw32/nios2-elf/lib\libc.a(lib_a-realloc.o)
 .text.realloc  0x0000000002113478       0x18 c:/altera/18.1/nios2eds/bin/gnu/h-x86_64-mingw32/bin/../lib/gcc/nios2-elf/5.3.0/../../../../../H-x86_64-mingw32/nios2-elf/lib\libc.a(lib_a-realloc.o)
                0x0000000002113478                realloc
 .text          0x0000000002113490        0x0 c:/altera/18.1/nios2eds/bin/gnu/h-x86_64-mingw32/bin/../lib/gcc/nios2-elf/5.3.0/../../../../../H-x86_64-mingw32/nios2-elf/lib\libc.a(lib_a-reallocr.o)
 .text._realloc_r
                0x0000000002113490      0x564 c:/altera/18.1/nios2eds/bin/gnu/h-x86_64-mingw32/bin/../lib/gcc/nios2-elf/5.3.0/../../../../../H-x86_64-mingw32/nios2-elf/lib\libc.a(lib_a-reallocr.o)
                0x0000000002113490                _realloc_r
 .text          0x00000000021139f4        0x0 c:/altera/18.1/nios2eds/bin/gnu/h-x86_64-mingw32/bin/../lib/gcc/nios2-elf/5.3.0/../../../../../H-x86_64-mingw32/nios2-elf/lib\libc.a(lib_a-sbrkr.o)
 .text._sbrk_r  0x00000000021139f4       0x54 c:/altera/18.1/nios2eds/bin/gnu/h-x86_64-mingw32/bin/../lib/gcc/nios2-elf/5.3.0/../../../../../H-x86_64-mingw32/nios2-elf/lib\libc.a(lib_a-sbrkr.o)
                0x00000000021139f4                _sbrk_r
 .text          0x0000000002113a48        0x0 c:/altera/18.1/nios2eds/bin/gnu/h-x86_64-mingw32/bin/../lib/gcc/nios2-elf/5.3.0/../../../../../H-x86_64-mingw32/nios2-elf/lib\libc.a(lib_a-snprintf.o)
 .text._snprintf_r
                0x0000000002113a48       0xd8 c:/altera/18.1/nios2eds/bin/gnu/h-x86_64-mingw32/bin/../lib/gcc/nios2-elf/5.3.0/../../../../../H-x86_64-mingw32/nios2-elf/lib\libc.a(lib_a-snprintf.o)
                0x0000000002113a48                _snprintf_r
 .text.snprintf
                0x0000000002113b20       0xe4 c:/altera/18.1/nios2eds/bin/gnu/h-x86_64-mingw32/bin/../lib/gcc/nios2-elf/5.3.0/../../../../../H-x86_64-mingw32/nios2-elf/lib\libc.a(lib_a-snprintf.o)
                0x0000000002113b20                snprintf
 .text          0x0000000002113c04        0x0 c:/altera/18.1/nios2eds/bin/gnu/h-x86_64-mingw32/bin/../lib/gcc/nios2-elf/5.3.0/../../../../../H-x86_64-mingw32/nios2-elf/lib\libc.a(lib_a-sprintf.o)
 .text._sprintf_r
                0x0000000002113c04       0x58 c:/altera/18.1/nios2eds/bin/gnu/h-x86_64-mingw32/bin/../lib/gcc/nios2-elf/5.3.0/../../../../../H-x86_64-mingw32/nios2-elf/lib\libc.a(lib_a-sprintf.o)
                0x0000000002113c04                _sprintf_r
 .text.sprintf  0x0000000002113c5c       0x6c c:/altera/18.1/nios2eds/bin/gnu/h-x86_64-mingw32/bin/../lib/gcc/nios2-elf/5.3.0/../../../../../H-x86_64-mingw32/nios2-elf/lib\libc.a(lib_a-sprintf.o)
                0x0000000002113c5c                sprintf
 .text          0x0000000002113cc8        0x0 c:/altera/18.1/nios2eds/bin/gnu/h-x86_64-mingw32/bin/../lib/gcc/nios2-elf/5.3.0/../../../../../H-x86_64-mingw32/nios2-elf/lib\libc.a(lib_a-stdio.o)
 .text.__sread  0x0000000002113cc8       0x54 c:/altera/18.1/nios2eds/bin/gnu/h-x86_64-mingw32/bin/../lib/gcc/nios2-elf/5.3.0/../../../../../H-x86_64-mingw32/nios2-elf/lib\libc.a(lib_a-stdio.o)
                0x0000000002113cc8                __sread
 .text.__seofread
                0x0000000002113d1c        0x8 c:/altera/18.1/nios2eds/bin/gnu/h-x86_64-mingw32/bin/../lib/gcc/nios2-elf/5.3.0/../../../../../H-x86_64-mingw32/nios2-elf/lib\libc.a(lib_a-stdio.o)
                0x0000000002113d1c                __seofread
 .text.__swrite
                0x0000000002113d24       0x7c c:/altera/18.1/nios2eds/bin/gnu/h-x86_64-mingw32/bin/../lib/gcc/nios2-elf/5.3.0/../../../../../H-x86_64-mingw32/nios2-elf/lib\libc.a(lib_a-stdio.o)
                0x0000000002113d24                __swrite
 .text.__sseek  0x0000000002113da0       0x5c c:/altera/18.1/nios2eds/bin/gnu/h-x86_64-mingw32/bin/../lib/gcc/nios2-elf/5.3.0/../../../../../H-x86_64-mingw32/nios2-elf/lib\libc.a(lib_a-stdio.o)
                0x0000000002113da0                __sseek
 .text.__sclose
                0x0000000002113dfc        0x8 c:/altera/18.1/nios2eds/bin/gnu/h-x86_64-mingw32/bin/../lib/gcc/nios2-elf/5.3.0/../../../../../H-x86_64-mingw32/nios2-elf/lib\libc.a(lib_a-stdio.o)
                0x0000000002113dfc                __sclose
 .text          0x0000000002113e04        0x0 c:/altera/18.1/nios2eds/bin/gnu/h-x86_64-mingw32/bin/../lib/gcc/nios2-elf/5.3.0/../../../../../H-x86_64-mingw32/nios2-elf/lib\libc.a(lib_a-strcmp.o)
 .text.strcmp   0x0000000002113e04       0xdc c:/altera/18.1/nios2eds/bin/gnu/h-x86_64-mingw32/bin/../lib/gcc/nios2-elf/5.3.0/../../../../../H-x86_64-mingw32/nios2-elf/lib\libc.a(lib_a-strcmp.o)
                0x0000000002113e04                strcmp
 .text          0x0000000002113ee0        0x0 c:/altera/18.1/nios2eds/bin/gnu/h-x86_64-mingw32/bin/../lib/gcc/nios2-elf/5.3.0/../../../../../H-x86_64-mingw32/nios2-elf/lib\libc.a(lib_a-strerror.o)
 .text._strerror_r
                0x0000000002113ee0      0x65c c:/altera/18.1/nios2eds/bin/gnu/h-x86_64-mingw32/bin/../lib/gcc/nios2-elf/5.3.0/../../../../../H-x86_64-mingw32/nios2-elf/lib\libc.a(lib_a-strerror.o)
                0x0000000002113ee0                _strerror_r
 .text.strerror
                0x000000000211453c       0x1c c:/altera/18.1/nios2eds/bin/gnu/h-x86_64-mingw32/bin/../lib/gcc/nios2-elf/5.3.0/../../../../../H-x86_64-mingw32/nios2-elf/lib\libc.a(lib_a-strerror.o)
                0x000000000211453c                strerror
 .text          0x0000000002114558        0x0 c:/altera/18.1/nios2eds/bin/gnu/h-x86_64-mingw32/bin/../lib/gcc/nios2-elf/5.3.0/../../../../../H-x86_64-mingw32/nios2-elf/lib\libc.a(lib_a-strlen.o)
 .text.strlen   0x0000000002114558       0x98 c:/altera/18.1/nios2eds/bin/gnu/h-x86_64-mingw32/bin/../lib/gcc/nios2-elf/5.3.0/../../../../../H-x86_64-mingw32/nios2-elf/lib\libc.a(lib_a-strlen.o)
                0x0000000002114558                strlen
 .text          0x00000000021145f0        0x0 c:/altera/18.1/nios2eds/bin/gnu/h-x86_64-mingw32/bin/../lib/gcc/nios2-elf/5.3.0/../../../../../H-x86_64-mingw32/nios2-elf/lib\libc.a(lib_a-strncmp.o)
 .text.strncmp  0x00000000021145f0       0xd0 c:/altera/18.1/nios2eds/bin/gnu/h-x86_64-mingw32/bin/../lib/gcc/nios2-elf/5.3.0/../../../../../H-x86_64-mingw32/nios2-elf/lib\libc.a(lib_a-strncmp.o)
                0x00000000021145f0                strncmp
 .text          0x00000000021146c0        0x0 c:/altera/18.1/nios2eds/bin/gnu/h-x86_64-mingw32/bin/../lib/gcc/nios2-elf/5.3.0/../../../../../H-x86_64-mingw32/nios2-elf/lib\libc.a(lib_a-svfprintf.o)
 .text.___svfprintf_internal_r
                0x00000000021146c0     0x21d8 c:/altera/18.1/nios2eds/bin/gnu/h-x86_64-mingw32/bin/../lib/gcc/nios2-elf/5.3.0/../../../../../H-x86_64-mingw32/nios2-elf/lib\libc.a(lib_a-svfprintf.o)
                0x00000000021146c0                ___svfprintf_internal_r
 .text          0x0000000002116898        0x0 c:/altera/18.1/nios2eds/bin/gnu/h-x86_64-mingw32/bin/../lib/gcc/nios2-elf/5.3.0/../../../../../H-x86_64-mingw32/nios2-elf/lib\libc.a(lib_a-u_strerr.o)
 .text._user_strerror
                0x0000000002116898        0x8 c:/altera/18.1/nios2eds/bin/gnu/h-x86_64-mingw32/bin/../lib/gcc/nios2-elf/5.3.0/../../../../../H-x86_64-mingw32/nios2-elf/lib\libc.a(lib_a-u_strerr.o)
                0x0000000002116898                _user_strerror
 .text          0x00000000021168a0        0x0 c:/altera/18.1/nios2eds/bin/gnu/h-x86_64-mingw32/bin/../lib/gcc/nios2-elf/5.3.0/../../../../../H-x86_64-mingw32/nios2-elf/lib\libc.a(lib_a-vfiprintfr_1.o)
 .text._vfiprintf_r
                0x00000000021168a0       0x18 c:/altera/18.1/nios2eds/bin/gnu/h-x86_64-mingw32/bin/../lib/gcc/nios2-elf/5.3.0/../../../../../H-x86_64-mingw32/nios2-elf/lib\libc.a(lib_a-vfiprintfr_1.o)
                0x00000000021168a0                _vfiprintf_r
 .text          0x00000000021168b8        0x0 c:/altera/18.1/nios2eds/bin/gnu/h-x86_64-mingw32/bin/../lib/gcc/nios2-elf/5.3.0/../../../../../H-x86_64-mingw32/nios2-elf/lib\libc.a(lib_a-vfprintf.o)
 .text.___vfprintf_internal_r
                0x00000000021168b8     0x21f8 c:/altera/18.1/nios2eds/bin/gnu/h-x86_64-mingw32/bin/../lib/gcc/nios2-elf/5.3.0/../../../../../H-x86_64-mingw32/nios2-elf/lib\libc.a(lib_a-vfprintf.o)
                0x00000000021168b8                ___vfprintf_internal_r
 .text.__vfprintf_internal
                0x0000000002118ab0       0x1c c:/altera/18.1/nios2eds/bin/gnu/h-x86_64-mingw32/bin/../lib/gcc/nios2-elf/5.3.0/../../../../../H-x86_64-mingw32/nios2-elf/lib\libc.a(lib_a-vfprintf.o)
                0x0000000002118ab0                __vfprintf_internal
 .text.__sbprintf
                0x0000000002118acc       0xbc c:/altera/18.1/nios2eds/bin/gnu/h-x86_64-mingw32/bin/../lib/gcc/nios2-elf/5.3.0/../../../../../H-x86_64-mingw32/nios2-elf/lib\libc.a(lib_a-vfprintf.o)
 .text          0x0000000002118b88        0x0 c:/altera/18.1/nios2eds/bin/gnu/h-x86_64-mingw32/bin/../lib/gcc/nios2-elf/5.3.0/../../../../../H-x86_64-mingw32/nios2-elf/lib\libc.a(lib_a-vprintf.o)
 .text.vprintf  0x0000000002118b88       0x1c c:/altera/18.1/nios2eds/bin/gnu/h-x86_64-mingw32/bin/../lib/gcc/nios2-elf/5.3.0/../../../../../H-x86_64-mingw32/nios2-elf/lib\libc.a(lib_a-vprintf.o)
                0x0000000002118b88                vprintf
 .text._vprintf_r
                0x0000000002118ba4       0x10 c:/altera/18.1/nios2eds/bin/gnu/h-x86_64-mingw32/bin/../lib/gcc/nios2-elf/5.3.0/../../../../../H-x86_64-mingw32/nios2-elf/lib\libc.a(lib_a-vprintf.o)
                0x0000000002118ba4                _vprintf_r
 .text          0x0000000002118bb4        0x0 c:/altera/18.1/nios2eds/bin/gnu/h-x86_64-mingw32/bin/../lib/gcc/nios2-elf/5.3.0/../../../../../H-x86_64-mingw32/nios2-elf/lib\libc.a(lib_a-writer.o)
 .text._write_r
                0x0000000002118bb4       0x60 c:/altera/18.1/nios2eds/bin/gnu/h-x86_64-mingw32/bin/../lib/gcc/nios2-elf/5.3.0/../../../../../H-x86_64-mingw32/nios2-elf/lib\libc.a(lib_a-writer.o)
                0x0000000002118bb4                _write_r
 .text          0x0000000002118c14        0x0 c:/altera/18.1/nios2eds/bin/gnu/h-x86_64-mingw32/bin/../lib/gcc/nios2-elf/5.3.0/../../../../../H-x86_64-mingw32/nios2-elf/lib\libc.a(lib_a-wsetup.o)
 .text.__swsetup_r
                0x0000000002118c14      0x154 c:/altera/18.1/nios2eds/bin/gnu/h-x86_64-mingw32/bin/../lib/gcc/nios2-elf/5.3.0/../../../../../H-x86_64-mingw32/nios2-elf/lib\libc.a(lib_a-wsetup.o)
                0x0000000002118c14                __swsetup_r
 .text          0x0000000002118d68        0x0 c:/altera/18.1/nios2eds/bin/gnu/h-x86_64-mingw32/bin/../lib/gcc/nios2-elf/5.3.0/../../../../../H-x86_64-mingw32/nios2-elf/lib\libc.a(closer.o)
 .text._close_r
                0x0000000002118d68       0x54 c:/altera/18.1/nios2eds/bin/gnu/h-x86_64-mingw32/bin/../lib/gcc/nios2-elf/5.3.0/../../../../../H-x86_64-mingw32/nios2-elf/lib\libc.a(closer.o)
                0x0000000002118d68                _close_r
 .text          0x0000000002118dbc        0x0 c:/altera/18.1/nios2eds/bin/gnu/h-x86_64-mingw32/bin/../lib/gcc/nios2-elf/5.3.0/../../../../../H-x86_64-mingw32/nios2-elf/lib\libc.a(lib_a-abort.o)
 .text.abort    0x0000000002118dbc       0x18 c:/altera/18.1/nios2eds/bin/gnu/h-x86_64-mingw32/bin/../lib/gcc/nios2-elf/5.3.0/../../../../../H-x86_64-mingw32/nios2-elf/lib\libc.a(lib_a-abort.o)
                0x0000000002118dbc                abort
 .text          0x0000000002118dd4        0x0 c:/altera/18.1/nios2eds/bin/gnu/h-x86_64-mingw32/bin/../lib/gcc/nios2-elf/5.3.0/../../../../../H-x86_64-mingw32/nios2-elf/lib\libc.a(lib_a-dtoa.o)
 .text.quorem   0x0000000002118dd4      0x200 c:/altera/18.1/nios2eds/bin/gnu/h-x86_64-mingw32/bin/../lib/gcc/nios2-elf/5.3.0/../../../../../H-x86_64-mingw32/nios2-elf/lib\libc.a(lib_a-dtoa.o)
 .text._dtoa_r  0x0000000002118fd4     0x1688 c:/altera/18.1/nios2eds/bin/gnu/h-x86_64-mingw32/bin/../lib/gcc/nios2-elf/5.3.0/../../../../../H-x86_64-mingw32/nios2-elf/lib\libc.a(lib_a-dtoa.o)
                0x0000000002118fd4                _dtoa_r
 .text          0x000000000211a65c        0x0 c:/altera/18.1/nios2eds/bin/gnu/h-x86_64-mingw32/bin/../lib/gcc/nios2-elf/5.3.0/../../../../../H-x86_64-mingw32/nios2-elf/lib\libc.a(lib_a-fclose.o)
 .text._fclose_r
                0x000000000211a65c       0xf0 c:/altera/18.1/nios2eds/bin/gnu/h-x86_64-mingw32/bin/../lib/gcc/nios2-elf/5.3.0/../../../../../H-x86_64-mingw32/nios2-elf/lib\libc.a(lib_a-fclose.o)
                0x000000000211a65c                _fclose_r
 .text.fclose   0x000000000211a74c       0x14 c:/altera/18.1/nios2eds/bin/gnu/h-x86_64-mingw32/bin/../lib/gcc/nios2-elf/5.3.0/../../../../../H-x86_64-mingw32/nios2-elf/lib\libc.a(lib_a-fclose.o)
                0x000000000211a74c                fclose
 .text          0x000000000211a760        0x0 c:/altera/18.1/nios2eds/bin/gnu/h-x86_64-mingw32/bin/../lib/gcc/nios2-elf/5.3.0/../../../../../H-x86_64-mingw32/nios2-elf/lib\libc.a(lib_a-fvwrite.o)
 .text.__sfvwrite_r
                0x000000000211a760      0x4bc c:/altera/18.1/nios2eds/bin/gnu/h-x86_64-mingw32/bin/../lib/gcc/nios2-elf/5.3.0/../../../../../H-x86_64-mingw32/nios2-elf/lib\libc.a(lib_a-fvwrite.o)
                0x000000000211a760                __sfvwrite_r
 .text          0x000000000211ac1c        0x0 c:/altera/18.1/nios2eds/bin/gnu/h-x86_64-mingw32/bin/../lib/gcc/nios2-elf/5.3.0/../../../../../H-x86_64-mingw32/nios2-elf/lib\libc.a(lib_a-int_errno.o)
 .text          0x000000000211ac1c        0x0 c:/altera/18.1/nios2eds/bin/gnu/h-x86_64-mingw32/bin/../lib/gcc/nios2-elf/5.3.0/../../../../../H-x86_64-mingw32/nios2-elf/lib\libc.a(lib_a-locale.o)
 .text._setlocale_r
                0x000000000211ac1c       0x7c c:/altera/18.1/nios2eds/bin/gnu/h-x86_64-mingw32/bin/../lib/gcc/nios2-elf/5.3.0/../../../../../H-x86_64-mingw32/nios2-elf/lib\libc.a(lib_a-locale.o)
                0x000000000211ac1c                _setlocale_r
 .text.__locale_charset
                0x000000000211ac98        0xc c:/altera/18.1/nios2eds/bin/gnu/h-x86_64-mingw32/bin/../lib/gcc/nios2-elf/5.3.0/../../../../../H-x86_64-mingw32/nios2-elf/lib\libc.a(lib_a-locale.o)
                0x000000000211ac98                __locale_charset
 .text.__locale_mb_cur_max
                0x000000000211aca4       0x10 c:/altera/18.1/nios2eds/bin/gnu/h-x86_64-mingw32/bin/../lib/gcc/nios2-elf/5.3.0/../../../../../H-x86_64-mingw32/nios2-elf/lib\libc.a(lib_a-locale.o)
                0x000000000211aca4                __locale_mb_cur_max
 .text.__locale_msgcharset
                0x000000000211acb4        0xc c:/altera/18.1/nios2eds/bin/gnu/h-x86_64-mingw32/bin/../lib/gcc/nios2-elf/5.3.0/../../../../../H-x86_64-mingw32/nios2-elf/lib\libc.a(lib_a-locale.o)
                0x000000000211acb4                __locale_msgcharset
 .text.__locale_cjk_lang
                0x000000000211acc0        0x8 c:/altera/18.1/nios2eds/bin/gnu/h-x86_64-mingw32/bin/../lib/gcc/nios2-elf/5.3.0/../../../../../H-x86_64-mingw32/nios2-elf/lib\libc.a(lib_a-locale.o)
                0x000000000211acc0                __locale_cjk_lang
 .text._localeconv_r
                0x000000000211acc8        0xc c:/altera/18.1/nios2eds/bin/gnu/h-x86_64-mingw32/bin/../lib/gcc/nios2-elf/5.3.0/../../../../../H-x86_64-mingw32/nios2-elf/lib\libc.a(lib_a-locale.o)
                0x000000000211acc8                _localeconv_r
 .text.setlocale
                0x000000000211acd4       0x18 c:/altera/18.1/nios2eds/bin/gnu/h-x86_64-mingw32/bin/../lib/gcc/nios2-elf/5.3.0/../../../../../H-x86_64-mingw32/nios2-elf/lib\libc.a(lib_a-locale.o)
                0x000000000211acd4                setlocale
 .text.localeconv
                0x000000000211acec        0xc c:/altera/18.1/nios2eds/bin/gnu/h-x86_64-mingw32/bin/../lib/gcc/nios2-elf/5.3.0/../../../../../H-x86_64-mingw32/nios2-elf/lib\libc.a(lib_a-locale.o)
                0x000000000211acec                localeconv
 .text          0x000000000211acf8        0x0 c:/altera/18.1/nios2eds/bin/gnu/h-x86_64-mingw32/bin/../lib/gcc/nios2-elf/5.3.0/../../../../../H-x86_64-mingw32/nios2-elf/lib\libc.a(lib_a-lseekr.o)
 .text._lseek_r
                0x000000000211acf8       0x60 c:/altera/18.1/nios2eds/bin/gnu/h-x86_64-mingw32/bin/../lib/gcc/nios2-elf/5.3.0/../../../../../H-x86_64-mingw32/nios2-elf/lib\libc.a(lib_a-lseekr.o)
                0x000000000211acf8                _lseek_r
 .text          0x000000000211ad58        0x0 c:/altera/18.1/nios2eds/bin/gnu/h-x86_64-mingw32/bin/../lib/gcc/nios2-elf/5.3.0/../../../../../H-x86_64-mingw32/nios2-elf/lib\libc.a(lib_a-makebuf.o)
 .text.__smakebuf_r
                0x000000000211ad58      0x1bc c:/altera/18.1/nios2eds/bin/gnu/h-x86_64-mingw32/bin/../lib/gcc/nios2-elf/5.3.0/../../../../../H-x86_64-mingw32/nios2-elf/lib\libc.a(lib_a-makebuf.o)
                0x000000000211ad58                __smakebuf_r
 .text          0x000000000211af14        0x0 c:/altera/18.1/nios2eds/bin/gnu/h-x86_64-mingw32/bin/../lib/gcc/nios2-elf/5.3.0/../../../../../H-x86_64-mingw32/nios2-elf/lib\libc.a(lib_a-memchr.o)
 .text.memchr   0x000000000211af14       0xe4 c:/altera/18.1/nios2eds/bin/gnu/h-x86_64-mingw32/bin/../lib/gcc/nios2-elf/5.3.0/../../../../../H-x86_64-mingw32/nios2-elf/lib\libc.a(lib_a-memchr.o)
                0x000000000211af14                memchr
 .text          0x000000000211aff8        0x0 c:/altera/18.1/nios2eds/bin/gnu/h-x86_64-mingw32/bin/../lib/gcc/nios2-elf/5.3.0/../../../../../H-x86_64-mingw32/nios2-elf/lib\libc.a(lib_a-mprec.o)
 .text._Balloc  0x000000000211aff8       0xa8 c:/altera/18.1/nios2eds/bin/gnu/h-x86_64-mingw32/bin/../lib/gcc/nios2-elf/5.3.0/../../../../../H-x86_64-mingw32/nios2-elf/lib\libc.a(lib_a-mprec.o)
                0x000000000211aff8                _Balloc
 .text._Bfree   0x000000000211b0a0       0x28 c:/altera/18.1/nios2eds/bin/gnu/h-x86_64-mingw32/bin/../lib/gcc/nios2-elf/5.3.0/../../../../../H-x86_64-mingw32/nios2-elf/lib\libc.a(lib_a-mprec.o)
                0x000000000211b0a0                _Bfree
 .text.__multadd
                0x000000000211b0c8      0x120 c:/altera/18.1/nios2eds/bin/gnu/h-x86_64-mingw32/bin/../lib/gcc/nios2-elf/5.3.0/../../../../../H-x86_64-mingw32/nios2-elf/lib\libc.a(lib_a-mprec.o)
                0x000000000211b0c8                __multadd
 .text.__s2b    0x000000000211b1e8      0x104 c:/altera/18.1/nios2eds/bin/gnu/h-x86_64-mingw32/bin/../lib/gcc/nios2-elf/5.3.0/../../../../../H-x86_64-mingw32/nios2-elf/lib\libc.a(lib_a-mprec.o)
                0x000000000211b1e8                __s2b
 .text.__hi0bits
                0x000000000211b2ec       0x68 c:/altera/18.1/nios2eds/bin/gnu/h-x86_64-mingw32/bin/../lib/gcc/nios2-elf/5.3.0/../../../../../H-x86_64-mingw32/nios2-elf/lib\libc.a(lib_a-mprec.o)
                0x000000000211b2ec                __hi0bits
 .text.__lo0bits
                0x000000000211b354       0xb0 c:/altera/18.1/nios2eds/bin/gnu/h-x86_64-mingw32/bin/../lib/gcc/nios2-elf/5.3.0/../../../../../H-x86_64-mingw32/nios2-elf/lib\libc.a(lib_a-mprec.o)
                0x000000000211b354                __lo0bits
 .text.__i2b    0x000000000211b404       0x3c c:/altera/18.1/nios2eds/bin/gnu/h-x86_64-mingw32/bin/../lib/gcc/nios2-elf/5.3.0/../../../../../H-x86_64-mingw32/nios2-elf/lib\libc.a(lib_a-mprec.o)
                0x000000000211b404                __i2b
 .text.__multiply
                0x000000000211b440      0x1f8 c:/altera/18.1/nios2eds/bin/gnu/h-x86_64-mingw32/bin/../lib/gcc/nios2-elf/5.3.0/../../../../../H-x86_64-mingw32/nios2-elf/lib\libc.a(lib_a-mprec.o)
                0x000000000211b440                __multiply
 .text.__pow5mult
                0x000000000211b638      0x140 c:/altera/18.1/nios2eds/bin/gnu/h-x86_64-mingw32/bin/../lib/gcc/nios2-elf/5.3.0/../../../../../H-x86_64-mingw32/nios2-elf/lib\libc.a(lib_a-mprec.o)
                0x000000000211b638                __pow5mult
 .text.__lshift
                0x000000000211b778      0x148 c:/altera/18.1/nios2eds/bin/gnu/h-x86_64-mingw32/bin/../lib/gcc/nios2-elf/5.3.0/../../../../../H-x86_64-mingw32/nios2-elf/lib\libc.a(lib_a-mprec.o)
                0x000000000211b778                __lshift
 .text.__mcmp   0x000000000211b8c0       0x60 c:/altera/18.1/nios2eds/bin/gnu/h-x86_64-mingw32/bin/../lib/gcc/nios2-elf/5.3.0/../../../../../H-x86_64-mingw32/nios2-elf/lib\libc.a(lib_a-mprec.o)
                0x000000000211b8c0                __mcmp
 .text.__mdiff  0x000000000211b920      0x1fc c:/altera/18.1/nios2eds/bin/gnu/h-x86_64-mingw32/bin/../lib/gcc/nios2-elf/5.3.0/../../../../../H-x86_64-mingw32/nios2-elf/lib\libc.a(lib_a-mprec.o)
                0x000000000211b920                __mdiff
 .text.__ulp    0x000000000211bb1c       0x64 c:/altera/18.1/nios2eds/bin/gnu/h-x86_64-mingw32/bin/../lib/gcc/nios2-elf/5.3.0/../../../../../H-x86_64-mingw32/nios2-elf/lib\libc.a(lib_a-mprec.o)
                0x000000000211bb1c                __ulp
 .text.__b2d    0x000000000211bb80      0x10c c:/altera/18.1/nios2eds/bin/gnu/h-x86_64-mingw32/bin/../lib/gcc/nios2-elf/5.3.0/../../../../../H-x86_64-mingw32/nios2-elf/lib\libc.a(lib_a-mprec.o)
                0x000000000211bb80                __b2d
 .text.__d2b    0x000000000211bc8c      0x14c c:/altera/18.1/nios2eds/bin/gnu/h-x86_64-mingw32/bin/../lib/gcc/nios2-elf/5.3.0/../../../../../H-x86_64-mingw32/nios2-elf/lib\libc.a(lib_a-mprec.o)
                0x000000000211bc8c                __d2b
 .text.__ratio  0x000000000211bdd8       0xa4 c:/altera/18.1/nios2eds/bin/gnu/h-x86_64-mingw32/bin/../lib/gcc/nios2-elf/5.3.0/../../../../../H-x86_64-mingw32/nios2-elf/lib\libc.a(lib_a-mprec.o)
                0x000000000211bdd8                __ratio
 .text._mprec_log10
                0x000000000211be7c       0x74 c:/altera/18.1/nios2eds/bin/gnu/h-x86_64-mingw32/bin/../lib/gcc/nios2-elf/5.3.0/../../../../../H-x86_64-mingw32/nios2-elf/lib\libc.a(lib_a-mprec.o)
                0x000000000211be7c                _mprec_log10
 .text.__copybits
                0x000000000211bef0       0x78 c:/altera/18.1/nios2eds/bin/gnu/h-x86_64-mingw32/bin/../lib/gcc/nios2-elf/5.3.0/../../../../../H-x86_64-mingw32/nios2-elf/lib\libc.a(lib_a-mprec.o)
                0x000000000211bef0                __copybits
 .text.__any_on
                0x000000000211bf68       0x8c c:/altera/18.1/nios2eds/bin/gnu/h-x86_64-mingw32/bin/../lib/gcc/nios2-elf/5.3.0/../../../../../H-x86_64-mingw32/nios2-elf/lib\libc.a(lib_a-mprec.o)
                0x000000000211bf68                __any_on
 .text          0x000000000211bff4        0x0 c:/altera/18.1/nios2eds/bin/gnu/h-x86_64-mingw32/bin/../lib/gcc/nios2-elf/5.3.0/../../../../../H-x86_64-mingw32/nios2-elf/lib\libc.a(lib_a-putc.o)
 .text._putc_r  0x000000000211bff4       0xa0 c:/altera/18.1/nios2eds/bin/gnu/h-x86_64-mingw32/bin/../lib/gcc/nios2-elf/5.3.0/../../../../../H-x86_64-mingw32/nios2-elf/lib\libc.a(lib_a-putc.o)
                0x000000000211bff4                _putc_r
 .text.putc     0x000000000211c094       0xc8 c:/altera/18.1/nios2eds/bin/gnu/h-x86_64-mingw32/bin/../lib/gcc/nios2-elf/5.3.0/../../../../../H-x86_64-mingw32/nios2-elf/lib\libc.a(lib_a-putc.o)
                0x000000000211c094                putc
 .text          0x000000000211c15c        0x0 c:/altera/18.1/nios2eds/bin/gnu/h-x86_64-mingw32/bin/../lib/gcc/nios2-elf/5.3.0/../../../../../H-x86_64-mingw32/nios2-elf/lib\libc.a(lib_a-readr.o)
 .text._read_r  0x000000000211c15c       0x60 c:/altera/18.1/nios2eds/bin/gnu/h-x86_64-mingw32/bin/../lib/gcc/nios2-elf/5.3.0/../../../../../H-x86_64-mingw32/nios2-elf/lib\libc.a(lib_a-readr.o)
                0x000000000211c15c                _read_r
 .text          0x000000000211c1bc        0x0 c:/altera/18.1/nios2eds/bin/gnu/h-x86_64-mingw32/bin/../lib/gcc/nios2-elf/5.3.0/../../../../../H-x86_64-mingw32/nios2-elf/lib\libc.a(lib_a-s_fpclassify.o)
 .text.__fpclassifyd
                0x000000000211c1bc       0x74 c:/altera/18.1/nios2eds/bin/gnu/h-x86_64-mingw32/bin/../lib/gcc/nios2-elf/5.3.0/../../../../../H-x86_64-mingw32/nios2-elf/lib\libc.a(lib_a-s_fpclassify.o)
                0x000000000211c1bc                __fpclassifyd
 .text          0x000000000211c230        0x0 c:/altera/18.1/nios2eds/bin/gnu/h-x86_64-mingw32/bin/../lib/gcc/nios2-elf/5.3.0/../../../../../H-x86_64-mingw32/nios2-elf/lib\libc.a(lib_a-signal.o)
 .text._init_signal_r
                0x000000000211c230       0x6c c:/altera/18.1/nios2eds/bin/gnu/h-x86_64-mingw32/bin/../lib/gcc/nios2-elf/5.3.0/../../../../../H-x86_64-mingw32/nios2-elf/lib\libc.a(lib_a-signal.o)
                0x000000000211c230                _init_signal_r
 .text._signal_r
                0x000000000211c29c       0x84 c:/altera/18.1/nios2eds/bin/gnu/h-x86_64-mingw32/bin/../lib/gcc/nios2-elf/5.3.0/../../../../../H-x86_64-mingw32/nios2-elf/lib\libc.a(lib_a-signal.o)
                0x000000000211c29c                _signal_r
 .text._raise_r
                0x000000000211c320       0xbc c:/altera/18.1/nios2eds/bin/gnu/h-x86_64-mingw32/bin/../lib/gcc/nios2-elf/5.3.0/../../../../../H-x86_64-mingw32/nios2-elf/lib\libc.a(lib_a-signal.o)
                0x000000000211c320                _raise_r
 .text.__sigtramp_r
                0x000000000211c3dc       0xa8 c:/altera/18.1/nios2eds/bin/gnu/h-x86_64-mingw32/bin/../lib/gcc/nios2-elf/5.3.0/../../../../../H-x86_64-mingw32/nios2-elf/lib\libc.a(lib_a-signal.o)
                0x000000000211c3dc                __sigtramp_r
 .text.raise    0x000000000211c484       0x14 c:/altera/18.1/nios2eds/bin/gnu/h-x86_64-mingw32/bin/../lib/gcc/nios2-elf/5.3.0/../../../../../H-x86_64-mingw32/nios2-elf/lib\libc.a(lib_a-signal.o)
                0x000000000211c484                raise
 .text.signal   0x000000000211c498       0x18 c:/altera/18.1/nios2eds/bin/gnu/h-x86_64-mingw32/bin/../lib/gcc/nios2-elf/5.3.0/../../../../../H-x86_64-mingw32/nios2-elf/lib\libc.a(lib_a-signal.o)
                0x000000000211c498                signal
 .text._init_signal
                0x000000000211c4b0       0x10 c:/altera/18.1/nios2eds/bin/gnu/h-x86_64-mingw32/bin/../lib/gcc/nios2-elf/5.3.0/../../../../../H-x86_64-mingw32/nios2-elf/lib\libc.a(lib_a-signal.o)
                0x000000000211c4b0                _init_signal
 .text.__sigtramp
                0x000000000211c4c0       0x14 c:/altera/18.1/nios2eds/bin/gnu/h-x86_64-mingw32/bin/../lib/gcc/nios2-elf/5.3.0/../../../../../H-x86_64-mingw32/nios2-elf/lib\libc.a(lib_a-signal.o)
                0x000000000211c4c0                __sigtramp
 .text          0x000000000211c4d4        0x0 c:/altera/18.1/nios2eds/bin/gnu/h-x86_64-mingw32/bin/../lib/gcc/nios2-elf/5.3.0/../../../../../H-x86_64-mingw32/nios2-elf/lib\libc.a(lib_a-signalr.o)