Archive member included to satisfy reference by file (symbol)

c:/altera/18.1/nios2eds/bin/gnu/h-x86_64-mingw32/bin/../lib/gcc/nios2-elf/5.3.0/../../../../../H-x86_64-mingw32/nios2-elf/lib\libc.a(lib_a-printf.o)
                              obj/default/main.o (printf)
c:/altera/18.1/nios2eds/bin/gnu/h-x86_64-mingw32/bin/../lib/gcc/nios2-elf/5.3.0/../../../../../H-x86_64-mingw32/nios2-elf/lib\libc.a(lib_a-vfprintf.o)
                              c:/altera/18.1/nios2eds/bin/gnu/h-x86_64-mingw32/bin/../lib/gcc/nios2-elf/5.3.0/../../../../../H-x86_64-mingw32/nios2-elf/lib\libc.a(lib_a-printf.o) (___vfprintf_internal_r)
c:/altera/18.1/nios2eds/bin/gnu/h-x86_64-mingw32/bin/../lib/gcc/nios2-elf/5.3.0/../../../../../H-x86_64-mingw32/nios2-elf/lib\libc.a(lib_a-wsetup.o)
                              c:/altera/18.1/nios2eds/bin/gnu/h-x86_64-mingw32/bin/../lib/gcc/nios2-elf/5.3.0/../../../../../H-x86_64-mingw32/nios2-elf/lib\libc.a(lib_a-vfprintf.o) (__swsetup_r)
c:/altera/18.1/nios2eds/bin/gnu/h-x86_64-mingw32/bin/../lib/gcc/nios2-elf/5.3.0/../../../../../H-x86_64-mingw32/nios2-elf/lib\libc.a(lib_a-dtoa.o)
                              c:/altera/18.1/nios2eds/bin/gnu/h-x86_64-mingw32/bin/../lib/gcc/nios2-elf/5.3.0/../../../../../H-x86_64-mingw32/nios2-elf/lib\libc.a(lib_a-vfprintf.o) (_dtoa_r)
c:/altera/18.1/nios2eds/bin/gnu/h-x86_64-mingw32/bin/../lib/gcc/nios2-elf/5.3.0/../../../../../H-x86_64-mingw32/nios2-elf/lib\libc.a(lib_a-fflush.o)
                              c:/altera/18.1/nios2eds/bin/gnu/h-x86_64-mingw32/bin/../lib/gcc/nios2-elf/5.3.0/../../../../../H-x86_64-mingw32/nios2-elf/lib\libc.a(lib_a-vfprintf.o) (_fflush_r)
c:/altera/18.1/nios2eds/bin/gnu/h-x86_64-mingw32/bin/../lib/gcc/nios2-elf/5.3.0/../../../../../H-x86_64-mingw32/nios2-elf/lib\libc.a(lib_a-findfp.o)
                              c:/altera/18.1/nios2eds/bin/gnu/h-x86_64-mingw32/bin/../lib/gcc/nios2-elf/5.3.0/../../../../../H-x86_64-mingw32/nios2-elf/lib\libc.a(lib_a-vfprintf.o) (__sinit)
c:/altera/18.1/nios2eds/bin/gnu/h-x86_64-mingw32/bin/../lib/gcc/nios2-elf/5.3.0/../../../../../H-x86_64-mingw32/nios2-elf/lib\libc.a(lib_a-freer.o)
                              c:/altera/18.1/nios2eds/bin/gnu/h-x86_64-mingw32/bin/../lib/gcc/nios2-elf/5.3.0/../../../../../H-x86_64-mingw32/nios2-elf/lib\libc.a(lib_a-wsetup.o) (_free_r)
c:/altera/18.1/nios2eds/bin/gnu/h-x86_64-mingw32/bin/../lib/gcc/nios2-elf/5.3.0/../../../../../H-x86_64-mingw32/nios2-elf/lib\libc.a(lib_a-fwalk.o)
                              c:/altera/18.1/nios2eds/bin/gnu/h-x86_64-mingw32/bin/../lib/gcc/nios2-elf/5.3.0/../../../../../H-x86_64-mingw32/nios2-elf/lib\libc.a(lib_a-findfp.o) (_fwalk)
c:/altera/18.1/nios2eds/bin/gnu/h-x86_64-mingw32/bin/../lib/gcc/nios2-elf/5.3.0/../../../../../H-x86_64-mingw32/nios2-elf/lib\libc.a(lib_a-impure.o)
                              c:/altera/18.1/nios2eds/bin/gnu/h-x86_64-mingw32/bin/../lib/gcc/nios2-elf/5.3.0/../../../../../H-x86_64-mingw32/nios2-elf/lib\libc.a(lib_a-fflush.o) (_global_impure_ptr)
c:/altera/18.1/nios2eds/bin/gnu/h-x86_64-mingw32/bin/../lib/gcc/nios2-elf/5.3.0/../../../../../H-x86_64-mingw32/nios2-elf/lib\libc.a(lib_a-locale.o)
                              c:/altera/18.1/nios2eds/bin/gnu/h-x86_64-mingw32/bin/../lib/gcc/nios2-elf/5.3.0/../../../../../H-x86_64-mingw32/nios2-elf/lib\libc.a(lib_a-vfprintf.o) (_localeconv_r)
c:/altera/18.1/nios2eds/bin/gnu/h-x86_64-mingw32/bin/../lib/gcc/nios2-elf/5.3.0/../../../../../H-x86_64-mingw32/nios2-elf/lib\libc.a(lib_a-makebuf.o)
                              c:/altera/18.1/nios2eds/bin/gnu/h-x86_64-mingw32/bin/../lib/gcc/nios2-elf/5.3.0/../../../../../H-x86_64-mingw32/nios2-elf/lib\libc.a(lib_a-wsetup.o) (__smakebuf_r)
c:/altera/18.1/nios2eds/bin/gnu/h-x86_64-mingw32/bin/../lib/gcc/nios2-elf/5.3.0/../../../../../H-x86_64-mingw32/nios2-elf/lib\libc.a(lib_a-mallocr.o)
                              c:/altera/18.1/nios2eds/bin/gnu/h-x86_64-mingw32/bin/../lib/gcc/nios2-elf/5.3.0/../../../../../H-x86_64-mingw32/nios2-elf/lib\libc.a(lib_a-findfp.o) (_malloc_r)
c:/altera/18.1/nios2eds/bin/gnu/h-x86_64-mingw32/bin/../lib/gcc/nios2-elf/5.3.0/../../../../../H-x86_64-mingw32/nios2-elf/lib\libc.a(lib_a-memchr.o)
                              c:/altera/18.1/nios2eds/bin/gnu/h-x86_64-mingw32/bin/../lib/gcc/nios2-elf/5.3.0/../../../../../H-x86_64-mingw32/nios2-elf/lib\libc.a(lib_a-vfprintf.o) (memchr)
c:/altera/18.1/nios2eds/bin/gnu/h-x86_64-mingw32/bin/../lib/gcc/nios2-elf/5.3.0/../../../../../H-x86_64-mingw32/nios2-elf/lib\libc.a(lib_a-memcpy.o)
                              c:/altera/18.1/nios2eds/bin/gnu/h-x86_64-mingw32/bin/../lib/gcc/nios2-elf/5.3.0/../../../../../H-x86_64-mingw32/nios2-elf/lib\libc.a(lib_a-dtoa.o) (memcpy)
c:/altera/18.1/nios2eds/bin/gnu/h-x86_64-mingw32/bin/../lib/gcc/nios2-elf/5.3.0/../../../../../H-x86_64-mingw32/nios2-elf/lib\libc.a(lib_a-memset.o)
[...]
Memory Configuration

Name             Origin             Length             Attributes
tse_descriptor_memory_0 0x0000000000000000 0x0000000000002000
sdram_controller_0 0x0000000001800000 0x0000000000800000
reset            0x0000000002010000 0x0000000000000020
mem_0            0x0000000002010020 0x000000000000ffe0
*default*        0x0000000000000000 0xffffffffffffffff

Linker script and memory map

LOAD ../FreeRTOS_bsp//obj/HAL/src/crt0.o
LOAD obj/default/main.o
LOAD c:/altera/18.1/nios2eds/bin/gnu/h-x86_64-mingw32/bin/../lib/gcc/nios2-elf/5.3.0/../../../../../H-x86_64-mingw32/nios2-elf/lib\libstdc++.a
LOAD c:/altera/18.1/nios2eds/bin/gnu/h-x86_64-mingw32/bin/../lib/gcc/nios2-elf/5.3.0/../../../../../H-x86_64-mingw32/nios2-elf/lib\libm.a
LOAD c:/altera/18.1/nios2eds/bin/gnu/h-x86_64-mingw32/bin/../lib/gcc/nios2-elf/5.3.0\libgcc.a
START GROUP
LOAD c:/altera/18.1/nios2eds/bin/gnu/h-x86_64-mingw32/bin/../lib/gcc/nios2-elf/5.3.0/../../../../../H-x86_64-mingw32/nios2-elf/lib\libc.a
LOAD c:/altera/18.1/nios2eds/bin/gnu/h-x86_64-mingw32/bin/../lib/gcc/nios2-elf/5.3.0\libgcc.a
LOAD ../FreeRTOS_bsp/\libfreertos_bsp.a
LOAD c:/altera/18.1/nios2eds/bin/gnu/h-x86_64-mingw32/bin/../lib/gcc/nios2-elf/5.3.0/../../../../../H-x86_64-mingw32/nios2-elf/lib\libm.a
END GROUP
LOAD c:/altera/18.1/nios2eds/bin/gnu/h-x86_64-mingw32/bin/../lib/gcc/nios2-elf/5.3.0\libgcc.a
                0x0000000000000000                __alt_mem_tse_descriptor_memory_0 = 0x0
                0x0000000001800000                __alt_mem_sdram_controller_0 = 0x1800000
                0x0000000002010000                __alt_mem_mem_0 = 0x2010000

.entry          0x0000000002010000       0x20
 *(.entry)
 .entry         0x0000000002010000       0x20 ../FreeRTOS_bsp//obj/HAL/src/crt0.o
                0x0000000002010000                __reset

.exceptions     0x0000000002010020      0x424 load address 0x0000000001800000
                0x0000000002010020                PROVIDE (__ram_exceptions_start, ABSOLUTE (.))
                0x0000000002010020                . = ALIGN (0x20)
 *(.irq)
 *(.exceptions.entry.label)
 *(.exceptions.entry.user)
 *(.exceptions.entry.ecc_fatal)
 *(.exceptions.entry)
 .exceptions.entry
                0x0000000002010020       0xa0 ../FreeRTOS_bsp/\libfreertos_bsp.a(port_asm.o)
 *(.exceptions.irqtest.user)
 *(.exceptions.irqtest)
 .exceptions.irqtest
                0x00000000020100c0       0x14 ../FreeRTOS_bsp/\libfreertos_bsp.a(port_asm.o)
 *(.exceptions.irqhandler.user)
 *(.exceptions.irqhandler)
 .exceptions.irqhandler
                0x00000000020100d4        0x4 ../FreeRTOS_bsp/\libfreertos_bsp.a(port_asm.o)
 *(.exceptions.irqreturn.user)
 *(.exceptions.irqreturn)
 .exceptions.irqreturn
                0x00000000020100d8       0xa0 ../FreeRTOS_bsp/\libfreertos_bsp.a(port_asm.o)
                0x00000000020100d8                restore_sp_from_pxCurrentTCB
 *(.exceptions.notirq.label)
 *(.exceptions.notirq.user)
 *(.exceptions.notirq)
 *(.exceptions.soft.user)
 *(.exceptions.soft)
 .exceptions.soft
                0x0000000002010178      0x1cc ../FreeRTOS_bsp/\libfreertos_bsp.a(alt_exception_muldiv.o)
 .exceptions.soft
                0x0000000002010344       0x34 ../FreeRTOS_bsp/\libfreertos_bsp.a(port_asm.o)
 *(.exceptions.unknown.user)
 *(.exceptions.unknown)
 *(.exceptions.exit.label)
 .exceptions.exit.label
                0x0000000002010378        0x0 ../FreeRTOS_bsp/\libfreertos_bsp.a(alt_exception_muldiv.o)
 *(.exceptions.exit.user)
 *(.exceptions.exit)
 *(.exceptions)
 .exceptions    0x0000000002010378       0xcc ../FreeRTOS_bsp/\libfreertos_bsp.a(alt_irq_handler.o)
                0x0000000002010378                alt_irq_handler
                0x0000000002010444                PROVIDE (__ram_exceptions_end, ABSOLUTE (.))
                0x0000000001800000                PROVIDE (__flash_exceptions_start, LOADADDR (.exceptions))

.text           0x0000000001800424    0x40a44
                [!provide]                        PROVIDE (stext, ABSOLUTE (.))
 *(.interp)
 *(.hash)
 *(.dynsym)
 *(.dynstr)
 *(.gnu.version)
 *(.gnu.version_d)
 *(.gnu.version_r)
 *(.rel.init)
 *(.rela.init)
 *(.rel.text .rel.text.* .rel.gnu.linkonce.t.*)
 *(.rela.text .rela.text.* .rela.gnu.linkonce.t.*)
 *(.rel.fini)
 *(.rela.fini)
 *(.rel.rodata .rel.rodata.* .rel.gnu.linkonce.r.*)
 *(.rela.rodata .rela.rodata.* .rela.gnu.linkonce.r.*)
 *(.rel.data .rel.data.* .rel.gnu.linkonce.d.*)
 *(.rela.data .rela.data.* .rela.gnu.linkonce.d.*)
 *(.rel.tdata .rel.tdata.* .rel.gnu.linkonce.td.*)
 *(.rela.tdata .rela.tdata.* .rela.gnu.linkonce.td.*)
 *(.rel.tbss .rel.tbss.* .rel.gnu.linkonce.tb.*)
 *(.rela.tbss .rela.tbss.* .rela.gnu.linkonce.tb.*)
 *(.rel.ctors)
 *(.rela.ctors)
 *(.rel.dtors)
 *(.rela.dtors)
 *(.rel.got)
 *(.rela.got)
 *(.rel.sdata .rel.sdata.* .rel.gnu.linkonce.s.*)
 *(.rela.sdata .rela.sdata.* .rela.gnu.linkonce.s.*)
 *(.rel.sbss .rel.sbss.* .rel.gnu.linkonce.sb.*)
 *(.rela.sbss .rela.sbss.* .rela.gnu.linkonce.sb.*)
 *(.rel.sdata2 .rel.sdata2.* .rel.gnu.linkonce.s2.*)
 *(.rela.sdata2 .rela.sdata2.* .rela.gnu.linkonce.s2.*)
 *(.rel.sbss2 .rel.sbss2.* .rel.gnu.linkonce.sb2.*)
 *(.rela.sbss2 .rela.sbss2.* .rela.gnu.linkonce.sb2.*)
 *(.rel.bss .rel.bss.* .rel.gnu.linkonce.b.*)
 *(.rela.bss .rela.bss.* .rela.gnu.linkonce.b.*)
 *(.rel.plt)
 *(.rela.plt)
 *(.rel.dyn)
 *(.init)
 *(.plt)
 *(.text .stub .text.* .gnu.linkonce.t.*)
 .text          0x0000000001800424       0x3c ../FreeRTOS_bsp//obj/HAL/src/crt0.o
                0x0000000001800424                _start
 .text          0x0000000001800460      0x788 obj/default/main.o
                0x0000000001800460                vApplicationMallocFailedHook
                0x0000000001800488                vApplicationStackOverflowHook
                0x00000000018005ac                InitNetwork
                0x00000000018007c4                xEthernetRun
                0x0000000001800860                get_mac_addr
                0x000000000180097c                get_ip_addr
                0x0000000001800a34                get_hostname
                0x0000000001800a6c                get_iface_name
                0x0000000001800ab4                is_interface_active
                0x0000000001800ad8                main
                0x0000000001800b18                main_thread
 .text          0x0000000001800be8        0x0 c:/altera/18.1/nios2eds/bin/gnu/h-x86_64-mingw32/bin/../lib/gcc/nios2-elf/5.3.0/../../../../../H-x86_64-mingw32/nios2-elf/lib\libc.a(lib_a-printf.o)
 .text._printf_r
                0x0000000001800be8       0x30 c:/altera/18.1/nios2eds/bin/gnu/h-x86_64-mingw32/bin/../lib/gcc/nios2-elf/5.3.0/../../../../../H-x86_64-mingw32/nios2-elf/lib\libc.a(lib_a-printf.o)
                0x0000000001800be8                _printf_r
 .text.printf   0x0000000001800c18       0x3c c:/altera/18.1/nios2eds/bin/gnu/h-x86_64-mingw32/bin/../lib/gcc/nios2-elf/5.3.0/../../../../../H-x86_64-mingw32/nios2-elf/lib\libc.a(lib_a-printf.o)
                0x0000000001800c18                printf
 .text          0x0000000001800c54        0x0 c:/altera/18.1/nios2eds/bin/gnu/h-x86_64-mingw32/bin/../lib/gcc/nios2-elf/5.3.0/../../../../../H-x86_64-mingw32/nios2-elf/lib\libc.a(lib_a-vfprintf.o)
 .text.___vfprintf_internal_r
                0x0000000001800c54     0x21f8 c:/altera/18.1/nios2eds/bin/gnu/h-x86_64-mingw32/bin/../lib/gcc/nios2-elf/5.3.0/../../../../../H-x86_64-mingw32/nios2-elf/lib\libc.a(lib_a-vfprintf.o)
                0x0000000001800c54                ___vfprintf_internal_r
 .text.__vfprintf_internal
                0x0000000001802e4c       0x1c c:/altera/18.1/nios2eds/bin/gnu/h-x86_64-mingw32/bin/../lib/gcc/nios2-elf/5.3.0/../../../../../H-x86_64-mingw32/nios2-elf/lib\libc.a(lib_a-vfprintf.o)
                0x0000000001802e4c                __vfprintf_internal
 .text.__sbprintf
                0x0000000001802e68       0xbc c:/altera/18.1/nios2eds/bin/gnu/h-x86_64-mingw32/bin/../lib/gcc/nios2-elf/5.3.0/../../../../../H-x86_64-mingw32/nios2-elf/lib\libc.a(lib_a-vfprintf.o)
 .text          0x0000000001802f24        0x0 c:/altera/18.1/nios2eds/bin/gnu/h-x86_64-mingw32/bin/../lib/gcc/nios2-elf/5.3.0/../../../../../H-x86_64-mingw32/nios2-elf/lib\libc.a(lib_a-wsetup.o)
 .text.__swsetup_r
                0x0000000001802f24      0x154 c:/altera/18.1/nios2eds/bin/gnu/h-x86_64-mingw32/bin/../lib/gcc/nios2-elf/5.3.0/../../../../../H-x86_64-mingw32/nios2-elf/lib\libc.a(lib_a-wsetup.o)
                0x0000000001802f24                __swsetup_r
 .text          0x0000000001803078        0x0 c:/altera/18.1/nios2eds/bin/gnu/h-x86_64-mingw32/bin/../lib/gcc/nios2-elf/5.3.0/../../../../../H-x86_64-mingw32/nios2-elf/lib\libc.a(lib_a-dtoa.o)
 .text.quorem   0x0000000001803078      0x200 c:/altera/18.1/nios2eds/bin/gnu/h-x86_64-mingw32/bin/../lib/gcc/nios2-elf/5.3.0/../../../../../H-x86_64-mingw32/nios2-elf/lib\libc.a(lib_a-dtoa.o)
 .text._dtoa_r  0x0000000001803278     0x1688 c:/altera/18.1/nios2eds/bin/gnu/h-x86_64-mingw32/bin/../lib/gcc/nios2-elf/5.3.0/../../../../../H-x86_64-mingw32/nios2-elf/lib\libc.a(lib_a-dtoa.o)
                0x0000000001803278                _dtoa_r
 .text          0x0000000001804900        0x0 c:/altera/18.1/nios2eds/bin/gnu/h-x86_64-mingw32/bin/../lib/gcc/nios2-elf/5.3.0/../../../../../H-x86_64-mingw32/nios2-elf/lib\libc.a(lib_a-fflush.o)
 .text.__sflush_r
                0x0000000001804900      0x21c c:/altera/18.1/nios2eds/bin/gnu/h-x86_64-mingw32/bin/../lib/gcc/nios2-elf/5.3.0/../../../../../H-x86_64-mingw32/nios2-elf/lib\libc.a(lib_a-fflush.o)
                0x0000000001804900                __sflush_r
 .text._fflush_r
                0x0000000001804b1c       0x5c c:/altera/18.1/nios2eds/bin/gnu/h-x86_64-mingw32/bin/../lib/gcc/nios2-elf/5.3.0/../../../../../H-x86_64-mingw32/nios2-elf/lib\libc.a(lib_a-fflush.o)
                0x0000000001804b1c                _fflush_r
 .text.fflush   0x0000000001804b78       0x30 c:/altera/18.1/nios2eds/bin/gnu/h-x86_64-mingw32/bin/../lib/gcc/nios2-elf/5.3.0/../../../../../H-x86_64-mingw32/nios2-elf/lib\libc.a(lib_a-fflush.o)
                0x0000000001804b78                fflush
 .text          0x0000000001804ba8        0x0 c:/altera/18.1/nios2eds/bin/gnu/h-x86_64-mingw32/bin/../lib/gcc/nios2-elf/5.3.0/../../../../../H-x86_64-mingw32/nios2-elf/lib\libc.a(lib_a-findfp.o)
 .text.__fp_unlock
                0x0000000001804ba8        0x8 c:/altera/18.1/nios2eds/bin/gnu/h-x86_64-mingw32/bin/../lib/gcc/nios2-elf/5.3.0/../../../../../H-x86_64-mingw32/nios2-elf/lib\libc.a(lib_a-findfp.o)
 .text._cleanup_r
                0x0000000001804bb0        0xc c:/altera/18.1/nios2eds/bin/gnu/h-x86_64-mingw32/bin/../lib/gcc/nios2-elf/5.3.0/../../../../../H-x86_64-mingw32/nios2-elf/lib\libc.a(lib_a-findfp.o)
                0x0000000001804bb0                _cleanup_r
 .text.__sinit.part.1
                0x0000000001804bbc      0x19c c:/altera/18.1/nios2eds/bin/gnu/h-x86_64-mingw32/bin/../lib/gcc/nios2-elf/5.3.0/../../../../../H-x86_64-mingw32/nios2-elf/lib\libc.a(lib_a-findfp.o)
 .text.__fp_lock
                0x0000000001804d58        0x8 c:/altera/18.1/nios2eds/bin/gnu/h-x86_64-mingw32/bin/../lib/gcc/nios2-elf/5.3.0/../../../../../H-x86_64-mingw32/nios2-elf/lib\libc.a(lib_a-findfp.o)
 .text.__sfmoreglue
                0x0000000001804d60       0x68 c:/altera/18.1/nios2eds/bin/gnu/h-x86_64-mingw32/bin/../lib/gcc/nios2-elf/5.3.0/../../../../../H-x86_64-mingw32/nios2-elf/lib\libc.a(lib_a-findfp.o)
                0x0000000001804d60                __sfmoreglue
 .text.__sfp    0x0000000001804dc8      0x118 c:/altera/18.1/nios2eds/bin/gnu/h-x86_64-mingw32/bin/../lib/gcc/nios2-elf/5.3.0/../../../../../H-x86_64-mingw32/nios2-elf/lib\libc.a(lib_a-findfp.o)
                0x0000000001804dc8                __sfp
 .text._cleanup
                0x0000000001804ee0       0x18 c:/altera/18.1/nios2eds/bin/gnu/h-x86_64-mingw32/bin/../lib/gcc/nios2-elf/5.3.0/../../../../../H-x86_64-mingw32/nios2-elf/lib\libc.a(lib_a-findfp.o)
                0x0000000001804ee0                _cleanup
 .text.__sinit  0x0000000001804ef8       0x10 c:/altera/18.1/nios2eds/bin/gnu/h-x86_64-mingw32/bin/../lib/gcc/nios2-elf/5.3.0/../../../../../H-x86_64-mingw32/nios2-elf/lib\libc.a(lib_a-findfp.o)
                0x0000000001804ef8                __sinit
 .text.__sfp_lock_acquire
                0x0000000001804f08        0x4 c:/altera/18.1/nios2eds/bin/gnu/h-x86_64-mingw32/bin/../lib/gcc/nios2-elf/5.3.0/../../../../../H-x86_64-mingw32/nios2-elf/lib\libc.a(lib_a-findfp.o)
                0x0000000001804f08                __sfp_lock_acquire
 .text.__sfp_lock_release
                0x0000000001804f0c        0x4 c:/altera/18.1/nios2eds/bin/gnu/h-x86_64-mingw32/bin/../lib/gcc/nios2-elf/5.3.0/../../../../../H-x86_64-mingw32/nios2-elf/lib\libc.a(lib_a-findfp.o)
                0x0000000001804f0c                __sfp_lock_release
 .text.__sinit_lock_acquire
                0x0000000001804f10        0x4 c:/altera/18.1/nios2eds/bin/gnu/h-x86_64-mingw32/bin/../lib/gcc/nios2-elf/5.3.0/../../../../../H-x86_64-mingw32/nios2-elf/lib\libc.a(lib_a-findfp.o)
                0x0000000001804f10                __sinit_lock_acquire
 .text.__sinit_lock_release
                0x0000000001804f14        0x4 c:/altera/18.1/nios2eds/bin/gnu/h-x86_64-mingw32/bin/../lib/gcc/nios2-elf/5.3.0/../../../../../H-x86_64-mingw32/nios2-elf/lib\libc.a(lib_a-findfp.o)
                0x0000000001804f14                __sinit_lock_release
 .text.__fp_lock_all
                0x0000000001804f18       0x18 c:/altera/18.1/nios2eds/bin/gnu/h-x86_64-mingw32/bin/../lib/gcc/nios2-elf/5.3.0/../../../../../H-x86_64-mingw32/nios2-elf/lib\libc.a(lib_a-findfp.o)
                0x0000000001804f18                __fp_lock_all
 .text.__fp_unlock_all
                0x0000000001804f30       0x18 c:/altera/18.1/nios2eds/bin/gnu/h-x86_64-mingw32/bin/../lib/gcc/nios2-elf/5.3.0/../../../../../H-x86_64-mingw32/nios2-elf/lib\libc.a(lib_a-findfp.o)
                0x0000000001804f30                __fp_unlock_all
 .text          0x0000000001804f48        0x0 c:/altera/18.1/nios2eds/bin/gnu/h-x86_64-mingw32/bin/../lib/gcc/nios2-elf/5.3.0/../../../../../H-x86_64-mingw32/nios2-elf/lib\libc.a(lib_a-freer.o)
 .text._malloc_trim_r
                0x0000000001804f48      0x124 c:/altera/18.1/nios2eds/bin/gnu/h-x86_64-mingw32/bin/../lib/gcc/nios2-elf/5.3.0/../../../../../H-x86_64-mingw32/nios2-elf/lib\libc.a(lib_a-freer.o)
                0x0000000001804f48                _malloc_trim_r
 .text._free_r  0x000000000180506c      0x310 c:/altera/18.1/nios2eds/bin/gnu/h-x86_64-mingw32/bin/../lib/gcc/nios2-elf/5.3.0/../../../../../H-x86_64-mingw32/nios2-elf/lib\libc.a(lib_a-freer.o)
                0x000000000180506c                _free_r
 .text          0x000000000180537c        0x0 c:/altera/18.1/nios2eds/bin/gnu/h-x86_64-mingw32/bin/../lib/gcc/nios2-elf/5.3.0/../../../../../H-x86_64-mingw32/nios2-elf/lib\libc.a(lib_a-fwalk.o)
 .text._fwalk   0x000000000180537c       0xc4 c:/altera/18.1/nios2eds/bin/gnu/h-x86_64-mingw32/bin/../lib/gcc/nios2-elf/5.3.0/../../../../../H-x86_64-mingw32/nios2-elf/lib\libc.a(lib_a-fwalk.o)
                0x000000000180537c                _fwalk
 .text._fwalk_reent
                0x0000000001805440       0xc4 c:/altera/18.1/nios2eds/bin/gnu/h-x86_64-mingw32/bin/../lib/gcc/nios2-elf/5.3.0/../../../../../H-x86_64-mingw32/nios2-elf/lib\libc.a(lib_a-fwalk.o)
                0x0000000001805440                _fwalk_reent
 .text          0x0000000001805504        0x0 c:/altera/18.1/nios2eds/bin/gnu/h-x86_64-mingw32/bin/../lib/gcc/nios2-elf/5.3.0/../../../../../H-x86_64-mingw32/nios2-elf/lib\libc.a(lib_a-impure.o)
 .text          0x0000000001805504        0x0 c:/altera/18.1/nios2eds/bin/gnu/h-x86_64-mingw32/bin/../lib/gcc/nios2-elf/5.3.0/../../../../../H-x86_64-mingw32/nios2-elf/lib\libc.a(lib_a-locale.o)
 .text._setlocale_r
                0x0000000001805504       0x7c c:/altera/18.1/nios2eds/bin/gnu/h-x86_64-mingw32/bin/../lib/gcc/nios2-elf/5.3.0/../../../../../H-x86_64-mingw32/nios2-elf/lib\libc.a(lib_a-locale.o)
                0x0000000001805504                _setlocale_r
 .text.__locale_charset
                0x0000000001805580        0xc c:/altera/18.1/nios2eds/bin/gnu/h-x86_64-mingw32/bin/../lib/gcc/nios2-elf/5.3.0/../../../../../H-x86_64-mingw32/nios2-elf/lib\libc.a(lib_a-locale.o)
                0x0000000001805580                __locale_charset
 .text.__locale_mb_cur_max
                0x000000000180558c       0x10 c:/altera/18.1/nios2eds/bin/gnu/h-x86_64-mingw32/bin/../lib/gcc/nios2-elf/5.3.0/../../../../../H-x86_64-mingw32/nios2-elf/lib\libc.a(lib_a-locale.o)
                0x000000000180558c                __locale_mb_cur_max
 .text.__locale_msgcharset
                0x000000000180559c        0xc c:/altera/18.1/nios2eds/bin/gnu/h-x86_64-mingw32/bin/../lib/gcc/nios2-elf/5.3.0/../../../../../H-x86_64-mingw32/nios2-elf/lib\libc.a(lib_a-locale.o)
                0x000000000180559c                __locale_msgcharset
 .text.__locale_cjk_lang
                0x00000000018055a8        0x8 c:/altera/18.1/nios2eds/bin/gnu/h-x86_64-mingw32/bin/../lib/gcc/nios2-elf/5.3.0/../../../../../H-x86_64-mingw32/nios2-elf/lib\libc.a(lib_a-locale.o)
                0x00000000018055a8                __locale_cjk_lang
 .text._localeconv_r
                0x00000000018055b0        0xc c:/altera/18.1/nios2eds/bin/gnu/h-x86_64-mingw32/bin/../lib/gcc/nios2-elf/5.3.0/../../../../../H-x86_64-mingw32/nios2-elf/lib\libc.a(lib_a-locale.o)
                0x00000000018055b0                _localeconv_r
 .text.setlocale
                0x00000000018055bc       0x18 c:/altera/18.1/nios2eds/bin/gnu/h-x86_64-mingw32/bin/../lib/gcc/nios2-elf/5.3.0/../../../../../H-x86_64-mingw32/nios2-elf/lib\libc.a(lib_a-locale.o)
                0x00000000018055bc                setlocale
 .text.localeconv
                0x00000000018055d4        0xc c:/altera/18.1/nios2eds/bin/gnu/h-x86_64-mingw32/bin/../lib/gcc/nios2-elf/5.3.0/../../../../../H-x86_64-mingw32/nios2-elf/lib\libc.a(lib_a-locale.o)
                0x00000000018055d4                localeconv
 .text          0x00000000018055e0        0x0 c:/altera/18.1/nios2eds/bin/gnu/h-x86_64-mingw32/bin/../lib/gcc/nios2-elf/5.3.0/../../../../../H-x86_64-mingw32/nios2-elf/lib\libc.a(lib_a-makebuf.o)
 .text.__smakebuf_r
                0x00000000018055e0      0x1bc c:/altera/18.1/nios2eds/bin/gnu/h-x86_64-mingw32/bin/../lib/gcc/nios2-elf/5.3.0/../../../../../H-x86_64-mingw32/nios2-elf/lib\libc.a(lib_a-makebuf.o)
                0x00000000018055e0                __smakebuf_r
 .text          0x000000000180579c        0x0 c:/altera/18.1/nios2eds/bin/gnu/h-x86_64-mingw32/bin/../lib/gcc/nios2-elf/5.3.0/../../../../../H-x86_64-mingw32/nios2-elf/lib\libc.a(lib_a-mallocr.o)
 .text._malloc_r
                0x000000000180579c      0x80c c:/altera/18.1/nios2eds/bin/gnu/h-x86_64-mingw32/bin/../lib/gcc/nios2-elf/5.3.0/../../../../../H-x86_64-mingw32/nios2-elf/lib\libc.a(lib_a-mallocr.o)
                0x000000000180579c                _malloc_r
 .text          0x0000000001805fa8        0x0 c:/altera/18.1/nios2eds/bin/gnu/h-x86_64-mingw32/bin/../lib/gcc/nios2-elf/5.3.0/../../../../../H-x86_64-mingw32/nios2-elf/lib\libc.a(lib_a-memchr.o)
 .text.memchr   0x0000000001805fa8       0xe4 c:/altera/18.1/nios2eds/bin/gnu/h-x86_64-mingw32/bin/../lib/gcc/nios2-elf/5.3.0/../../../../../H-x86_64-mingw32/nios2-elf/lib\libc.a(lib_a-memchr.o)
                0x0000000001805fa8                memchr
 .text          0x000000000180608c        0x0 c:/altera/18.1/nios2eds/bin/gnu/h-x86_64-mingw32/bin/../lib/gcc/nios2-elf/5.3.0/../../../../../H-x86_64-mingw32/nios2-elf/lib\libc.a(lib_a-memcpy.o)
 .text.memcpy   0x000000000180608c      0x148 c:/altera/18.1/nios2eds/bin/gnu/h-x86_64-mingw32/bin/../lib/gcc/nios2-elf/5.3.0/../../../../../H-x86_64-mingw32/nios2-elf/lib\libc.a(lib_a-memcpy.o)
                0x000000000180608c                memcpy
 .text          0x00000000018061d4        0x0 c:/altera/18.1/nios2eds/bin/gnu/h-x86_64-mingw32/bin/../lib/gcc/nios2-elf/5.3.0/../../../../../H-x86_64-mingw32/nios2-elf/lib\libc.a(lib_a-memset.o)
 .text.memset   0x00000000018061d4      0x128 c:/altera/18.1/nios2eds/bin/gnu/h-x86_64-mingw32/bin/../lib/gcc/nios2-elf/5.3.0/../../../../../H-x86_64-mingw32/nios2-elf/lib\libc.a(lib_a-memset.o)
                0x00000000018061d4                memset
 .text          0x00000000018062fc        0x0 c:/altera/18.1/nios2eds/bin/gnu/h-x86_64-mingw32/bin/../lib/gcc/nios2-elf/5.3.0/../../../../../H-x86_64-mingw32/nios2-elf/lib\libc.a(lib_a-mprec.o)
 .text._Balloc  0x00000000018062fc       0xa8 c:/altera/18.1/nios2eds/bin/gnu/h-x86_64-mingw32/bin/../lib/gcc/nios2-elf/5.3.0/../../../../../H-x86_64-mingw32/nios2-elf/lib\libc.a(lib_a-mprec.o)
                0x00000000018062fc                _Balloc
 .text._Bfree   0x00000000018063a4       0x28 c:/altera/18.1/nios2eds/bin/gnu/h-x86_64-mingw32/bin/../lib/gcc/nios2-elf/5.3.0/../../../../../H-x86_64-mingw32/nios2-elf/lib\libc.a(lib_a-mprec.o)
                0x00000000018063a4                _Bfree
 .text.__multadd
                0x00000000018063cc      0x120 c:/altera/18.1/nios2eds/bin/gnu/h-x86_64-mingw32/bin/../lib/gcc/nios2-elf/5.3.0/../../../../../H-x86_64-mingw32/nios2-elf/lib\libc.a(lib_a-mprec.o)
                0x00000000018063cc                __multadd
 .text.__s2b    0x00000000018064ec      0x104 c:/altera/18.1/nios2eds/bin/gnu/h-x86_64-mingw32/bin/../lib/gcc/nios2-elf/5.3.0/../../../../../H-x86_64-mingw32/nios2-elf/lib\libc.a(lib_a-mprec.o)
                0x00000000018064ec                __s2b
 .text.__hi0bits
                0x00000000018065f0       0x68 c:/altera/18.1/nios2eds/bin/gnu/h-x86_64-mingw32/bin/../lib/gcc/nios2-elf/5.3.0/../../../../../H-x86_64-mingw32/nios2-elf/lib\libc.a(lib_a-mprec.o)
                0x00000000018065f0                __hi0bits
 .text.__lo0bits
                0x0000000001806658       0xb0 c:/altera/18.1/nios2eds/bin/gnu/h-x86_64-mingw32/bin/../lib/gcc/nios2-elf/5.3.0/../../../../../H-x86_64-mingw32/nios2-elf/lib\libc.a(lib_a-mprec.o)
                0x0000000001806658                __lo0bits
 .text.__i2b    0x0000000001806708       0x3c c:/altera/18.1/nios2eds/bin/gnu/h-x86_64-mingw32/bin/../lib/gcc/nios2-elf/5.3.0/../../../../../H-x86_64-mingw32/nios2-elf/lib\libc.a(lib_a-mprec.o)
                0x0000000001806708                __i2b
 .text.__multiply
                0x0000000001806744      0x1f8 c:/altera/18.1/nios2eds/bin/gnu/h-x86_64-mingw32/bin/../lib/gcc/nios2-elf/5.3.0/../../../../../H-x86_64-mingw32/nios2-elf/lib\libc.a(lib_a-mprec.o)
                0x0000000001806744                __multiply
 .text.__pow5mult
                0x000000000180693c      0x140 c:/altera/18.1/nios2eds/bin/gnu/h-x86_64-mingw32/bin/../lib/gcc/nios2-elf/5.3.0/../../../../../H-x86_64-mingw32/nios2-elf/lib\libc.a(lib_a-mprec.o)
                0x000000000180693c                __pow5mult
 .text.__lshift
                0x0000000001806a7c      0x148 c:/altera/18.1/nios2eds/bin/gnu/h-x86_64-mingw32/bin/../lib/gcc/nios2-elf/5.3.0/../../../../../H-x86_64-mingw32/nios2-elf/lib\libc.a(lib_a-mprec.o)
                0x0000000001806a7c                __lshift
 .text.__mcmp   0x0000000001806bc4       0x60 c:/altera/18.1/nios2eds/bin/gnu/h-x86_64-mingw32/bin/../lib/gcc/nios2-elf/5.3.0/../../../../../H-x86_64-mingw32/nios2-elf/lib\libc.a(lib_a-mprec.o)
                0x0000000001806bc4                __mcmp
 .text.__mdiff  0x0000000001806c24      0x1fc c:/altera/18.1/nios2eds/bin/gnu/h-x86_64-mingw32/bin/../lib/gcc/nios2-elf/5.3.0/../../../../../H-x86_64-mingw32/nios2-elf/lib\libc.a(lib_a-mprec.o)
                0x0000000001806c24                __mdiff
 .text.__ulp    0x0000000001806e20       0x64 c:/altera/18.1/nios2eds/bin/gnu/h-x86_64-mingw32/bin/../lib/gcc/nios2-elf/5.3.0/../../../../../H-x86_64-mingw32/nios2-elf/lib\libc.a(lib_a-mprec.o)
                0x0000000001806e20                __ulp
 .text.__b2d    0x0000000001806e84      0x10c c:/altera/18.1/nios2eds/bin/gnu/h-x86_64-mingw32/bin/../lib/gcc/nios2-elf/5.3.0/../../../../../H-x86_64-mingw32/nios2-elf/lib\libc.a(lib_a-mprec.o)
                0x0000000001806e84                __b2d
 .text.__d2b    0x0000000001806f90      0x14c c:/altera/18.1/nios2eds/bin/gnu/h-x86_64-mingw32/bin/../lib/gcc/nios2-elf/5.3.0/../../../../../H-x86_64-mingw32/nios2-elf/lib\libc.a(lib_a-mprec.o)
                0x0000000001806f90                __d2b
 .text.__ratio  0x00000000018070dc       0xa4 c:/altera/18.1/nios2eds/bin/gnu/h-x86_64-mingw32/bin/../lib/gcc/nios2-elf/5.3.0/../../../../../H-x86_64-mingw32/nios2-elf/lib\libc.a(lib_a-mprec.o)
                0x00000000018070dc                __ratio
 .text._mprec_log10
                0x0000000001807180       0x74 c:/altera/18.1/nios2eds/bin/gnu/h-x86_64-mingw32/bin/../lib/gcc/nios2-elf/5.3.0/../../../../../H-x86_64-mingw32/nios2-elf/lib\libc.a(lib_a-mprec.o)
                0x0000000001807180                _mprec_log10
 .text.__copybits
                0x00000000018071f4       0x78 c:/altera/18.1/nios2eds/bin/gnu/h-x86_64-mingw32/bin/../lib/gcc/nios2-elf/5.3.0/../../../../../H-x86_64-mingw32/nios2-elf/lib\libc.a(lib_a-mprec.o)
                0x00000000018071f4                __copybits
 .text.__any_on
                0x000000000180726c       0x8c c:/altera/18.1/nios2eds/bin/gnu/h-x86_64-mingw32/bin/../lib/gcc/nios2-elf/5.3.0/../../../../../H-x86_64-mingw32/nios2-elf/lib\libc.a(lib_a-mprec.o)
                0x000000000180726c                __any_on
 .text          0x00000000018072f8        0x0 c:/altera/18.1/nios2eds/bin/gnu/h-x86_64-mingw32/bin/../lib/gcc/nios2-elf/5.3.0/../../../../../H-x86_64-mingw32/nios2-elf/lib\libc.a(lib_a-s_fpclassify.o)
 .text.__fpclassifyd
                0x00000000018072f8       0x74 c:/altera/18.1/nios2eds/bin/gnu/h-x86_64-mingw32/bin/../lib/gcc/nios2-elf/5.3.0/../../../../../H-x86_64-mingw32/nios2-elf/lib\libc.a(lib_a-s_fpclassify.o)
                0x00000000018072f8                __fpclassifyd
 .text          0x000000000180736c        0x0 c:/altera/18.1/nios2eds/bin/gnu/h-x86_64-mingw32/bin/../lib/gcc/nios2-elf/5.3.0/../../../../../H-x86_64-mingw32/nios2-elf/lib\libc.a(lib_a-sbrkr.o)
 .text._sbrk_r  0x000000000180736c       0x54 c:/altera/18.1/nios2eds/bin/gnu/h-x86_64-mingw32/bin/../lib/gcc/nios2-elf/5.3.0/../../../../../H-x86_64-mingw32/nios2-elf/lib\libc.a(lib_a-sbrkr.o)
                0x000000000180736c                _sbrk_r
 .text          0x00000000018073c0        0x0 c:/altera/18.1/nios2eds/bin/gnu/h-x86_64-mingw32/bin/../lib/gcc/nios2-elf/5.3.0/../../../../../H-x86_64-mingw32/nios2-elf/lib\libc.a(lib_a-stdio.o)
 .text.__sread  0x00000000018073c0       0x54 c:/altera/18.1/nios2eds/bin/gnu/h-x86_64-mingw32/bin/../lib/gcc/nios2-elf/5.3.0/../../../../../H-x86_64-mingw32/nios2-elf/lib\libc.a(lib_a-stdio.o)
                0x00000000018073c0                __sread
 .text.__seofread
                0x0000000001807414        0x8 c:/altera/18.1/nios2eds/bin/gnu/h-x86_64-mingw32/bin/../lib/gcc/nios2-elf/5.3.0/../../../../../H-x86_64-mingw32/nios2-elf/lib\libc.a(lib_a-stdio.o)
                0x0000000001807414                __seofread
 .text.__swrite
                0x000000000180741c       0x7c c:/altera/18.1/nios2eds/bin/gnu/h-x86_64-mingw32/bin/../lib/gcc/nios2-elf/5.3.0/../../../../../H-x86_64-mingw32/nios2-elf/lib\libc.a(lib_a-stdio.o)
                0x000000000180741c                __swrite
 .text.__sseek  0x0000000001807498       0x5c c:/altera/18.1/nios2eds/bin/gnu/h-x86_64-mingw32/bin/../lib/gcc/nios2-elf/5.3.0/../../../../../H-x86_64-mingw32/nios2-elf/lib\libc.a(lib_a-stdio.o)
                0x0000000001807498                __sseek
 .text.__sclose
                0x00000000018074f4        0x8 c:/altera/18.1/nios2eds/bin/gnu/h-x86_64-mingw32/bin/../lib/gcc/nios2-elf/5.3.0/../../../../../H-x86_64-mingw32/nios2-elf/lib\libc.a(lib_a-stdio.o)
                0x00000000018074f4                __sclose
 .text          0x00000000018074fc        0x0 c:/altera/18.1/nios2eds/bin/gnu/h-x86_64-mingw32/bin/../lib/gcc/nios2-elf/5.3.0/../../../../../H-x86_64-mingw32/nios2-elf/lib\libc.a(lib_a-strcmp.o)
 .text.strcmp   0x00000000018074fc       0xdc c:/altera/18.1/nios2eds/bin/gnu/h-x86_64-mingw32/bin/../lib/gcc/nios2-elf/5.3.0/../../../../../H-x86_64-mingw32/nios2-elf/lib\libc.a(lib_a-strcmp.o)
                0x00000000018074fc                strcmp
 .text          0x00000000018075d8        0x0 c:/altera/18.1/nios2eds/bin/gnu/h-x86_64-mingw32/bin/../lib/gcc/nios2-elf/5.3.0/../../../../../H-x86_64-mingw32/nios2-elf/lib\libc.a(lib_a-strlen.o)
 .text.strlen   0x00000000018075d8       0x98 c:/altera/18.1/nios2eds/bin/gnu/h-x86_64-mingw32/bin/../lib/gcc/nios2-elf/5.3.0/../../../../../H-x86_64-mingw32/nios2-elf/lib\libc.a(lib_a-strlen.o)
                0x00000000018075d8                strlen
 .text          0x0000000001807670        0x0 c:/altera/18.1/nios2eds/bin/gnu/h-x86_64-mingw32/bin/../lib/gcc/nios2-elf/5.3.0/../../../../../H-x86_64-mingw32/nios2-elf/lib\libc.a(lib_a-vfiprintf.o)
 .text.__sprint_r.part.0
                0x0000000001807670       0xfc c:/altera/18.1/nios2eds/bin/gnu/h-x86_64-mingw32/bin/../lib/gcc/nios2-elf/5.3.0/../../../../../H-x86_64-mingw32/nios2-elf/lib\libc.a(lib_a-vfiprintf.o)
 .text.__sprint_r
                0x000000000180776c       0x18 c:/altera/18.1/nios2eds/bin/gnu/h-x86_64-mingw32/bin/../lib/gcc/nios2-elf/5.3.0/../../../../../H-x86_64-mingw32/nios2-elf/lib\libc.a(lib_a-vfiprintf.o)
                0x000000000180776c                __sprint_r
 .text.___vfiprintf_internal_r
                0x0000000001807784     0x145c c:/altera/18.1/nios2eds/bin/gnu/h-x86_64-mingw32/bin/../lib/gcc/nios2-elf/5.3.0/../../../../../H-x86_64-mingw32/nios2-elf/lib\libc.a(lib_a-vfiprintf.o)
                0x0000000001807784                ___vfiprintf_internal_r
 .text.__vfiprintf_internal
                0x0000000001808be0       0x1c c:/altera/18.1/nios2eds/bin/gnu/h-x86_64-mingw32/bin/../lib/gcc/nios2-elf/5.3.0/../../../../../H-x86_64-mingw32/nios2-elf/lib\libc.a(lib_a-vfiprintf.o)
                0x0000000001808be0                __vfiprintf_internal
 .text.__sbprintf
                0x0000000001808bfc       0xbc c:/altera/18.1/nios2eds/bin/gnu/h-x86_64-mingw32/bin/../lib/gcc/nios2-elf/5.3.0/../../../../../H-x86_64-mingw32/nios2-elf/lib\libc.a(lib_a-vfiprintf.o)
 .text          0x0000000001808cb8        0x0 c:/altera/18.1/nios2eds/bin/gnu/h-x86_64-mingw32/bin/../lib/gcc/nios2-elf/5.3.0/../../../../../H-x86_64-mingw32/nios2-elf/lib\libc.a(lib_a-writer.o)
 .text._write_r
                0x0000000001808cb8       0x60 c:/altera/18.1/nios2eds/bin/gnu/h-x86_64-mingw32/bin/../lib/gcc/nios2-elf/5.3.0/../../../../../H-x86_64-mingw32/nios2-elf/lib\libc.a(lib_a-writer.o)
                0x0000000001808cb8                _write_r
 .text          0x0000000001808d18        0x0 c:/altera/18.1/nios2eds/bin/gnu/h-x86_64-mingw32/bin/../lib/gcc/nios2-elf/5.3.0/../../../../../H-x86_64-mingw32/nios2-elf/lib\libc.a(closer.o)
 .text._close_r
                0x0000000001808d18       0x54 c:/altera/18.1/nios2eds/bin/gnu/h-x86_64-mingw32/bin/../lib/gcc/nios2-elf/5.3.0/../../../../../H-x86_64-mingw32/nios2-elf/lib\libc.a(closer.o)
                0x0000000001808d18                _close_r
 .text          0x0000000001808d6c        0x0 c:/altera/18.1/nios2eds/bin/gnu/h-x86_64-mingw32/bin/../lib/gcc/nios2-elf/5.3.0/../../../../../H-x86_64-mingw32/nios2-elf/lib\libc.a(lib_a-callocr.o)
 .text._calloc_r
                0x0000000001808d6c       0xc4 c:/altera/18.1/nios2eds/bin/gnu/h-x86_64-mingw32/bin/../lib/gcc/nios2-elf/5.3.0/../../../../../H-x86_64-mingw32/nios2-elf/lib\libc.a(lib_a-callocr.o)
                0x0000000001808d6c                _calloc_r
 .text          0x0000000001808e30        0x0 c:/altera/18.1/nios2eds/bin/gnu/h-x86_64-mingw32/bin/../lib/gcc/nios2-elf/5.3.0/../../../../../H-x86_64-mingw32/nios2-elf/lib\libc.a(lib_a-fclose.o)
 .text._fclose_r
                0x0000000001808e30       0xf0 c:/altera/18.1/nios2eds/bin/gnu/h-x86_64-mingw32/bin/../lib/gcc/nios2-elf/5.3.0/../../../../../H-x86_64-mingw32/nios2-elf/lib\libc.a(lib_a-fclose.o)
                0x0000000001808e30                _fclose_r
 .text.fclose   0x0000000001808f20       0x14 c:/altera/18.1/nios2eds/bin/gnu/h-x86_64-mingw32/bin/../lib/gcc/nios2-elf/5.3.0/../../../../../H-x86_64-mingw32/nios2-elf/lib\libc.a(lib_a-fclose.o)
                0x0000000001808f20                fclose
 .text          0x0000000001808f34        0x0 c:/altera/18.1/nios2eds/bin/gnu/h-x86_64-mingw32/bin/../lib/gcc/nios2-elf/5.3.0/../../../../../H-x86_64-mingw32/nios2-elf/lib\libc.a(lib_a-fputwc.o)
 .text.__fputwc
                0x0000000001808f34      0x164 c:/altera/18.1/nios2eds/bin/gnu/h-x86_64-mingw32/bin/../lib/gcc/nios2-elf/5.3.0/../../../../../H-x86_64-mingw32/nios2-elf/lib\libc.a(lib_a-fputwc.o)
                0x0000000001808f34                __fputwc
 .text._fputwc_r
                0x0000000001809098       0x24 c:/altera/18.1/nios2eds/bin/gnu/h-x86_64-mingw32/bin/../lib/gcc/nios2-elf/5.3.0/../../../../../H-x86_64-mingw32/nios2-elf/lib\libc.a(lib_a-fputwc.o)
                0x0000000001809098                _fputwc_r
 .text.fputwc   0x00000000018090bc       0x80 c:/altera/18.1/nios2eds/bin/gnu/h-x86_64-mingw32/bin/../lib/gcc/nios2-elf/5.3.0/../../../../../H-x86_64-mingw32/nios2-elf/lib\libc.a(lib_a-fputwc.o)
                0x00000000018090bc                fputwc
 .text          0x000000000180913c        0x0 c:/altera/18.1/nios2eds/bin/gnu/h-x86_64-mingw32/bin/../lib/gcc/nios2-elf/5.3.0/../../../../../H-x86_64-mingw32/nios2-elf/lib\libc.a(lib_a-fstatr.o)
 .text._fstat_r
                0x000000000180913c       0x5c c:/altera/18.1/nios2eds/bin/gnu/h-x86_64-mingw32/bin/../lib/gcc/nios2-elf/5.3.0/../../../../../H-x86_64-mingw32/nios2-elf/lib\libc.a(lib_a-fstatr.o)
                0x000000000180913c                _fstat_r
 .text          0x0000000001809198        0x0 c:/altera/18.1/nios2eds/bin/gnu/h-x86_64-mingw32/bin/../lib/gcc/nios2-elf/5.3.0/../../../../../H-x86_64-mingw32/nios2-elf/lib\libc.a(lib_a-fvwrite.o)
 .text.__sfvwrite_r
                0x0000000001809198      0x4bc c:/altera/18.1/nios2eds/bin/gnu/h-x86_64-mingw32/bin/../lib/gcc/nios2-elf/5.3.0/../../../../../H-x86_64-mingw32/nios2-elf/lib\libc.a(lib_a-fvwrite.o)
                0x0000000001809198                __sfvwrite_r
 .text          0x0000000001809654        0x0 c:/altera/18.1/nios2eds/bin/gnu/h-x86_64-mingw32/bin/../lib/gcc/nios2-elf/5.3.0/../../../../../H-x86_64-mingw32/nios2-elf/lib\libc.a(lib_a-int_errno.o)
 .text          0x0000000001809654        0x0 c:/altera/18.1/nios2eds/bin/gnu/h-x86_64-mingw32/bin/../lib/gcc/nios2-elf/5.3.0/../../../../../H-x86_64-mingw32/nios2-elf/lib\libc.a(lib_a-isattyr.o)
 .text._isatty_r
                0x0000000001809654       0x54 c:/altera/18.1/nios2eds/bin/gnu/h-x86_64-mingw32/bin/../lib/gcc/nios2-elf/5.3.0/../../../../../H-x86_64-mingw32/nios2-elf/lib\libc.a(lib_a-isattyr.o)
                0x0000000001809654                _isatty_r
 .text          0x00000000018096a8        0x0 c:/altera/18.1/nios2eds/bin/gnu/h-x86_64-mingw32/bin/../lib/gcc/nios2-elf/5.3.0/../../../../../H-x86_64-mingw32/nios2-elf/lib\libc.a(lib_a-lseekr.o)
 .text._lseek_r
                0x00000000018096a8       0x60 c:/altera/18.1/nios2eds/bin/gnu/h-x86_64-mingw32/bin/../lib/gcc/nios2-elf/5.3.0/../../../../../H-x86_64-mingw32/nios2-elf/lib\libc.a(lib_a-lseekr.o)
                0x00000000018096a8                _lseek_r
 .text          0x0000000001809708        0x0 c:/altera/18.1/nios2eds/bin/gnu/h-x86_64-mingw32/bin/../lib/gcc/nios2-elf/5.3.0/../../../../../H-x86_64-mingw32/nios2-elf/lib\libc.a(lib_a-memmove.o)
 .text.memmove  0x0000000001809708      0x15c c:/altera/18.1/nios2eds/bin/gnu/h-x86_64-mingw32/bin/../lib/gcc/nios2-elf/5.3.0/../../../../../H-x86_64-mingw32/nios2-elf/lib\libc.a(lib_a-memmove.o)
                0x0000000001809708                memmove
 .text          0x0000000001809864        0x0 c:/altera/18.1/nios2eds/bin/gnu/h-x86_64-mingw32/bin/../lib/gcc/nios2-elf/5.3.0/../../../../../H-x86_64-mingw32/nios2-elf/lib\libc.a(lib_a-readr.o)
 .text._read_r  0x0000000001809864       0x60 c:/altera/18.1/nios2eds/bin/gnu/h-x86_64-mingw32/bin/../lib/gcc/nios2-elf/5.3.0/../../../../../H-x86_64-mingw32/nios2-elf/lib\libc.a(lib_a-readr.o)
                0x0000000001809864                _read_r
 .text          0x00000000018098c4        0x0 c:/altera/18.1/nios2eds/bin/gnu/h-x86_64-mingw32/bin/../lib/gcc/nios2-elf/5.3.0/../../../../../H-x86_64-mingw32/nios2-elf/lib\libc.a(lib_a-reallocr.o)
 .text._realloc_r
                0x00000000018098c4      0x564 c:/altera/18.1/nios2eds/bin/gnu/h-x86_64-mingw32/bin/../lib/gcc/nios2-elf/5.3.0/../../../../../H-x86_64-mingw32/nios2-elf/lib\libc.a(lib_a-reallocr.o)
                0x00000000018098c4                _realloc_r
 .text          0x0000000001809e28        0x0 c:/altera/18.1/nios2eds/bin/gnu/h-x86_64-mingw32/bin/../lib/gcc/nios2-elf/5.3.0/../../../../../H-x86_64-mingw32/nios2-elf/lib\libc.a(lib_a-wbuf.o)
 .text.__swbuf_r
                0x0000000001809e28      0x140 c:/altera/18.1/nios2eds/bin/gnu/h-x86_64-mingw32/bin/../lib/gcc/nios2-elf/5.3.0/../../../../../H-x86_64-mingw32/nios2-elf/lib\libc.a(lib_a-wbuf.o)
                0x0000000001809e28                __swbuf_r
 .text.__swbuf  0x0000000001809f68       0x18 c:/altera/18.1/nios2eds/bin/gnu/h-x86_64-mingw32/bin/../lib/gcc/nios2-elf/5.3.0/../../../../../H-x86_64-mingw32/nios2-elf/lib\libc.a(lib_a-wbuf.o)
                0x0000000001809f68                __swbuf
 .text          0x0000000001809f80        0x0 c:/altera/18.1/nios2eds/bin/gnu/h-x86_64-mingw32/bin/../lib/gcc/nios2-elf/5.3.0/../../../../../H-x86_64-mingw32/nios2-elf/lib\libc.a(lib_a-wcrtomb.o)
 .text._wcrtomb_r
                0x0000000001809f80       0x9c c:/altera/18.1/nios2eds/bin/gnu/h-x86_64-mingw32/bin/../lib/gcc/nios2-elf/5.3.0/../../../../../H-x86_64-mingw32/nios2-elf/lib\libc.a(lib_a-wcrtomb.o)
                0x0000000001809f80                _wcrtomb_r
 .text.wcrtomb  0x000000000180a01c       0xc0 c:/altera/18.1/nios2eds/bin/gnu/h-x86_64-mingw32/bin/../lib/gcc/nios2-elf/5.3.0/../../../../../H-x86_64-mingw32/nios2-elf/lib\libc.a(lib_a-wcrtomb.o)
                0x000000000180a01c                wcrtomb
 .text          0x000000000180a0dc        0x0 c:/altera/18.1/nios2eds/bin/gnu/h-x86_64-mingw32/bin/../lib/gcc/nios2-elf/5.3.0/../../../../../H-x86_64-mingw32/nios2-elf/lib\libc.a(lib_a-wctomb_r.o)
 .text.__ascii_wctomb
                0x000000000180a0dc       0x30 c:/altera/18.1/nios2eds/bin/gnu/h-x86_64-mingw32/bin/../lib/gcc/nios2-elf/5.3.0/../../../../../H-x86_64-mingw32/nios2-elf/lib\libc.a(lib_a-wctomb_r.o)
                0x000000000180a0dc                __ascii_wctomb
 .text._wctomb_r
                0x000000000180a10c       0x5c c:/altera/18.1/nios2eds/bin/gnu/h-x86_64-mingw32/bin/../lib/gcc/nios2-elf/5.3.0/../../../../../H-x86_64-mingw32/nios2-elf/lib\libc.a(lib_a-wctomb_r.o)
                0x000000000180a10c                _wctomb_r
 .text          0x000000000180a168      0x578 c:/altera/18.1/nios2eds/bin/gnu/h-x86_64-mingw32/bin/../lib/gcc/nios2-elf/5.3.0\libgcc.a(_udivdi3.o)
                0x000000000180a168                __udivdi3
 .text          0x000000000180a6e0      0x538 c:/altera/18.1/nios2eds/bin/gnu/h-x86_64-mingw32/bin/../lib/gcc/nios2-elf/5.3.0\libgcc.a(_umoddi3.o)
                0x000000000180a6e0                __umoddi3
 .text          0x000000000180ac18      0x1b4 c:/altera/18.1/nios2eds/bin/gnu/h-x86_64-mingw32/bin/../lib/gcc/nios2-elf/5.3.0\libgcc.a(lib2-divmod.o)
                0x000000000180ac18                __divsi3
                0x000000000180ac9c                __modsi3
                0x000000000180ad10                __udivsi3
                0x000000000180ad74                __umodsi3
 .text          0x000000000180adcc      0x8ac c:/altera/18.1/nios2eds/bin/gnu/h-x86_64-mingw32/bin/../lib/gcc/nios2-elf/5.3.0\libgcc.a(adddf3.o)
                0x000000000180adcc                __adddf3
 .text          0x000000000180b678      0x8e8 c:/altera/18.1/nios2eds/bin/gnu/h-x86_64-mingw32/bin/../lib/gcc/nios2-elf/5.3.0\libgcc.a(divdf3.o)
                0x000000000180b678                __divdf3
 .text          0x000000000180bf60       0x88 c:/altera/18.1/nios2eds/bin/gnu/h-x86_64-mingw32/bin/../lib/gcc/nios2-elf/5.3.0\libgcc.a(eqdf2.o)
                0x000000000180bf60                __nedf2
                0x000000000180bf60                __eqdf2
 .text          0x000000000180bfe8       0xdc c:/altera/18.1/nios2eds/bin/gnu/h-x86_64-mingw32/bin/../lib/gcc/nios2-elf/5.3.0\libgcc.a(gedf2.o)
                0x000000000180bfe8                __gedf2
                0x000000000180bfe8                __gtdf2
 .text          0x000000000180c0c4       0xf4 c:/altera/18.1/nios2eds/bin/gnu/h-x86_64-mingw32/bin/../lib/gcc/nios2-elf/5.3.0\libgcc.a(ledf2.o)
                0x000000000180c0c4                __ledf2
                0x000000000180c0c4                __ltdf2
 .text          0x000000000180c1b8      0x718 c:/altera/18.1/nios2eds/bin/gnu/h-x86_64-mingw32/bin/../lib/gcc/nios2-elf/5.3.0\libgcc.a(muldf3.o)
                0x000000000180c1b8                __muldf3
 .text          0x000000000180c8d0      0x8fc c:/altera/18.1/nios2eds/bin/gnu/h-x86_64-mingw32/bin/../lib/gcc/nios2-elf/5.3.0\libgcc.a(subdf3.o)
                0x000000000180c8d0                __subdf3
 .text          0x000000000180d1cc       0x80 c:/altera/18.1/nios2eds/bin/gnu/h-x86_64-mingw32/bin/../lib/gcc/nios2-elf/5.3.0\libgcc.a(fixdfsi.o)
                0x000000000180d1cc                __fixdfsi
 .text          0x000000000180d24c       0xdc c:/altera/18.1/nios2eds/bin/gnu/h-x86_64-mingw32/bin/../lib/gcc/nios2-elf/5.3.0\libgcc.a(floatsidf.o)
                0x000000000180d24c                __floatsidf
 .text          0x000000000180d328       0xa8 c:/altera/18.1/nios2eds/bin/gnu/h-x86_64-mingw32/bin/../lib/gcc/nios2-elf/5.3.0\libgcc.a(floatunsidf.o)
                0x000000000180d328                __floatunsidf
 .text          0x000000000180d3d0        0x0 c:/altera/18.1/nios2eds/bin/gnu/h-x86_64-mingw32/bin/../lib/gcc/nios2-elf/5.3.0\libgcc.a(_clz.o)
 .text          0x000000000180d3d0       0x64 c:/altera/18.1/nios2eds/bin/gnu/h-x86_64-mingw32/bin/../lib/gcc/nios2-elf/5.3.0\libgcc.a(_clzsi2.o)
                0x000000000180d3d0                __clzsi2
 .text          0x000000000180d434      0x118 ../FreeRTOS_bsp/\libfreertos_bsp.a(alt_main.o)
                0x000000000180d434                pre_constructors
                0x000000000180d454                post_constructors
                0x000000000180d474                alt_main
 .text          0x000000000180d54c       0xa4 ../FreeRTOS_bsp/\libfreertos_bsp.a(alt_malloc_lock.o)
                0x000000000180d54c                __malloc_lock
                0x000000000180d5ac                __malloc_unlock
 .text          0x000000000180d5f0     0x1718 ../FreeRTOS_bsp/\libfreertos_bsp.a(queue.o)
                0x000000000180d5f0                xQueueGenericReset
                0x000000000180d714                xQueueGenericCreate
                0x000000000180d89c                xQueueCreateMutex
                0x000000000180d8f8                xQueueGiveMutexRecursive
                0x000000000180d988                xQueueTakeMutexRecursive
                0x000000000180da24                xQueueCreateCountingSemaphore
                0x000000000180da7c                xQueueGenericSend
                0x000000000180dc60                xQueueGenericSendFromISR
                0x000000000180dd54                xQueueGiveFromISR
                0x000000000180de30                xQueueReceive
                0x000000000180e008                xQueueSemaphoreTake
                0x000000000180e268                xQueuePeek
                0x000000000180e448                xQueueReceiveFromISR
                0x000000000180e52c                xQueuePeekFromISR
                0x000000000180e5a8                uxQueueMessagesWaiting
                0x000000000180e5f8                uxQueueSpacesAvailable
                0x000000000180e65c                uxQueueMessagesWaitingFromISR
                0x000000000180e694                vQueueDelete
                0x000000000180e6d0                uxQueueGetQueueNumber
                0x000000000180e6f8                vQueueSetQueueNumber
                0x000000000180e72c                ucQueueGetQueueType
                0x000000000180eb40                xQueueIsQueueEmptyFromISR
                0x000000000180ebf0                xQueueIsQueueFullFromISR
                0x000000000180ec40                vQueueWaitForMessageRestricted
 .text          0x000000000180ed08     0x2cf0 ../FreeRTOS_bsp/\libfreertos_bsp.a(tasks.o)
                0x000000000180ed08                xTaskCreate
                0x000000000180f0e4                vTaskDelete
                0x000000000180f1dc                vTaskDelayUntil
                0x000000000180f2cc                vTaskDelay
                0x000000000180f328                eTaskGetState
                0x000000000180f448                uxTaskPriorityGet
                0x000000000180f4b0                uxTaskPriorityGetFromISR
                0x000000000180f4fc                vTaskPrioritySet
                0x000000000180f6b0                vTaskSuspend
                0x000000000180f838                vTaskResume
                0x000000000180f914                xTaskResumeFromISR
                0x000000000180f9f4                vTaskStartScheduler
                0x000000000180fa84                vTaskEndScheduler
                0x000000000180fab8                vTaskSuspendAll
                0x000000000180fae4                xTaskResumeAll
                0x000000000180fc4c                xTaskGetTickCount
                0x000000000180fc94                xTaskGetTickCountFromISR
                0x000000000180fcc0                uxTaskGetNumberOfTasks
                0x000000000180fce0                pcTaskGetName
                0x000000000180fd20                uxTaskGetSystemState
                0x000000000180fea8                xTaskCatchUpTicks
                0x000000000180fef4                xTaskIncrementTick
                0x00000000018100a4                vTaskSwitchContext
                0x0000000001810200                vTaskPlaceOnEventList
                0x0000000001810250                vTaskPlaceOnUnorderedEventList
                0x00000000018102b4                vTaskPlaceOnEventListRestricted
                0x0000000001810318                xTaskRemoveFromEventList
                0x000000000181040c                vTaskRemoveFromUnorderedEventList
                0x00000000018104d4                vTaskSetTimeOutState
                0x0000000001810530                vTaskInternalSetTimeOutState
                0x000000000181056c                xTaskCheckForTimeOut
                0x000000000181065c                vTaskMissedYield
                0x0000000001810684                uxTaskGetTaskNumber
                0x00000000018106cc                vTaskSetTaskNumber
                0x0000000001810874                vTaskGetInfo
                0x0000000001810b58                uxTaskGetStackHighWaterMark
                0x0000000001810c4c                xTaskGetCurrentTaskHandle
                0x0000000001810c74                xTaskGetSchedulerState
                0x0000000001810cc0                xTaskPriorityInherit
                0x0000000001810e00                xTaskPriorityDisinherit
                0x0000000001810efc                vTaskPriorityDisinheritAfterTimeout
                0x000000000181103c                vTaskEnterCritical
                0x0000000001811084                vTaskExitCritical
                0x00000000018110e0                uxTaskResetEventItemValue
                0x0000000001811124                pvTaskIncrementMutexHeldCount
                0x000000000181115c                ulTaskNotifyTake
                0x000000000181122c                xTaskNotifyWait
                0x0000000001811340                xTaskGenericNotify
                0x00000000018114fc                xTaskGenericNotifyFromISR
                0x00000000018116e0                vTaskNotifyGiveFromISR
                0x0000000001811800                xTaskNotifyStateClear
                0x0000000001811888                ulTaskNotifyValueClear
 .text          0x00000000018119f8      0xcd4 ../FreeRTOS_bsp/\libfreertos_bsp.a(timers.o)
                0x00000000018119f8                xTimerCreateTimerTask
                0x0000000001811a60                xTimerCreate
                0x0000000001811b7c                xTimerGenericCommand
                0x0000000001811c58                xTimerGetTimerDaemonTaskHandle
                0x0000000001811c78                xTimerGetPeriod
                0x0000000001811ca8                vTimerSetReloadMode
                0x0000000001811d38                uxTimerGetReloadMode
                0x0000000001811da8                xTimerGetExpiryTime
                0x0000000001811de0                pcTimerGetName
                0x000000000181254c                xTimerIsTimerActive
                0x00000000018125bc                pvTimerGetTimerID
                0x0000000001812614                vTimerSetTimerID
                0x0000000001812670                uxTimerGetTimerNumber
                0x0000000001812698                vTimerSetTimerNumber
 .text          0x00000000018126cc       0x2c ../FreeRTOS_bsp/\libfreertos_bsp.a(alt_dev.o)
 .text          0x00000000018126f8       0x60 ../FreeRTOS_bsp/\libfreertos_bsp.a(alt_do_ctors.o)
                0x00000000018126f8                _do_ctors
 .text          0x0000000001812758       0x60 ../FreeRTOS_bsp/\libfreertos_bsp.a(alt_do_dtors.o)
                0x0000000001812758                _do_dtors
 .text          0x00000000018127b8        0x0 ../FreeRTOS_bsp/\libfreertos_bsp.a(alt_exception_muldiv.o)
 .text          0x00000000018127b8       0xec ../FreeRTOS_bsp/\libfreertos_bsp.a(alt_fstat.o)
                0x00000000018127f4                fstat
 .text          0x00000000018128a4      0x140 ../FreeRTOS_bsp/\libfreertos_bsp.a(alt_io_redirect.o)
                0x0000000001812968                alt_io_redirect
 .text          0x00000000018129e4       0xe0 ../FreeRTOS_bsp/\libfreertos_bsp.a(alt_isatty.o)
                0x0000000001812a20                isatty
 .text          0x0000000001812ac4       0xec ../FreeRTOS_bsp/\libfreertos_bsp.a(alt_load.o)
                0x0000000001812b2c                alt_load
 .text          0x0000000001812bb0      0x110 ../FreeRTOS_bsp/\libfreertos_bsp.a(alt_lseek.o)
                0x0000000001812bec                lseek
 .text          0x0000000001812cc0      0x254 ../FreeRTOS_bsp/\libfreertos_bsp.a(alt_open.o)
                0x0000000001812dc0                open
 .text          0x0000000001812f14      0x22c ../FreeRTOS_bsp/\libfreertos_bsp.a(alt_printf.o)
                0x0000000001812f14                alt_printf
 .text          0x0000000001813140       0x3c ../FreeRTOS_bsp/\libfreertos_bsp.a(alt_putchar.o)
                0x0000000001813140                alt_putchar
 .text          0x000000000181317c       0x64 ../FreeRTOS_bsp/\libfreertos_bsp.a(alt_release_fd.o)
                0x000000000181317c                alt_release_fd
 .text          0x00000000018131e0       0xb0 ../FreeRTOS_bsp/\libfreertos_bsp.a(alt_sbrk.o)
                0x00000000018131e0                sbrk
 .text          0x0000000001813290       0x30 ../FreeRTOS_bsp/\libfreertos_bsp.a(alt_usleep.o)
                0x0000000001813290                usleep
 .text          0x00000000018132c0       0x48 ../FreeRTOS_bsp/\libfreertos_bsp.a(alt_lwip_close.o)
                0x00000000018132c0                close
 .text          0x0000000001813308       0x6c ../FreeRTOS_bsp/\libfreertos_bsp.a(alt_lwip_read.o)
                0x0000000001813308                read
 .text          0x0000000001813374       0x64 ../FreeRTOS_bsp/\libfreertos_bsp.a(alt_lwip_write.o)
                0x0000000001813374                write
 .text          0x00000000018133d8      0x474 ../FreeRTOS_bsp/\libfreertos_bsp.a(altera_tse_ethernetif.o)
                0x00000000018135a0                ethernetif_input
                0x000000000181369c                ethernetif_init
 .text          0x000000000181384c      0x9c4 ../FreeRTOS_bsp/\libfreertos_bsp.a(lwip_main.o)
                0x000000000181384c                lwip_initialize
                0x0000000001813960                lwip_wait_for_an
                0x0000000001813c48                get_mac_count
                0x0000000001813c68                get_mac_base
                0x0000000001813cb4                get_netif
                0x0000000001813cfc                lwip_set_status_callback
                0x0000000001813d30                lwip_set_link_callback
                0x0000000001813d64                lwip_is_interface_up
                0x0000000001813f28                print_ipad
                0x0000000001814020                lwip_initialize_phys
 .text          0x0000000001814210      0xcb4 ../FreeRTOS_bsp/\libfreertos_bsp.a(lwip_tse_mac.o)
                0x0000000001814210                tse_mac_init
                0x0000000001814a5c                tse_sgdma_read_init
                0x0000000001814b00                tse_sgdma_rx_isr
                0x0000000001814b94                tse_mac_raw_send
                0x0000000001814cf4                tse_mac_rcv
 .text          0x0000000001814ec4      0x854 ../FreeRTOS_bsp/\libfreertos_bsp.a(sys_arch.o)
                0x0000000001814ec4                sys_init
                0x0000000001814ee4                sys_now
                0x0000000001814f38                sys_sem_new
                0x000000000181501c                sys_sem_free
                0x0000000001815074                sys_sem_signal
                0x00000000018150bc                sys_arch_sem_wait
                0x0000000001815198                sys_mutex_new
                0x0000000001815258                sys_mutex_lock
                0x00000000018152a4                sys_mutex_unlock
                0x00000000018152ec                sys_mutex_free
                0x0000000001815344                sys_mbox_new
                0x0000000001815414                sys_mbox_free
                0x0000000001815484                sys_mbox_post
                0x00000000018154d4                sys_mbox_trypost
                0x0000000001815534                sys_arch_mbox_fetch
                0x0000000001815634                sys_arch_mbox_tryfetch
                0x000000000181569c                sys_thread_new
 .text          0x0000000001815718     0x3348 ../FreeRTOS_bsp/\libfreertos_bsp.a(dhcp.o)
                0x0000000001815bb0                dhcp_coarse_tmr
                0x0000000001815c58                dhcp_fine_tmr
                0x00000000018161b8                dhcp_set_struct
                0x0000000001816204                dhcp_cleanup
                0x0000000001816254                dhcp_start
                0x0000000001816440                dhcp_inform
                0x00000000018165ec                dhcp_network_changed
                0x0000000001816694                dhcp_arp_reply
                0x0000000001816cc4                dhcp_renew
                0x0000000001817128                dhcp_release
                0x00000000018172cc                dhcp_stop
 .text          0x0000000001818a60      0x79c ../FreeRTOS_bsp/\libfreertos_bsp.a(ip_addr.o)
                0x0000000001818a60                ip4_addr_isbroadcast
                0x0000000001818b2c                ip4_addr_netmask_valid
                0x0000000001818bf0                ipaddr_addr
                0x0000000001818c34                ipaddr_aton
                0x000000000181902c                ipaddr_ntoa
                0x0000000001819068                ipaddr_ntoa_r
 .text          0x00000000018191fc      0x99c ../FreeRTOS_bsp/\libfreertos_bsp.a(mem.o)
                0x0000000001819324                mem_init
                0x00000000018193dc                mem_free
                0x00000000018194e8                mem_trim
                0x00000000018197f0                mem_malloc
                0x0000000001819b20                mem_calloc
 .text          0x0000000001819b98      0x800 ../FreeRTOS_bsp/\libfreertos_bsp.a(netif.o)
                0x0000000001819b98                netif_init
                0x0000000001819bb8                netif_add
                0x0000000001819ca8                netif_set_addr
                0x0000000001819d04                netif_remove
                0x0000000001819ddc                netif_find
                0x0000000001819ebc                netif_set_ipaddr
                0x0000000001819fe4                netif_set_gw
                0x000000000181a02c                netif_set_netmask
                0x000000000181a074                netif_set_default
                0x000000000181a0a0                netif_set_up
                0x000000000181a150                netif_set_down
                0x000000000181a1e4                netif_set_status_callback
                0x000000000181a220                netif_set_link_up
                0x000000000181a2e4                netif_set_link_down
                0x000000000181a35c                netif_set_link_callback
 .text          0x000000000181a398     0x16d4 ../FreeRTOS_bsp/\libfreertos_bsp.a(pbuf.o)
                0x000000000181a4e8                pbuf_alloc
                0x000000000181a854                pbuf_alloced_custom
                0x000000000181a994                pbuf_realloc
                0x000000000181aaf4                pbuf_header
                0x000000000181aca4                pbuf_free
                0x000000000181ade8                pbuf_clen
                0x000000000181ae34                pbuf_ref
                0x000000000181ae98                pbuf_cat
                0x000000000181af6c                pbuf_chain
                0x000000000181afb0                pbuf_dechain
                0x000000000181b04c                pbuf_copy
                0x000000000181b2a8                pbuf_copy_partial
                0x000000000181b444                pbuf_take
                0x000000000181b598                pbuf_coalesce
                0x000000000181b624                pbuf_fill_chksum
                0x000000000181b730                pbuf_get_at
                0x000000000181b7e0                pbuf_memcmp
                0x000000000181b900                pbuf_memfind
                0x000000000181b9c8                pbuf_strstr
 .text          0x000000000181ba6c       0x20 ../FreeRTOS_bsp/\libfreertos_bsp.a(stats.o)
                0x000000000181ba6c                stats_init
 .text          0x000000000181ba8c     0x24b0 ../FreeRTOS_bsp/\libfreertos_bsp.a(tcp.o)
                0x000000000181ba8c                tcp_init
                0x000000000181baac                tcp_tmr
                0x000000000181be44                tcp_close
                0x000000000181bea0                tcp_shutdown
                0x000000000181bf90                tcp_abandon
                0x000000000181c0f0                tcp_abort
                0x000000000181c128                tcp_bind
                0x000000000181c328                tcp_listen_with_backlog
                0x000000000181c590                tcp_update_rcv_ann_wnd
                0x000000000181c680                tcp_recved
                0x000000000181c800                tcp_connect
                0x000000000181cb98                tcp_slowtmr
                0x000000000181d2d0                tcp_fasttmr
                0x000000000181d3c8                tcp_process_refused_data
                0x000000000181d518                tcp_segs_free
                0x000000000181d56c                tcp_seg_free
                0x000000000181d5c8                tcp_setprio
                0x000000000181d600                tcp_seg_copy
                0x000000000181d668                tcp_recv_null
                0x000000000181d850                tcp_alloc
                0x000000000181da50                tcp_new
                0x000000000181da7c                tcp_arg
                0x000000000181dab0                tcp_recv
                0x000000000181dae4                tcp_sent
                0x000000000181db18                tcp_err
                0x000000000181db4c                tcp_accept
                0x000000000181db80                tcp_poll
                0x000000000181dbc8                tcp_pcb_purge
                0x000000000181dd38                tcp_pcb_remove
                0x000000000181de44                tcp_next_iss
                0x000000000181de74                tcp_eff_send_mss
                0x000000000181df00                tcp_debug_state_str
 .text          0x000000000181df3c     0x36f8 ../FreeRTOS_bsp/\libfreertos_bsp.a(tcp_out.o)
                0x000000000181e324                tcp_send_fin
                0x000000000181eb08                tcp_write
                0x000000000181f438                tcp_enqueue_flags
                0x000000000181f720                tcp_send_empty_ack
                0x000000000181f8bc                tcp_output
                0x0000000001820968                tcp_rst
                0x0000000001820d34                tcp_rexmit_rto
                0x0000000001820de8                tcp_rexmit
                0x0000000001821090                tcp_rexmit_fast
                0x00000000018211b8                tcp_keepalive
                0x000000000182134c                tcp_zero_window_probe
 .text          0x0000000001821634      0x5c4 ../FreeRTOS_bsp/\libfreertos_bsp.a(timers.o)
                0x0000000001821690                tcp_timer_needed
                0x00000000018217fc                sys_timeouts_init
                0x0000000001821874                sys_timeout
                0x00000000018219f0                sys_untimeout
                0x0000000001821ae4                sys_timeouts_mbox_fetch
 .text          0x0000000001821bf8     0x10b8 ../FreeRTOS_bsp/\libfreertos_bsp.a(udp.o)
                0x0000000001821bf8                udp_init
                0x0000000001821cb4                udp_input
                0x0000000001822234                udp_send
                0x0000000001822288                udp_send_chksum
                0x00000000018222fc                udp_sendto
                0x0000000001822354                udp_sendto_chksum
                0x000000000182240c                udp_sendto_if
                0x000000000182246c                udp_sendto_if_chksum
                0x00000000018228c0                udp_bind
                0x0000000001822a1c                udp_connect
                0x0000000001822b24                udp_disconnect
                0x0000000001822b74                udp_recv
                0x0000000001822bb8                udp_remove
                0x0000000001822c58                udp_new
 .text          0x0000000001822cb0     0x1a90 ../FreeRTOS_bsp/\libfreertos_bsp.a(etharp.o)
                0x0000000001822db4                etharp_tmr
                0x00000000018234b4                etharp_cleanup_netif
                0x0000000001823558                etharp_find_addr
                0x0000000001823b98                etharp_output
                0x0000000001823e84                etharp_query
                0x0000000001824484                etharp_request
                0x00000000018244f8                ethernet_input
 .text          0x0000000001824740      0x588 ../FreeRTOS_bsp/\libfreertos_bsp.a(ping.o)
                0x0000000001824740                ping_send
                0x0000000001824964                ping_recv
                0x0000000001824a74                lwip_ping_target
                0x0000000001824b88                lwip_ping_target_data
 .text          0x0000000001824cc8      0x118 ../FreeRTOS_bsp/\libfreertos_bsp.a(alt_sys_init.o)
                0x0000000001824cfc                alt_irq_init
                0x0000000001824d34                alt_sys_init
 .text          0x0000000001824de0      0x164 ../FreeRTOS_bsp/\libfreertos_bsp.a(altera_avalon_jtag_uart_fd.o)
                0x0000000001824de0                altera_avalon_jtag_uart_read_fd
                0x0000000001824e40                altera_avalon_jtag_uart_write_fd
                0x0000000001824ea0                altera_avalon_jtag_uart_close_fd
                0x0000000001824ef0                altera_avalon_jtag_uart_ioctl_fd
 .text          0x0000000001824f44      0x45c ../FreeRTOS_bsp/\libfreertos_bsp.a(altera_avalon_jtag_uart_init.o)
                0x0000000001824f44                altera_avalon_jtag_uart_init
                0x0000000001825338                altera_avalon_jtag_uart_close
 .text          0x00000000018253a0       0xf0 ../FreeRTOS_bsp/\libfreertos_bsp.a(altera_avalon_jtag_uart_ioctl.o)
                0x00000000018253a0                altera_avalon_jtag_uart_ioctl
 .text          0x0000000001825490      0x258 ../FreeRTOS_bsp/\libfreertos_bsp.a(altera_avalon_jtag_uart_read.o)
                0x0000000001825490                altera_avalon_jtag_uart_read
 .text          0x00000000018256e8      0x260 ../FreeRTOS_bsp/\libfreertos_bsp.a(altera_avalon_jtag_uart_write.o)
                0x00000000018256e8                altera_avalon_jtag_uart_write
 .text          0x0000000001825948      0xd94 ../FreeRTOS_bsp/\libfreertos_bsp.a(altera_avalon_sgdma.o)
                0x0000000001825984                alt_avalon_sgdma_do_async_transfer
                0x0000000001825aa8                alt_avalon_sgdma_do_sync_transfer
                0x0000000001825bb8                alt_avalon_sgdma_construct_mem_to_mem_desc
                0x0000000001825c2c                alt_avalon_sgdma_construct_mem_to_mem_desc_burst
                0x0000000001825cb0                alt_avalon_sgdma_construct_stream_to_mem_desc
                0x0000000001825d10                alt_avalon_sgdma_construct_stream_to_mem_desc_burst
                0x0000000001825d88                alt_avalon_sgdma_construct_mem_to_stream_desc
                0x0000000001825e08                alt_avalon_sgdma_construct_mem_to_stream_desc_burst
                0x0000000001825e94                alt_avalon_sgdma_register_callback
                0x0000000001825ee8                alt_avalon_sgdma_start
                0x0000000001825f40                alt_avalon_sgdma_stop
                0x0000000001825f9c                alt_avalon_sgdma_check_descriptor_status
                0x0000000001826000                alt_avalon_sgdma_open
                0x0000000001826054                alt_avalon_sgdma_construct_descriptor
                0x00000000018260e0                alt_avalon_sgdma_enable_desc_poll
                0x0000000001826160                alt_avalon_sgdma_disable_desc_poll
                0x00000000018261c0                alt_avalon_sgdma_construct_descriptor_burst
                0x0000000001826634                alt_avalon_sgdma_init
 .text          0x00000000018266dc       0xf4 ../FreeRTOS_bsp/\libfreertos_bsp.a(altera_avalon_timer_sc.o)
                0x0000000001826754                alt_avalon_timer_sc_init
 .text          0x00000000018267d0      0x110 ../FreeRTOS_bsp/\libfreertos_bsp.a(altera_avalon_uart_fd.o)
                0x00000000018267d0                altera_avalon_uart_read_fd
                0x0000000001826830                altera_avalon_uart_write_fd
                0x0000000001826890                altera_avalon_uart_close_fd
 .text          0x00000000018268e0      0x478 ../FreeRTOS_bsp/\libfreertos_bsp.a(altera_avalon_uart_init.o)
                0x00000000018268e0                altera_avalon_uart_init
                0x0000000001826d04                altera_avalon_uart_close
 .text          0x0000000001826d58      0x254 ../FreeRTOS_bsp/\libfreertos_bsp.a(altera_avalon_uart_read.o)
                0x0000000001826d94                altera_avalon_uart_read
 .text          0x0000000001826fac      0x224 ../FreeRTOS_bsp/\libfreertos_bsp.a(altera_avalon_uart_write.o)
                0x0000000001826fe8                altera_avalon_uart_write
 .text          0x00000000018271d0       0xa4 ../FreeRTOS_bsp/\libfreertos_bsp.a(alt_env_lock.o)
                0x00000000018271d0                __env_lock
                0x0000000001827230                __env_unlock
 .text          0x0000000001827274       0x90 ../FreeRTOS_bsp/\libfreertos_bsp.a(heap_3.o)
                0x0000000001827274                pvPortMalloc
                0x00000000018272c0                vPortFree
 .text          0x0000000001827304      0x290 ../FreeRTOS_bsp/\libfreertos_bsp.a(list.o)
                0x0000000001827304                vListInitialise
                0x000000000182736c                vListInitialiseItem
                0x0000000001827398                vListInsertEnd
                0x0000000001827424                vListInsert
                0x00000000018274fc                uxListRemove
 .text          0x0000000001827594      0x230 ../FreeRTOS_bsp/\libfreertos_bsp.a(port.o)
                0x00000000018275c0                enh_alt_irq_disable_all
                0x0000000001827610                enh_alt_irq_enable_all
                0x000000000182764c                pxPortInitialiseStack
                0x000000000182773c                xPortStartScheduler
                0x0000000001827768                vPortEndScheduler
                0x0000000001827788                vPortSysTickHandler
 .text          0x00000000018277c4        0x0 ../FreeRTOS_bsp/\libfreertos_bsp.a(port_asm.o)
 .text          0x00000000018277c4        0x0 ../FreeRTOS_bsp/\libfreertos_bsp.a(tse_ethernet_phys.o)
 .text          0x00000000018277c4      0x12c ../FreeRTOS_bsp/\libfreertos_bsp.a(alt_alarm_start.o)
                0x00000000018277c4                alt_alarm_start
 .text          0x00000000018278f0      0x158 ../FreeRTOS_bsp/\libfreertos_bsp.a(alt_busy_sleep.o)
                0x00000000018278f0                alt_busy_sleep
 .text          0x0000000001827a48      0x10c ../FreeRTOS_bsp/\libfreertos_bsp.a(alt_close.o)
                0x0000000001827a84                alt_close
 .text          0x0000000001827b54       0x28 ../FreeRTOS_bsp/\libfreertos_bsp.a(alt_dcache_flush.o)
                0x0000000001827b54                alt_dcache_flush
 .text          0x0000000001827b7c       0x20 ../FreeRTOS_bsp/\libfreertos_bsp.a(alt_dcache_flush_all.o)
                0x0000000001827b7c                alt_dcache_flush_all
 .text          0x0000000001827b9c       0xe0 ../FreeRTOS_bsp/\libfreertos_bsp.a(alt_dev_llist_insert.o)
                0x0000000001827bd8                alt_dev_llist_insert
 .text          0x0000000001827c7c        0x0 ../FreeRTOS_bsp/\libfreertos_bsp.a(alt_errno.o)
 .text          0x0000000001827c7c       0x90 ../FreeRTOS_bsp/\libfreertos_bsp.a(alt_find_dev.o)
                0x0000000001827c7c                alt_find_dev
 .text          0x0000000001827d0c      0x108 ../FreeRTOS_bsp/\libfreertos_bsp.a(alt_find_file.o)
                0x0000000001827d0c                alt_find_file
 .text          0x0000000001827e14       0xe0 ../FreeRTOS_bsp/\libfreertos_bsp.a(alt_get_fd.o)
                0x0000000001827e14                alt_get_fd
 .text          0x0000000001827ef4      0x1f4 ../FreeRTOS_bsp/\libfreertos_bsp.a(alt_gettod.o)
                0x0000000001827ef4                gettimeofday
 .text          0x00000000018280e8       0x34 ../FreeRTOS_bsp/\libfreertos_bsp.a(alt_icache_flush_all.o)
                0x00000000018280e8                alt_icache_flush_all
 .text          0x000000000182811c      0x1b0 ../FreeRTOS_bsp/\libfreertos_bsp.a(alt_iic.o)
                0x000000000182811c                alt_ic_isr_register
                0x000000000182816c                alt_ic_irq_enable
                0x00000000018281f4                alt_ic_irq_disable
                0x0000000001828280                alt_ic_irq_enabled
 .text          0x00000000018282cc       0xf0 ../FreeRTOS_bsp/\libfreertos_bsp.a(alt_iic_isr_register.o)
                0x00000000018282cc                alt_iic_isr_register
 .text          0x00000000018283bc        0x0 ../FreeRTOS_bsp/\libfreertos_bsp.a(alt_irq_handler.o)
 .text          0x00000000018283bc        0x0 ../FreeRTOS_bsp/\libfreertos_bsp.a(alt_irq_vars.o)
 .text          0x00000000018283bc      0x138 ../FreeRTOS_bsp/\libfreertos_bsp.a(alt_read.o)
                0x00000000018283f8                alt_read
 .text          0x00000000018284f4      0x1a4 ../FreeRTOS_bsp/\libfreertos_bsp.a(alt_tick.o)
                0x00000000018284f4                alt_alarm_stop
                0x0000000001828590                alt_tick
 .text          0x0000000001828698       0x30 ../FreeRTOS_bsp/\libfreertos_bsp.a(alt_uncached_malloc.o)
                0x0000000001828698                alt_uncached_malloc
 .text          0x00000000018286c8      0x134 ../FreeRTOS_bsp/\libfreertos_bsp.a(alt_write.o)
                0x0000000001828704                alt_write
 .text          0x00000000018287fc       0x24 ../FreeRTOS_bsp/\libfreertos_bsp.a(altera_nios2_gen2_irq.o)
                0x00000000018287fc                altera_nios2_gen2_irq_init
 .text          0x0000000001828820     0x328c ../FreeRTOS_bsp/\libfreertos_bsp.a(sockets.o)
                0x0000000001828820                lwip_socket_init
                0x0000000001828b70                lwip_accept
                0x0000000001828e74                lwip_bind
                0x0000000001828fc8                lwip_close
                0x0000000001829054                lwip_connect
                0x00000000018291d0                lwip_listen
                0x00000000018292e0                lwip_recvfrom
                0x00000000018297b8                lwip_read
                0x0000000001829804                lwip_recv
                0x0000000001829854                lwip_send
                0x0000000001829998                lwip_sendto
                0x0000000001829b90                lwip_socket
                0x0000000001829cd8                lwip_write
                0x000000000182a09c                lwip_select
                0x000000000182a928                lwip_shutdown
                0x000000000182abb0                lwip_getpeername
                0x000000000182abf4                lwip_getsockname
                0x000000000182ac38                lwip_getsockopt
                0x000000000182b2f8                lwip_setsockopt
                0x000000000182b8c4                lwip_ioctl
                0x000000000182b9a8                lwip_fcntl
 .text          0x000000000182baac      0x6ec ../FreeRTOS_bsp/\libfreertos_bsp.a(tcpip.o)
                0x000000000182bc6c                tcpip_input
                0x000000000182bd1c                tcpip_callback_with_block
                0x000000000182bdec                tcpip_timeout
                0x000000000182be88                tcpip_untimeout
                0x000000000182bf14                tcpip_apimsg
                0x000000000182bf84                tcpip_callbackmsg_new
                0x000000000182bff4                tcpip_callbackmsg_delete
                0x000000000182c02c                tcpip_trycallback
                0x000000000182c070                tcpip_init
                0x000000000182c120                pbuf_free_callback
                0x000000000182c15c                mem_free_callback
 .text          0x000000000182c198     0x4fdc ../FreeRTOS_bsp/\libfreertos_bsp.a(altera_avalon_tse.o)
                0x000000000182c198                no_printf
                0x000000000182c1c8                tse_mac_initTransInfo2
                0x000000000182c228                tse_mac_sTxWrite
                0x000000000182c30c                tse_mac_aRxRead
                0x000000000182c3b4                tse_mac_SwReset
                0x000000000182c43c                tse_mac_setMIImode
                0x000000000182c490                tse_mac_setGMIImode
                0x000000000182c4e0                alt_tse_phy_add_profile
                0x000000000182c6c4                alt_tse_system_add_sys
                0x000000000182d0c0                alt_tse_sys_enable_mdio_sharing
                0x000000000182d228                alt_tse_mac_get_common_speed
                0x000000000182d268                alt_tse_mac_set_common_speed
                0x000000000182d2b0                alt_tse_get_system_index
                0x000000000182d31c                alt_tse_get_mac_group_index
                0x000000000182d390                alt_tse_get_mac_info_index
                0x000000000182d410                alt_tse_get_mac_info
                0x000000000182d4e8                alt_tse_mac_set_speed
                0x000000000182d5c8                alt_tse_mac_set_duplex
                0x000000000182d654                getPHYSpeed
                0x000000000182e0d0                alt_tse_phy_rd_mdio_addr
                0x000000000182e118                alt_tse_phy_wr_mdio_addr
                0x000000000182e170                alt_tse_phy_wr_mdio_reg
                0x000000000182e298                alt_tse_phy_rd_mdio_reg
                0x000000000182e364                alt_tse_phy_add_profile_default
                0x000000000182e600                alt_tse_phy_print_profile
                0x000000000182e810                alt_tse_mac_group_init
                0x000000000182eeb4                alt_tse_mac_get_phy
                0x000000000182f2d8                alt_tse_mac_associate_phy
                0x000000000182f520                alt_tse_phy_cfg_pcs
                0x000000000182f648                alt_tse_phy_init
                0x000000000182f760                alt_tse_phy_restart_an
                0x000000000182f91c                alt_tse_phy_check_link
                0x000000000182fa7c                alt_tse_phy_get_cap
                0x0000000001830010                alt_tse_phy_set_adv_1000
                0x00000000018301d4                alt_tse_phy_set_adv_100
                0x0000000001830428                alt_tse_phy_set_adv_10
                0x00000000018305d0                alt_tse_phy_get_common_speed
                0x00000000018308f8                alt_tse_phy_set_common_speed
                0x0000000001830dac                marvell_phy_cfg
                0x0000000001830e44                marvell_cfg_gmii
                0x0000000001830f28                marvell_cfg_sgmii
                0x000000000183100c                marvell_cfg_rgmii
                0x00000000018310fc                DP83848C_link_status_read
 .text          0x0000000001831174       0x4c ../FreeRTOS_bsp/\libfreertos_bsp.a(init.o)
                0x0000000001831174                lwip_init
 .text          0x00000000018311c0      0x86c ../FreeRTOS_bsp/\libfreertos_bsp.a(icmp.o)
                0x00000000018311c0                icmp_input
                0x00000000018317bc                icmp_dest_unreach
                0x0000000001831804                icmp_time_exceeded
 .text          0x0000000001831a2c      0x814 ../FreeRTOS_bsp/\libfreertos_bsp.a(inet_chksum.o)
                0x0000000001831c60                inet_chksum_pseudo
                0x0000000001831e60                inet_chksum_pseudo_partial
                0x0000000001832098                inet_chksum
                0x00000000018320dc                inet_chksum_pbuf
                0x00000000018321e8                lwip_chksum_copy
 .text          0x0000000001832240      0xdfc ../FreeRTOS_bsp/\libfreertos_bsp.a(ip.o)
                0x0000000001832240                ip_route
                0x0000000001832330                ip_input
                0x000000000183286c                ip_output_if
                0x0000000001832eb8                ip_output
                0x0000000001832f6c                ip_output_hinted
 .text          0x000000000183303c     0x1758 ../FreeRTOS_bsp/\libfreertos_bsp.a(ip_frag.o)
                0x000000000183303c                ip_reass_tmr
                0x0000000001833c40                ip_reass
                0x0000000001834308                ip_frag
 .text          0x0000000001834794      0x478 ../FreeRTOS_bsp/\libfreertos_bsp.a(memp.o)
                0x0000000001834794                memp_init
                0x0000000001834958                memp_malloc
                0x0000000001834b24                memp_free
 .text          0x0000000001834c0c      0x4ec ../FreeRTOS_bsp/\libfreertos_bsp.a(raw.o)
                0x0000000001834c0c                raw_input
                0x0000000001834d38                raw_bind
                0x0000000001834d80                raw_connect
                0x0000000001834dc8                raw_recv
                0x0000000001834e0c                raw_sendto
                0x0000000001834f94                raw_send
                0x0000000001834fd8                raw_remove
                0x0000000001835078                raw_new
 .text          0x00000000018350f8       0x6c ../FreeRTOS_bsp/\libfreertos_bsp.a(sys.o)
                0x00000000018350f8                sys_msleep
 .text          0x0000000001835164     0x4210 ../FreeRTOS_bsp/\libfreertos_bsp.a(tcp_in.o)
                0x0000000001835164                tcp_input
 .text          0x0000000001839374       0x90 ../FreeRTOS_bsp/\libfreertos_bsp.a(alt_icache_flush.o)
                0x0000000001839374                alt_icache_flush
 .text          0x0000000001839404     0x1110 ../FreeRTOS_bsp/\libfreertos_bsp.a(api_lib.o)
                0x0000000001839404                netconn_new_with_proto_and_callback
                0x00000000018394c0                netconn_delete
                0x0000000001839520                netconn_getaddr
                0x000000000183965c                netconn_bind
                0x0000000001839734                netconn_connect
                0x000000000183980c                netconn_disconnect
                0x00000000018398c8                netconn_listen_with_backlog
                0x0000000001839994                netconn_accept
                0x0000000001839e20                netconn_recv_tcp_pbuf
                0x0000000001839e94                netconn_recv
                0x000000000183a03c                netconn_recved
                0x000000000183a0bc                netconn_sendto
                0x000000000183a13c                netconn_send
                0x000000000183a204                netconn_write_partly
                0x000000000183a474                netconn_close
                0x000000000183a4a8                netconn_shutdown
 .text          0x000000000183a514     0x24d4 ../FreeRTOS_bsp/\libfreertos_bsp.a(api_msg.o)
                0x000000000183b030                do_newconn
                0x000000000183b090                netconn_alloc
                0x000000000183b1bc                netconn_free
                0x000000000183b618                do_delconn
                0x000000000183b7ec                do_bind
                0x000000000183bab0                do_connect
                0x000000000183bcfc                do_disconnect
                0x000000000183bd80                do_listen
                0x000000000183bf80                do_send
                0x000000000183c1c4                do_recv
                0x000000000183c5cc                do_write
                0x000000000183c6e0                do_getaddr
                0x000000000183c8b8                do_close
 .text          0x000000000183c9e8      0x5ec ../FreeRTOS_bsp/\libfreertos_bsp.a(netbuf.o)
                0x000000000183c9e8                netbuf_new
                0x000000000183ca5c                netbuf_delete
                0x000000000183cad0                netbuf_alloc
                0x000000000183cb98                netbuf_free
                0x000000000183cc24                netbuf_ref
                0x000000000183cd1c                netbuf_chain
                0x000000000183cddc                netbuf_data
                0x000000000183ced0                netbuf_next
                0x000000000183cf6c                netbuf_first
 .text          0x000000000183cfd4        0x0 c:/altera/18.1/nios2eds/bin/gnu/h-x86_64-mingw32/bin/../lib/gcc/nios2-elf/5.3.0/../../../../../H-x86_64-mingw32/nios2-elf/lib\libc.a(lib_a-atexit.o)
 .text.atexit   0x000000000183cfd4       0x14 c:/altera/18.1/nios2eds/bin/gnu/h-x86_64-mingw32/bin/../lib/gcc/nios2-elf/5.3.0/../../../../../H-x86_64-mingw32/nios2-elf/lib\libc.a(lib_a-atexit.o)
                0x000000000183cfd4                atexit
 .text          0x000000000183cfe8        0x0 c:/altera/18.1/nios2eds/bin/gnu/h-x86_64-mingw32/bin/../lib/gcc/nios2-elf/5.3.0/../../../../../H-x86_64-mingw32/nios2-elf/lib\libc.a(lib_a-errno.o)
 .text.__errno  0x000000000183cfe8       0x10 c:/altera/18.1/nios2eds/bin/gnu/h-x86_64-mingw32/bin/../lib/gcc/nios2-elf/5.3.0/../../../../../H-x86_64-mingw32/nios2-elf/lib\libc.a(lib_a-errno.o)
                0x000000000183cfe8                __errno
 .text          0x000000000183cff8        0x0 c:/altera/18.1/nios2eds/bin/gnu/h-x86_64-mingw32/bin/../lib/gcc/nios2-elf/5.3.0/../../../../../H-x86_64-mingw32/nios2-elf/lib\libc.a(lib_a-exit.o)
 .text.exit     0x000000000183cff8       0x38 c:/altera/18.1/nios2eds/bin/gnu/h-x86_64-mingw32/bin/../lib/gcc/nios2-elf/5.3.0/../../../../../H-x86_64-mingw32/nios2-elf/lib\libc.a(lib_a-exit.o)
                0x000000000183cff8                exit
 .text          0x000000000183d030        0x0 c:/altera/18.1/nios2eds/bin/gnu/h-x86_64-mingw32/bin/../lib/gcc/nios2-elf/5.3.0/../../../../../H-x86_64-mingw32/nios2-elf/lib\libc.a(lib_a-malloc.o)
 .text.malloc   0x000000000183d030       0x14 c:/altera/18.1/nios2eds/bin/gnu/h-x86_64-mingw32/bin/../lib/gcc/nios2-elf/5.3.0/../../../../../H-x86_64-mingw32/nios2-elf/lib\libc.a(lib_a-malloc.o)
                0x000000000183d030                malloc
 .text.free     0x000000000183d044       0x14 c:/altera/18.1/nios2eds/bin/gnu/h-x86_64-mingw32/bin/../lib/gcc/nios2-elf/5.3.0/../../../../../H-x86_64-mingw32/nios2-elf/lib\libc.a(lib_a-malloc.o)
                0x000000000183d044                free
 .text          0x000000000183d058        0x0 c:/altera/18.1/nios2eds/bin/gnu/h-x86_64-mingw32/bin/../lib/gcc/nios2-elf/5.3.0/../../../../../H-x86_64-mingw32/nios2-elf/lib\libc.a(lib_a-memcmp.o)
 .text.memcmp   0x000000000183d058       0x7c c:/altera/18.1/nios2eds/bin/gnu/h-x86_64-mingw32/bin/../lib/gcc/nios2-elf/5.3.0/../../../../../H-x86_64-mingw32/nios2-elf/lib\libc.a(lib_a-memcmp.o)
                0x000000000183d058                memcmp
 .text          0x000000000183d0d4        0x0 c:/altera/18.1/nios2eds/bin/gnu/h-x86_64-mingw32/bin/../lib/gcc/nios2-elf/5.3.0/../../../../../H-x86_64-mingw32/nios2-elf/lib\libc.a(lib_a-putc.o)
 .text._putc_r  0x000000000183d0d4       0xa0 c:/altera/18.1/nios2eds/bin/gnu/h-x86_64-mingw32/bin/../lib/gcc/nios2-elf/5.3.0/../../../../../H-x86_64-mingw32/nios2-elf/lib\libc.a(lib_a-putc.o)
                0x000000000183d0d4                _putc_r
 .text.putc     0x000000000183d174       0xc8 c:/altera/18.1/nios2eds/bin/gnu/h-x86_64-mingw32/bin/../lib/gcc/nios2-elf/5.3.0/../../../../../H-x86_64-mingw32/nios2-elf/lib\libc.a(lib_a-putc.o)
                0x000000000183d174                putc
 .text          0x000000000183d23c        0x0 c:/altera/18.1/nios2eds/bin/gnu/h-x86_64-mingw32/bin/../lib/gcc/nios2-elf/5.3.0/../../../../../H-x86_64-mingw32/nios2-elf/lib\libc.a(lib_a-puts.o)
 .text._puts_r  0x000000000183d23c       0xc0 c:/altera/18.1/nios2eds/bin/gnu/h-x86_64-mingw32/bin/../lib/gcc/nios2-elf/5.3.0/../../../../../H-x86_64-mingw32/nios2-elf/lib\libc.a(lib_a-puts.o)
                0x000000000183d23c                _puts_r
 .text.puts     0x000000000183d2fc       0x14 c:/altera/18.1/nios2eds/bin/gnu/h-x86_64-mingw32/bin/../lib/gcc/nios2-elf/5.3.0/../../../../../H-x86_64-mingw32/nios2-elf/lib\libc.a(lib_a-puts.o)
                0x000000000183d2fc                puts
 .text          0x000000000183d310        0x0 c:/altera/18.1/nios2eds/bin/gnu/h-x86_64-mingw32/bin/../lib/gcc/nios2-elf/5.3.0/../../../../../H-x86_64-mingw32/nios2-elf/lib\libc.a(lib_a-snprintf.o)
 .text._snprintf_r
                0x000000000183d310       0xd8 c:/altera/18.1/nios2eds/bin/gnu/h-x86_64-mingw32/bin/../lib/gcc/nios2-elf/5.3.0/../../../../../H-x86_64-mingw32/nios2-elf/lib\libc.a(lib_a-snprintf.o)
                0x000000000183d310                _snprintf_r
 .text.snprintf
                0x000000000183d3e8       0xe4 c:/altera/18.1/nios2eds/bin/gnu/h-x86_64-mingw32/bin/../lib/gcc/nios2-elf/5.3.0/../../../../../H-x86_64-mingw32/nios2-elf/lib\libc.a(lib_a-snprintf.o)
                0x000000000183d3e8                snprintf
 .text          0x000000000183d4cc        0x0 c:/altera/18.1/nios2eds/bin/gnu/h-x86_64-mingw32/bin/../lib/gcc/nios2-elf/5.3.0/../../../../../H-x86_64-mingw32/nios2-elf/lib\libc.a(lib_a-strcpy.o)
 .text.strcpy   0x000000000183d4cc       0x90 c:/altera/18.1/nios2eds/bin/gnu/h-x86_64-mingw32/bin/../lib/gcc/nios2-elf/5.3.0/../../../../../H-x86_64-mingw32/nios2-elf/lib\libc.a(lib_a-strcpy.o)
                0x000000000183d4cc                strcpy
 .text          0x000000000183d55c        0x0 c:/altera/18.1/nios2eds/bin/gnu/h-x86_64-mingw32/bin/../lib/gcc/nios2-elf/5.3.0/../../../../../H-x86_64-mingw32/nios2-elf/lib\libc.a(lib_a-svfprintf.o)
 .text.___svfprintf_internal_r
                0x000000000183d55c     0x21d8 c:/altera/18.1/nios2eds/bin/gnu/h-x86_64-mingw32/bin/../lib/gcc/nios2-elf/5.3.0/../../../../../H-x86_64-mingw32/nios2-elf/lib\libc.a(lib_a-svfprintf.o)
                0x000000000183d55c                ___svfprintf_internal_r
 .text          0x000000000183f734        0x0 c:/altera/18.1/nios2eds/bin/gnu/h-x86_64-mingw32/bin/../lib/gcc/nios2-elf/5.3.0/../../../../../H-x86_64-mingw32/nios2-elf/lib\libc.a(lib_a-__atexit.o)
 .text.__register_exitproc
                0x000000000183f734      0x118 c:/altera/18.1/nios2eds/bin/gnu/h-x86_64-mingw32/bin/../lib/gcc/nios2-elf/5.3.0/../../../../../H-x86_64-mingw32/nios2-elf/lib\libc.a(lib_a-__atexit.o)
                0x000000000183f734                __register_exitproc
 .text          0x000000000183f84c        0x0 c:/altera/18.1/nios2eds/bin/gnu/h-x86_64-mingw32/bin/../lib/gcc/nios2-elf/5.3.0/../../../../../H-x86_64-mingw32/nios2-elf/lib\libc.a(lib_a-__call_atexit.o)
 .text.__call_exitprocs
                0x000000000183f84c      0x180 c:/altera/18.1/nios2eds/bin/gnu/h-x86_64-mingw32/bin/../lib/gcc/nios2-elf/5.3.0/../../../../../H-x86_64-mingw32/nios2-elf/lib\libc.a(lib_a-__call_atexit.o)
                0x000000000183f84c                __call_exitprocs
 .text          0x000000000183f9cc        0x0 c:/altera/18.1/nios2eds/bin/gnu/h-x86_64-mingw32/bin/../lib/gcc/nios2-elf/5.3.0/../../../../../H-x86_64-mingw32/nios2-elf/lib\libc.a(lib_a-svfiprintf.o)
 .text.__ssprint_r
                0x000000000183f9cc      0x1d0 c:/altera/18.1/nios2eds/bin/gnu/h-x86_64-mingw32/bin/../lib/gcc/nios2-elf/5.3.0/../../../../../H-x86_64-mingw32/nios2-elf/lib\libc.a(lib_a-svfiprintf.o)
                0x000000000183f9cc                __ssprint_r
 .text.___svfiprintf_internal_r
                0x000000000183fb9c     0x123c c:/altera/18.1/nios2eds/bin/gnu/h-x86_64-mingw32/bin/../lib/gcc/nios2-elf/5.3.0/../../../../../H-x86_64-mingw32/nios2-elf/lib\libc.a(lib_a-svfiprintf.o)
                0x000000000183fb9c                ___svfiprintf_internal_r
 .text          0x0000000001840dd8       0x60 c:/altera/18.1/nios2eds/bin/gnu/h-x86_64-mingw32/bin/../lib/gcc/nios2-elf/5.3.0\libgcc.a(_muldi3.o)
                0x0000000001840dd8                __muldi3
 .text          0x0000000001840e38       0x30 ../FreeRTOS_bsp/\libfreertos_bsp.a(alt_exit.o)
                0x0000000001840e38                _exit
 *(.gnu.warning.*)
 *(.fini)
                [!provide]                        PROVIDE (__etext, ABSOLUTE (.))
                [!provide]                        PROVIDE (_etext, ABSOLUTE (.))
                [!provide]                        PROVIDE (etext, ABSOLUTE (.))
 *(.eh_frame_hdr)
                0x0000000001840e68                . = ALIGN (0x4)
                [!provide]                        PROVIDE (__preinit_array_start, ABSOLUTE (.))
 *(.preinit_array)
                [!provide]                        PROVIDE (__preinit_array_end, ABSOLUTE (.))
                [!provide]                        PROVIDE (__init_array_start, ABSOLUTE (.))
 *(.init_array)
                [!provide]                        PROVIDE (__init_array_end, ABSOLUTE (.))
                [!provide]                        PROVIDE (__fini_array_start, ABSOLUTE (.))
 *(.fini_array)
                [!provide]                        PROVIDE (__fini_array_end, ABSOLUTE (.))
 *(.eh_frame)
 *(.gcc_except_table .gcc_except_table.*)
 *(.dynamic)
                0x0000000001840e68                PROVIDE (__CTOR_LIST__, ABSOLUTE (.))
 *(.ctors)
 *(SORT(.ctors.*))
                0x0000000001840e68                PROVIDE (__CTOR_END__, ABSOLUTE (.))
                0x0000000001840e68                PROVIDE (__DTOR_LIST__, ABSOLUTE (.))
 *(.dtors)
 *(SORT(.dtors.*))
                0x0000000001840e68                PROVIDE (__DTOR_END__, ABSOLUTE (.))
 *(.jcr)
                0x0000000001840e68                . = ALIGN (0x4)

.rodata         0x0000000001840e68     0x30c8
                0x0000000001840e68                PROVIDE (__ram_rodata_start, ABSOLUTE (.))
                0x0000000001840e68                . = ALIGN (0x4)
 *(.rodata .rodata.* .gnu.linkonce.r.*)
 .rodata        0x0000000001840e68      0x50c obj/default/main.o
 .rodata.str1.4
                0x0000000001841374       0x42 c:/altera/18.1/nios2eds/bin/gnu/h-x86_64-mingw32/bin/../lib/gcc/nios2-elf/5.3.0/../../../../../H-x86_64-mingw32/nios2-elf/lib\libc.a(lib_a-vfprintf.o)
 .rodata.zeroes.4404
                0x00000000018413b6       0x10 c:/altera/18.1/nios2eds/bin/gnu/h-x86_64-mingw32/bin/../lib/gcc/nios2-elf/5.3.0/../../../../../H-x86_64-mingw32/nios2-elf/lib\libc.a(lib_a-vfprintf.o)
 .rodata.blanks.4403
                0x00000000018413c6       0x10 c:/altera/18.1/nios2eds/bin/gnu/h-x86_64-mingw32/bin/../lib/gcc/nios2-elf/5.3.0/../../../../../H-x86_64-mingw32/nios2-elf/lib\libc.a(lib_a-vfprintf.o)
 *fill*         0x00000000018413d6        0x2 